Archive member included because of file (symbol)

c:/freescale/kds_v3/toolchain/bin/../lib/gcc/arm-none-eabi/4.8.4/../../../../arm-none-eabi/lib/armv7e-m/fpu\libg_s.a(lib_a-errno.o)
                              ./utilities/fsl_sbrk.o (__errno)
c:/freescale/kds_v3/toolchain/bin/../lib/gcc/arm-none-eabi/4.8.4/../../../../arm-none-eabi/lib/armv7e-m/fpu\libg_s.a(lib_a-exit.o)
                              c:/freescale/kds_v3/toolchain/bin/../lib/gcc/arm-none-eabi/4.8.4/../../../../arm-none-eabi/lib/armv7e-m/fpu/crt0.o (exit)
c:/freescale/kds_v3/toolchain/bin/../lib/gcc/arm-none-eabi/4.8.4/../../../../arm-none-eabi/lib/armv7e-m/fpu\libg_s.a(lib_a-impure.o)
                              c:/freescale/kds_v3/toolchain/bin/../lib/gcc/arm-none-eabi/4.8.4/../../../../arm-none-eabi/lib/armv7e-m/fpu\libg_s.a(lib_a-exit.o) (_global_impure_ptr)
c:/freescale/kds_v3/toolchain/bin/../lib/gcc/arm-none-eabi/4.8.4/../../../../arm-none-eabi/lib/armv7e-m/fpu\libg_s.a(lib_a-init.o)
                              c:/freescale/kds_v3/toolchain/bin/../lib/gcc/arm-none-eabi/4.8.4/../../../../arm-none-eabi/lib/armv7e-m/fpu/crt0.o (__libc_init_array)
c:/freescale/kds_v3/toolchain/bin/../lib/gcc/arm-none-eabi/4.8.4/../../../../arm-none-eabi/lib/armv7e-m/fpu\libg_s.a(lib_a-memcpy-stub.o)
                              ./freertos/Source/queue.o (memcpy)
c:/freescale/kds_v3/toolchain/bin/../lib/gcc/arm-none-eabi/4.8.4/../../../../arm-none-eabi/lib/armv7e-m/fpu\libg_s.a(lib_a-memset.o)
                              c:/freescale/kds_v3/toolchain/bin/../lib/gcc/arm-none-eabi/4.8.4/../../../../arm-none-eabi/lib/armv7e-m/fpu/crt0.o (memset)
c:/freescale/kds_v3/toolchain/bin/../lib/gcc/arm-none-eabi/4.8.4/../../../../arm-none-eabi/lib/armv7e-m/fpu\libg_s.a(lib_a-s_modf.o)
                              ./utilities/fsl_debug_console.o (modf)
c:/freescale/kds_v3/toolchain/bin/../lib/gcc/arm-none-eabi/4.8.4/../../../../arm-none-eabi/lib/armv7e-m/fpu\libg_s.a(lib_a-strlen.o)
                              ./utilities/fsl_debug_console.o (strlen)
c:/freescale/kds_v3/toolchain/bin/../lib/gcc/arm-none-eabi/4.8.4/armv7e-m/fpu\libgcc.a(_arm_addsubdf3.o)
                              ./utilities/fsl_debug_console.o (__aeabi_dsub)
c:/freescale/kds_v3/toolchain/bin/../lib/gcc/arm-none-eabi/4.8.4/armv7e-m/fpu\libgcc.a(_arm_muldivdf3.o)
                              ./utilities/fsl_debug_console.o (__aeabi_dmul)
c:/freescale/kds_v3/toolchain/bin/../lib/gcc/arm-none-eabi/4.8.4/armv7e-m/fpu\libgcc.a(_arm_cmpdf2.o)
                              ./utilities/fsl_debug_console.o (__aeabi_dcmpeq)
c:/freescale/kds_v3/toolchain/bin/../lib/gcc/arm-none-eabi/4.8.4/armv7e-m/fpu\libgcc.a(_arm_fixdfsi.o)
                              ./utilities/fsl_debug_console.o (__aeabi_d2iz)
c:/freescale/kds_v3/toolchain/bin/../lib/gcc/arm-none-eabi/4.8.4/armv7e-m/fpu\libgcc.a(_arm_truncdfsf2.o)
                              ./sources/SI7021.o (__aeabi_d2f)
c:/freescale/kds_v3/toolchain/bin/../lib/gcc/arm-none-eabi/4.8.4/armv7e-m/fpu\libgcc.a(_fixdfdi.o)
                              ./utilities/fsl_debug_console.o (__aeabi_d2lz)
c:/freescale/kds_v3/toolchain/bin/../lib/gcc/arm-none-eabi/4.8.4/armv7e-m/fpu\libgcc.a(_fixunsdfdi.o)
                              c:/freescale/kds_v3/toolchain/bin/../lib/gcc/arm-none-eabi/4.8.4/armv7e-m/fpu\libgcc.a(_fixdfdi.o) (__aeabi_d2ulz)
c:/freescale/kds_v3/toolchain/bin/../lib/gcc/arm-none-eabi/4.8.4/armv7e-m/fpu\libgcc.a(_arm_fixunsdfsi.o)
                              c:/freescale/kds_v3/toolchain/bin/../lib/gcc/arm-none-eabi/4.8.4/armv7e-m/fpu\libgcc.a(_fixunsdfdi.o) (__aeabi_d2uiz)
c:/freescale/kds_v3/toolchain/bin/../lib/gcc/arm-none-eabi/4.8.4/../../../../arm-none-eabi/lib/armv7e-m/fpu\libnosys.a(_exit.o)
                              c:/freescale/kds_v3/toolchain/bin/../lib/gcc/arm-none-eabi/4.8.4/../../../../arm-none-eabi/lib/armv7e-m/fpu\libg_s.a(lib_a-exit.o) (_exit)
c:/freescale/kds_v3/toolchain/bin/../lib/gcc/arm-none-eabi/4.8.4/../../../../arm-none-eabi/lib/armv7e-m/fpu\libm.a(lib_a-w_pow.o)
                              ./utilities/fsl_debug_console.o (pow)
c:/freescale/kds_v3/toolchain/bin/../lib/gcc/arm-none-eabi/4.8.4/../../../../arm-none-eabi/lib/armv7e-m/fpu\libm.a(lib_a-e_pow.o)
                              c:/freescale/kds_v3/toolchain/bin/../lib/gcc/arm-none-eabi/4.8.4/../../../../arm-none-eabi/lib/armv7e-m/fpu\libm.a(lib_a-w_pow.o) (__ieee754_pow)
c:/freescale/kds_v3/toolchain/bin/../lib/gcc/arm-none-eabi/4.8.4/../../../../arm-none-eabi/lib/armv7e-m/fpu\libm.a(lib_a-e_sqrt.o)
                              c:/freescale/kds_v3/toolchain/bin/../lib/gcc/arm-none-eabi/4.8.4/../../../../arm-none-eabi/lib/armv7e-m/fpu\libm.a(lib_a-e_pow.o) (__ieee754_sqrt)
c:/freescale/kds_v3/toolchain/bin/../lib/gcc/arm-none-eabi/4.8.4/../../../../arm-none-eabi/lib/armv7e-m/fpu\libm.a(lib_a-s_fabs.o)
[...]
Memory Configuration

Name             Origin             Length             Attributes
m_interrupts     0x00000000         0x00000400         xr
m_flash_config   0x00000400         0x00000010         xr
m_text           0x00000410         0x0007fbf0         xr
m_data           0x1fff0000         0x00010000         rw
m_data_2         0x20000000         0x00010000         rw
*default*        0x00000000         0xffffffff

Linker script and memory map

LOAD c:/freescale/kds_v3/toolchain/bin/../lib/gcc/arm-none-eabi/4.8.4/armv7e-m/fpu/crti.o
LOAD c:/freescale/kds_v3/toolchain/bin/../lib/gcc/arm-none-eabi/4.8.4/armv7e-m/fpu/crtbegin.o
LOAD c:/freescale/kds_v3/toolchain/bin/../lib/gcc/arm-none-eabi/4.8.4/../../../../arm-none-eabi/lib/armv7e-m/fpu/crt0.o
START GROUP
LOAD ./utilities/fsl_debug_console.o
LOAD ./utilities/fsl_sbrk.o
LOAD ./sources/SI7021.o
LOAD ./sources/board.o
LOAD ./sources/clock_config.o
LOAD ./sources/freertos_i2c.o
LOAD ./sources/pin_mux.o
LOAD ./freertos/Source/portable/MemMang/heap_4.o
LOAD ./freertos/Source/portable/GCC/ARM_CM4F/fsl_tickless_systick.o
LOAD ./freertos/Source/portable/GCC/ARM_CM4F/port.o
LOAD ./freertos/Source/croutine.o
LOAD ./freertos/Source/event_groups.o
LOAD ./freertos/Source/list.o
LOAD ./freertos/Source/queue.o
LOAD ./freertos/Source/tasks.o
LOAD ./freertos/Source/timers.o
LOAD ./drivers/fsl_clock.o
LOAD ./drivers/fsl_common.o
LOAD ./drivers/fsl_flash.o
LOAD ./drivers/fsl_ftm.o
LOAD ./drivers/fsl_gpio.o
LOAD ./drivers/fsl_i2c.o
LOAD ./drivers/fsl_i2c_freertos.o
LOAD ./drivers/fsl_lpuart.o
LOAD ./drivers/fsl_smc.o
LOAD ./drivers/fsl_uart.o
LOAD ./devices/gcc/startup_MK22F51212.o
LOAD ./devices/system_MK22F51212.o
LOAD c:/freescale/kds_v3/toolchain/bin/../lib/gcc/arm-none-eabi/4.8.4/../../../../arm-none-eabi/lib/armv7e-m/fpu\libg_s.a
LOAD c:/freescale/kds_v3/toolchain/bin/../lib/gcc/arm-none-eabi/4.8.4/armv7e-m/fpu\libgcc.a
LOAD c:/freescale/kds_v3/toolchain/bin/../lib/gcc/arm-none-eabi/4.8.4/../../../../arm-none-eabi/lib/armv7e-m/fpu\libnosys.a
END GROUP
LOAD c:/freescale/kds_v3/toolchain/bin/../lib/gcc/arm-none-eabi/4.8.4/../../../../arm-none-eabi/lib/armv7e-m/fpu\libstdc++_s.a
LOAD c:/freescale/kds_v3/toolchain/bin/../lib/gcc/arm-none-eabi/4.8.4/../../../../arm-none-eabi/lib/armv7e-m/fpu\libm.a
START GROUP
LOAD c:/freescale/kds_v3/toolchain/bin/../lib/gcc/arm-none-eabi/4.8.4/armv7e-m/fpu\libgcc.a
LOAD c:/freescale/kds_v3/toolchain/bin/../lib/gcc/arm-none-eabi/4.8.4/../../../../arm-none-eabi/lib/armv7e-m/fpu\libg_s.a
LOAD c:/freescale/kds_v3/toolchain/bin/../lib/gcc/arm-none-eabi/4.8.4/../../../../arm-none-eabi/lib/armv7e-m/fpu\libc_s.a
END GROUP
START GROUP
LOAD c:/freescale/kds_v3/toolchain/bin/../lib/gcc/arm-none-eabi/4.8.4/armv7e-m/fpu\libgcc.a
LOAD c:/freescale/kds_v3/toolchain/bin/../lib/gcc/arm-none-eabi/4.8.4/../../../../arm-none-eabi/lib/armv7e-m/fpu\libc_s.a
END GROUP
LOAD c:/freescale/kds_v3/toolchain/bin/../lib/gcc/arm-none-eabi/4.8.4/armv7e-m/fpu/crtend.o
LOAD c:/freescale/kds_v3/toolchain/bin/../lib/gcc/arm-none-eabi/4.8.4/armv7e-m/fpu/crtn.o
                0x00000400                HEAP_SIZE = DEFINED (__heap_size__)?__heap_size__:0x400
                0x00000400                STACK_SIZE = DEFINED (__stack_size__)?__stack_size__:0x400
                0x00000000                M_VECTOR_RAM_SIZE = DEFINED (__ram_vector_table__)?0x400:0x0

.interrupts     0x00000000      0x400
                0x00000000                __VECTOR_TABLE = .
                0x00000000                . = ALIGN (0x4)
 *(.isr_vector)
 .isr_vector    0x00000000      0x400 ./devices/gcc/startup_MK22F51212.o
                0x00000000                __isr_vector
                0x00000400                . = ALIGN (0x4)

.flash_config   0x00000400       0x10
                0x00000400                . = ALIGN (0x4)
 *(.FlashConfig)
 .FlashConfig   0x00000400       0x10 ./devices/gcc/startup_MK22F51212.o
                0x00000410                . = ALIGN (0x4)

.text           0x00000410     0x9088
                0x00000410                . = ALIGN (0x4)
 *(.text)
 .text          0x00000410       0x54 c:/freescale/kds_v3/toolchain/bin/../lib/gcc/arm-none-eabi/4.8.4/armv7e-m/fpu/crtbegin.o
 .text          0x00000464       0x74 c:/freescale/kds_v3/toolchain/bin/../lib/gcc/arm-none-eabi/4.8.4/../../../../arm-none-eabi/lib/armv7e-m/fpu/crt0.o
                0x00000464                _start
                0x00000464                _mainCRTStartup
 .text          0x000004d8      0x17c ./devices/gcc/startup_MK22F51212.o
                0x000004d8                Reset_Handler
                0x00000538                Reserved54_IRQHandler
                0x00000538                DebugMon_Handler
                0x00000538                FTF_IRQHandler
                0x00000538                DMA0_DriverIRQHandler
                0x00000538                DMA12_DriverIRQHandler
                0x00000538                PORTC_IRQHandler
                0x00000538                SPI1_DriverIRQHandler
                0x00000538                Reserved86_IRQHandler
                0x00000538                Reserved85_IRQHandler
                0x00000538                DMA_Error_DriverIRQHandler
                0x00000538                CMP0_IRQHandler
                0x00000538                DMA7_DriverIRQHandler
                0x00000538                Reserved93_IRQHandler
                0x00000538                DMA2_DriverIRQHandler
                0x00000538                Reserved99_IRQHandler
                0x00000538                PIT0_IRQHandler
                0x00000538                LLWU_IRQHandler
                0x00000538                I2S0_Tx_DriverIRQHandler
                0x00000538                Reserved84_IRQHandler
                0x00000538                DMA6_DriverIRQHandler
                0x00000538                Reserved92_IRQHandler
                0x00000538                UART1_ERR_DriverIRQHandler
                0x00000538                SWI_IRQHandler
                0x00000538                ADC0_IRQHandler
                0x00000538                UsageFault_Handler
                0x00000538                BusFault_Handler
                0x00000538                LPTMR0_IRQHandler
                0x00000538                DefaultISR
                0x00000538                FTM2_IRQHandler
                0x00000538                PORTE_IRQHandler
                0x00000538                DMA11_DriverIRQHandler
                0x00000538                Reserved82_IRQHandler
                0x00000538                CMP1_IRQHandler
                0x00000538                Reserved71_IRQHandler
                0x00000538                PORTD_IRQHandler
                0x00000538                PORTB_IRQHandler
                0x00000538                DMA10_DriverIRQHandler
                0x00000538                UART2_ERR_DriverIRQHandler
                0x00000538                Reserved70_IRQHandler
                0x00000538                ADC1_IRQHandler
                0x00000538                DMA5_DriverIRQHandler
                0x00000538                DMA4_DriverIRQHandler
                0x00000538                PIT2_IRQHandler
                0x00000538                FTM3_IRQHandler
                0x00000538                Reserved53_IRQHandler
                0x00000538                MCM_IRQHandler
                0x00000538                RTC_IRQHandler
                0x00000538                PDB0_IRQHandler
                0x00000538                Reserved96_IRQHandler
                0x00000538                FTM1_IRQHandler
                0x00000538                Reserved61_IRQHandler
                0x00000538                Reserved95_IRQHandler
                0x00000538                DMA3_DriverIRQHandler
                0x00000538                PIT3_IRQHandler
                0x00000538                RTC_Seconds_IRQHandler
                0x00000538                MCG_IRQHandler
                0x00000538                DMA9_DriverIRQHandler
                0x00000538                DMA8_DriverIRQHandler
                0x00000538                UART0_ERR_DriverIRQHandler
                0x00000538                DAC1_IRQHandler
                0x00000538                PORTA_IRQHandler
                0x00000538                Read_Collision_IRQHandler
                0x00000538                Reserved98_IRQHandler
                0x00000538                DMA14_DriverIRQHandler
                0x00000538                FTM0_IRQHandler
                0x00000538                I2S0_Rx_DriverIRQHandler
                0x00000538                Reserved101_IRQHandler
                0x00000538                USB0_IRQHandler
                0x00000538                WDOG_EWM_IRQHandler
                0x00000538                MemManage_Handler
                0x00000538                Reserved90_IRQHandler
                0x00000538                Reserved83_IRQHandler
                0x00000538                LVD_LVW_IRQHandler
                0x00000538                DMA1_DriverIRQHandler
                0x00000538                PIT1_IRQHandler
                0x00000538                Reserved100_IRQHandler
                0x00000538                RNG_IRQHandler
                0x00000538                SPI0_DriverIRQHandler
                0x00000538                Reserved97_IRQHandler
                0x00000538                Reserved91_IRQHandler
                0x00000538                DMA15_DriverIRQHandler
                0x00000538                Reserved94_IRQHandler
                0x00000538                DAC0_IRQHandler
                0x00000538                DMA13_DriverIRQHandler
                0x00000538                Reserved81_IRQHandler
                0x0000053c                NMI_Handler
                0x00000540                HardFault_Handler
                0x00000550                DMA0_IRQHandler
                0x00000554                DMA1_IRQHandler
                0x00000558                DMA2_IRQHandler
                0x0000055c                DMA3_IRQHandler
                0x00000560                DMA4_IRQHandler
                0x00000564                DMA5_IRQHandler
                0x00000568                DMA6_IRQHandler
                0x0000056c                DMA7_IRQHandler
                0x00000570                DMA8_IRQHandler
                0x00000574                DMA9_IRQHandler
                0x00000578                DMA10_IRQHandler
                0x0000057c                DMA11_IRQHandler
                0x00000580                DMA12_IRQHandler
                0x00000584                DMA13_IRQHandler
                0x00000588                DMA14_IRQHandler
                0x0000058c                DMA15_IRQHandler
                0x00000590                DMA_Error_IRQHandler
                0x00000594                I2C0_IRQHandler
                0x00000598                I2C1_IRQHandler
                0x0000059c                SPI0_IRQHandler
                0x000005a0                SPI1_IRQHandler
                0x000005a4                I2S0_Tx_IRQHandler
                0x000005a8                I2S0_Rx_IRQHandler
                0x000005ac                LPUART0_IRQHandler
                0x000005b0                UART0_RX_TX_IRQHandler
                0x000005b4                UART0_ERR_IRQHandler
                0x000005b8                UART1_RX_TX_IRQHandler
                0x000005bc                UART1_ERR_IRQHandler
                0x000005c0                UART2_RX_TX_IRQHandler
                0x000005c4                UART2_ERR_IRQHandler
 .text          0x00000654      0x370 c:/freescale/kds_v3/toolchain/bin/../lib/gcc/arm-none-eabi/4.8.4/armv7e-m/fpu\libgcc.a(_arm_addsubdf3.o)
                0x00000654                __aeabi_drsub
                0x0000065c                __aeabi_dsub
                0x0000065c                __subdf3
                0x00000660                __aeabi_dadd
                0x00000660                __adddf3
                0x000008d8                __floatunsidf
                0x000008d8                __aeabi_ui2d
                0x000008f8                __floatsidf
                0x000008f8                __aeabi_i2d
                0x0000091c                __aeabi_f2d
                0x0000091c                __extendsfdf2
                0x00000958                __floatundidf
                0x00000958                __aeabi_ul2d
                0x00000968                __floatdidf
                0x00000968                __aeabi_l2d
 .text          0x000009c4      0x424 c:/freescale/kds_v3/toolchain/bin/../lib/gcc/arm-none-eabi/4.8.4/armv7e-m/fpu\libgcc.a(_arm_muldivdf3.o)
                0x000009c4                __aeabi_dmul
                0x000009c4                __muldf3
                0x00000c18                __divdf3
                0x00000c18                __aeabi_ddiv
 .text          0x00000de8      0x110 c:/freescale/kds_v3/toolchain/bin/../lib/gcc/arm-none-eabi/4.8.4/armv7e-m/fpu\libgcc.a(_arm_cmpdf2.o)
                0x00000de8                __gtdf2
                0x00000de8                __gedf2
                0x00000df0                __ltdf2
                0x00000df0                __ledf2
                0x00000df8                __nedf2
                0x00000df8                __eqdf2
                0x00000df8                __cmpdf2
                0x00000e74                __aeabi_cdrcmple
                0x00000e84                __aeabi_cdcmpeq
                0x00000e84                __aeabi_cdcmple
                0x00000e94                __aeabi_dcmpeq
                0x00000ea8                __aeabi_dcmplt
                0x00000ebc                __aeabi_dcmple
                0x00000ed0                __aeabi_dcmpge
                0x00000ee4                __aeabi_dcmpgt
 .text          0x00000ef8       0x50 c:/freescale/kds_v3/toolchain/bin/../lib/gcc/arm-none-eabi/4.8.4/armv7e-m/fpu\libgcc.a(_arm_fixdfsi.o)
                0x00000ef8                __aeabi_d2iz
                0x00000ef8                __fixdfsi
 .text          0x00000f48       0xa0 c:/freescale/kds_v3/toolchain/bin/../lib/gcc/arm-none-eabi/4.8.4/armv7e-m/fpu\libgcc.a(_arm_truncdfsf2.o)
                0x00000f48                __truncdfsf2
                0x00000f48                __aeabi_d2f
 .text          0x00000fe8       0x30 c:/freescale/kds_v3/toolchain/bin/../lib/gcc/arm-none-eabi/4.8.4/armv7e-m/fpu\libgcc.a(_fixdfdi.o)
                0x00000fe8                __fixdfdi
                0x00000fe8                __aeabi_d2lz
 .text          0x00001018       0x44 c:/freescale/kds_v3/toolchain/bin/../lib/gcc/arm-none-eabi/4.8.4/armv7e-m/fpu\libgcc.a(_fixunsdfdi.o)
                0x00001018                __fixunsdfdi
                0x00001018                __aeabi_d2ulz
 .text          0x0000105c       0x40 c:/freescale/kds_v3/toolchain/bin/../lib/gcc/arm-none-eabi/4.8.4/armv7e-m/fpu\libgcc.a(_arm_fixunsdfsi.o)
                0x0000105c                __aeabi_d2uiz
                0x0000105c                __fixunsdfsi
 *(.text*)
 .text.UART_EnableTx
                0x0000109c       0x40 ./utilities/fsl_debug_console.o
 .text.UART_EnableRx
                0x000010dc       0x40 ./utilities/fsl_debug_console.o
 .text.LPUART_EnableTx
                0x0000111c       0x38 ./utilities/fsl_debug_console.o
 .text.LPUART_EnableRx
                0x00001154       0x38 ./utilities/fsl_debug_console.o
 .text.DbgConsole_Init
                0x0000118c       0xec ./utilities/fsl_debug_console.o
                0x0000118c                DbgConsole_Init
 .text.DbgConsole_Printf
                0x00001278       0x40 ./utilities/fsl_debug_console.o
                0x00001278                DbgConsole_Printf
 .text.DbgConsole_Putchar
                0x000012b8       0x38 ./utilities/fsl_debug_console.o
                0x000012b8                DbgConsole_Putchar
 .text.DbgConsole_PrintfPaddingCharacter
                0x000012f0       0x40 ./utilities/fsl_debug_console.o
 .text.DbgConsole_ConvertRadixNumToString
                0x00001330      0x118 ./utilities/fsl_debug_console.o
 .text.DbgConsole_ConvertFloatRadixNumToString
                0x00001448      0x2b8 ./utilities/fsl_debug_console.o
 .text.DbgConsole_PrintfFormattedData
                0x00001700      0x3ac ./utilities/fsl_debug_console.o
 .text.getRH    0x00001aac       0x7c ./sources/SI7021.o
                0x00001aac                getRH
 .text.getTemp  0x00001b28       0x88 ./sources/SI7021.o
                0x00001b28                getTemp
 .text.makeMeasurement
                0x00001bb0      0x104 ./sources/SI7021.o
                0x00001bb0                makeMeasurement
 .text.BOARD_InitDebugConsole
                0x00001cb4       0x24 ./sources/board.o
                0x00001cb4                BOARD_InitDebugConsole
 .text.CLOCK_SetSimSafeDivs
                0x00001cd8       0x20 ./sources/clock_config.o
 .text.CLOCK_SetXtal0Freq
                0x00001cf8       0x1c ./sources/clock_config.o
 .text.CLOCK_CONFIG_SetFllExtRefDiv
                0x00001d14       0x38 ./sources/clock_config.o
 .text.BOARD_BootClockRUN
                0x00001d4c       0x60 ./sources/clock_config.o
                0x00001d4c                BOARD_BootClockRUN
 .text.NVIC_SetPriority
                0x00001dac       0x54 ./sources/freertos_i2c.o
 .text.FTM_StartTimer
                0x00001e00       0x38 ./sources/freertos_i2c.o
 .text.FTM_SetSoftwareTrigger
                0x00001e38       0x38 ./sources/freertos_i2c.o
 .text.main     0x00001e70       0x7c ./sources/freertos_i2c.o
                0x00001e70                main
 .text.init_I2C
                0x00001eec       0x68 ./sources/freertos_i2c.o
                0x00001eec                init_I2C
 .text.read_hum
                0x00001f54       0x48 ./sources/freertos_i2c.o
                0x00001f54                read_hum
 .text.read_temp
                0x00001f9c       0x28 ./sources/freertos_i2c.o
                0x00001f9c                read_temp
 .text.SI_7021  0x00001fc4       0x20 ./sources/freertos_i2c.o
 .text.init_PWM
                0x00001fe4       0x68 ./sources/freertos_i2c.o
                0x00001fe4                init_PWM
 .text.Motor_PWM
                0x0000204c       0x60 ./sources/freertos_i2c.o
 .text.CLOCK_EnableClock
                0x000020ac       0x34 ./sources/pin_mux.o
 .text.PORT_SetPinConfig
                0x000020e0       0x44 ./sources/pin_mux.o
 .text.PORT_SetPinMux
                0x00002124       0x38 ./sources/pin_mux.o
 .text.BOARD_InitPins
                0x0000215c      0x12c ./sources/pin_mux.o
                0x0000215c                BOARD_InitPins
 .text.pvPortMalloc
                0x00002288      0x184 ./freertos/Source/portable/MemMang/heap_4.o
                0x00002288                pvPortMalloc
 .text.vPortFree
                0x0000240c       0xb0 ./freertos/Source/portable/MemMang/heap_4.o
                0x0000240c                vPortFree
 .text.prvHeapInit
                0x000024bc       0xc4 ./freertos/Source/portable/MemMang/heap_4.o
 .text.prvInsertBlockIntoFreeList
                0x00002580       0xb0 ./freertos/Source/portable/MemMang/heap_4.o
 .text.vPortSetupTimerInterrupt
                0x00002630       0x40 ./freertos/Source/portable/GCC/ARM_CM4F/fsl_tickless_systick.o
                0x00002630                vPortSetupTimerInterrupt
 .text.pxPortInitialiseStack
                0x00002670       0x68 ./freertos/Source/portable/GCC/ARM_CM4F/port.o
                0x00002670                pxPortInitialiseStack
 .text.prvTaskExitError
                0x000026d8       0x3c ./freertos/Source/portable/GCC/ARM_CM4F/port.o
 *fill*         0x00002714        0xc 
 .text.SVC_Handler
                0x00002720       0x30 ./freertos/Source/portable/GCC/ARM_CM4F/port.o
                0x00002720                SVC_Handler
 .text.prvPortStartFirstTask
                0x00002750       0x20 ./freertos/Source/portable/GCC/ARM_CM4F/port.o
 .text.xPortStartScheduler
                0x00002770      0x118 ./freertos/Source/portable/GCC/ARM_CM4F/port.o
                0x00002770                xPortStartScheduler
 .text.vPortEnterCritical
                0x00002888       0x5c ./freertos/Source/portable/GCC/ARM_CM4F/port.o
                0x00002888                vPortEnterCritical
 .text.vPortExitCritical
                0x000028e4       0x4c ./freertos/Source/portable/GCC/ARM_CM4F/port.o
                0x000028e4                vPortExitCritical
 .text.PendSV_Handler
                0x00002930       0x70 ./freertos/Source/portable/GCC/ARM_CM4F/port.o
                0x00002930                PendSV_Handler
 .text.SysTick_Handler
                0x000029a0       0x40 ./freertos/Source/portable/GCC/ARM_CM4F/port.o
                0x000029a0                SysTick_Handler
 .text.vPortEnableVFP
                0x000029e0       0x14 ./freertos/Source/portable/GCC/ARM_CM4F/port.o
 .text.vPortValidateInterruptPriority
                0x000029f4       0x78 ./freertos/Source/portable/GCC/ARM_CM4F/port.o
                0x000029f4                vPortValidateInterruptPriority
 .text.vListInitialise
                0x00002a6c       0x40 ./freertos/Source/list.o
                0x00002a6c                vListInitialise
 .text.vListInitialiseItem
                0x00002aac       0x18 ./freertos/Source/list.o
                0x00002aac                vListInitialiseItem
 .text.vListInsertEnd
                0x00002ac4       0x48 ./freertos/Source/list.o
                0x00002ac4                vListInsertEnd
 .text.vListInsert
                0x00002b0c       0x70 ./freertos/Source/list.o
                0x00002b0c                vListInsert
 .text.uxListRemove
                0x00002b7c       0x54 ./freertos/Source/list.o
                0x00002b7c                uxListRemove
 .text.xQueueGenericReset
                0x00002bd0       0xd0 ./freertos/Source/queue.o
                0x00002bd0                xQueueGenericReset
 .text.xQueueGenericCreate
                0x00002ca0       0x70 ./freertos/Source/queue.o
                0x00002ca0                xQueueGenericCreate
 .text.prvInitialiseNewQueue
                0x00002d10       0x44 ./freertos/Source/queue.o
 .text.prvInitialiseMutex
                0x00002d54       0x34 ./freertos/Source/queue.o
 .text.xQueueCreateMutex
                0x00002d88       0x30 ./freertos/Source/queue.o
                0x00002d88                xQueueCreateMutex
 .text.xQueueGenericSend
                0x00002db8      0x1fc ./freertos/Source/queue.o
                0x00002db8                xQueueGenericSend
 .text.xQueueGenericSendFromISR
                0x00002fb4      0x128 ./freertos/Source/queue.o
                0x00002fb4                xQueueGenericSendFromISR
 .text.xQueueGiveFromISR
                0x000030dc      0x114 ./freertos/Source/queue.o
                0x000030dc                xQueueGiveFromISR
 .text.xQueueGenericReceive
                0x000031f0      0x22c ./freertos/Source/queue.o
                0x000031f0                xQueueGenericReceive
 .text.vQueueDelete
                0x0000341c       0x38 ./freertos/Source/queue.o
                0x0000341c                vQueueDelete
 .text.prvCopyDataToQueue
                0x00003454       0xd8 ./freertos/Source/queue.o
 .text.prvCopyDataFromQueue
                0x0000352c       0x4c ./freertos/Source/queue.o
 .text.prvUnlockQueue
                0x00003578       0xa0 ./freertos/Source/queue.o
 .text.prvIsQueueEmpty
                0x00003618       0x2c ./freertos/Source/queue.o
 .text.prvIsQueueFull
                0x00003644       0x30 ./freertos/Source/queue.o
 .text.vQueueAddToRegistry
                0x00003674       0x50 ./freertos/Source/queue.o
                0x00003674                vQueueAddToRegistry
 .text.vQueueUnregisterQueue
                0x000036c4       0x50 ./freertos/Source/queue.o
                0x000036c4                vQueueUnregisterQueue
 .text.vQueueWaitForMessageRestricted
                0x00003714       0x6c ./freertos/Source/queue.o
                0x00003714                vQueueWaitForMessageRestricted
 .text.xTaskCreate
                0x00003780       0x84 ./freertos/Source/tasks.o
                0x00003780                xTaskCreate
 .text.prvInitialiseNewTask
                0x00003804      0x130 ./freertos/Source/tasks.o
 .text.prvAddNewTaskToReadyList
                0x00003934       0xdc ./freertos/Source/tasks.o
 .text.vTaskDelay
                0x00003a10       0x64 ./freertos/Source/tasks.o
                0x00003a10                vTaskDelay
 .text.vTaskStartScheduler
                0x00003a74       0x94 ./freertos/Source/tasks.o
                0x00003a74                vTaskStartScheduler
 .text.vTaskSuspendAll
                0x00003b08       0x1c ./freertos/Source/tasks.o
                0x00003b08                vTaskSuspendAll
 .text.xTaskResumeAll
                0x00003b24      0x138 ./freertos/Source/tasks.o
                0x00003b24                xTaskResumeAll
 .text.xTaskGetTickCount
                0x00003c5c       0x20 ./freertos/Source/tasks.o
                0x00003c5c                xTaskGetTickCount
 .text.xTaskIncrementTick
                0x00003c7c      0x15c ./freertos/Source/tasks.o
                0x00003c7c                xTaskIncrementTick
 .text.vTaskSwitchContext
                0x00003dd8       0xb4 ./freertos/Source/tasks.o
                0x00003dd8                vTaskSwitchContext
 .text.vTaskPlaceOnEventList
                0x00003e8c       0x44 ./freertos/Source/tasks.o
                0x00003e8c                vTaskPlaceOnEventList
 .text.vTaskPlaceOnEventListRestricted
                0x00003ed0       0x54 ./freertos/Source/tasks.o
                0x00003ed0                vTaskPlaceOnEventListRestricted
 .text.xTaskRemoveFromEventList
                0x00003f24       0xc4 ./freertos/Source/tasks.o
                0x00003f24                xTaskRemoveFromEventList
 .text.vTaskSetTimeOutState
                0x00003fe8       0x44 ./freertos/Source/tasks.o
                0x00003fe8                vTaskSetTimeOutState
 .text.xTaskCheckForTimeOut
                0x0000402c       0xbc ./freertos/Source/tasks.o
                0x0000402c                xTaskCheckForTimeOut
 .text.vTaskMissedYield
                0x000040e8       0x18 ./freertos/Source/tasks.o
                0x000040e8                vTaskMissedYield
 .text.prvIdleTask
                0x00004100       0x30 ./freertos/Source/tasks.o
 .text.prvInitialiseTaskLists
                0x00004130       0x7c ./freertos/Source/tasks.o
 .text.prvCheckTasksWaitingTermination
                0x000041ac       0x74 ./freertos/Source/tasks.o
 .text.prvDeleteTCB
                0x00004220       0x20 ./freertos/Source/tasks.o
 .text.prvResetNextTaskUnblockTime
                0x00004240       0x48 ./freertos/Source/tasks.o
 .text.xTaskGetSchedulerState
                0x00004288       0x3c ./freertos/Source/tasks.o
                0x00004288                xTaskGetSchedulerState
 .text.vTaskPriorityInherit
                0x000042c4       0xec ./freertos/Source/tasks.o
                0x000042c4                vTaskPriorityInherit
 .text.xTaskPriorityDisinherit
                0x000043b0      0x108 ./freertos/Source/tasks.o
                0x000043b0                xTaskPriorityDisinherit
 .text.pvTaskIncrementMutexHeldCount
                0x000044b8       0x28 ./freertos/Source/tasks.o
                0x000044b8                pvTaskIncrementMutexHeldCount
 .text.prvAddCurrentTaskToDelayedList
                0x000044e0       0xc8 ./freertos/Source/tasks.o
 .text.xTimerCreateTimerTask
                0x000045a8       0x60 ./freertos/Source/timers.o
                0x000045a8                xTimerCreateTimerTask
 .text.xTimerGenericCommand
                0x00004608       0xa4 ./freertos/Source/timers.o
                0x00004608                xTimerGenericCommand
 .text.prvProcessExpiredTimer
                0x000046ac       0x80 ./freertos/Source/timers.o
 .text.prvTimerTask
                0x0000472c       0x24 ./freertos/Source/timers.o
 .text.prvProcessTimerOrBlockTask
                0x00004750       0x9c ./freertos/Source/timers.o
 .text.prvGetNextExpireTime
                0x000047ec       0x48 ./freertos/Source/timers.o
 .text.prvSampleTimeNow
                0x00004834       0x40 ./freertos/Source/timers.o
 .text.prvInsertTimerInActiveList
                0x00004874       0x84 ./freertos/Source/timers.o
 .text.prvProcessReceivedCommands
                0x000048f8      0x164 ./freertos/Source/timers.o
 .text.prvSwitchTimerLists
                0x00004a5c       0xc0 ./freertos/Source/timers.o
 .text.prvCheckForValidListAndQueue
                0x00004b1c       0x6c ./freertos/Source/timers.o
 .text.CLOCK_SetEr32kClock
                0x00004b88       0x2c ./drivers/fsl_clock.o
 .text.CLOCK_SetPllFllSelClock
                0x00004bb4       0x38 ./drivers/fsl_clock.o
 .text.OSC_SetExtRefClkConfig
                0x00004bec       0x40 ./drivers/fsl_clock.o
 .text.OSC_SetCapLoad
                0x00004c2c       0x34 ./drivers/fsl_clock.o
 .text.CLOCK_GetMcgExtClkFreq
                0x00004c60       0x8c ./drivers/fsl_clock.o
 .text.CLOCK_GetFllExtRefClkFreq
                0x00004cec       0xc8 ./drivers/fsl_clock.o
 .text.CLOCK_GetInternalRefClkSelectFreq
                0x00004db4       0x44 ./drivers/fsl_clock.o
 .text.CLOCK_GetFllRefClkFreq
                0x00004df8       0x2c ./drivers/fsl_clock.o
 .text.CLOCK_GetPll0RefFreq
                0x00004e24       0x10 ./drivers/fsl_clock.o
 .text.CLOCK_GetOscRangeFromFreq
                0x00004e34       0x3c ./drivers/fsl_clock.o
 .text.CLOCK_GetOsc0ErClkUndivFreq
                0x00004e70       0x48 ./drivers/fsl_clock.o
                0x00004e70                CLOCK_GetOsc0ErClkUndivFreq
 .text.CLOCK_GetOsc0ErClkDivFreq
                0x00004eb8       0x58 ./drivers/fsl_clock.o
                0x00004eb8                CLOCK_GetOsc0ErClkDivFreq
 .text.CLOCK_GetEr32kClkFreq
                0x00004f10       0x80 ./drivers/fsl_clock.o
                0x00004f10                CLOCK_GetEr32kClkFreq
 .text.CLOCK_GetPllFllSelClkFreq
                0x00004f90       0x54 ./drivers/fsl_clock.o
                0x00004f90                CLOCK_GetPllFllSelClkFreq
 .text.CLOCK_GetCoreSysClkFreq
                0x00004fe4       0x24 ./drivers/fsl_clock.o
                0x00004fe4                CLOCK_GetCoreSysClkFreq
 .text.CLOCK_GetFreq
                0x00005008      0x14c ./drivers/fsl_clock.o
                0x00005008                CLOCK_GetFreq
 .text.CLOCK_SetSimConfig
                0x00005154       0x34 ./drivers/fsl_clock.o
                0x00005154                CLOCK_SetSimConfig
 .text.CLOCK_GetOutClkFreq
                0x00005188       0x64 ./drivers/fsl_clock.o
                0x00005188                CLOCK_GetOutClkFreq
 .text.CLOCK_GetFllFreq
                0x000051ec       0x74 ./drivers/fsl_clock.o
                0x000051ec                CLOCK_GetFllFreq
 .text.CLOCK_GetInternalRefClkFreq
                0x00005260       0x24 ./drivers/fsl_clock.o
                0x00005260                CLOCK_GetInternalRefClkFreq
 .text.CLOCK_GetFixedFreqClkFreq
                0x00005284       0x30 ./drivers/fsl_clock.o
                0x00005284                CLOCK_GetFixedFreqClkFreq
 .text.CLOCK_GetPll0Freq
                0x000052b4       0x78 ./drivers/fsl_clock.o
                0x000052b4                CLOCK_GetPll0Freq
 .text.CLOCK_SetExternalRefClkConfig
                0x0000532c       0x6c ./drivers/fsl_clock.o
                0x0000532c                CLOCK_SetExternalRefClkConfig
 .text.CLOCK_SetInternalRefClkConfig
                0x00005398      0x104 ./drivers/fsl_clock.o
                0x00005398                CLOCK_SetInternalRefClkConfig
 .text.CLOCK_EnablePll0
                0x0000549c       0x94 ./drivers/fsl_clock.o
                0x0000549c                CLOCK_EnablePll0
 .text.CLOCK_InitOsc0
                0x00005530       0x8c ./drivers/fsl_clock.o
                0x00005530                CLOCK_InitOsc0
 .text.CLOCK_SetPbeMode
                0x000055bc       0xb8 ./drivers/fsl_clock.o
                0x000055bc                CLOCK_SetPbeMode
 .text.CLOCK_BootToPeeMode
                0x00005674       0x74 ./drivers/fsl_clock.o
                0x00005674                CLOCK_BootToPeeMode
 .text.__assert_func
                0x000056e8       0x28 ./drivers/fsl_common.o
                0x000056e8                __assert_func
 .text.CLOCK_EnableClock
                0x00005710       0x34 ./drivers/fsl_ftm.o
 .text.FTM_GetInstance
                0x00005744       0x60 ./drivers/fsl_ftm.o
 .text.FTM_SetPwmSync
                0x000057a4      0x118 ./drivers/fsl_ftm.o
 .text.FTM_SetReloadPoints
                0x000058bc      0x170 ./drivers/fsl_ftm.o
 .text.FTM_Init
                0x00005a2c      0x100 ./drivers/fsl_ftm.o
                0x00005a2c                FTM_Init
 .text.FTM_GetDefaultConfig
                0x00005b2c       0x78 ./drivers/fsl_ftm.o
                0x00005b2c                FTM_GetDefaultConfig
 .text.FTM_SetupPwm
                0x00005ba4      0x30c ./drivers/fsl_ftm.o
                0x00005ba4                FTM_SetupPwm
 .text.FTM_UpdatePwmDutycycle
                0x00005eb0       0xfc ./drivers/fsl_ftm.o
                0x00005eb0                FTM_UpdatePwmDutycycle
 .text.NVIC_EnableIRQ
                0x00005fac       0x30 ./drivers/fsl_i2c.o
 .text.CLOCK_EnableClock
                0x00005fdc       0x34 ./drivers/fsl_i2c.o
 .text.EnableIRQ
                0x00006010       0x28 ./drivers/fsl_i2c.o
 .text.I2C_MasterClearStatusFlags
                0x00006038       0x58 ./drivers/fsl_i2c.o
 .text.I2C_GetInstance
                0x00006090       0x58 ./drivers/fsl_i2c.o
                0x00006090                I2C_GetInstance
 .text.I2C_InitTransferStateMachine
                0x000060e8       0x94 ./drivers/fsl_i2c.o
 .text.I2C_CheckAndClearError
                0x0000617c       0x44 ./drivers/fsl_i2c.o
 .text.I2C_MasterTransferRunStateMachine
                0x000061c0      0x24c ./drivers/fsl_i2c.o
 .text.I2C_TransferCommonIRQHandler
                0x0000640c       0x50 ./drivers/fsl_i2c.o
 .text.I2C_MasterInit
                0x0000645c       0xe8 ./drivers/fsl_i2c.o
                0x0000645c                I2C_MasterInit
 .text.I2C_MasterGetDefaultConfig
                0x00006544       0x4c ./drivers/fsl_i2c.o
                0x00006544                I2C_MasterGetDefaultConfig
 .text.I2C_EnableInterrupts
                0x00006590       0x54 ./drivers/fsl_i2c.o
                0x00006590                I2C_EnableInterrupts
 .text.I2C_DisableInterrupts
                0x000065e4       0x48 ./drivers/fsl_i2c.o
                0x000065e4                I2C_DisableInterrupts
 .text.I2C_MasterSetBaudRate
                0x0000662c       0xd8 ./drivers/fsl_i2c.o
                0x0000662c                I2C_MasterSetBaudRate
 .text.I2C_MasterStart
                0x00006704       0x64 ./drivers/fsl_i2c.o
                0x00006704                I2C_MasterStart
 .text.I2C_MasterRepeatedStart
                0x00006768       0x9c ./drivers/fsl_i2c.o
                0x00006768                I2C_MasterRepeatedStart
 .text.I2C_MasterStop
                0x00006804       0x58 ./drivers/fsl_i2c.o
                0x00006804                I2C_MasterStop
 .text.I2C_MasterGetStatusFlags
                0x0000685c       0x4c ./drivers/fsl_i2c.o
                0x0000685c                I2C_MasterGetStatusFlags
 .text.I2C_MasterTransferCreateHandle
                0x000068a8       0x84 ./drivers/fsl_i2c.o
                0x000068a8                I2C_MasterTransferCreateHandle
 .text.I2C_MasterTransferNonBlocking
                0x0000692c       0x7c ./drivers/fsl_i2c.o
                0x0000692c                I2C_MasterTransferNonBlocking
 .text.I2C_MasterTransferHandleIRQ
                0x000069a8       0xc0 ./drivers/fsl_i2c.o
                0x000069a8                I2C_MasterTransferHandleIRQ
 .text.I2C0_DriverIRQHandler
                0x00006a68       0x1c ./drivers/fsl_i2c.o
                0x00006a68                I2C0_DriverIRQHandler
 .text.I2C1_DriverIRQHandler
                0x00006a84       0x1c ./drivers/fsl_i2c.o
                0x00006a84                I2C1_DriverIRQHandler
 .text.I2C_RTOS_Callback
                0x00006aa0       0x48 ./drivers/fsl_i2c_freertos.o
 .text.I2C_RTOS_Init
                0x00006ae8       0x9c ./drivers/fsl_i2c_freertos.o
                0x00006ae8                I2C_RTOS_Init
 .text.I2C_RTOS_Transfer
                0x00006b84       0x84 ./drivers/fsl_i2c_freertos.o
                0x00006b84                I2C_RTOS_Transfer
 .text.CLOCK_EnableClock
                0x00006c08       0x34 ./drivers/fsl_lpuart.o
 .text.LPUART_GetInstance
                0x00006c3c       0x50 ./drivers/fsl_lpuart.o
                0x00006c3c                LPUART_GetInstance
 .text.LPUART_Init
                0x00006c8c      0x23c ./drivers/fsl_lpuart.o
                0x00006c8c                LPUART_Init
 .text.LPUART_GetDefaultConfig
                0x00006ec8       0x5c ./drivers/fsl_lpuart.o
                0x00006ec8                LPUART_GetDefaultConfig
 .text.LPUART_GetStatusFlags
                0x00006f24       0x1c ./drivers/fsl_lpuart.o
                0x00006f24                LPUART_GetStatusFlags
 .text.LPUART_ClearStatusFlags
                0x00006f40       0x80 ./drivers/fsl_lpuart.o
                0x00006f40                LPUART_ClearStatusFlags
 .text.LPUART_WriteBlocking
                0x00006fc0       0x5c ./drivers/fsl_lpuart.o
                0x00006fc0                LPUART_WriteBlocking
 .text.LPUART_ReadBlocking
                0x0000701c       0xd0 ./drivers/fsl_lpuart.o
                0x0000701c                LPUART_ReadBlocking
 .text.LPUART0_DriverIRQHandler
                0x000070ec       0x20 ./drivers/fsl_lpuart.o
                0x000070ec                LPUART0_DriverIRQHandler
 .text.CLOCK_EnableClock
                0x0000710c       0x34 ./drivers/fsl_uart.o
 .text.UART_GetInstance
                0x00007140       0x60 ./drivers/fsl_uart.o
                0x00007140                UART_GetInstance
 .text.UART_Init
                0x000071a0      0x260 ./drivers/fsl_uart.o
                0x000071a0                UART_Init
 .text.UART_GetDefaultConfig
                0x00007400       0x54 ./drivers/fsl_uart.o
                0x00007400                UART_GetDefaultConfig
 .text.UART_GetStatusFlags
                0x00007454       0x48 ./drivers/fsl_uart.o
                0x00007454                UART_GetStatusFlags
 .text.UART_WriteBlocking
                0x0000749c       0x40 ./drivers/fsl_uart.o
                0x0000749c                UART_WriteBlocking
 .text.UART_ReadBlocking
                0x000074dc       0xa4 ./drivers/fsl_uart.o
                0x000074dc                UART_ReadBlocking
 .text.UART0_DriverIRQHandler
                0x00007580       0x20 ./drivers/fsl_uart.o
                0x00007580                UART0_DriverIRQHandler
 .text.UART0_RX_TX_DriverIRQHandler
                0x000075a0        0xc ./drivers/fsl_uart.o
                0x000075a0                UART0_RX_TX_DriverIRQHandler
 .text.UART1_DriverIRQHandler
                0x000075ac       0x20 ./drivers/fsl_uart.o
                0x000075ac                UART1_DriverIRQHandler
 .text.UART1_RX_TX_DriverIRQHandler
                0x000075cc        0xc ./drivers/fsl_uart.o
                0x000075cc                UART1_RX_TX_DriverIRQHandler
 .text.UART2_DriverIRQHandler
                0x000075d8       0x20 ./drivers/fsl_uart.o
                0x000075d8                UART2_DriverIRQHandler
 .text.UART2_RX_TX_DriverIRQHandler
                0x000075f8        0xc ./drivers/fsl_uart.o
                0x000075f8                UART2_RX_TX_DriverIRQHandler
 .text.SystemInit
                0x00007604       0x3c ./devices/system_MK22F51212.o
                0x00007604                SystemInit
 .text.__errno  0x00007640        0xc c:/freescale/kds_v3/toolchain/bin/../lib/gcc/arm-none-eabi/4.8.4/../../../../arm-none-eabi/lib/armv7e-m/fpu\libg_s.a(lib_a-errno.o)
                0x00007640                __errno
 .text.exit     0x0000764c       0x28 c:/freescale/kds_v3/toolchain/bin/../lib/gcc/arm-none-eabi/4.8.4/../../../../arm-none-eabi/lib/armv7e-m/fpu\libg_s.a(lib_a-exit.o)
                0x0000764c                exit
 .text.__libc_init_array
                0x00007674       0x4c c:/freescale/kds_v3/toolchain/bin/../lib/gcc/arm-none-eabi/4.8.4/../../../../arm-none-eabi/lib/armv7e-m/fpu\libg_s.a(lib_a-init.o)
                0x00007674                __libc_init_array
 .text.memcpy   0x000076c0       0x12 c:/freescale/kds_v3/toolchain/bin/../lib/gcc/arm-none-eabi/4.8.4/../../../../arm-none-eabi/lib/armv7e-m/fpu\libg_s.a(lib_a-memcpy-stub.o)
                0x000076c0                memcpy
 .text.memset   0x000076d2       0x10 c:/freescale/kds_v3/toolchain/bin/../lib/gcc/arm-none-eabi/4.8.4/../../../../arm-none-eabi/lib/armv7e-m/fpu\libg_s.a(lib_a-memset.o)
                0x000076d2                memset
 *fill*         0x000076e2        0x2 
 .text.modf     0x000076e4       0x88 c:/freescale/kds_v3/toolchain/bin/../lib/gcc/arm-none-eabi/4.8.4/../../../../arm-none-eabi/lib/armv7e-m/fpu\libg_s.a(lib_a-s_modf.o)
                0x000076e4                modf
 .text.strlen   0x0000776c       0x10 c:/freescale/kds_v3/toolchain/bin/../lib/gcc/arm-none-eabi/4.8.4/../../../../arm-none-eabi/lib/armv7e-m/fpu\libg_s.a(lib_a-strlen.o)
                0x0000776c                strlen
 .text._exit    0x0000777c        0x4 c:/freescale/kds_v3/toolchain/bin/../lib/gcc/arm-none-eabi/4.8.4/../../../../arm-none-eabi/lib/armv7e-m/fpu\libnosys.a(_exit.o)
                0x0000777c                _exit
 .text.pow      0x00007780      0x340 c:/freescale/kds_v3/toolchain/bin/../lib/gcc/arm-none-eabi/4.8.4/../../../../arm-none-eabi/lib/armv7e-m/fpu\libm.a(lib_a-w_pow.o)
                0x00007780                pow
 .text.__ieee754_pow
                0x00007ac0      0xae8 c:/freescale/kds_v3/toolchain/bin/../lib/gcc/arm-none-eabi/4.8.4/../../../../arm-none-eabi/lib/armv7e-m/fpu\libm.a(lib_a-e_pow.o)
                0x00007ac0                __ieee754_pow
 .text.__ieee754_sqrt
                0x000085a8      0x198 c:/freescale/kds_v3/toolchain/bin/../lib/gcc/arm-none-eabi/4.8.4/../../../../arm-none-eabi/lib/armv7e-m/fpu\libm.a(lib_a-e_sqrt.o)
                0x000085a8                __ieee754_sqrt
 .text.fabs     0x00008740       0x14 c:/freescale/kds_v3/toolchain/bin/../lib/gcc/arm-none-eabi/4.8.4/../../../../arm-none-eabi/lib/armv7e-m/fpu\libm.a(lib_a-s_fabs.o)
                0x00008740                fabs
 .text.finite   0x00008754       0x10 c:/freescale/kds_v3/toolchain/bin/../lib/gcc/arm-none-eabi/4.8.4/../../../../arm-none-eabi/lib/armv7e-m/fpu\libm.a(lib_a-s_finite.o)
                0x00008754                finite
 .text.__fpclassifyd
                0x00008764       0x54 c:/freescale/kds_v3/toolchain/bin/../lib/gcc/arm-none-eabi/4.8.4/../../../../arm-none-eabi/lib/armv7e-m/fpu\libm.a(lib_a-s_fpclassify.o)
                0x00008764                __fpclassifyd
 .text.matherr  0x000087b8        0x4 c:/freescale/kds_v3/toolchain/bin/../lib/gcc/arm-none-eabi/4.8.4/../../../../arm-none-eabi/lib/armv7e-m/fpu\libm.a(lib_a-s_matherr.o)
                0x000087b8                matherr
 *fill*         0x000087bc        0x4 
 .text.nan      0x000087c0       0x10 c:/freescale/kds_v3/toolchain/bin/../lib/gcc/arm-none-eabi/4.8.4/../../../../arm-none-eabi/lib/armv7e-m/fpu\libm.a(lib_a-s_nan.o)
                0x000087c0                nan
 .text.rint     0x000087d0      0x120 c:/freescale/kds_v3/toolchain/bin/../lib/gcc/arm-none-eabi/4.8.4/../../../../arm-none-eabi/lib/armv7e-m/fpu\libm.a(lib_a-s_rint.o)
                0x000087d0                rint
 .text.scalbn   0x000088f0      0x120 c:/freescale/kds_v3/toolchain/bin/../lib/gcc/arm-none-eabi/4.8.4/../../../../arm-none-eabi/lib/armv7e-m/fpu\libm.a(lib_a-s_scalbn.o)
                0x000088f0                scalbn
 .text.copysign
                0x00008a10       0x24 c:/freescale/kds_v3/toolchain/bin/../lib/gcc/arm-none-eabi/4.8.4/../../../../arm-none-eabi/lib/armv7e-m/fpu\libm.a(lib_a-s_copysign.o)
                0x00008a10                copysign
 *(.rodata)
 .rodata        0x00008a34       0xf4 ./sources/SI7021.o
 .rodata        0x00008b28      0x154 ./sources/freertos_i2c.o
 .rodata        0x00008c7c       0x20 ./sources/pin_mux.o
 .rodata        0x00008c9c       0x18 ./freertos/Source/tasks.o
                0x00008ca4                FreeRTOSDebugConfig
 .rodata        0x00008cb4       0x10 ./freertos/Source/timers.o
 .rodata        0x00008cc4       0x48 ./drivers/fsl_clock.o
 .rodata        0x00008d0c       0x40 ./drivers/fsl_common.o
 .rodata        0x00008d4c       0xe4 ./drivers/fsl_ftm.o
 .rodata        0x00008e30       0xc8 ./drivers/fsl_i2c.o
 .rodata        0x00008ef8       0xb8 ./drivers/fsl_lpuart.o
 .rodata        0x00008fb0      0x12c ./drivers/fsl_uart.o
 *(.rodata*)
 .rodata.mcgConfig_BOARD_BootClockRUN
                0x000090dc        0xc ./sources/clock_config.o
                0x000090dc                mcgConfig_BOARD_BootClockRUN
 .rodata.simConfig_BOARD_BootClockRUN
                0x000090e8        0x8 ./sources/clock_config.o
                0x000090e8                simConfig_BOARD_BootClockRUN
 .rodata.oscConfig_BOARD_BootClockRUN
                0x000090f0        0x8 ./sources/clock_config.o
                0x000090f0                oscConfig_BOARD_BootClockRUN
 .rodata.__func__.6107
                0x000090f8       0x14 ./sources/pin_mux.o
 .rodata.__func__.6069
                0x0000910c       0x18 ./drivers/fsl_clock.o
 .rodata.__func__.6107
                0x00009124       0x1c ./drivers/fsl_clock.o
 .rodata.__func__.6111
                0x00009140       0x1c ./drivers/fsl_clock.o
 .rodata.__func__.6119
                0x0000915c       0x18 ./drivers/fsl_clock.o
 .rodata.fllFactorTable.6198
                0x00009174       0x10 ./drivers/fsl_clock.o
 .rodata.__func__.6213
                0x00009184       0x14 ./drivers/fsl_clock.o
 .rodata.__func__.6258
                0x00009198       0x14 ./drivers/fsl_clock.o
 .rodata.__func__.6400
                0x000091ac       0x14 ./drivers/fsl_clock.o
 .rodata.__func__.6467
                0x000091c0       0x14 ./drivers/fsl_clock.o
 .rodata.s_ftmBases
                0x000091d4       0x10 ./drivers/fsl_ftm.o
 .rodata.s_ftmClocks
                0x000091e4       0x10 ./drivers/fsl_ftm.o
 .rodata.__func__.6364
                0x000091f4       0x10 ./drivers/fsl_ftm.o
 .rodata.__func__.6388
                0x00009204        0xc ./drivers/fsl_ftm.o
 .rodata.__func__.6396
                0x00009210       0x18 ./drivers/fsl_ftm.o
 .rodata.__func__.6405
                0x00009228       0x10 ./drivers/fsl_ftm.o
 .rodata.s_i2cDividerTable
                0x00009238       0x80 ./drivers/fsl_i2c.o
 .rodata.s_i2cBases
                0x000092b8        0x8 ./drivers/fsl_i2c.o
 .rodata.s_i2cIrqs
                0x000092c0        0x4 ./drivers/fsl_i2c.o
 .rodata.s_i2cClocks
                0x000092c4        0x8 ./drivers/fsl_i2c.o
 .rodata.__func__.6298
                0x000092cc       0x10 ./drivers/fsl_i2c.o
 .rodata.__func__.6354
                0x000092dc       0x10 ./drivers/fsl_i2c.o
 .rodata.__func__.6362
                0x000092ec       0x1c ./drivers/fsl_i2c.o
 .rodata.__func__.6483
                0x00009308       0x20 ./drivers/fsl_i2c.o
 .rodata.__func__.6490
                0x00009328       0x20 ./drivers/fsl_i2c.o
 .rodata.__func__.6514
                0x00009348       0x1c ./drivers/fsl_i2c.o
 .rodata.__func__.6258
                0x00009364       0x14 ./drivers/fsl_lpuart.o
 .rodata.__func__.6296
                0x00009378        0xc ./drivers/fsl_lpuart.o
 .rodata.__func__.6320
                0x00009384       0x18 ./drivers/fsl_lpuart.o
 .rodata.__func__.6366
                0x0000939c       0x18 ./drivers/fsl_lpuart.o
 .rodata.__func__.6378
                0x000093b4       0x14 ./drivers/fsl_lpuart.o
 .rodata.s_uartBases
                0x000093c8        0xc ./drivers/fsl_uart.o
 .rodata.s_uartClock
                0x000093d4        0xc ./drivers/fsl_uart.o
 .rodata.__func__.6262
                0x000093e0       0x14 ./drivers/fsl_uart.o
 .rodata.__func__.6278
                0x000093f4        0xc ./drivers/fsl_uart.o
 .rodata.__func__.6296
                0x00009400       0x18 ./drivers/fsl_uart.o
 .rodata.__func__.6356
                0x00009418       0x14 ./drivers/fsl_uart.o
 .rodata.str1.1
                0x0000942c        0x2 c:/freescale/kds_v3/toolchain/bin/../lib/gcc/arm-none-eabi/4.8.4/../../../../arm-none-eabi/lib/armv7e-m/fpu\libg_s.a(lib_a-impure.o)
 *fill*         0x0000942e        0x2 
 .rodata._global_impure_ptr
                0x00009430        0x4 c:/freescale/kds_v3/toolchain/bin/../lib/gcc/arm-none-eabi/4.8.4/../../../../arm-none-eabi/lib/armv7e-m/fpu\libg_s.a(lib_a-impure.o)
                0x00009430                _global_impure_ptr
 .rodata.str1.4
                0x00009434        0x4 c:/freescale/kds_v3/toolchain/bin/../lib/gcc/arm-none-eabi/4.8.4/../../../../arm-none-eabi/lib/armv7e-m/fpu\libm.a(lib_a-w_pow.o)
 .rodata.dp_h   0x00009438       0x10 c:/freescale/kds_v3/toolchain/bin/../lib/gcc/arm-none-eabi/4.8.4/../../../../arm-none-eabi/lib/armv7e-m/fpu\libm.a(lib_a-e_pow.o)
 .rodata.dp_l   0x00009448       0x10 c:/freescale/kds_v3/toolchain/bin/../lib/gcc/arm-none-eabi/4.8.4/../../../../arm-none-eabi/lib/armv7e-m/fpu\libm.a(lib_a-e_pow.o)
 .rodata.bp     0x00009458       0x10 c:/freescale/kds_v3/toolchain/bin/../lib/gcc/arm-none-eabi/4.8.4/../../../../arm-none-eabi/lib/armv7e-m/fpu\libm.a(lib_a-e_pow.o)
 .rodata.str1.4
                0x00009468        0x4 c:/freescale/kds_v3/toolchain/bin/../lib/gcc/arm-none-eabi/4.8.4/../../../../arm-none-eabi/lib/armv7e-m/fpu\libm.a(lib_a-e_pow.o)
 *fill*         0x0000946c        0x4 
 .rodata.TWO52  0x00009470       0x10 c:/freescale/kds_v3/toolchain/bin/../lib/gcc/arm-none-eabi/4.8.4/../../../../arm-none-eabi/lib/armv7e-m/fpu\libm.a(lib_a-s_rint.o)
 *(.glue_7)
 .glue_7        0x00000000        0x0 linker stubs
 *(.glue_7t)
 .glue_7t       0x00000000        0x0 linker stubs
 *(.eh_frame)
 .eh_frame      0x00009480        0x0 c:/freescale/kds_v3/toolchain/bin/../lib/gcc/arm-none-eabi/4.8.4/armv7e-m/fpu/crtbegin.o
 *(.init)
 .init          0x00009480        0x4 c:/freescale/kds_v3/toolchain/bin/../lib/gcc/arm-none-eabi/4.8.4/armv7e-m/fpu/crti.o
                0x00009480                _init
 .init          0x00009484        0x8 c:/freescale/kds_v3/toolchain/bin/../lib/gcc/arm-none-eabi/4.8.4/armv7e-m/fpu/crtn.o
 *(.fini)
 .fini          0x0000948c        0x4 c:/freescale/kds_v3/toolchain/bin/../lib/gcc/arm-none-eabi/4.8.4/armv7e-m/fpu/crti.o
                0x0000948c                _fini
 .fini          0x00009490        0x8 c:/freescale/kds_v3/toolchain/bin/../lib/gcc/arm-none-eabi/4.8.4/armv7e-m/fpu/crtn.o
                0x00009498                . = ALIGN (0x4)

.vfp11_veneer   0x00009498        0x0
 .vfp11_veneer  0x00000000        0x0 linker stubs

.v4_bx          0x00009498        0x0
 .v4_bx         0x00000000        0x0 linker stubs

.iplt           0x00009498        0x0
 .iplt          0x00000000        0x0 c:/freescale/kds_v3/toolchain/bin/../lib/gcc/arm-none-eabi/4.8.4/armv7e-m/fpu/crtbegin.o

.ARM.extab
 *(.ARM.extab* .gnu.linkonce.armextab.*)

.ARM            0x00009498        0x8
                0x00009498                __exidx_start = .
 *(.ARM.exidx*)
 .ARM.exidx     0x00009498        0x8 c:/freescale/kds_v3/toolchain/bin/../lib/gcc/arm-none-eabi/4.8.4/../../../../arm-none-eabi/lib/armv7e-m/fpu/crt0.o
                0x000094a0                __exidx_end = .

.rel.dyn        0x000094a0        0x0
 .rel.iplt      0x00000000        0x0 c:/freescale/kds_v3/toolchain/bin/../lib/gcc/arm-none-eabi/4.8.4/armv7e-m/fpu/crtbegin.o

.ctors          0x000094a0        0x0
                0x000094a0                __CTOR_LIST__ = .
 *crtbegin.o(.ctors)
 *crtbegin?.o(.ctors)
 *(EXCLUDE_FILE(*crtend.o *crtend?.o) .ctors)
 *(SORT(.ctors.*))
 *(.ctors)
                0x000094a0                __CTOR_END__ = .

.dtors          0x000094a0        0x0
                0x000094a0                __DTOR_LIST__ = .
 *crtbegin.o(.dtors)
 *crtbegin?.o(.dtors)
 *(EXCLUDE_FILE(*crtend.o *crtend?.o) .dtors)
 *(SORT(.dtors.*))
 *(.dtors)
                0x000094a0                __DTOR_END__ = .

.preinit_array  0x000094a0        0x0
                0x000094a0                PROVIDE (__preinit_array_start, .)
 *(.preinit_array*)
                0x000094a0                PROVIDE (__preinit_array_end, .)

.init_array     0x000094a0        0x4
                0x000094a0                PROVIDE (__init_array_start, .)
 *(SORT(.init_array.*))
 *(.init_array*)
 .init_array    0x000094a0        0x4 c:/freescale/kds_v3/toolchain/bin/../lib/gcc/arm-none-eabi/4.8.4/armv7e-m/fpu/crtbegin.o
                0x000094a4                PROVIDE (__init_array_end, .)

.fini_array     0x000094a4        0x4
                0x000094a4                PROVIDE (__fini_array_start, .)
 *(SORT(.fini_array.*))
 *(.fini_array*)
 .fini_array    0x000094a4        0x4 c:/freescale/kds_v3/toolchain/bin/../lib/gcc/arm-none-eabi/4.8.4/armv7e-m/fpu/crtbegin.o
                0x000094a8                PROVIDE (__fini_array_end, .)
                0x000094a8                __etext = .
                0x000094a8                __DATA_ROM = .

.interrupts_ram
                0x1fff0000        0x0
                0x1fff0000                . = ALIGN (0x4)
                0x1fff0000                __VECTOR_RAM__ = .
                0x1fff0000                __interrupts_ram_start__ = .
 *(.m_interrupts_ram)
                0x1fff0000                . = (. + M_VECTOR_RAM_SIZE)
                0x1fff0000                . = ALIGN (0x4)
                0x1fff0000                __interrupts_ram_end__ = .
                0x00000000                __VECTOR_RAM = DEFINED (__ram_vector_table__)?__VECTOR_RAM__:ORIGIN (m_interrupts)
                0x00000000                __RAM_VECTOR_TABLE_SIZE_BYTES = DEFINED (__ram_vector_table__)?(__interrupts_ram_end__ - __interrupts_ram_start__):0x0

.data           0x1fff0000       0x80 load address 0x000094a8
                0x1fff0000                . = ALIGN (0x4)
                0x1fff0000                __DATA_RAM = .
                0x1fff0000                __data_start__ = .
 *(.data)
 *(.data*)
 .data.pwmLevel
                0x1fff0000        0x1 ./sources/freertos_i2c.o
                0x1fff0000                pwmLevel
 *fill*         0x1fff0001        0x3 
 .data.uxCriticalNesting
                0x1fff0004        0x4 ./freertos/Source/portable/GCC/ARM_CM4F/port.o
 .data.s_slowIrcFreq
                0x1fff0008        0x4 ./drivers/fsl_clock.o
 .data.s_fastIrcFreq
                0x1fff000c        0x4 ./drivers/fsl_clock.o
 .data.SystemCoreClock
                0x1fff0010        0x4 ./devices/system_MK22F51212.o
                0x1fff0010                SystemCoreClock
 .data.impure_data
                0x1fff0014       0x60 c:/freescale/kds_v3/toolchain/bin/../lib/gcc/arm-none-eabi/4.8.4/../../../../arm-none-eabi/lib/armv7e-m/fpu\libg_s.a(lib_a-impure.o)
 .data._impure_ptr
                0x1fff0074        0x4 c:/freescale/kds_v3/toolchain/bin/../lib/gcc/arm-none-eabi/4.8.4/../../../../arm-none-eabi/lib/armv7e-m/fpu\libg_s.a(lib_a-impure.o)
                0x1fff0074                _impure_ptr
 .data.__fdlib_version
                0x1fff0078        0x1 c:/freescale/kds_v3/toolchain/bin/../lib/gcc/arm-none-eabi/4.8.4/../../../../arm-none-eabi/lib/armv7e-m/fpu\libm.a(lib_a-s_lib_ver.o)
                0x1fff0078                __fdlib_version
 *(.jcr*)
 *fill*         0x1fff0079        0x3 
 .jcr           0x1fff007c        0x0 c:/freescale/kds_v3/toolchain/bin/../lib/gcc/arm-none-eabi/4.8.4/armv7e-m/fpu/crtbegin.o
 .jcr           0x1fff007c        0x4 c:/freescale/kds_v3/toolchain/bin/../lib/gcc/arm-none-eabi/4.8.4/armv7e-m/fpu/crtend.o
                0x1fff0080                . = ALIGN (0x4)
                0x1fff0080                __data_end__ = .
                0x00009528                __DATA_END = (__DATA_ROM + (__data_end__ - __data_start__))
                0x00080000                text_end = (ORIGIN (m_text) + 0x7fbf0)
                0x00000001                ASSERT ((__DATA_END <= text_end), region m_text overflowed with text and data)

.igot.plt       0x1fff0080        0x0 load address 0x00009528
 .igot.plt      0x00000000        0x0 c:/freescale/kds_v3/toolchain/bin/../lib/gcc/arm-none-eabi/4.8.4/armv7e-m/fpu/crtbegin.o

.bss            0x1fff0080     0x2aa0 load address 0x00009528
                0x1fff0080                . = ALIGN (0x4)
                0x1fff0080                __START_BSS = .
                0x1fff0080                __bss_start__ = .
 *(.bss)
 .bss           0x1fff0080       0x1c c:/freescale/kds_v3/toolchain/bin/../lib/gcc/arm-none-eabi/4.8.4/armv7e-m/fpu/crtbegin.o
 *(.bss*)
 .bss.s_debugConsole
                0x1fff009c       0x10 ./utilities/fsl_debug_console.o
 .bss.sensor_rtos_handle
                0x1fff00ac       0x38 ./sources/SI7021.o
                0x1fff00ac                sensor_rtos_handle
 .bss.g_sen_handle
                0x1fff00e4        0x4 ./sources/SI7021.o
                0x1fff00e4                g_sen_handle
 .bss.sensorConfig
                0x1fff00e8        0xc ./sources/SI7021.o
                0x1fff00e8                sensorConfig
 .bss.sensorXfer
                0x1fff00f4       0x18 ./sources/SI7021.o
                0x1fff00f4                sensorXfer
 .bss.g_sen_buff
                0x1fff010c       0x20 ./sources/SI7021.o
                0x1fff010c                g_sen_buff
 .bss.ftmInfo   0x1fff012c       0x1c ./sources/freertos_i2c.o
                0x1fff012c                ftmInfo
 .bss.ftmParam  0x1fff0148        0x4 ./sources/freertos_i2c.o
                0x1fff0148                ftmParam
 .bss.logi      0x1fff014c        0x2 ./sources/freertos_i2c.o
                0x1fff014c                logi
 *fill*         0x1fff014e        0x2 
 .bss.ucHeap    0x1fff0150     0x2800 ./freertos/Source/portable/MemMang/heap_4.o
 .bss.xStart    0x1fff2950        0x8 ./freertos/Source/portable/MemMang/heap_4.o
 .bss.pxEnd     0x1fff2958        0x4 ./freertos/Source/portable/MemMang/heap_4.o
 .bss.xFreeBytesRemaining
                0x1fff295c        0x4 ./freertos/Source/portable/MemMang/heap_4.o
 .bss.xMinimumEverFreeBytesRemaining
                0x1fff2960        0x4 ./freertos/Source/portable/MemMang/heap_4.o
 .bss.xBlockAllocatedBit
                0x1fff2964        0x4 ./freertos/Source/portable/MemMang/heap_4.o
 .bss.ucMaxSysCallPriority
                0x1fff2968        0x1 ./freertos/Source/portable/GCC/ARM_CM4F/port.o
 *fill*         0x1fff2969        0x3 
 .bss.ulMaxPRIGROUPValue
                0x1fff296c        0x4 ./freertos/Source/portable/GCC/ARM_CM4F/port.o
 .bss.xQueueRegistry
                0x1fff2970       0x40 ./freertos/Source/queue.o
                0x1fff2970                xQueueRegistry
 .bss.pxCurrentTCB
                0x1fff29b0        0x4 ./freertos/Source/tasks.o
                0x1fff29b0                pxCurrentTCB
 .bss.pxReadyTasksLists
                0x1fff29b4       0x64 ./freertos/Source/tasks.o
 .bss.xDelayedTaskList1
                0x1fff2a18       0x14 ./freertos/Source/tasks.o
 .bss.xDelayedTaskList2
                0x1fff2a2c       0x14 ./freertos/Source/tasks.o
 .bss.pxDelayedTaskList
                0x1fff2a40        0x4 ./freertos/Source/tasks.o
 .bss.pxOverflowDelayedTaskList
                0x1fff2a44        0x4 ./freertos/Source/tasks.o
 .bss.xPendingReadyList
                0x1fff2a48       0x14 ./freertos/Source/tasks.o
 .bss.xTasksWaitingTermination
                0x1fff2a5c       0x14 ./freertos/Source/tasks.o
 .bss.uxDeletedTasksWaitingCleanUp
                0x1fff2a70        0x4 ./freertos/Source/tasks.o
 .bss.xSuspendedTaskList
                0x1fff2a74       0x14 ./freertos/Source/tasks.o
 .bss.uxCurrentNumberOfTasks
                0x1fff2a88        0x4 ./freertos/Source/tasks.o
 .bss.xTickCount
                0x1fff2a8c        0x4 ./freertos/Source/tasks.o
 .bss.uxTopReadyPriority
                0x1fff2a90        0x4 ./freertos/Source/tasks.o
 .bss.xSchedulerRunning
                0x1fff2a94        0x4 ./freertos/Source/tasks.o
 .bss.uxPendedTicks
                0x1fff2a98        0x4 ./freertos/Source/tasks.o
 .bss.xYieldPending
                0x1fff2a9c        0x4 ./freertos/Source/tasks.o
 .bss.xNumOfOverflows
                0x1fff2aa0        0x4 ./freertos/Source/tasks.o
 .bss.uxTaskNumber
                0x1fff2aa4        0x4 ./freertos/Source/tasks.o
 .bss.xNextTaskUnblockTime
                0x1fff2aa8        0x4 ./freertos/Source/tasks.o
 .bss.xIdleTaskHandle
                0x1fff2aac        0x4 ./freertos/Source/tasks.o
 .bss.uxSchedulerSuspended
                0x1fff2ab0        0x4 ./freertos/Source/tasks.o
 .bss.xActiveTimerList1
                0x1fff2ab4       0x14 ./freertos/Source/timers.o
 .bss.xActiveTimerList2
                0x1fff2ac8       0x14 ./freertos/Source/timers.o
 .bss.pxCurrentTimerList
                0x1fff2adc        0x4 ./freertos/Source/timers.o
 .bss.pxOverflowTimerList
                0x1fff2ae0        0x4 ./freertos/Source/timers.o
 .bss.xTimerQueue
                0x1fff2ae4        0x4 ./freertos/Source/timers.o
 .bss.xTimerTaskHandle
                0x1fff2ae8        0x4 ./freertos/Source/timers.o
 .bss.xLastTime.4862
                0x1fff2aec        0x4 ./freertos/Source/timers.o
 .bss.g_xtal0Freq
                0x1fff2af0        0x4 ./drivers/fsl_clock.o
                0x1fff2af0                g_xtal0Freq
 .bss.g_xtal32Freq
                0x1fff2af4        0x4 ./drivers/fsl_clock.o
                0x1fff2af4                g_xtal32Freq
 .bss.s_i2cHandle
                0x1fff2af8        0x8 ./drivers/fsl_i2c.o
 .bss.s_i2cMasterIsr
                0x1fff2b00        0x4 ./drivers/fsl_i2c.o
 .bss.s_i2cSlaveIsr
                0x1fff2b04        0x4 ./drivers/fsl_i2c.o
 .bss.s_lpuartHandle
                0x1fff2b08        0x4 ./drivers/fsl_lpuart.o
 .bss.s_lpuartIsr
                0x1fff2b0c        0x4 ./drivers/fsl_lpuart.o
 .bss.s_uartHandle
                0x1fff2b10        0xc ./drivers/fsl_uart.o
 .bss.s_uartIsr
                0x1fff2b1c        0x4 ./drivers/fsl_uart.o
 *(COMMON)
                0x1fff2b20                . = ALIGN (0x4)
                0x1fff2b20                __bss_end__ = .
                0x1fff2b20                __END_BSS = .

.heap           0x20000000      0x400
                0x20000000                . = ALIGN (0x8)
                0x20000000                __end__ = .
                0x20000000                PROVIDE (end, .)
                0x20000000                __HeapBase = .
                0x20000400                . = (. + HEAP_SIZE)
 *fill*         0x20000000      0x400 
                0x20000400                __HeapLimit = .
                0x20000400                __heap_limit = .

.stack          0x20000400      0x400
                0x20000400                . = ALIGN (0x8)
                0x20000800                . = (. + STACK_SIZE)
 *fill*         0x20000400      0x400 
                0x20010000                __StackTop = (ORIGIN (m_data_2) + 0x10000)
                0x2000fc00                __StackLimit = (__StackTop - STACK_SIZE)
                0x20010000                PROVIDE (__stack, __StackTop)

.ARM.attributes
                0x00000000       0x30
 *(.ARM.attributes)
 .ARM.attributes
                0x00000000       0x22 c:/freescale/kds_v3/toolchain/bin/../lib/gcc/arm-none-eabi/4.8.4/armv7e-m/fpu/crti.o
 .ARM.attributes
                0x00000022       0x34 c:/freescale/kds_v3/toolchain/bin/../lib/gcc/arm-none-eabi/4.8.4/armv7e-m/fpu/crtbegin.o
 .ARM.attributes
                0x00000056       0x20 c:/freescale/kds_v3/toolchain/bin/../lib/gcc/arm-none-eabi/4.8.4/../../../../arm-none-eabi/lib/armv7e-m/fpu/crt0.o
 .ARM.attributes
                0x00000076       0x39 ./utilities/fsl_debug_console.o
 .ARM.attributes
                0x000000af       0x39 ./sources/SI7021.o
 .ARM.attributes
                0x000000e8       0x39 ./sources/board.o
 .ARM.attributes
                0x00000121       0x39 ./sources/clock_config.o
 .ARM.attributes
                0x0000015a       0x39 ./sources/freertos_i2c.o
 .ARM.attributes
                0x00000193       0x39 ./sources/pin_mux.o
 .ARM.attributes
                0x000001cc       0x39 ./freertos/Source/portable/MemMang/heap_4.o
 .ARM.attributes
                0x00000205       0x39 ./freertos/Source/portable/GCC/ARM_CM4F/fsl_tickless_systick.o
 .ARM.attributes
                0x0000023e       0x39 ./freertos/Source/portable/GCC/ARM_CM4F/port.o
 .ARM.attributes
                0x00000277       0x39 ./freertos/Source/list.o
 .ARM.attributes
                0x000002b0       0x39 ./freertos/Source/queue.o
 .ARM.attributes
                0x000002e9       0x39 ./freertos/Source/tasks.o
 .ARM.attributes
                0x00000322       0x39 ./freertos/Source/timers.o
 .ARM.attributes
                0x0000035b       0x39 ./drivers/fsl_clock.o
 .ARM.attributes
                0x00000394       0x39 ./drivers/fsl_common.o
 .ARM.attributes
                0x000003cd       0x39 ./drivers/fsl_ftm.o
 .ARM.attributes
                0x00000406       0x39 ./drivers/fsl_i2c.o
 .ARM.attributes
                0x0000043f       0x39 ./drivers/fsl_i2c_freertos.o
 .ARM.attributes
                0x00000478       0x39 ./drivers/fsl_lpuart.o
 .ARM.attributes
                0x000004b1       0x39 ./drivers/fsl_uart.o
 .ARM.attributes
                0x000004ea       0x1f ./devices/gcc/startup_MK22F51212.o
 .ARM.attributes
                0x00000509       0x39 ./devices/system_MK22F51212.o
 .ARM.attributes
                0x00000542       0x34 c:/freescale/kds_v3/toolchain/bin/../lib/gcc/arm-none-eabi/4.8.4/../../../../arm-none-eabi/lib/armv7e-m/fpu\libg_s.a(lib_a-errno.o)
 .ARM.attributes
                0x00000576       0x34 c:/freescale/kds_v3/toolchain/bin/../lib/gcc/arm-none-eabi/4.8.4/../../../../arm-none-eabi/lib/armv7e-m/fpu\libg_s.a(lib_a-exit.o)
 .ARM.attributes
                0x000005aa       0x34 c:/freescale/kds_v3/toolchain/bin/../lib/gcc/arm-none-eabi/4.8.4/../../../../arm-none-eabi/lib/armv7e-m/fpu\libg_s.a(lib_a-impure.o)
 .ARM.attributes
                0x000005de       0x34 c:/freescale/kds_v3/toolchain/bin/../lib/gcc/arm-none-eabi/4.8.4/../../../../arm-none-eabi/lib/armv7e-m/fpu\libg_s.a(lib_a-init.o)
 .ARM.attributes
                0x00000612       0x34 c:/freescale/kds_v3/toolchain/bin/../lib/gcc/arm-none-eabi/4.8.4/../../../../arm-none-eabi/lib/armv7e-m/fpu\libg_s.a(lib_a-memcpy-stub.o)
 .ARM.attributes
                0x00000646       0x34 c:/freescale/kds_v3/toolchain/bin/../lib/gcc/arm-none-eabi/4.8.4/../../../../arm-none-eabi/lib/armv7e-m/fpu\libg_s.a(lib_a-memset.o)
 .ARM.attributes
                0x0000067a       0x34 c:/freescale/kds_v3/toolchain/bin/../lib/gcc/arm-none-eabi/4.8.4/../../../../arm-none-eabi/lib/armv7e-m/fpu\libg_s.a(lib_a-s_modf.o)
 .ARM.attributes
                0x000006ae       0x34 c:/freescale/kds_v3/toolchain/bin/../lib/gcc/arm-none-eabi/4.8.4/../../../../arm-none-eabi/lib/armv7e-m/fpu\libg_s.a(lib_a-strlen.o)
 .ARM.attributes
                0x000006e2       0x22 c:/freescale/kds_v3/toolchain/bin/../lib/gcc/arm-none-eabi/4.8.4/armv7e-m/fpu\libgcc.a(_arm_addsubdf3.o)
 .ARM.attributes
                0x00000704       0x22 c:/freescale/kds_v3/toolchain/bin/../lib/gcc/arm-none-eabi/4.8.4/armv7e-m/fpu\libgcc.a(_arm_muldivdf3.o)
 .ARM.attributes
                0x00000726       0x22 c:/freescale/kds_v3/toolchain/bin/../lib/gcc/arm-none-eabi/4.8.4/armv7e-m/fpu\libgcc.a(_arm_cmpdf2.o)
 .ARM.attributes
                0x00000748       0x22 c:/freescale/kds_v3/toolchain/bin/../lib/gcc/arm-none-eabi/4.8.4/armv7e-m/fpu\libgcc.a(_arm_fixdfsi.o)
 .ARM.attributes
                0x0000076a       0x22 c:/freescale/kds_v3/toolchain/bin/../lib/gcc/arm-none-eabi/4.8.4/armv7e-m/fpu\libgcc.a(_arm_truncdfsf2.o)
 .ARM.attributes
                0x0000078c       0x34 c:/freescale/kds_v3/toolchain/bin/../lib/gcc/arm-none-eabi/4.8.4/armv7e-m/fpu\libgcc.a(_fixdfdi.o)
 .ARM.attributes
                0x000007c0       0x34 c:/freescale/kds_v3/toolchain/bin/../lib/gcc/arm-none-eabi/4.8.4/armv7e-m/fpu\libgcc.a(_fixunsdfdi.o)
 .ARM.attributes
                0x000007f4       0x22 c:/freescale/kds_v3/toolchain/bin/../lib/gcc/arm-none-eabi/4.8.4/armv7e-m/fpu\libgcc.a(_arm_fixunsdfsi.o)
 .ARM.attributes
                0x00000816       0x34 c:/freescale/kds_v3/toolchain/bin/../lib/gcc/arm-none-eabi/4.8.4/../../../../arm-none-eabi/lib/armv7e-m/fpu\libnosys.a(_exit.o)
 .ARM.attributes
                0x0000084a       0x34 c:/freescale/kds_v3/toolchain/bin/../lib/gcc/arm-none-eabi/4.8.4/../../../../arm-none-eabi/lib/armv7e-m/fpu\libm.a(lib_a-w_pow.o)
 .ARM.attributes
                0x0000087e       0x34 c:/freescale/kds_v3/toolchain/bin/../lib/gcc/arm-none-eabi/4.8.4/../../../../arm-none-eabi/lib/armv7e-m/fpu\libm.a(lib_a-e_pow.o)
 .ARM.attributes
                0x000008b2       0x34 c:/freescale/kds_v3/toolchain/bin/../lib/gcc/arm-none-eabi/4.8.4/../../../../arm-none-eabi/lib/armv7e-m/fpu\libm.a(lib_a-e_sqrt.o)
 .ARM.attributes
                0x000008e6       0x34 c:/freescale/kds_v3/toolchain/bin/../lib/gcc/arm-none-eabi/4.8.4/../../../../arm-none-eabi/lib/armv7e-m/fpu\libm.a(lib_a-s_fabs.o)
 .ARM.attributes
                0x0000091a       0x34 c:/freescale/kds_v3/toolchain/bin/../lib/gcc/arm-none-eabi/4.8.4/../../../../arm-none-eabi/lib/armv7e-m/fpu\libm.a(lib_a-s_finite.o)
 .ARM.attributes
                0x0000094e       0x34 c:/freescale/kds_v3/toolchain/bin/../lib/gcc/arm-none-eabi/4.8.4/../../../../arm-none-eabi/lib/armv7e-m/fpu\libm.a(lib_a-s_fpclassify.o)
 .ARM.attributes
                0x00000982       0x34 c:/freescale/kds_v3/toolchain/bin/../lib/gcc/arm-none-eabi/4.8.4/../../../../arm-none-eabi/lib/armv7e-m/fpu\libm.a(lib_a-s_lib_ver.o)
 .ARM.attributes
                0x000009b6       0x34 c:/freescale/kds_v3/toolchain/bin/../lib/gcc/arm-none-eabi/4.8.4/../../../../arm-none-eabi/lib/armv7e-m/fpu\libm.a(lib_a-s_matherr.o)
 .ARM.attributes
                0x000009ea       0x34 c:/freescale/kds_v3/toolchain/bin/../lib/gcc/arm-none-eabi/4.8.4/../../../../arm-none-eabi/lib/armv7e-m/fpu\libm.a(lib_a-s_nan.o)
 .ARM.attributes
                0x00000a1e       0x34 c:/freescale/kds_v3/toolchain/bin/../lib/gcc/arm-none-eabi/4.8.4/../../../../arm-none-eabi/lib/armv7e-m/fpu\libm.a(lib_a-s_rint.o)
 .ARM.attributes
                0x00000a52       0x34 c:/freescale/kds_v3/toolchain/bin/../lib/gcc/arm-none-eabi/4.8.4/../../../../arm-none-eabi/lib/armv7e-m/fpu\libm.a(lib_a-s_scalbn.o)
 .ARM.attributes
                0x00000a86       0x34 c:/freescale/kds_v3/toolchain/bin/../lib/gcc/arm-none-eabi/4.8.4/../../../../arm-none-eabi/lib/armv7e-m/fpu\libm.a(lib_a-s_copysign.o)
 .ARM.attributes
                0x00000aba       0x34 c:/freescale/kds_v3/toolchain/bin/../lib/gcc/arm-none-eabi/4.8.4/armv7e-m/fpu/crtend.o
 .ARM.attributes
                0x00000aee       0x22 c:/freescale/kds_v3/toolchain/bin/../lib/gcc/arm-none-eabi/4.8.4/armv7e-m/fpu/crtn.o
                0x00000001                ASSERT ((__StackLimit >= __HeapLimit), region m_data_2 overflowed with stack and heap)
OUTPUT(SI_7021.elf elf32-littlearm)

.debug_info     0x00000000    0x11f71
 .debug_info    0x00000000     0x1137 ./utilities/fsl_debug_console.o
 .debug_info    0x00001137      0x8aa ./sources/SI7021.o
 .debug_info    0x000019e1      0x36c ./sources/board.o
 .debug_info    0x00001d4d      0xa2c ./sources/clock_config.o
 .debug_info    0x00002779     0x1151 ./sources/freertos_i2c.o
 .debug_info    0x000038ca      0x7b0 ./sources/pin_mux.o
 .debug_info    0x0000407a      0x3b5 ./freertos/Source/portable/MemMang/heap_4.o
 .debug_info    0x0000442f       0xad ./freertos/Source/portable/GCC/ARM_CM4F/fsl_tickless_systick.o
 .debug_info    0x000044dc      0x4bf ./freertos/Source/portable/GCC/ARM_CM4F/port.o
 .debug_info    0x0000499b      0x292 ./freertos/Source/list.o
 .debug_info    0x00004c2d     0x13de ./freertos/Source/queue.o
 .debug_info    0x0000600b     0x1e83 ./freertos/Source/tasks.o
 .debug_info    0x00007e8e      0xd0e ./freertos/Source/timers.o
 .debug_info    0x00008b9c     0x1eee ./drivers/fsl_clock.o
 .debug_info    0x0000aa8a      0x6b4 ./drivers/fsl_common.o
 .debug_info    0x0000b13e     0x133e ./drivers/fsl_ftm.o
 .debug_info    0x0000c47c     0x1d3c ./drivers/fsl_i2c.o
 .debug_info    0x0000e1b8      0x538 ./drivers/fsl_i2c_freertos.o
 .debug_info    0x0000e6f0     0x1850 ./drivers/fsl_lpuart.o
 .debug_info    0x0000ff40     0x19f1 ./drivers/fsl_uart.o
 .debug_info    0x00011931       0x88 ./devices/gcc/startup_MK22F51212.o
 .debug_info    0x000119b9      0x5b8 ./devices/system_MK22F51212.o

.debug_abbrev   0x00000000     0x29ab
 .debug_abbrev  0x00000000      0x294 ./utilities/fsl_debug_console.o
 .debug_abbrev  0x00000294      0x217 ./sources/SI7021.o
 .debug_abbrev  0x000004ab       0xfd ./sources/board.o
 .debug_abbrev  0x000005a8      0x1e5 ./sources/clock_config.o
 .debug_abbrev  0x0000078d      0x22f ./sources/freertos_i2c.o
 .debug_abbrev  0x000009bc      0x1d2 ./sources/pin_mux.o
 .debug_abbrev  0x00000b8e      0x1b9 ./freertos/Source/portable/MemMang/heap_4.o
 .debug_abbrev  0x00000d47       0x60 ./freertos/Source/portable/GCC/ARM_CM4F/fsl_tickless_systick.o
 .debug_abbrev  0x00000da7      0x209 ./freertos/Source/portable/GCC/ARM_CM4F/port.o
 .debug_abbrev  0x00000fb0       0xbe ./freertos/Source/list.o
 .debug_abbrev  0x0000106e      0x224 ./freertos/Source/queue.o
 .debug_abbrev  0x00001292      0x2c9 ./freertos/Source/tasks.o
 .debug_abbrev  0x0000155b      0x1e1 ./freertos/Source/timers.o
 .debug_abbrev  0x0000173c      0x2fe ./drivers/fsl_clock.o
 .debug_abbrev  0x00001a3a      0x230 ./drivers/fsl_common.o
 .debug_abbrev  0x00001c6a      0x247 ./drivers/fsl_ftm.o
 .debug_abbrev  0x00001eb1      0x326 ./drivers/fsl_i2c.o
 .debug_abbrev  0x000021d7      0x147 ./drivers/fsl_i2c_freertos.o
 .debug_abbrev  0x0000231e      0x28c ./drivers/fsl_lpuart.o
 .debug_abbrev  0x000025aa      0x2d6 ./drivers/fsl_uart.o
 .debug_abbrev  0x00002880       0x14 ./devices/gcc/startup_MK22F51212.o
 .debug_abbrev  0x00002894      0x117 ./devices/system_MK22F51212.o

.debug_aranges  0x00000000      0xe68
 .debug_aranges
                0x00000000       0xa8 ./utilities/fsl_debug_console.o
 .debug_aranges
                0x000000a8       0x78 ./sources/SI7021.o
 .debug_aranges
                0x00000120       0x20 ./sources/board.o
 .debug_aranges
                0x00000140       0x58 ./sources/clock_config.o
 .debug_aranges
                0x00000198       0x68 ./sources/freertos_i2c.o
 .debug_aranges
                0x00000200       0x38 ./sources/pin_mux.o
 .debug_aranges
                0x00000238       0x50 ./freertos/Source/portable/MemMang/heap_4.o
 .debug_aranges
                0x00000288       0x20 ./freertos/Source/portable/GCC/ARM_CM4F/fsl_tickless_systick.o
 .debug_aranges
                0x000002a8       0x78 ./freertos/Source/portable/GCC/ARM_CM4F/port.o
 .debug_aranges
                0x00000320       0x40 ./freertos/Source/list.o
 .debug_aranges
                0x00000360      0x118 ./freertos/Source/queue.o
 .debug_aranges
                0x00000478      0x1e8 ./freertos/Source/tasks.o
 .debug_aranges
                0x00000660       0xc8 ./freertos/Source/timers.o
 .debug_aranges
                0x00000728      0x1f8 ./drivers/fsl_clock.o
 .debug_aranges
                0x00000920       0x38 ./drivers/fsl_common.o
 .debug_aranges
                0x00000958       0xc0 ./drivers/fsl_ftm.o
 .debug_aranges
                0x00000a18      0x178 ./drivers/fsl_i2c.o
 .debug_aranges
                0x00000b90       0x38 ./drivers/fsl_i2c_freertos.o
 .debug_aranges
                0x00000bc8      0x118 ./drivers/fsl_lpuart.o
 .debug_aranges
                0x00000ce0      0x140 ./drivers/fsl_uart.o
 .debug_aranges
                0x00000e20       0x20 ./devices/gcc/startup_MK22F51212.o
 .debug_aranges
                0x00000e40       0x28 ./devices/system_MK22F51212.o

.debug_ranges   0x00000000      0xcf8
 .debug_ranges  0x00000000       0x98 ./utilities/fsl_debug_console.o
 .debug_ranges  0x00000098       0x68 ./sources/SI7021.o
 .debug_ranges  0x00000100       0x10 ./sources/board.o
 .debug_ranges  0x00000110       0x48 ./sources/clock_config.o
 .debug_ranges  0x00000158       0x58 ./sources/freertos_i2c.o
 .debug_ranges  0x000001b0       0x28 ./sources/pin_mux.o
 .debug_ranges  0x000001d8       0x40 ./freertos/Source/portable/MemMang/heap_4.o
 .debug_ranges  0x00000218       0x10 ./freertos/Source/portable/GCC/ARM_CM4F/fsl_tickless_systick.o
 .debug_ranges  0x00000228       0x68 ./freertos/Source/portable/GCC/ARM_CM4F/port.o
 .debug_ranges  0x00000290       0x30 ./freertos/Source/list.o
 .debug_ranges  0x000002c0      0x108 ./freertos/Source/queue.o
 .debug_ranges  0x000003c8      0x1d8 ./freertos/Source/tasks.o
 .debug_ranges  0x000005a0       0xb8 ./freertos/Source/timers.o
 .debug_ranges  0x00000658      0x1e8 ./drivers/fsl_clock.o
 .debug_ranges  0x00000840       0x28 ./drivers/fsl_common.o
 .debug_ranges  0x00000868       0xb0 ./drivers/fsl_ftm.o
 .debug_ranges  0x00000918      0x168 ./drivers/fsl_i2c.o
 .debug_ranges  0x00000a80       0x28 ./drivers/fsl_i2c_freertos.o
 .debug_ranges  0x00000aa8      0x108 ./drivers/fsl_lpuart.o
 .debug_ranges  0x00000bb0      0x130 ./drivers/fsl_uart.o
 .debug_ranges  0x00000ce0       0x18 ./devices/system_MK22F51212.o

.debug_line     0x00000000     0x5e4b
 .debug_line    0x00000000      0x601 ./utilities/fsl_debug_console.o
 .debug_line    0x00000601      0x35d ./sources/SI7021.o
 .debug_line    0x0000095e       0xeb ./sources/board.o
 .debug_line    0x00000a49      0x1be ./sources/clock_config.o
 .debug_line    0x00000c07      0x2ad ./sources/freertos_i2c.o
 .debug_line    0x00000eb4      0x15a ./sources/pin_mux.o
 .debug_line    0x0000100e      0x23c ./freertos/Source/portable/MemMang/heap_4.o
 .debug_line    0x0000124a       0xd7 ./freertos/Source/portable/GCC/ARM_CM4F/fsl_tickless_systick.o
 .debug_line    0x00001321      0x2ba ./freertos/Source/portable/GCC/ARM_CM4F/port.o
 .debug_line    0x000015db      0x16f ./freertos/Source/list.o
 .debug_line    0x0000174a      0x902 ./freertos/Source/queue.o
 .debug_line    0x0000204c      0xdb5 ./freertos/Source/tasks.o
 .debug_line    0x00002e01      0x4c1 ./freertos/Source/timers.o
 .debug_line    0x000032c2      0x924 ./drivers/fsl_clock.o
 .debug_line    0x00003be6      0x1c2 ./drivers/fsl_common.o
 .debug_line    0x00003da8      0x5ee ./drivers/fsl_ftm.o
 .debug_line    0x00004396      0x8ce ./drivers/fsl_i2c.o
 .debug_line    0x00004c64      0x1ec ./drivers/fsl_i2c_freertos.o
 .debug_line    0x00004e50      0x640 ./drivers/fsl_lpuart.o
 .debug_line    0x00005490      0x74e ./drivers/fsl_uart.o
 .debug_line    0x00005bde      0x136 ./devices/gcc/startup_MK22F51212.o
 .debug_line    0x00005d14      0x137 ./devices/system_MK22F51212.o

.debug_str      0x00000000     0x7bc3
 .debug_str     0x00000000      0xe13 ./utilities/fsl_debug_console.o
                                0xf2e (size before relaxing)
 .debug_str     0x00000e13      0x3b2 ./sources/SI7021.o
                                0xb35 (size before relaxing)
 .debug_str     0x000011c5       0x39 ./sources/board.o
                                0x34a (size before relaxing)
 .debug_str     0x000011fe      0x786 ./sources/clock_config.o
                                0xe96 (size before relaxing)
 .debug_str     0x00001984      0xd4d ./sources/freertos_i2c.o
                               0x1719 (size before relaxing)
 .debug_str     0x000026d1      0x5e4 ./sources/pin_mux.o
                                0x8de (size before relaxing)
 .debug_str     0x00002cb5      0x20a ./freertos/Source/portable/MemMang/heap_4.o
                                0x3fa (size before relaxing)
 .debug_str     0x00002ebf       0x64 ./freertos/Source/portable/GCC/ARM_CM4F/fsl_tickless_systick.o
                                0x255 (size before relaxing)
 .debug_str     0x00002f23      0x22a ./freertos/Source/portable/GCC/ARM_CM4F/port.o
                                0x44a (size before relaxing)
 .debug_str     0x0000314d      0x12c ./freertos/Source/list.o
                                0x33a (size before relaxing)
 .debug_str     0x00003279      0x583 ./freertos/Source/queue.o
                                0x8ba (size before relaxing)
 .debug_str     0x000037fc      0xc12 ./freertos/Source/tasks.o
                               0x1062 (size before relaxing)
 .debug_str     0x0000440e      0x4e4 ./freertos/Source/timers.o
                                0x836 (size before relaxing)
 .debug_str     0x000048f2      0xc65 ./drivers/fsl_clock.o
                               0x1bc9 (size before relaxing)
 .debug_str     0x00005557      0x11d ./drivers/fsl_common.o
                                0x882 (size before relaxing)
 .debug_str     0x00005674      0x986 ./drivers/fsl_ftm.o
                               0x1822 (size before relaxing)
 .debug_str     0x00005ffa      0xa23 ./drivers/fsl_i2c.o
                               0x1b79 (size before relaxing)
 .debug_str     0x00006a1d       0x6b ./drivers/fsl_i2c_freertos.o
                                0x601 (size before relaxing)
 .debug_str     0x00006a88      0x9d2 ./drivers/fsl_lpuart.o
                               0x1aaf (size before relaxing)
 .debug_str     0x0000745a      0x6b7 ./drivers/fsl_uart.o
                               0x1bb3 (size before relaxing)
 .debug_str     0x00007b11       0xb2 ./devices/system_MK22F51212.o
                                0x3f3 (size before relaxing)

.comment        0x00000000       0x70
 .comment       0x00000000       0x70 ./utilities/fsl_debug_console.o
                                 0x71 (size before relaxing)
 .comment       0x00000000       0x71 ./sources/SI7021.o
 .comment       0x00000000       0x71 ./sources/board.o
 .comment       0x00000000       0x71 ./sources/clock_config.o
 .comment       0x00000000       0x71 ./sources/freertos_i2c.o
 .comment       0x00000000       0x71 ./sources/pin_mux.o
 .comment       0x00000000       0x71 ./freertos/Source/portable/MemMang/heap_4.o
 .comment       0x00000000       0x71 ./freertos/Source/portable/GCC/ARM_CM4F/fsl_tickless_systick.o
 .comment       0x00000000       0x71 ./freertos/Source/portable/GCC/ARM_CM4F/port.o
 .comment       0x00000000       0x71 ./freertos/Source/list.o
 .comment       0x00000000       0x71 ./freertos/Source/queue.o
 .comment       0x00000000       0x71 ./freertos/Source/tasks.o
 .comment       0x00000000       0x71 ./freertos/Source/timers.o
 .comment       0x00000000       0x71 ./drivers/fsl_clock.o
 .comment       0x00000000       0x71 ./drivers/fsl_common.o
 .comment       0x00000000       0x71 ./drivers/fsl_ftm.o
 .comment       0x00000000       0x71 ./drivers/fsl_i2c.o
 .comment       0x00000000       0x71 ./drivers/fsl_i2c_freertos.o
 .comment       0x00000000       0x71 ./drivers/fsl_lpuart.o
 .comment       0x00000000       0x71 ./drivers/fsl_uart.o
 .comment       0x00000000       0x71 ./devices/system_MK22F51212.o

.debug_frame    0x00000000     0x330c
 .debug_frame   0x00000000      0x248 ./utilities/fsl_debug_console.o
 .debug_frame   0x00000248      0x18c ./sources/SI7021.o
 .debug_frame   0x000003d4       0x30 ./sources/board.o
 .debug_frame   0x00000404       0xec ./sources/clock_config.o
 .debug_frame   0x000004f0      0x144 ./sources/freertos_i2c.o
 .debug_frame   0x00000634       0x88 ./sources/pin_mux.o
 .debug_frame   0x000006bc       0xd0 ./freertos/Source/portable/MemMang/heap_4.o
 .debug_frame   0x0000078c       0x28 ./freertos/Source/portable/GCC/ARM_CM4F/fsl_tickless_systick.o
 .debug_frame   0x000007b4      0x138 ./freertos/Source/portable/GCC/ARM_CM4F/port.o
 .debug_frame   0x000008ec       0x9c ./freertos/Source/list.o
 .debug_frame   0x00000988      0x3ec ./freertos/Source/queue.o
 .debug_frame   0x00000d74      0x6f8 ./freertos/Source/tasks.o
 .debug_frame   0x0000146c      0x2b8 ./freertos/Source/timers.o
 .debug_frame   0x00001724      0x6e4 ./drivers/fsl_clock.o
 .debug_frame   0x00001e08       0x88 ./drivers/fsl_common.o
 .debug_frame   0x00001e90      0x280 ./drivers/fsl_ftm.o
 .debug_frame   0x00002110      0x558 ./drivers/fsl_i2c.o
 .debug_frame   0x00002668       0x90 ./drivers/fsl_i2c_freertos.o
 .debug_frame   0x000026f8      0x3ec ./drivers/fsl_lpuart.o
 .debug_frame   0x00002ae4      0x474 ./drivers/fsl_uart.o
 .debug_frame   0x00002f58       0x44 ./devices/system_MK22F51212.o
 .debug_frame   0x00002f9c       0x20 c:/freescale/kds_v3/toolchain/bin/../lib/gcc/arm-none-eabi/4.8.4/../../../../arm-none-eabi/lib/armv7e-m/fpu\libg_s.a(lib_a-errno.o)
 .debug_frame   0x00002fbc       0x28 c:/freescale/kds_v3/toolchain/bin/../lib/gcc/arm-none-eabi/4.8.4/../../../../arm-none-eabi/lib/armv7e-m/fpu\libg_s.a(lib_a-exit.o)
 .debug_frame   0x00002fe4       0x2c c:/freescale/kds_v3/toolchain/bin/../lib/gcc/arm-none-eabi/4.8.4/../../../../arm-none-eabi/lib/armv7e-m/fpu\libg_s.a(lib_a-init.o)
 .debug_frame   0x00003010       0x28 c:/freescale/kds_v3/toolchain/bin/../lib/gcc/arm-none-eabi/4.8.4/../../../../arm-none-eabi/lib/armv7e-m/fpu\libg_s.a(lib_a-memcpy-stub.o)
 .debug_frame   0x00003038       0x20 c:/freescale/kds_v3/toolchain/bin/../lib/gcc/arm-none-eabi/4.8.4/../../../../arm-none-eabi/lib/armv7e-m/fpu\libg_s.a(lib_a-memset.o)
 .debug_frame   0x00003058       0x30 c:/freescale/kds_v3/toolchain/bin/../lib/gcc/arm-none-eabi/4.8.4/../../../../arm-none-eabi/lib/armv7e-m/fpu\libg_s.a(lib_a-s_modf.o)
 .debug_frame   0x00003088       0x20 c:/freescale/kds_v3/toolchain/bin/../lib/gcc/arm-none-eabi/4.8.4/../../../../arm-none-eabi/lib/armv7e-m/fpu\libg_s.a(lib_a-strlen.o)
 .debug_frame   0x000030a8       0x2c c:/freescale/kds_v3/toolchain/bin/../lib/gcc/arm-none-eabi/4.8.4/armv7e-m/fpu\libgcc.a(_fixdfdi.o)
 .debug_frame   0x000030d4       0x2c c:/freescale/kds_v3/toolchain/bin/../lib/gcc/arm-none-eabi/4.8.4/armv7e-m/fpu\libgcc.a(_fixunsdfdi.o)
 .debug_frame   0x00003100       0x20 c:/freescale/kds_v3/toolchain/bin/../lib/gcc/arm-none-eabi/4.8.4/../../../../arm-none-eabi/lib/armv7e-m/fpu\libnosys.a(_exit.o)
 .debug_frame   0x00003120       0x40 c:/freescale/kds_v3/toolchain/bin/../lib/gcc/arm-none-eabi/4.8.4/../../../../arm-none-eabi/lib/armv7e-m/fpu\libm.a(lib_a-w_pow.o)
 .debug_frame   0x00003160       0x44 c:/freescale/kds_v3/toolchain/bin/../lib/gcc/arm-none-eabi/4.8.4/../../../../arm-none-eabi/lib/armv7e-m/fpu\libm.a(lib_a-e_pow.o)
 .debug_frame   0x000031a4       0x3c c:/freescale/kds_v3/toolchain/bin/../lib/gcc/arm-none-eabi/4.8.4/../../../../arm-none-eabi/lib/armv7e-m/fpu\libm.a(lib_a-e_sqrt.o)
 .debug_frame   0x000031e0       0x20 c:/freescale/kds_v3/toolchain/bin/../lib/gcc/arm-none-eabi/4.8.4/../../../../arm-none-eabi/lib/armv7e-m/fpu\libm.a(lib_a-s_fabs.o)
 .debug_frame   0x00003200       0x20 c:/freescale/kds_v3/toolchain/bin/../lib/gcc/arm-none-eabi/4.8.4/../../../../arm-none-eabi/lib/armv7e-m/fpu\libm.a(lib_a-s_finite.o)
 .debug_frame   0x00003220       0x28 c:/freescale/kds_v3/toolchain/bin/../lib/gcc/arm-none-eabi/4.8.4/../../../../arm-none-eabi/lib/armv7e-m/fpu\libm.a(lib_a-s_fpclassify.o)
 .debug_frame   0x00003248       0x20 c:/freescale/kds_v3/toolchain/bin/../lib/gcc/arm-none-eabi/4.8.4/../../../../arm-none-eabi/lib/armv7e-m/fpu\libm.a(lib_a-s_matherr.o)
 .debug_frame   0x00003268       0x20 c:/freescale/kds_v3/toolchain/bin/../lib/gcc/arm-none-eabi/4.8.4/../../../../arm-none-eabi/lib/armv7e-m/fpu\libm.a(lib_a-s_nan.o)
 .debug_frame   0x00003288       0x30 c:/freescale/kds_v3/toolchain/bin/../lib/gcc/arm-none-eabi/4.8.4/../../../../arm-none-eabi/lib/armv7e-m/fpu\libm.a(lib_a-s_rint.o)
 .debug_frame   0x000032b8       0x2c c:/freescale/kds_v3/toolchain/bin/../lib/gcc/arm-none-eabi/4.8.4/../../../../arm-none-eabi/lib/armv7e-m/fpu\libm.a(lib_a-s_scalbn.o)
 .debug_frame   0x000032e4       0x28 c:/freescale/kds_v3/toolchain/bin/../lib/gcc/arm-none-eabi/4.8.4/../../../../arm-none-eabi/lib/armv7e-m/fpu\libm.a(lib_a-s_copysign.o)
