Archive member included because of file (symbol)

c:/freescale/kds_v3/toolchain/bin/../lib/gcc/arm-none-eabi/4.8.4/../../../../arm-none-eabi/lib/armv7e-m/fpu\libg_s.a(lib_a-errno.o)
                              ./utilities/fsl_sbrk.o (__errno)
c:/freescale/kds_v3/toolchain/bin/../lib/gcc/arm-none-eabi/4.8.4/../../../../arm-none-eabi/lib/armv7e-m/fpu\libg_s.a(lib_a-exit.o)
                              c:/freescale/kds_v3/toolchain/bin/../lib/gcc/arm-none-eabi/4.8.4/../../../../arm-none-eabi/lib/armv7e-m/fpu/crt0.o (exit)
c:/freescale/kds_v3/toolchain/bin/../lib/gcc/arm-none-eabi/4.8.4/../../../../arm-none-eabi/lib/armv7e-m/fpu\libg_s.a(lib_a-impure.o)
                              c:/freescale/kds_v3/toolchain/bin/../lib/gcc/arm-none-eabi/4.8.4/../../../../arm-none-eabi/lib/armv7e-m/fpu\libg_s.a(lib_a-exit.o) (_global_impure_ptr)
c:/freescale/kds_v3/toolchain/bin/../lib/gcc/arm-none-eabi/4.8.4/../../../../arm-none-eabi/lib/armv7e-m/fpu\libg_s.a(lib_a-init.o)
                              c:/freescale/kds_v3/toolchain/bin/../lib/gcc/arm-none-eabi/4.8.4/../../../../arm-none-eabi/lib/armv7e-m/fpu/crt0.o (__libc_init_array)
c:/freescale/kds_v3/toolchain/bin/../lib/gcc/arm-none-eabi/4.8.4/../../../../arm-none-eabi/lib/armv7e-m/fpu\libg_s.a(lib_a-memcpy-stub.o)
                              ./freertos/Source/queue.o (memcpy)
c:/freescale/kds_v3/toolchain/bin/../lib/gcc/arm-none-eabi/4.8.4/../../../../arm-none-eabi/lib/armv7e-m/fpu\libg_s.a(lib_a-memset.o)
                              c:/freescale/kds_v3/toolchain/bin/../lib/gcc/arm-none-eabi/4.8.4/../../../../arm-none-eabi/lib/armv7e-m/fpu/crt0.o (memset)
c:/freescale/kds_v3/toolchain/bin/../lib/gcc/arm-none-eabi/4.8.4/../../../../arm-none-eabi/lib/armv7e-m/fpu\libg_s.a(lib_a-s_modf.o)
                              ./utilities/fsl_debug_console.o (modf)
c:/freescale/kds_v3/toolchain/bin/../lib/gcc/arm-none-eabi/4.8.4/../../../../arm-none-eabi/lib/armv7e-m/fpu\libg_s.a(lib_a-sprintf.o)
                              ./sources/freertos_i2c.o (sprintf)
c:/freescale/kds_v3/toolchain/bin/../lib/gcc/arm-none-eabi/4.8.4/../../../../arm-none-eabi/lib/armv7e-m/fpu\libg_s.a(lib_a-strcmp.o)
                              ./sources/freertos_i2c.o (strcmp)
c:/freescale/kds_v3/toolchain/bin/../lib/gcc/arm-none-eabi/4.8.4/../../../../arm-none-eabi/lib/armv7e-m/fpu\libg_s.a(lib_a-strcpy.o)
                              ./sources/IOT_Commands.o (strcpy)
c:/freescale/kds_v3/toolchain/bin/../lib/gcc/arm-none-eabi/4.8.4/../../../../arm-none-eabi/lib/armv7e-m/fpu\libg_s.a(lib_a-strlen.o)
                              ./utilities/fsl_debug_console.o (strlen)
c:/freescale/kds_v3/toolchain/bin/../lib/gcc/arm-none-eabi/4.8.4/../../../../arm-none-eabi/lib/armv7e-m/fpu\libg_s.a(lib_a-strncmp.o)
                              ./sources/IOT_Commands.o (strncmp)
c:/freescale/kds_v3/toolchain/bin/../lib/gcc/arm-none-eabi/4.8.4/../../../../arm-none-eabi/lib/armv7e-m/fpu\libg_s.a(lib_a-svfprintf.o)
                              c:/freescale/kds_v3/toolchain/bin/../lib/gcc/arm-none-eabi/4.8.4/../../../../arm-none-eabi/lib/armv7e-m/fpu\libg_s.a(lib_a-sprintf.o) (_svfprintf_r)
c:/freescale/kds_v3/toolchain/bin/../lib/gcc/arm-none-eabi/4.8.4/../../../../arm-none-eabi/lib/armv7e-m/fpu\libg_s.a(lib_a-vfprintf_float.o)
                              (_printf_float)
c:/freescale/kds_v3/toolchain/bin/../lib/gcc/arm-none-eabi/4.8.4/../../../../arm-none-eabi/lib/armv7e-m/fpu\libg_s.a(lib_a-vfprintf_i.o)
                              c:/freescale/kds_v3/toolchain/bin/../lib/gcc/arm-none-eabi/4.8.4/../../../../arm-none-eabi/lib/armv7e-m/fpu\libg_s.a(lib_a-vfprintf_float.o) (_printf_common)
c:/freescale/kds_v3/toolchain/bin/../lib/gcc/arm-none-eabi/4.8.4/../../../../arm-none-eabi/lib/armv7e-m/fpu\libg_s.a(lib_a-dtoa.o)
                              c:/freescale/kds_v3/toolchain/bin/../lib/gcc/arm-none-eabi/4.8.4/../../../../arm-none-eabi/lib/armv7e-m/fpu\libg_s.a(lib_a-vfprintf_float.o) (_dtoa_r)
c:/freescale/kds_v3/toolchain/bin/../lib/gcc/arm-none-eabi/4.8.4/../../../../arm-none-eabi/lib/armv7e-m/fpu\libg_s.a(lib_a-locale.o)
                              c:/freescale/kds_v3/toolchain/bin/../lib/gcc/arm-none-eabi/4.8.4/../../../../arm-none-eabi/lib/armv7e-m/fpu\libg_s.a(lib_a-vfprintf_float.o) (_localeconv_r)
c:/freescale/kds_v3/toolchain/bin/../lib/gcc/arm-none-eabi/4.8.4/../../../../arm-none-eabi/lib/armv7e-m/fpu\libg_s.a(lib_a-malloc.o)
                              c:/freescale/kds_v3/toolchain/bin/../lib/gcc/arm-none-eabi/4.8.4/../../../../arm-none-eabi/lib/armv7e-m/fpu\libg_s.a(lib_a-dtoa.o) (malloc)
c:/freescale/kds_v3/toolchain/bin/../lib/gcc/arm-none-eabi/4.8.4/../../../../arm-none-eabi/lib/armv7e-m/fpu\libg_s.a(lib_a-memchr-stub.o)
                              c:/freescale/kds_v3/toolchain/bin/../lib/gcc/arm-none-eabi/4.8.4/../../../../arm-none-eabi/lib/armv7e-m/fpu\libg_s.a(lib_a-svfprintf.o) (memchr)
[...]
Memory Configuration

Name             Origin             Length             Attributes
m_interrupts     0x00000000         0x00000400         xr
m_flash_config   0x00000400         0x00000010         xr
m_text           0x00000410         0x0007fbf0         xr
m_data           0x1fff0000         0x00010000         rw
m_data_2         0x20000000         0x00010000         rw
*default*        0x00000000         0xffffffff

Linker script and memory map

LOAD c:/freescale/kds_v3/toolchain/bin/../lib/gcc/arm-none-eabi/4.8.4/armv7e-m/fpu/crti.o
LOAD c:/freescale/kds_v3/toolchain/bin/../lib/gcc/arm-none-eabi/4.8.4/armv7e-m/fpu/crtbegin.o
LOAD c:/freescale/kds_v3/toolchain/bin/../lib/gcc/arm-none-eabi/4.8.4/../../../../arm-none-eabi/lib/armv7e-m/fpu/crt0.o
START GROUP
LOAD ./utilities/fsl_debug_console.o
LOAD ./utilities/fsl_sbrk.o
LOAD ./sources/IOT_Commands.o
LOAD ./sources/PID_Controller.o
LOAD ./sources/SI7021.o
LOAD ./sources/board.o
LOAD ./sources/clock_config.o
LOAD ./sources/freertos_i2c.o
LOAD ./sources/pin_mux.o
LOAD ./freertos/Source/portable/MemMang/heap_4.o
LOAD ./freertos/Source/portable/GCC/ARM_CM4F/fsl_tickless_systick.o
LOAD ./freertos/Source/portable/GCC/ARM_CM4F/port.o
LOAD ./freertos/Source/croutine.o
LOAD ./freertos/Source/event_groups.o
LOAD ./freertos/Source/list.o
LOAD ./freertos/Source/queue.o
LOAD ./freertos/Source/tasks.o
LOAD ./freertos/Source/timers.o
LOAD ./drivers/fsl_adc16.o
LOAD ./drivers/fsl_clock.o
LOAD ./drivers/fsl_common.o
LOAD ./drivers/fsl_flash.o
LOAD ./drivers/fsl_ftm.o
LOAD ./drivers/fsl_gpio.o
LOAD ./drivers/fsl_i2c.o
LOAD ./drivers/fsl_i2c_freertos.o
LOAD ./drivers/fsl_lpuart.o
LOAD ./drivers/fsl_smc.o
LOAD ./drivers/fsl_uart.o
LOAD ./drivers/fsl_uart_freertos.o
LOAD ./devices/gcc/startup_MK22F51212.o
LOAD ./devices/system_MK22F51212.o
LOAD c:/freescale/kds_v3/toolchain/bin/../lib/gcc/arm-none-eabi/4.8.4/../../../../arm-none-eabi/lib/armv7e-m/fpu\libg_s.a
LOAD c:/freescale/kds_v3/toolchain/bin/../lib/gcc/arm-none-eabi/4.8.4/armv7e-m/fpu\libgcc.a
LOAD c:/freescale/kds_v3/toolchain/bin/../lib/gcc/arm-none-eabi/4.8.4/../../../../arm-none-eabi/lib/armv7e-m/fpu\libnosys.a
END GROUP
LOAD c:/freescale/kds_v3/toolchain/bin/../lib/gcc/arm-none-eabi/4.8.4/../../../../arm-none-eabi/lib/armv7e-m/fpu\libstdc++_s.a
LOAD c:/freescale/kds_v3/toolchain/bin/../lib/gcc/arm-none-eabi/4.8.4/../../../../arm-none-eabi/lib/armv7e-m/fpu\libm.a
START GROUP
LOAD c:/freescale/kds_v3/toolchain/bin/../lib/gcc/arm-none-eabi/4.8.4/armv7e-m/fpu\libgcc.a
LOAD c:/freescale/kds_v3/toolchain/bin/../lib/gcc/arm-none-eabi/4.8.4/../../../../arm-none-eabi/lib/armv7e-m/fpu\libg_s.a
LOAD c:/freescale/kds_v3/toolchain/bin/../lib/gcc/arm-none-eabi/4.8.4/../../../../arm-none-eabi/lib/armv7e-m/fpu\libc_s.a
END GROUP
START GROUP
LOAD c:/freescale/kds_v3/toolchain/bin/../lib/gcc/arm-none-eabi/4.8.4/armv7e-m/fpu\libgcc.a
LOAD c:/freescale/kds_v3/toolchain/bin/../lib/gcc/arm-none-eabi/4.8.4/../../../../arm-none-eabi/lib/armv7e-m/fpu\libc_s.a
END GROUP
LOAD c:/freescale/kds_v3/toolchain/bin/../lib/gcc/arm-none-eabi/4.8.4/armv7e-m/fpu/crtend.o
LOAD c:/freescale/kds_v3/toolchain/bin/../lib/gcc/arm-none-eabi/4.8.4/armv7e-m/fpu/crtn.o
                0x00000400                HEAP_SIZE = DEFINED (__heap_size__)?__heap_size__:0x400
                0x00000400                STACK_SIZE = DEFINED (__stack_size__)?__stack_size__:0x400
                0x00000000                M_VECTOR_RAM_SIZE = DEFINED (__ram_vector_table__)?0x400:0x0

.interrupts     0x00000000      0x400
                0x00000000                __VECTOR_TABLE = .
                0x00000000                . = ALIGN (0x4)
 *(.isr_vector)
 .isr_vector    0x00000000      0x400 ./devices/gcc/startup_MK22F51212.o
                0x00000000                __isr_vector
                0x00000400                . = ALIGN (0x4)

.flash_config   0x00000400       0x10
                0x00000400                . = ALIGN (0x4)
 *(.FlashConfig)
 .FlashConfig   0x00000400       0x10 ./devices/gcc/startup_MK22F51212.o
                0x00000410                . = ALIGN (0x4)

.text           0x00000410     0xeef8
                0x00000410                . = ALIGN (0x4)
 *(.text)
 .text          0x00000410       0x54 c:/freescale/kds_v3/toolchain/bin/../lib/gcc/arm-none-eabi/4.8.4/armv7e-m/fpu/crtbegin.o
 .text          0x00000464       0x74 c:/freescale/kds_v3/toolchain/bin/../lib/gcc/arm-none-eabi/4.8.4/../../../../arm-none-eabi/lib/armv7e-m/fpu/crt0.o
                0x00000464                _start
                0x00000464                _mainCRTStartup
 .text          0x000004d8      0x17c ./devices/gcc/startup_MK22F51212.o
                0x000004d8                Reset_Handler
                0x00000538                Reserved54_IRQHandler
                0x00000538                DebugMon_Handler
                0x00000538                FTF_IRQHandler
                0x00000538                DMA0_DriverIRQHandler
                0x00000538                DMA12_DriverIRQHandler
                0x00000538                PORTC_IRQHandler
                0x00000538                SPI1_DriverIRQHandler
                0x00000538                Reserved86_IRQHandler
                0x00000538                Reserved85_IRQHandler
                0x00000538                DMA_Error_DriverIRQHandler
                0x00000538                CMP0_IRQHandler
                0x00000538                DMA7_DriverIRQHandler
                0x00000538                Reserved93_IRQHandler
                0x00000538                DMA2_DriverIRQHandler
                0x00000538                Reserved99_IRQHandler
                0x00000538                PIT0_IRQHandler
                0x00000538                LLWU_IRQHandler
                0x00000538                I2S0_Tx_DriverIRQHandler
                0x00000538                Reserved84_IRQHandler
                0x00000538                DMA6_DriverIRQHandler
                0x00000538                Reserved92_IRQHandler
                0x00000538                UART1_ERR_DriverIRQHandler
                0x00000538                SWI_IRQHandler
                0x00000538                UsageFault_Handler
                0x00000538                BusFault_Handler
                0x00000538                LPTMR0_IRQHandler
                0x00000538                DefaultISR
                0x00000538                FTM2_IRQHandler
                0x00000538                PORTE_IRQHandler
                0x00000538                DMA11_DriverIRQHandler
                0x00000538                Reserved82_IRQHandler
                0x00000538                CMP1_IRQHandler
                0x00000538                Reserved71_IRQHandler
                0x00000538                PORTD_IRQHandler
                0x00000538                PORTB_IRQHandler
                0x00000538                DMA10_DriverIRQHandler
                0x00000538                UART2_ERR_DriverIRQHandler
                0x00000538                Reserved70_IRQHandler
                0x00000538                ADC1_IRQHandler
                0x00000538                DMA5_DriverIRQHandler
                0x00000538                DMA4_DriverIRQHandler
                0x00000538                PIT2_IRQHandler
                0x00000538                FTM3_IRQHandler
                0x00000538                Reserved53_IRQHandler
                0x00000538                MCM_IRQHandler
                0x00000538                RTC_IRQHandler
                0x00000538                PDB0_IRQHandler
                0x00000538                Reserved96_IRQHandler
                0x00000538                FTM1_IRQHandler
                0x00000538                Reserved61_IRQHandler
                0x00000538                Reserved95_IRQHandler
                0x00000538                DMA3_DriverIRQHandler
                0x00000538                PIT3_IRQHandler
                0x00000538                RTC_Seconds_IRQHandler
                0x00000538                MCG_IRQHandler
                0x00000538                DMA9_DriverIRQHandler
                0x00000538                DMA8_DriverIRQHandler
                0x00000538                UART0_ERR_DriverIRQHandler
                0x00000538                DAC1_IRQHandler
                0x00000538                PORTA_IRQHandler
                0x00000538                Read_Collision_IRQHandler
                0x00000538                Reserved98_IRQHandler
                0x00000538                DMA14_DriverIRQHandler
                0x00000538                FTM0_IRQHandler
                0x00000538                I2S0_Rx_DriverIRQHandler
                0x00000538                Reserved101_IRQHandler
                0x00000538                USB0_IRQHandler
                0x00000538                WDOG_EWM_IRQHandler
                0x00000538                MemManage_Handler
                0x00000538                Reserved90_IRQHandler
                0x00000538                Reserved83_IRQHandler
                0x00000538                LVD_LVW_IRQHandler
                0x00000538                DMA1_DriverIRQHandler
                0x00000538                PIT1_IRQHandler
                0x00000538                Reserved100_IRQHandler
                0x00000538                RNG_IRQHandler
                0x00000538                SPI0_DriverIRQHandler
                0x00000538                Reserved97_IRQHandler
                0x00000538                Reserved91_IRQHandler
                0x00000538                DMA15_DriverIRQHandler
                0x00000538                Reserved94_IRQHandler
                0x00000538                DAC0_IRQHandler
                0x00000538                DMA13_DriverIRQHandler
                0x00000538                Reserved81_IRQHandler
                0x0000053c                NMI_Handler
                0x00000540                HardFault_Handler
                0x00000550                DMA0_IRQHandler
                0x00000554                DMA1_IRQHandler
                0x00000558                DMA2_IRQHandler
                0x0000055c                DMA3_IRQHandler
                0x00000560                DMA4_IRQHandler
                0x00000564                DMA5_IRQHandler
                0x00000568                DMA6_IRQHandler
                0x0000056c                DMA7_IRQHandler
                0x00000570                DMA8_IRQHandler
                0x00000574                DMA9_IRQHandler
                0x00000578                DMA10_IRQHandler
                0x0000057c                DMA11_IRQHandler
                0x00000580                DMA12_IRQHandler
                0x00000584                DMA13_IRQHandler
                0x00000588                DMA14_IRQHandler
                0x0000058c                DMA15_IRQHandler
                0x00000590                DMA_Error_IRQHandler
                0x00000594                I2C0_IRQHandler
                0x00000598                I2C1_IRQHandler
                0x0000059c                SPI0_IRQHandler
                0x000005a0                SPI1_IRQHandler
                0x000005a4                I2S0_Tx_IRQHandler
                0x000005a8                I2S0_Rx_IRQHandler
                0x000005ac                LPUART0_IRQHandler
                0x000005b0                UART0_RX_TX_IRQHandler
                0x000005b4                UART0_ERR_IRQHandler
                0x000005b8                UART1_RX_TX_IRQHandler
                0x000005bc                UART1_ERR_IRQHandler
                0x000005c0                UART2_RX_TX_IRQHandler
                0x000005c4                UART2_ERR_IRQHandler
 .text          0x00000654       0x14 c:/freescale/kds_v3/toolchain/bin/../lib/gcc/arm-none-eabi/4.8.4/../../../../arm-none-eabi/lib/armv7e-m/fpu\libg_s.a(lib_a-strcmp.o)
                0x00000654                strcmp
 .text          0x00000668      0x370 c:/freescale/kds_v3/toolchain/bin/../lib/gcc/arm-none-eabi/4.8.4/armv7e-m/fpu\libgcc.a(_arm_addsubdf3.o)
                0x00000668                __aeabi_drsub
                0x00000670                __aeabi_dsub
                0x00000670                __subdf3
                0x00000674                __aeabi_dadd
                0x00000674                __adddf3
                0x000008ec                __floatunsidf
                0x000008ec                __aeabi_ui2d
                0x0000090c                __floatsidf
                0x0000090c                __aeabi_i2d
                0x00000930                __aeabi_f2d
                0x00000930                __extendsfdf2
                0x0000096c                __floatundidf
                0x0000096c                __aeabi_ul2d
                0x0000097c                __floatdidf
                0x0000097c                __aeabi_l2d
 .text          0x000009d8      0x424 c:/freescale/kds_v3/toolchain/bin/../lib/gcc/arm-none-eabi/4.8.4/armv7e-m/fpu\libgcc.a(_arm_muldivdf3.o)
                0x000009d8                __aeabi_dmul
                0x000009d8                __muldf3
                0x00000c2c                __divdf3
                0x00000c2c                __aeabi_ddiv
 .text          0x00000dfc      0x110 c:/freescale/kds_v3/toolchain/bin/../lib/gcc/arm-none-eabi/4.8.4/armv7e-m/fpu\libgcc.a(_arm_cmpdf2.o)
                0x00000dfc                __gtdf2
                0x00000dfc                __gedf2
                0x00000e04                __ltdf2
                0x00000e04                __ledf2
                0x00000e0c                __nedf2
                0x00000e0c                __eqdf2
                0x00000e0c                __cmpdf2
                0x00000e88                __aeabi_cdrcmple
                0x00000e98                __aeabi_cdcmpeq
                0x00000e98                __aeabi_cdcmple
                0x00000ea8                __aeabi_dcmpeq
                0x00000ebc                __aeabi_dcmplt
                0x00000ed0                __aeabi_dcmple
                0x00000ee4                __aeabi_dcmpge
                0x00000ef8                __aeabi_dcmpgt
 .text          0x00000f0c       0x50 c:/freescale/kds_v3/toolchain/bin/../lib/gcc/arm-none-eabi/4.8.4/armv7e-m/fpu\libgcc.a(_arm_fixdfsi.o)
                0x00000f0c                __aeabi_d2iz
                0x00000f0c                __fixdfsi
 .text          0x00000f5c       0xa0 c:/freescale/kds_v3/toolchain/bin/../lib/gcc/arm-none-eabi/4.8.4/armv7e-m/fpu\libgcc.a(_arm_truncdfsf2.o)
                0x00000f5c                __truncdfsf2
                0x00000f5c                __aeabi_d2f
 .text          0x00000ffc      0x21c c:/freescale/kds_v3/toolchain/bin/../lib/gcc/arm-none-eabi/4.8.4/armv7e-m/fpu\libgcc.a(_arm_addsubsf3.o)
                0x00000ffc                __aeabi_frsub
                0x00001004                __subsf3
                0x00001004                __aeabi_fsub
                0x00001008                __aeabi_fadd
                0x00001008                __addsf3
                0x00001168                __aeabi_ui2f
                0x00001168                __floatunsisf
                0x00001170                __aeabi_i2f
                0x00001170                __floatsisf
                0x0000118c                __aeabi_ul2f
                0x0000118c                __floatundisf
                0x0000119c                __aeabi_l2f
                0x0000119c                __floatdisf
 .text          0x00001218       0x38 c:/freescale/kds_v3/toolchain/bin/../lib/gcc/arm-none-eabi/4.8.4/armv7e-m/fpu\libgcc.a(_aeabi_ldivmod.o)
                0x00001218                __aeabi_ldivmod
 .text          0x00001250       0x2c c:/freescale/kds_v3/toolchain/bin/../lib/gcc/arm-none-eabi/4.8.4/armv7e-m/fpu\libgcc.a(_aeabi_uldivmod.o)
                0x00001250                __aeabi_uldivmod
 .text          0x0000127c       0x30 c:/freescale/kds_v3/toolchain/bin/../lib/gcc/arm-none-eabi/4.8.4/armv7e-m/fpu\libgcc.a(_fixdfdi.o)
                0x0000127c                __fixdfdi
                0x0000127c                __aeabi_d2lz
 .text          0x000012ac       0x44 c:/freescale/kds_v3/toolchain/bin/../lib/gcc/arm-none-eabi/4.8.4/armv7e-m/fpu\libgcc.a(_fixunsdfdi.o)
                0x000012ac                __fixunsdfdi
                0x000012ac                __aeabi_d2ulz
 .text          0x000012f0       0x60 c:/freescale/kds_v3/toolchain/bin/../lib/gcc/arm-none-eabi/4.8.4/armv7e-m/fpu\libgcc.a(bpabi.o)
                0x000012f0                __gnu_ldivmod_helper
                0x00001320                __gnu_uldivmod_helper
 .text          0x00001350        0x4 c:/freescale/kds_v3/toolchain/bin/../lib/gcc/arm-none-eabi/4.8.4/armv7e-m/fpu\libgcc.a(_dvmd_tls.o)
                0x00001350                __aeabi_idiv0
                0x00001350                __aeabi_ldiv0
 .text          0x00001354       0x40 c:/freescale/kds_v3/toolchain/bin/../lib/gcc/arm-none-eabi/4.8.4/armv7e-m/fpu\libgcc.a(_arm_fixunsdfsi.o)
                0x00001354                __aeabi_d2uiz
                0x00001354                __fixunsdfsi
 .text          0x00001394      0x298 c:/freescale/kds_v3/toolchain/bin/../lib/gcc/arm-none-eabi/4.8.4/armv7e-m/fpu\libgcc.a(_divdi3.o)
                0x00001394                __divdi3
 .text          0x0000162c      0x284 c:/freescale/kds_v3/toolchain/bin/../lib/gcc/arm-none-eabi/4.8.4/armv7e-m/fpu\libgcc.a(_udivdi3.o)
                0x0000162c                __udivdi3
 *(.text*)
 .text.UART_EnableTx
                0x000018b0       0x40 ./utilities/fsl_debug_console.o
 .text.UART_EnableRx
                0x000018f0       0x40 ./utilities/fsl_debug_console.o
 .text.LPUART_EnableTx
                0x00001930       0x38 ./utilities/fsl_debug_console.o
 .text.LPUART_EnableRx
                0x00001968       0x38 ./utilities/fsl_debug_console.o
 .text.DbgConsole_Init
                0x000019a0       0xec ./utilities/fsl_debug_console.o
                0x000019a0                DbgConsole_Init
 .text.DbgConsole_Printf
                0x00001a8c       0x40 ./utilities/fsl_debug_console.o
                0x00001a8c                DbgConsole_Printf
 .text.DbgConsole_Putchar
                0x00001acc       0x38 ./utilities/fsl_debug_console.o
                0x00001acc                DbgConsole_Putchar
 .text.DbgConsole_PrintfPaddingCharacter
                0x00001b04       0x40 ./utilities/fsl_debug_console.o
 .text.DbgConsole_ConvertRadixNumToString
                0x00001b44      0x1d8 ./utilities/fsl_debug_console.o
 *fill*         0x00001d1c        0x4 
 .text.DbgConsole_ConvertFloatRadixNumToString
                0x00001d20      0x2b8 ./utilities/fsl_debug_console.o
 .text.DbgConsole_PrintfFormattedData
                0x00001fd8      0x944 ./utilities/fsl_debug_console.o
 .text._sbrk    0x0000291c       0x5c ./utilities/fsl_sbrk.o
                0x0000291c                _sbrk
 .text.NVIC_SetPriority
                0x00002978       0x54 ./sources/IOT_Commands.o
 .text.init_IOT
                0x000029cc        0xc ./sources/IOT_Commands.o
                0x000029cc                init_IOT
 .text.IOT_Send
                0x000029d8       0x7c ./sources/IOT_Commands.o
                0x000029d8                IOT_Send
 .text.IOT_Receive
                0x00002a54       0x44 ./sources/IOT_Commands.o
                0x00002a54                IOT_Receive
 .text.IOT_CommandParse
                0x00002a98       0xa0 ./sources/IOT_Commands.o
                0x00002a98                IOT_CommandParse
 .text.uart_init
                0x00002b38       0x48 ./sources/IOT_Commands.o
                0x00002b38                uart_init
 .text.set_tuning
                0x00002b80       0x80 ./sources/PID_Controller.o
                0x00002b80                set_tuning
 .text.PID_Compute
                0x00002c00      0x1e4 ./sources/PID_Controller.o
                0x00002c00                PID_Compute
 .text.getRH    0x00002de4       0x7c ./sources/SI7021.o
                0x00002de4                getRH
 .text.getTemp  0x00002e60       0x88 ./sources/SI7021.o
                0x00002e60                getTemp
 .text.makeMeasurement
                0x00002ee8      0x104 ./sources/SI7021.o
                0x00002ee8                makeMeasurement
 .text.BOARD_InitDebugConsole
                0x00002fec       0x24 ./sources/board.o
                0x00002fec                BOARD_InitDebugConsole
 .text.CLOCK_SetSimSafeDivs
                0x00003010       0x20 ./sources/clock_config.o
 .text.CLOCK_SetXtal0Freq
                0x00003030       0x1c ./sources/clock_config.o
 .text.CLOCK_CONFIG_SetFllExtRefDiv
                0x0000304c       0x38 ./sources/clock_config.o
 .text.BOARD_BootClockRUN
                0x00003084       0x60 ./sources/clock_config.o
                0x00003084                BOARD_BootClockRUN
 .text.NVIC_EnableIRQ
                0x000030e4       0x30 ./sources/freertos_i2c.o
 .text.NVIC_SetPriority
                0x00003114       0x54 ./sources/freertos_i2c.o
 .text.EnableIRQ
                0x00003168       0x28 ./sources/freertos_i2c.o
 .text.GPIO_WritePinOutput
                0x00003190       0x34 ./sources/freertos_i2c.o
 .text.FTM_StartTimer
                0x000031c4       0x38 ./sources/freertos_i2c.o
 .text.FTM_SetSoftwareTrigger
                0x000031fc       0x38 ./sources/freertos_i2c.o
 .text.ADC16_EnableHardwareTrigger
                0x00003234       0x38 ./sources/freertos_i2c.o
 .text.ADC16_GetChannelConversionValue
                0x0000326c       0x3c ./sources/freertos_i2c.o
 .text.main     0x000032a8      0x100 ./sources/freertos_i2c.o
                0x000032a8                main
 .text.init_I2C
                0x000033a8       0x68 ./sources/freertos_i2c.o
                0x000033a8                init_I2C
 .text.read_hum
                0x00003410       0x50 ./sources/freertos_i2c.o
                0x00003410                read_hum
 .text.read_temp
                0x00003460       0x30 ./sources/freertos_i2c.o
                0x00003460                read_temp
 .text.SI_7021  0x00003490       0x80 ./sources/freertos_i2c.o
 .text.init_PWM
                0x00003510       0x7c ./sources/freertos_i2c.o
                0x00003510                init_PWM
 .text.Motor_PWM
                0x0000358c      0x264 ./sources/freertos_i2c.o
 .text.IOT_Task
                0x000037f0       0x74 ./sources/freertos_i2c.o
 .text.Doser_Task
                0x00003864       0x8c ./sources/freertos_i2c.o
 .text.nutrient1
                0x000038f0       0x3c ./sources/freertos_i2c.o
                0x000038f0                nutrient1
 .text.nutrient2
                0x0000392c       0x3c ./sources/freertos_i2c.o
                0x0000392c                nutrient2
 .text.nutrient3
                0x00003968       0x3c ./sources/freertos_i2c.o
                0x00003968                nutrient3
 .text.nutrient4
                0x000039a4       0x3c ./sources/freertos_i2c.o
                0x000039a4                nutrient4
 .text.dosingSchedule
                0x000039e0      0x178 ./sources/freertos_i2c.o
                0x000039e0                dosingSchedule
 .text.ADC_Task
                0x00003b58       0xf8 ./sources/freertos_i2c.o
 .text.ADC0_IRQHandler
                0x00003c50       0x30 ./sources/freertos_i2c.o
                0x00003c50                ADC0_IRQHandler
 .text.CLOCK_EnableClock
                0x00003c80       0x34 ./sources/pin_mux.o
 .text.PORT_SetPinConfig
                0x00003cb4       0x44 ./sources/pin_mux.o
 .text.PORT_SetPinMux
                0x00003cf8       0x38 ./sources/pin_mux.o
 .text.BOARD_InitPins
                0x00003d30      0x198 ./sources/pin_mux.o
                0x00003d30                BOARD_InitPins
 .text.pvPortMalloc
                0x00003ec8      0x184 ./freertos/Source/portable/MemMang/heap_4.o
                0x00003ec8                pvPortMalloc
 .text.vPortFree
                0x0000404c       0xb0 ./freertos/Source/portable/MemMang/heap_4.o
                0x0000404c                vPortFree
 .text.prvHeapInit
                0x000040fc       0xc4 ./freertos/Source/portable/MemMang/heap_4.o
 .text.prvInsertBlockIntoFreeList
                0x000041c0       0xb0 ./freertos/Source/portable/MemMang/heap_4.o
 .text.vPortSetupTimerInterrupt
                0x00004270       0x40 ./freertos/Source/portable/GCC/ARM_CM4F/fsl_tickless_systick.o
                0x00004270                vPortSetupTimerInterrupt
 .text.pxPortInitialiseStack
                0x000042b0       0x68 ./freertos/Source/portable/GCC/ARM_CM4F/port.o
                0x000042b0                pxPortInitialiseStack
 .text.prvTaskExitError
                0x00004318       0x3c ./freertos/Source/portable/GCC/ARM_CM4F/port.o
 *fill*         0x00004354        0xc 
 .text.SVC_Handler
                0x00004360       0x30 ./freertos/Source/portable/GCC/ARM_CM4F/port.o
                0x00004360                SVC_Handler
 .text.prvPortStartFirstTask
                0x00004390       0x20 ./freertos/Source/portable/GCC/ARM_CM4F/port.o
 .text.xPortStartScheduler
                0x000043b0      0x118 ./freertos/Source/portable/GCC/ARM_CM4F/port.o
                0x000043b0                xPortStartScheduler
 .text.vPortEnterCritical
                0x000044c8       0x5c ./freertos/Source/portable/GCC/ARM_CM4F/port.o
                0x000044c8                vPortEnterCritical
 .text.vPortExitCritical
                0x00004524       0x4c ./freertos/Source/portable/GCC/ARM_CM4F/port.o
                0x00004524                vPortExitCritical
 .text.PendSV_Handler
                0x00004570       0x70 ./freertos/Source/portable/GCC/ARM_CM4F/port.o
                0x00004570                PendSV_Handler
 .text.SysTick_Handler
                0x000045e0       0x40 ./freertos/Source/portable/GCC/ARM_CM4F/port.o
                0x000045e0                SysTick_Handler
 .text.vPortEnableVFP
                0x00004620       0x14 ./freertos/Source/portable/GCC/ARM_CM4F/port.o
 .text.vPortValidateInterruptPriority
                0x00004634       0x78 ./freertos/Source/portable/GCC/ARM_CM4F/port.o
                0x00004634                vPortValidateInterruptPriority
 .text.xEventGroupCreate
                0x000046ac       0x30 ./freertos/Source/event_groups.o
                0x000046ac                xEventGroupCreate
 .text.xEventGroupWaitBits
                0x000046dc      0x194 ./freertos/Source/event_groups.o
                0x000046dc                xEventGroupWaitBits
 .text.xEventGroupClearBits
                0x00004870       0x6c ./freertos/Source/event_groups.o
                0x00004870                xEventGroupClearBits
 .text.xEventGroupSetBits
                0x000048dc      0x114 ./freertos/Source/event_groups.o
                0x000048dc                xEventGroupSetBits
 .text.vEventGroupDelete
                0x000049f0       0x60 ./freertos/Source/event_groups.o
                0x000049f0                vEventGroupDelete
 .text.vEventGroupSetBitsCallback
                0x00004a50       0x18 ./freertos/Source/event_groups.o
                0x00004a50                vEventGroupSetBitsCallback
 .text.prvTestWaitCondition
                0x00004a68       0x44 ./freertos/Source/event_groups.o
 .text.xEventGroupSetBitsFromISR
                0x00004aac       0x28 ./freertos/Source/event_groups.o
                0x00004aac                xEventGroupSetBitsFromISR
 .text.vListInitialise
                0x00004ad4       0x40 ./freertos/Source/list.o
                0x00004ad4                vListInitialise
 .text.vListInitialiseItem
                0x00004b14       0x18 ./freertos/Source/list.o
                0x00004b14                vListInitialiseItem
 .text.vListInsertEnd
                0x00004b2c       0x48 ./freertos/Source/list.o
                0x00004b2c                vListInsertEnd
 .text.vListInsert
                0x00004b74       0x70 ./freertos/Source/list.o
                0x00004b74                vListInsert
 .text.uxListRemove
                0x00004be4       0x54 ./freertos/Source/list.o
                0x00004be4                uxListRemove
 .text.xQueueGenericReset
                0x00004c38       0xd0 ./freertos/Source/queue.o
                0x00004c38                xQueueGenericReset
 .text.xQueueGenericCreate
                0x00004d08       0x70 ./freertos/Source/queue.o
                0x00004d08                xQueueGenericCreate
 .text.prvInitialiseNewQueue
                0x00004d78       0x44 ./freertos/Source/queue.o
 .text.prvInitialiseMutex
                0x00004dbc       0x34 ./freertos/Source/queue.o
 .text.xQueueCreateMutex
                0x00004df0       0x30 ./freertos/Source/queue.o
                0x00004df0                xQueueCreateMutex
 .text.xQueueGenericSend
                0x00004e20      0x1fc ./freertos/Source/queue.o
                0x00004e20                xQueueGenericSend
 .text.xQueueGenericSendFromISR
                0x0000501c      0x128 ./freertos/Source/queue.o
                0x0000501c                xQueueGenericSendFromISR
 .text.xQueueGiveFromISR
                0x00005144      0x114 ./freertos/Source/queue.o
                0x00005144                xQueueGiveFromISR
 .text.xQueueGenericReceive
                0x00005258      0x22c ./freertos/Source/queue.o
                0x00005258                xQueueGenericReceive
 .text.vQueueDelete
                0x00005484       0x38 ./freertos/Source/queue.o
                0x00005484                vQueueDelete
 .text.prvCopyDataToQueue
                0x000054bc       0xd8 ./freertos/Source/queue.o
 .text.prvCopyDataFromQueue
                0x00005594       0x4c ./freertos/Source/queue.o
 .text.prvUnlockQueue
                0x000055e0       0xa0 ./freertos/Source/queue.o
 .text.prvIsQueueEmpty
                0x00005680       0x2c ./freertos/Source/queue.o
 .text.prvIsQueueFull
                0x000056ac       0x30 ./freertos/Source/queue.o
 .text.vQueueAddToRegistry
                0x000056dc       0x50 ./freertos/Source/queue.o
                0x000056dc                vQueueAddToRegistry
 .text.vQueueUnregisterQueue
                0x0000572c       0x50 ./freertos/Source/queue.o
                0x0000572c                vQueueUnregisterQueue
 .text.vQueueWaitForMessageRestricted
                0x0000577c       0x6c ./freertos/Source/queue.o
                0x0000577c                vQueueWaitForMessageRestricted
 .text.xTaskCreate
                0x000057e8       0x84 ./freertos/Source/tasks.o
                0x000057e8                xTaskCreate
 .text.prvInitialiseNewTask
                0x0000586c      0x130 ./freertos/Source/tasks.o
 .text.prvAddNewTaskToReadyList
                0x0000599c       0xdc ./freertos/Source/tasks.o
 .text.vTaskDelay
                0x00005a78       0x64 ./freertos/Source/tasks.o
                0x00005a78                vTaskDelay
 .text.vTaskSuspend
                0x00005adc      0x10c ./freertos/Source/tasks.o
                0x00005adc                vTaskSuspend
 .text.vTaskStartScheduler
                0x00005be8       0x94 ./freertos/Source/tasks.o
                0x00005be8                vTaskStartScheduler
 .text.vTaskSuspendAll
                0x00005c7c       0x1c ./freertos/Source/tasks.o
                0x00005c7c                vTaskSuspendAll
 .text.xTaskResumeAll
                0x00005c98      0x138 ./freertos/Source/tasks.o
                0x00005c98                xTaskResumeAll
 .text.xTaskGetTickCount
                0x00005dd0       0x20 ./freertos/Source/tasks.o
                0x00005dd0                xTaskGetTickCount
 .text.xTaskIncrementTick
                0x00005df0      0x15c ./freertos/Source/tasks.o
                0x00005df0                xTaskIncrementTick
 .text.vTaskSwitchContext
                0x00005f4c       0xb4 ./freertos/Source/tasks.o
                0x00005f4c                vTaskSwitchContext
 .text.vTaskPlaceOnEventList
                0x00006000       0x44 ./freertos/Source/tasks.o
                0x00006000                vTaskPlaceOnEventList
 .text.vTaskPlaceOnUnorderedEventList
                0x00006044       0x74 ./freertos/Source/tasks.o
                0x00006044                vTaskPlaceOnUnorderedEventList
 .text.vTaskPlaceOnEventListRestricted
                0x000060b8       0x54 ./freertos/Source/tasks.o
                0x000060b8                vTaskPlaceOnEventListRestricted
 .text.xTaskRemoveFromEventList
                0x0000610c       0xc4 ./freertos/Source/tasks.o
                0x0000610c                xTaskRemoveFromEventList
 .text.xTaskRemoveFromUnorderedEventList
                0x000061d0       0xcc ./freertos/Source/tasks.o
                0x000061d0                xTaskRemoveFromUnorderedEventList
 .text.vTaskSetTimeOutState
                0x0000629c       0x44 ./freertos/Source/tasks.o
                0x0000629c                vTaskSetTimeOutState
 .text.xTaskCheckForTimeOut
                0x000062e0       0xbc ./freertos/Source/tasks.o
                0x000062e0                xTaskCheckForTimeOut
 .text.vTaskMissedYield
                0x0000639c       0x18 ./freertos/Source/tasks.o
                0x0000639c                vTaskMissedYield
 .text.prvIdleTask
                0x000063b4       0x30 ./freertos/Source/tasks.o
 .text.prvInitialiseTaskLists
                0x000063e4       0x7c ./freertos/Source/tasks.o
 .text.prvCheckTasksWaitingTermination
                0x00006460       0x74 ./freertos/Source/tasks.o
 .text.prvDeleteTCB
                0x000064d4       0x20 ./freertos/Source/tasks.o
 .text.prvResetNextTaskUnblockTime
                0x000064f4       0x48 ./freertos/Source/tasks.o
 .text.xTaskGetSchedulerState
                0x0000653c       0x3c ./freertos/Source/tasks.o
                0x0000653c                xTaskGetSchedulerState
 .text.vTaskPriorityInherit
                0x00006578       0xec ./freertos/Source/tasks.o
                0x00006578                vTaskPriorityInherit
 .text.xTaskPriorityDisinherit
                0x00006664      0x108 ./freertos/Source/tasks.o
                0x00006664                xTaskPriorityDisinherit
 .text.uxTaskResetEventItemValue
                0x0000676c       0x30 ./freertos/Source/tasks.o
                0x0000676c                uxTaskResetEventItemValue
 .text.pvTaskIncrementMutexHeldCount
                0x0000679c       0x28 ./freertos/Source/tasks.o
                0x0000679c                pvTaskIncrementMutexHeldCount
 .text.prvAddCurrentTaskToDelayedList
                0x000067c4       0xc8 ./freertos/Source/tasks.o
 .text.xTimerCreateTimerTask
                0x0000688c       0x60 ./freertos/Source/timers.o
                0x0000688c                xTimerCreateTimerTask
 .text.xTimerGenericCommand
                0x000068ec       0xa4 ./freertos/Source/timers.o
                0x000068ec                xTimerGenericCommand
 .text.prvProcessExpiredTimer
                0x00006990       0x80 ./freertos/Source/timers.o
 .text.prvTimerTask
                0x00006a10       0x24 ./freertos/Source/timers.o
 .text.prvProcessTimerOrBlockTask
                0x00006a34       0x9c ./freertos/Source/timers.o
 .text.prvGetNextExpireTime
                0x00006ad0       0x48 ./freertos/Source/timers.o
 .text.prvSampleTimeNow
                0x00006b18       0x40 ./freertos/Source/timers.o
 .text.prvInsertTimerInActiveList
                0x00006b58       0x84 ./freertos/Source/timers.o
 .text.prvProcessReceivedCommands
                0x00006bdc      0x164 ./freertos/Source/timers.o
 .text.prvSwitchTimerLists
                0x00006d40       0xc0 ./freertos/Source/timers.o
 .text.prvCheckForValidListAndQueue
                0x00006e00       0x6c ./freertos/Source/timers.o
 .text.xTimerPendFunctionCallFromISR
                0x00006e6c       0x44 ./freertos/Source/timers.o
                0x00006e6c                xTimerPendFunctionCallFromISR
 .text.CLOCK_EnableClock
                0x00006eb0       0x34 ./drivers/fsl_adc16.o
 .text.ADC16_GetInstance
                0x00006ee4       0x58 ./drivers/fsl_adc16.o
 .text.ADC16_Init
                0x00006f3c      0x118 ./drivers/fsl_adc16.o
                0x00006f3c                ADC16_Init
 .text.ADC16_GetDefaultConfig
                0x00007054       0x64 ./drivers/fsl_adc16.o
                0x00007054                ADC16_GetDefaultConfig
 .text.ADC16_DoAutoCalibration
                0x000070b8      0x10c ./drivers/fsl_adc16.o
                0x000070b8                ADC16_DoAutoCalibration
 .text.ADC16_GetStatusFlags
                0x000071c4       0x44 ./drivers/fsl_adc16.o
                0x000071c4                ADC16_GetStatusFlags
 .text.ADC16_SetChannelConfig
                0x00007208       0x80 ./drivers/fsl_adc16.o
                0x00007208                ADC16_SetChannelConfig
 .text.ADC16_GetChannelStatusFlags
                0x00007288       0x50 ./drivers/fsl_adc16.o
                0x00007288                ADC16_GetChannelStatusFlags
 .text.CLOCK_SetEr32kClock
                0x000072d8       0x2c ./drivers/fsl_clock.o
 .text.CLOCK_SetPllFllSelClock
                0x00007304       0x38 ./drivers/fsl_clock.o
 .text.OSC_SetExtRefClkConfig
                0x0000733c       0x40 ./drivers/fsl_clock.o
 .text.OSC_SetCapLoad
                0x0000737c       0x34 ./drivers/fsl_clock.o
 .text.CLOCK_GetMcgExtClkFreq
                0x000073b0       0x8c ./drivers/fsl_clock.o
 .text.CLOCK_GetFllExtRefClkFreq
                0x0000743c       0xc8 ./drivers/fsl_clock.o
 .text.CLOCK_GetInternalRefClkSelectFreq
                0x00007504       0x44 ./drivers/fsl_clock.o
 .text.CLOCK_GetFllRefClkFreq
                0x00007548       0x2c ./drivers/fsl_clock.o
 .text.CLOCK_GetPll0RefFreq
                0x00007574       0x10 ./drivers/fsl_clock.o
 .text.CLOCK_GetOscRangeFromFreq
                0x00007584       0x3c ./drivers/fsl_clock.o
 .text.CLOCK_GetOsc0ErClkUndivFreq
                0x000075c0       0x48 ./drivers/fsl_clock.o
                0x000075c0                CLOCK_GetOsc0ErClkUndivFreq
 .text.CLOCK_GetOsc0ErClkDivFreq
                0x00007608       0x58 ./drivers/fsl_clock.o
                0x00007608                CLOCK_GetOsc0ErClkDivFreq
 .text.CLOCK_GetEr32kClkFreq
                0x00007660       0x80 ./drivers/fsl_clock.o
                0x00007660                CLOCK_GetEr32kClkFreq
 .text.CLOCK_GetPllFllSelClkFreq
                0x000076e0       0x54 ./drivers/fsl_clock.o
                0x000076e0                CLOCK_GetPllFllSelClkFreq
 .text.CLOCK_GetCoreSysClkFreq
                0x00007734       0x24 ./drivers/fsl_clock.o
                0x00007734                CLOCK_GetCoreSysClkFreq
 .text.CLOCK_GetFreq
                0x00007758      0x14c ./drivers/fsl_clock.o
                0x00007758                CLOCK_GetFreq
 .text.CLOCK_SetSimConfig
                0x000078a4       0x34 ./drivers/fsl_clock.o
                0x000078a4                CLOCK_SetSimConfig
 .text.CLOCK_GetOutClkFreq
                0x000078d8       0x64 ./drivers/fsl_clock.o
                0x000078d8                CLOCK_GetOutClkFreq
 .text.CLOCK_GetFllFreq
                0x0000793c       0x74 ./drivers/fsl_clock.o
                0x0000793c                CLOCK_GetFllFreq
 .text.CLOCK_GetInternalRefClkFreq
                0x000079b0       0x24 ./drivers/fsl_clock.o
                0x000079b0                CLOCK_GetInternalRefClkFreq
 .text.CLOCK_GetFixedFreqClkFreq
                0x000079d4       0x30 ./drivers/fsl_clock.o
                0x000079d4                CLOCK_GetFixedFreqClkFreq
 .text.CLOCK_GetPll0Freq
                0x00007a04       0x78 ./drivers/fsl_clock.o
                0x00007a04                CLOCK_GetPll0Freq
 .text.CLOCK_SetExternalRefClkConfig
                0x00007a7c       0x6c ./drivers/fsl_clock.o
                0x00007a7c                CLOCK_SetExternalRefClkConfig
 .text.CLOCK_SetInternalRefClkConfig
                0x00007ae8      0x104 ./drivers/fsl_clock.o
                0x00007ae8                CLOCK_SetInternalRefClkConfig
 .text.CLOCK_EnablePll0
                0x00007bec       0x94 ./drivers/fsl_clock.o
                0x00007bec                CLOCK_EnablePll0
 .text.CLOCK_InitOsc0
                0x00007c80       0x8c ./drivers/fsl_clock.o
                0x00007c80                CLOCK_InitOsc0
 .text.CLOCK_SetPbeMode
                0x00007d0c       0xb8 ./drivers/fsl_clock.o
                0x00007d0c                CLOCK_SetPbeMode
 .text.CLOCK_BootToPeeMode
                0x00007dc4       0x74 ./drivers/fsl_clock.o
                0x00007dc4                CLOCK_BootToPeeMode
 .text.__assert_func
                0x00007e38       0x28 ./drivers/fsl_common.o
                0x00007e38                __assert_func
 .text.CLOCK_EnableClock
                0x00007e60       0x34 ./drivers/fsl_ftm.o
 .text.FTM_GetInstance
                0x00007e94       0x60 ./drivers/fsl_ftm.o
 .text.FTM_SetPwmSync
                0x00007ef4      0x118 ./drivers/fsl_ftm.o
 .text.FTM_SetReloadPoints
                0x0000800c      0x170 ./drivers/fsl_ftm.o
 .text.FTM_Init
                0x0000817c      0x100 ./drivers/fsl_ftm.o
                0x0000817c                FTM_Init
 .text.FTM_GetDefaultConfig
                0x0000827c       0x78 ./drivers/fsl_ftm.o
                0x0000827c                FTM_GetDefaultConfig
 .text.FTM_SetupPwm
                0x000082f4      0x30c ./drivers/fsl_ftm.o
                0x000082f4                FTM_SetupPwm
 .text.FTM_UpdatePwmDutycycle
                0x00008600       0xfc ./drivers/fsl_ftm.o
                0x00008600                FTM_UpdatePwmDutycycle
 .text.GPIO_WritePinOutput
                0x000086fc       0x34 ./drivers/fsl_gpio.o
 .text.GPIO_PinInit
                0x00008730       0x70 ./drivers/fsl_gpio.o
                0x00008730                GPIO_PinInit
 .text.NVIC_EnableIRQ
                0x000087a0       0x30 ./drivers/fsl_i2c.o
 .text.CLOCK_EnableClock
                0x000087d0       0x34 ./drivers/fsl_i2c.o
 .text.EnableIRQ
                0x00008804       0x28 ./drivers/fsl_i2c.o
 .text.I2C_MasterClearStatusFlags
                0x0000882c       0x58 ./drivers/fsl_i2c.o
 .text.I2C_GetInstance
                0x00008884       0x58 ./drivers/fsl_i2c.o
                0x00008884                I2C_GetInstance
 .text.I2C_InitTransferStateMachine
                0x000088dc       0x94 ./drivers/fsl_i2c.o
 .text.I2C_CheckAndClearError
                0x00008970       0x44 ./drivers/fsl_i2c.o
 .text.I2C_MasterTransferRunStateMachine
                0x000089b4      0x24c ./drivers/fsl_i2c.o
 .text.I2C_TransferCommonIRQHandler
                0x00008c00       0x50 ./drivers/fsl_i2c.o
 .text.I2C_MasterInit
                0x00008c50       0xe8 ./drivers/fsl_i2c.o
                0x00008c50                I2C_MasterInit
 .text.I2C_MasterGetDefaultConfig
                0x00008d38       0x4c ./drivers/fsl_i2c.o
                0x00008d38                I2C_MasterGetDefaultConfig
 .text.I2C_EnableInterrupts
                0x00008d84       0x54 ./drivers/fsl_i2c.o
                0x00008d84                I2C_EnableInterrupts
 .text.I2C_DisableInterrupts
                0x00008dd8       0x48 ./drivers/fsl_i2c.o
                0x00008dd8                I2C_DisableInterrupts
 .text.I2C_MasterSetBaudRate
                0x00008e20       0xd8 ./drivers/fsl_i2c.o
                0x00008e20                I2C_MasterSetBaudRate
 .text.I2C_MasterStart
                0x00008ef8       0x64 ./drivers/fsl_i2c.o
                0x00008ef8                I2C_MasterStart
 .text.I2C_MasterRepeatedStart
                0x00008f5c       0x9c ./drivers/fsl_i2c.o
                0x00008f5c                I2C_MasterRepeatedStart
 .text.I2C_MasterStop
                0x00008ff8       0x58 ./drivers/fsl_i2c.o
                0x00008ff8                I2C_MasterStop
 .text.I2C_MasterGetStatusFlags
                0x00009050       0x4c ./drivers/fsl_i2c.o
                0x00009050                I2C_MasterGetStatusFlags
 .text.I2C_MasterTransferCreateHandle
                0x0000909c       0x84 ./drivers/fsl_i2c.o
                0x0000909c                I2C_MasterTransferCreateHandle
 .text.I2C_MasterTransferNonBlocking
                0x00009120       0x7c ./drivers/fsl_i2c.o
                0x00009120                I2C_MasterTransferNonBlocking
 .text.I2C_MasterTransferHandleIRQ
                0x0000919c       0xc0 ./drivers/fsl_i2c.o
                0x0000919c                I2C_MasterTransferHandleIRQ
 .text.I2C0_DriverIRQHandler
                0x0000925c       0x1c ./drivers/fsl_i2c.o
                0x0000925c                I2C0_DriverIRQHandler
 .text.I2C1_DriverIRQHandler
                0x00009278       0x1c ./drivers/fsl_i2c.o
                0x00009278                I2C1_DriverIRQHandler
 .text.I2C_RTOS_Callback
                0x00009294       0x48 ./drivers/fsl_i2c_freertos.o
 .text.I2C_RTOS_Init
                0x000092dc       0x9c ./drivers/fsl_i2c_freertos.o
                0x000092dc                I2C_RTOS_Init
 .text.I2C_RTOS_Transfer
                0x00009378       0x84 ./drivers/fsl_i2c_freertos.o
                0x00009378                I2C_RTOS_Transfer
 .text.CLOCK_EnableClock
                0x000093fc       0x34 ./drivers/fsl_lpuart.o
 .text.LPUART_GetInstance
                0x00009430       0x50 ./drivers/fsl_lpuart.o
                0x00009430                LPUART_GetInstance
 .text.LPUART_Init
                0x00009480      0x23c ./drivers/fsl_lpuart.o
                0x00009480                LPUART_Init
 .text.LPUART_GetDefaultConfig
                0x000096bc       0x5c ./drivers/fsl_lpuart.o
                0x000096bc                LPUART_GetDefaultConfig
 .text.LPUART_GetStatusFlags
                0x00009718       0x1c ./drivers/fsl_lpuart.o
                0x00009718                LPUART_GetStatusFlags
 .text.LPUART_ClearStatusFlags
                0x00009734       0x80 ./drivers/fsl_lpuart.o
                0x00009734                LPUART_ClearStatusFlags
 .text.LPUART_WriteBlocking
                0x000097b4       0x5c ./drivers/fsl_lpuart.o
                0x000097b4                LPUART_WriteBlocking
 .text.LPUART_ReadBlocking
                0x00009810       0xd0 ./drivers/fsl_lpuart.o
                0x00009810                LPUART_ReadBlocking
 .text.LPUART0_DriverIRQHandler
                0x000098e0       0x20 ./drivers/fsl_lpuart.o
                0x000098e0                LPUART0_DriverIRQHandler
 .text.NVIC_EnableIRQ
                0x00009900       0x30 ./drivers/fsl_uart.o
 .text.CLOCK_EnableClock
                0x00009930       0x34 ./drivers/fsl_uart.o
 .text.EnableIRQ
                0x00009964       0x28 ./drivers/fsl_uart.o
 .text.UART_GetInstance
                0x0000998c       0x60 ./drivers/fsl_uart.o
                0x0000998c                UART_GetInstance
 .text.UART_TransferGetRxRingBufferLength
                0x000099ec       0x6c ./drivers/fsl_uart.o
 .text.UART_TransferIsRxRingBufferFull
                0x00009a58       0x4c ./drivers/fsl_uart.o
 .text.UART_Init
                0x00009aa4      0x260 ./drivers/fsl_uart.o
                0x00009aa4                UART_Init
 .text.UART_GetDefaultConfig
                0x00009d04       0x54 ./drivers/fsl_uart.o
                0x00009d04                UART_GetDefaultConfig
 .text.UART_EnableInterrupts
                0x00009d58       0x70 ./drivers/fsl_uart.o
                0x00009d58                UART_EnableInterrupts
 .text.UART_DisableInterrupts
                0x00009dc8       0x80 ./drivers/fsl_uart.o
                0x00009dc8                UART_DisableInterrupts
 .text.UART_GetStatusFlags
                0x00009e48       0x48 ./drivers/fsl_uart.o
                0x00009e48                UART_GetStatusFlags
 .text.UART_ClearStatusFlags
                0x00009e90       0x8c ./drivers/fsl_uart.o
                0x00009e90                UART_ClearStatusFlags
 .text.UART_WriteBlocking
                0x00009f1c       0x40 ./drivers/fsl_uart.o
                0x00009f1c                UART_WriteBlocking
 .text.UART_WriteNonBlocking
                0x00009f5c       0x54 ./drivers/fsl_uart.o
 .text.UART_ReadBlocking
                0x00009fb0       0xa4 ./drivers/fsl_uart.o
                0x00009fb0                UART_ReadBlocking
 .text.UART_ReadNonBlocking
                0x0000a054       0x54 ./drivers/fsl_uart.o
 .text.UART_TransferCreateHandle
                0x0000a0a8       0x98 ./drivers/fsl_uart.o
                0x0000a0a8                UART_TransferCreateHandle
 .text.UART_TransferStartRingBuffer
                0x0000a140       0x88 ./drivers/fsl_uart.o
                0x0000a140                UART_TransferStartRingBuffer
 .text.UART_TransferSendNonBlocking
                0x0000a1c8       0xc4 ./drivers/fsl_uart.o
                0x0000a1c8                UART_TransferSendNonBlocking
 .text.UART_TransferReceiveNonBlocking
                0x0000a28c      0x1d8 ./drivers/fsl_uart.o
                0x0000a28c                UART_TransferReceiveNonBlocking
 .text.UART_TransferAbortReceive
                0x0000a464       0x6c ./drivers/fsl_uart.o
                0x0000a464                UART_TransferAbortReceive
 .text.UART_TransferHandleIRQ
                0x0000a4d0      0x3e4 ./drivers/fsl_uart.o
                0x0000a4d0                UART_TransferHandleIRQ
 .text.UART0_DriverIRQHandler
                0x0000a8b4       0x20 ./drivers/fsl_uart.o
                0x0000a8b4                UART0_DriverIRQHandler
 .text.UART0_RX_TX_DriverIRQHandler
                0x0000a8d4        0xc ./drivers/fsl_uart.o
                0x0000a8d4                UART0_RX_TX_DriverIRQHandler
 .text.UART1_DriverIRQHandler
                0x0000a8e0       0x20 ./drivers/fsl_uart.o
                0x0000a8e0                UART1_DriverIRQHandler
 .text.UART1_RX_TX_DriverIRQHandler
                0x0000a900        0xc ./drivers/fsl_uart.o
                0x0000a900                UART1_RX_TX_DriverIRQHandler
 .text.UART2_DriverIRQHandler
                0x0000a90c       0x20 ./drivers/fsl_uart.o
                0x0000a90c                UART2_DriverIRQHandler
 .text.UART2_RX_TX_DriverIRQHandler
                0x0000a92c        0xc ./drivers/fsl_uart.o
                0x0000a92c                UART2_RX_TX_DriverIRQHandler
 .text.UART_EnableTx
                0x0000a938       0x40 ./drivers/fsl_uart_freertos.o
 .text.UART_EnableRx
                0x0000a978       0x40 ./drivers/fsl_uart_freertos.o
 .text.UART_RTOS_Callback
                0x0000a9b8       0xc4 ./drivers/fsl_uart_freertos.o
 .text.UART_RTOS_Init
                0x0000aa7c      0x170 ./drivers/fsl_uart_freertos.o
                0x0000aa7c                UART_RTOS_Init
 .text.UART_RTOS_Send
                0x0000abec       0xb8 ./drivers/fsl_uart_freertos.o
                0x0000abec                UART_RTOS_Send
 .text.UART_RTOS_Receive
                0x0000aca4      0x144 ./drivers/fsl_uart_freertos.o
                0x0000aca4                UART_RTOS_Receive
 .text.SystemInit
                0x0000ade8       0x3c ./devices/system_MK22F51212.o
                0x0000ade8                SystemInit
 .text.__errno  0x0000ae24        0xc c:/freescale/kds_v3/toolchain/bin/../lib/gcc/arm-none-eabi/4.8.4/../../../../arm-none-eabi/lib/armv7e-m/fpu\libg_s.a(lib_a-errno.o)
                0x0000ae24                __errno
 .text.exit     0x0000ae30       0x28 c:/freescale/kds_v3/toolchain/bin/../lib/gcc/arm-none-eabi/4.8.4/../../../../arm-none-eabi/lib/armv7e-m/fpu\libg_s.a(lib_a-exit.o)
                0x0000ae30                exit
 .text.__libc_init_array
                0x0000ae58       0x4c c:/freescale/kds_v3/toolchain/bin/../lib/gcc/arm-none-eabi/4.8.4/../../../../arm-none-eabi/lib/armv7e-m/fpu\libg_s.a(lib_a-init.o)
                0x0000ae58                __libc_init_array
 .text.memcpy   0x0000aea4       0x12 c:/freescale/kds_v3/toolchain/bin/../lib/gcc/arm-none-eabi/4.8.4/../../../../arm-none-eabi/lib/armv7e-m/fpu\libg_s.a(lib_a-memcpy-stub.o)
                0x0000aea4                memcpy
 .text.memset   0x0000aeb6       0x10 c:/freescale/kds_v3/toolchain/bin/../lib/gcc/arm-none-eabi/4.8.4/../../../../arm-none-eabi/lib/armv7e-m/fpu\libg_s.a(lib_a-memset.o)
                0x0000aeb6                memset
 *fill*         0x0000aec6        0x2 
 .text.modf     0x0000aec8       0x88 c:/freescale/kds_v3/toolchain/bin/../lib/gcc/arm-none-eabi/4.8.4/../../../../arm-none-eabi/lib/armv7e-m/fpu\libg_s.a(lib_a-s_modf.o)
                0x0000aec8                modf
 .text.sprintf  0x0000af50       0x48 c:/freescale/kds_v3/toolchain/bin/../lib/gcc/arm-none-eabi/4.8.4/../../../../arm-none-eabi/lib/armv7e-m/fpu\libg_s.a(lib_a-sprintf.o)
                0x0000af50                siprintf
                0x0000af50                sprintf
 .text.strcpy   0x0000af98       0x10 c:/freescale/kds_v3/toolchain/bin/../lib/gcc/arm-none-eabi/4.8.4/../../../../arm-none-eabi/lib/armv7e-m/fpu\libg_s.a(lib_a-strcpy.o)
                0x0000af98                strcpy
 .text.strlen   0x0000afa8       0x10 c:/freescale/kds_v3/toolchain/bin/../lib/gcc/arm-none-eabi/4.8.4/../../../../arm-none-eabi/lib/armv7e-m/fpu\libg_s.a(lib_a-strlen.o)
                0x0000afa8                strlen
 .text.strncmp  0x0000afb8       0x2e c:/freescale/kds_v3/toolchain/bin/../lib/gcc/arm-none-eabi/4.8.4/../../../../arm-none-eabi/lib/armv7e-m/fpu\libg_s.a(lib_a-strncmp.o)
                0x0000afb8                strncmp
 .text.__ssputs_r
                0x0000afe6       0xb8 c:/freescale/kds_v3/toolchain/bin/../lib/gcc/arm-none-eabi/4.8.4/../../../../arm-none-eabi/lib/armv7e-m/fpu\libg_s.a(lib_a-svfprintf.o)
                0x0000afe6                __ssputs_r
 *fill*         0x0000b09e        0x2 
 .text._svfprintf_r
                0x0000b0a0      0x1dc c:/freescale/kds_v3/toolchain/bin/../lib/gcc/arm-none-eabi/4.8.4/../../../../arm-none-eabi/lib/armv7e-m/fpu\libg_s.a(lib_a-svfprintf.o)
                0x0000b0a0                _svfiprintf_r
                0x0000b0a0                _svfprintf_r
 .text.__cvt    0x0000b27c       0xc0 c:/freescale/kds_v3/toolchain/bin/../lib/gcc/arm-none-eabi/4.8.4/../../../../arm-none-eabi/lib/armv7e-m/fpu\libg_s.a(lib_a-vfprintf_float.o)
                0x0000b27c                __cvt
 .text.__exponent
                0x0000b33c       0x66 c:/freescale/kds_v3/toolchain/bin/../lib/gcc/arm-none-eabi/4.8.4/../../../../arm-none-eabi/lib/armv7e-m/fpu\libg_s.a(lib_a-vfprintf_float.o)
                0x0000b33c                __exponent
 *fill*         0x0000b3a2        0x2 
 .text._printf_float
                0x0000b3a4      0x420 c:/freescale/kds_v3/toolchain/bin/../lib/gcc/arm-none-eabi/4.8.4/../../../../arm-none-eabi/lib/armv7e-m/fpu\libg_s.a(lib_a-vfprintf_float.o)
                0x0000b3a4                _printf_float
 .text._printf_common
                0x0000b7c4       0xe4 c:/freescale/kds_v3/toolchain/bin/../lib/gcc/arm-none-eabi/4.8.4/../../../../arm-none-eabi/lib/armv7e-m/fpu\libg_s.a(lib_a-vfprintf_i.o)
                0x0000b7c4                _printf_common
 .text._printf_i
                0x0000b8a8      0x228 c:/freescale/kds_v3/toolchain/bin/../lib/gcc/arm-none-eabi/4.8.4/../../../../arm-none-eabi/lib/armv7e-m/fpu\libg_s.a(lib_a-vfprintf_i.o)
                0x0000b8a8                _printf_i
 .text.quorem   0x0000bad0      0x11a c:/freescale/kds_v3/toolchain/bin/../lib/gcc/arm-none-eabi/4.8.4/../../../../arm-none-eabi/lib/armv7e-m/fpu\libg_s.a(lib_a-dtoa.o)
 *fill*         0x0000bbea        0x6 
 .text._dtoa_r  0x0000bbf0      0xb70 c:/freescale/kds_v3/toolchain/bin/../lib/gcc/arm-none-eabi/4.8.4/../../../../arm-none-eabi/lib/armv7e-m/fpu\libg_s.a(lib_a-dtoa.o)
                0x0000bbf0                _dtoa_r
 .text._localeconv_r
                0x0000c760        0x8 c:/freescale/kds_v3/toolchain/bin/../lib/gcc/arm-none-eabi/4.8.4/../../../../arm-none-eabi/lib/armv7e-m/fpu\libg_s.a(lib_a-locale.o)
                0x0000c760                _localeconv_r
 .text.malloc   0x0000c768       0x10 c:/freescale/kds_v3/toolchain/bin/../lib/gcc/arm-none-eabi/4.8.4/../../../../arm-none-eabi/lib/armv7e-m/fpu\libg_s.a(lib_a-malloc.o)
                0x0000c768                malloc
 .text.memchr   0x0000c778       0x1e c:/freescale/kds_v3/toolchain/bin/../lib/gcc/arm-none-eabi/4.8.4/../../../../arm-none-eabi/lib/armv7e-m/fpu\libg_s.a(lib_a-memchr-stub.o)
                0x0000c778                memchr
 .text.memmove  0x0000c796       0x36 c:/freescale/kds_v3/toolchain/bin/../lib/gcc/arm-none-eabi/4.8.4/../../../../arm-none-eabi/lib/armv7e-m/fpu\libg_s.a(lib_a-memmove.o)
                0x0000c796                memmove
 .text._Balloc  0x0000c7cc       0x6a c:/freescale/kds_v3/toolchain/bin/../lib/gcc/arm-none-eabi/4.8.4/../../../../arm-none-eabi/lib/armv7e-m/fpu\libg_s.a(lib_a-mprec.o)
                0x0000c7cc                _Balloc
 .text._Bfree   0x0000c836       0x2e c:/freescale/kds_v3/toolchain/bin/../lib/gcc/arm-none-eabi/4.8.4/../../../../arm-none-eabi/lib/armv7e-m/fpu\libg_s.a(lib_a-mprec.o)
                0x0000c836                _Bfree
 .text.__multadd
                0x0000c864       0x74 c:/freescale/kds_v3/toolchain/bin/../lib/gcc/arm-none-eabi/4.8.4/../../../../arm-none-eabi/lib/armv7e-m/fpu\libg_s.a(lib_a-mprec.o)
                0x0000c864                __multadd
 .text.__hi0bits
                0x0000c8d8       0x40 c:/freescale/kds_v3/toolchain/bin/../lib/gcc/arm-none-eabi/4.8.4/../../../../arm-none-eabi/lib/armv7e-m/fpu\libg_s.a(lib_a-mprec.o)
                0x0000c8d8                __hi0bits
 .text.__lo0bits
                0x0000c918       0x5a c:/freescale/kds_v3/toolchain/bin/../lib/gcc/arm-none-eabi/4.8.4/../../../../arm-none-eabi/lib/armv7e-m/fpu\libg_s.a(lib_a-mprec.o)
                0x0000c918                __lo0bits
 .text.__i2b    0x0000c972       0x12 c:/freescale/kds_v3/toolchain/bin/../lib/gcc/arm-none-eabi/4.8.4/../../../../arm-none-eabi/lib/armv7e-m/fpu\libg_s.a(lib_a-mprec.o)
                0x0000c972                __i2b
 .text.__multiply
                0x0000c984      0x130 c:/freescale/kds_v3/toolchain/bin/../lib/gcc/arm-none-eabi/4.8.4/../../../../arm-none-eabi/lib/armv7e-m/fpu\libg_s.a(lib_a-mprec.o)
                0x0000c984                __multiply
 .text.__pow5mult
                0x0000cab4       0x9c c:/freescale/kds_v3/toolchain/bin/../lib/gcc/arm-none-eabi/4.8.4/../../../../arm-none-eabi/lib/armv7e-m/fpu\libg_s.a(lib_a-mprec.o)
                0x0000cab4                __pow5mult
 .text.__lshift
                0x0000cb50       0xa6 c:/freescale/kds_v3/toolchain/bin/../lib/gcc/arm-none-eabi/4.8.4/../../../../arm-none-eabi/lib/armv7e-m/fpu\libg_s.a(lib_a-mprec.o)
                0x0000cb50                __lshift
 .text.__mcmp   0x0000cbf6       0x3a c:/freescale/kds_v3/toolchain/bin/../lib/gcc/arm-none-eabi/4.8.4/../../../../arm-none-eabi/lib/armv7e-m/fpu\libg_s.a(lib_a-mprec.o)
                0x0000cbf6                __mcmp
 .text.__mdiff  0x0000cc30       0xbc c:/freescale/kds_v3/toolchain/bin/../lib/gcc/arm-none-eabi/4.8.4/../../../../arm-none-eabi/lib/armv7e-m/fpu\libg_s.a(lib_a-mprec.o)
                0x0000cc30                __mdiff
 .text.__d2b    0x0000ccec       0xa0 c:/freescale/kds_v3/toolchain/bin/../lib/gcc/arm-none-eabi/4.8.4/../../../../arm-none-eabi/lib/armv7e-m/fpu\libg_s.a(lib_a-mprec.o)
                0x0000ccec                __d2b
 .text._calloc_r
                0x0000cd8c       0x1c c:/freescale/kds_v3/toolchain/bin/../lib/gcc/arm-none-eabi/4.8.4/../../../../arm-none-eabi/lib/armv7e-m/fpu\libg_s.a(lib_a-nano-callocr.o)
                0x0000cd8c                _calloc_r
 .text._free_r  0x0000cda8       0x88 c:/freescale/kds_v3/toolchain/bin/../lib/gcc/arm-none-eabi/4.8.4/../../../../arm-none-eabi/lib/armv7e-m/fpu\libg_s.a(lib_a-nano-freer.o)
                0x0000cda8                _free_r
 .text._malloc_r
                0x0000ce30       0xa8 c:/freescale/kds_v3/toolchain/bin/../lib/gcc/arm-none-eabi/4.8.4/../../../../arm-none-eabi/lib/armv7e-m/fpu\libg_s.a(lib_a-nano-mallocr.o)
                0x0000ce30                _malloc_r
 .text._realloc_r
                0x0000ced8       0x4c c:/freescale/kds_v3/toolchain/bin/../lib/gcc/arm-none-eabi/4.8.4/../../../../arm-none-eabi/lib/armv7e-m/fpu\libg_s.a(lib_a-nano-reallocr.o)
                0x0000ced8                _realloc_r
 .text.__fpclassifyd
                0x0000cf24       0x48 c:/freescale/kds_v3/toolchain/bin/../lib/gcc/arm-none-eabi/4.8.4/../../../../arm-none-eabi/lib/armv7e-m/fpu\libg_s.a(lib_a-s_fpclassify.o)
                0x0000cf24                __fpclassifyd
 .text._sbrk_r  0x0000cf6c       0x20 c:/freescale/kds_v3/toolchain/bin/../lib/gcc/arm-none-eabi/4.8.4/../../../../arm-none-eabi/lib/armv7e-m/fpu\libg_s.a(lib_a-sbrkr.o)
                0x0000cf6c                _sbrk_r
 .text._malloc_usable_size_r
                0x0000cf8c       0x12 c:/freescale/kds_v3/toolchain/bin/../lib/gcc/arm-none-eabi/4.8.4/../../../../arm-none-eabi/lib/armv7e-m/fpu\libg_s.a(lib_a-nano-msizer.o)
                0x0000cf8c                _malloc_usable_size_r
 *fill*         0x0000cf9e        0x2 
 .text._exit    0x0000cfa0        0x4 c:/freescale/kds_v3/toolchain/bin/../lib/gcc/arm-none-eabi/4.8.4/../../../../arm-none-eabi/lib/armv7e-m/fpu\libnosys.a(_exit.o)
                0x0000cfa0                _exit
 .text.pow      0x0000cfa4      0x340 c:/freescale/kds_v3/toolchain/bin/../lib/gcc/arm-none-eabi/4.8.4/../../../../arm-none-eabi/lib/armv7e-m/fpu\libm.a(lib_a-w_pow.o)
                0x0000cfa4                pow
 *fill*         0x0000d2e4        0x4 
 .text.__ieee754_pow
                0x0000d2e8      0xae8 c:/freescale/kds_v3/toolchain/bin/../lib/gcc/arm-none-eabi/4.8.4/../../../../arm-none-eabi/lib/armv7e-m/fpu\libm.a(lib_a-e_pow.o)
                0x0000d2e8                __ieee754_pow
 .text.__ieee754_sqrt
                0x0000ddd0      0x198 c:/freescale/kds_v3/toolchain/bin/../lib/gcc/arm-none-eabi/4.8.4/../../../../arm-none-eabi/lib/armv7e-m/fpu\libm.a(lib_a-e_sqrt.o)
                0x0000ddd0                __ieee754_sqrt
 .text.fabs     0x0000df68       0x14 c:/freescale/kds_v3/toolchain/bin/../lib/gcc/arm-none-eabi/4.8.4/../../../../arm-none-eabi/lib/armv7e-m/fpu\libm.a(lib_a-s_fabs.o)
                0x0000df68                fabs
 .text.finite   0x0000df7c       0x10 c:/freescale/kds_v3/toolchain/bin/../lib/gcc/arm-none-eabi/4.8.4/../../../../arm-none-eabi/lib/armv7e-m/fpu\libm.a(lib_a-s_finite.o)
                0x0000df7c                finite
 .text.matherr  0x0000df8c        0x4 c:/freescale/kds_v3/toolchain/bin/../lib/gcc/arm-none-eabi/4.8.4/../../../../arm-none-eabi/lib/armv7e-m/fpu\libm.a(lib_a-s_matherr.o)
                0x0000df8c                matherr
 .text.nan      0x0000df90       0x10 c:/freescale/kds_v3/toolchain/bin/../lib/gcc/arm-none-eabi/4.8.4/../../../../arm-none-eabi/lib/armv7e-m/fpu\libm.a(lib_a-s_nan.o)
                0x0000df90                nan
 .text.rint     0x0000dfa0      0x120 c:/freescale/kds_v3/toolchain/bin/../lib/gcc/arm-none-eabi/4.8.4/../../../../arm-none-eabi/lib/armv7e-m/fpu\libm.a(lib_a-s_rint.o)
                0x0000dfa0                rint
 .text.scalbn   0x0000e0c0      0x120 c:/freescale/kds_v3/toolchain/bin/../lib/gcc/arm-none-eabi/4.8.4/../../../../arm-none-eabi/lib/armv7e-m/fpu\libm.a(lib_a-s_scalbn.o)
                0x0000e0c0                scalbn
 .text.copysign
                0x0000e1e0       0x24 c:/freescale/kds_v3/toolchain/bin/../lib/gcc/arm-none-eabi/4.8.4/../../../../arm-none-eabi/lib/armv7e-m/fpu\libm.a(lib_a-s_copysign.o)
                0x0000e1e0                copysign
 *(.rodata)
 .rodata        0x0000e204       0x54 ./sources/IOT_Commands.o
 .rodata        0x0000e258       0x80 ./sources/PID_Controller.o
 .rodata        0x0000e2d8       0xf4 ./sources/SI7021.o
 .rodata        0x0000e3cc      0x30c ./sources/freertos_i2c.o
 .rodata        0x0000e6d8       0x20 ./sources/pin_mux.o
 .rodata        0x0000e6f8       0x18 ./freertos/Source/tasks.o
                0x0000e700                FreeRTOSDebugConfig
 .rodata        0x0000e710       0x10 ./freertos/Source/timers.o
 .rodata        0x0000e720       0xa0 ./drivers/fsl_adc16.o
 .rodata        0x0000e7c0       0x48 ./drivers/fsl_clock.o
 .rodata        0x0000e808       0x40 ./drivers/fsl_common.o
 .rodata        0x0000e848       0xe4 ./drivers/fsl_ftm.o
 .rodata        0x0000e92c       0x44 ./drivers/fsl_gpio.o
 .rodata        0x0000e970       0xc8 ./drivers/fsl_i2c.o
 .rodata        0x0000ea38       0xb8 ./drivers/fsl_lpuart.o
 .rodata        0x0000eaf0      0x12c ./drivers/fsl_uart.o
 *(.rodata*)
 .rodata.mcgConfig_BOARD_BootClockRUN
                0x0000ec1c        0xc ./sources/clock_config.o
                0x0000ec1c                mcgConfig_BOARD_BootClockRUN
 .rodata.simConfig_BOARD_BootClockRUN
                0x0000ec28        0x8 ./sources/clock_config.o
                0x0000ec28                simConfig_BOARD_BootClockRUN
 .rodata.oscConfig_BOARD_BootClockRUN
                0x0000ec30        0x8 ./sources/clock_config.o
                0x0000ec30                oscConfig_BOARD_BootClockRUN
 .rodata.__func__.7277
                0x0000ec38       0x20 ./sources/freertos_i2c.o
 .rodata.__func__.6107
                0x0000ec58       0x14 ./sources/pin_mux.o
 .rodata.s_adc16Bases
                0x0000ec6c        0x8 ./drivers/fsl_adc16.o
 .rodata.s_adc16Clocks
                0x0000ec74        0x8 ./drivers/fsl_adc16.o
 .rodata.__func__.6172
                0x0000ec7c       0x14 ./drivers/fsl_adc16.o
 .rodata.__func__.6177
                0x0000ec90        0xc ./drivers/fsl_adc16.o
 .rodata.__func__.6185
                0x0000ec9c       0x18 ./drivers/fsl_adc16.o
 .rodata.__func__.6228
                0x0000ecb4       0x18 ./drivers/fsl_adc16.o
 .rodata.__func__.6234
                0x0000eccc       0x1c ./drivers/fsl_adc16.o
 .rodata.__func__.6069
                0x0000ece8       0x18 ./drivers/fsl_clock.o
 .rodata.__func__.6107
                0x0000ed00       0x1c ./drivers/fsl_clock.o
 .rodata.__func__.6111
                0x0000ed1c       0x1c ./drivers/fsl_clock.o
 .rodata.__func__.6119
                0x0000ed38       0x18 ./drivers/fsl_clock.o
 .rodata.fllFactorTable.6198
                0x0000ed50       0x10 ./drivers/fsl_clock.o
 .rodata.__func__.6213
                0x0000ed60       0x14 ./drivers/fsl_clock.o
 .rodata.__func__.6258
                0x0000ed74       0x14 ./drivers/fsl_clock.o
 .rodata.__func__.6400
                0x0000ed88       0x14 ./drivers/fsl_clock.o
 .rodata.__func__.6467
                0x0000ed9c       0x14 ./drivers/fsl_clock.o
 .rodata.s_ftmBases
                0x0000edb0       0x10 ./drivers/fsl_ftm.o
 .rodata.s_ftmClocks
                0x0000edc0       0x10 ./drivers/fsl_ftm.o
 .rodata.__func__.6364
                0x0000edd0       0x10 ./drivers/fsl_ftm.o
 .rodata.__func__.6388
                0x0000ede0        0xc ./drivers/fsl_ftm.o
 .rodata.__func__.6396
                0x0000edec       0x18 ./drivers/fsl_ftm.o
 .rodata.__func__.6405
                0x0000ee04       0x10 ./drivers/fsl_ftm.o
 .rodata.__func__.6088
                0x0000ee14       0x10 ./drivers/fsl_gpio.o
 .rodata.s_i2cDividerTable
                0x0000ee24       0x80 ./drivers/fsl_i2c.o
 .rodata.s_i2cBases
                0x0000eea4        0x8 ./drivers/fsl_i2c.o
 .rodata.s_i2cIrqs
                0x0000eeac        0x4 ./drivers/fsl_i2c.o
 .rodata.s_i2cClocks
                0x0000eeb0        0x8 ./drivers/fsl_i2c.o
 .rodata.__func__.6298
                0x0000eeb8       0x10 ./drivers/fsl_i2c.o
 .rodata.__func__.6354
                0x0000eec8       0x10 ./drivers/fsl_i2c.o
 .rodata.__func__.6362
                0x0000eed8       0x1c ./drivers/fsl_i2c.o
 .rodata.__func__.6483
                0x0000eef4       0x20 ./drivers/fsl_i2c.o
 .rodata.__func__.6490
                0x0000ef14       0x20 ./drivers/fsl_i2c.o
 .rodata.__func__.6514
                0x0000ef34       0x1c ./drivers/fsl_i2c.o
 .rodata.__func__.6258
                0x0000ef50       0x14 ./drivers/fsl_lpuart.o
 .rodata.__func__.6296
                0x0000ef64        0xc ./drivers/fsl_lpuart.o
 .rodata.__func__.6320
                0x0000ef70       0x18 ./drivers/fsl_lpuart.o
 .rodata.__func__.6366
                0x0000ef88       0x18 ./drivers/fsl_lpuart.o
 .rodata.__func__.6378
                0x0000efa0       0x14 ./drivers/fsl_lpuart.o
 .rodata.s_uartBases
                0x0000efb4        0xc ./drivers/fsl_uart.o
 .rodata.s_uartIRQ
                0x0000efc0        0x4 ./drivers/fsl_uart.o
 .rodata.s_uartClock
                0x0000efc4        0xc ./drivers/fsl_uart.o
 .rodata.__func__.6262
                0x0000efd0       0x14 ./drivers/fsl_uart.o
 .rodata.__func__.6266
                0x0000efe4       0x24 ./drivers/fsl_uart.o
 .rodata.__func__.6271
                0x0000f008       0x20 ./drivers/fsl_uart.o
 .rodata.__func__.6278
                0x0000f028        0xc ./drivers/fsl_uart.o
 .rodata.__func__.6296
                0x0000f034       0x18 ./drivers/fsl_uart.o
 .rodata.__func__.6346
                0x0000f04c       0x18 ./drivers/fsl_uart.o
 .rodata.__func__.6356
                0x0000f064       0x14 ./drivers/fsl_uart.o
 .rodata.__func__.6369
                0x0000f078       0x18 ./drivers/fsl_uart.o
 .rodata.__func__.6380
                0x0000f090       0x1c ./drivers/fsl_uart.o
 .rodata.__func__.6388
                0x0000f0ac       0x20 ./drivers/fsl_uart.o
 .rodata.__func__.6399
                0x0000f0cc       0x20 ./drivers/fsl_uart.o
 .rodata.__func__.6418
                0x0000f0ec       0x20 ./drivers/fsl_uart.o
 .rodata.__func__.6431
                0x0000f10c       0x1c ./drivers/fsl_uart.o
 .rodata.__func__.6442
                0x0000f128       0x18 ./drivers/fsl_uart.o
 .rodata.str1.1
                0x0000f140        0x2 c:/freescale/kds_v3/toolchain/bin/../lib/gcc/arm-none-eabi/4.8.4/../../../../arm-none-eabi/lib/armv7e-m/fpu\libg_s.a(lib_a-impure.o)
 *fill*         0x0000f142        0x2 
 .rodata._global_impure_ptr
                0x0000f144        0x4 c:/freescale/kds_v3/toolchain/bin/../lib/gcc/arm-none-eabi/4.8.4/../../../../arm-none-eabi/lib/armv7e-m/fpu\libg_s.a(lib_a-impure.o)
                0x0000f144                _global_impure_ptr
 .rodata.str1.1
                0x0000f148       0x11 c:/freescale/kds_v3/toolchain/bin/../lib/gcc/arm-none-eabi/4.8.4/../../../../arm-none-eabi/lib/armv7e-m/fpu\libg_s.a(lib_a-svfprintf.o)
 .rodata.str1.1
                0x0000f159       0x12 c:/freescale/kds_v3/toolchain/bin/../lib/gcc/arm-none-eabi/4.8.4/../../../../arm-none-eabi/lib/armv7e-m/fpu\libg_s.a(lib_a-vfprintf_float.o)
 .rodata.str1.1
                0x0000f16b       0x22 c:/freescale/kds_v3/toolchain/bin/../lib/gcc/arm-none-eabi/4.8.4/../../../../arm-none-eabi/lib/armv7e-m/fpu\libg_s.a(lib_a-vfprintf_i.o)
 .rodata.str1.1
                0x0000f18d        0xd c:/freescale/kds_v3/toolchain/bin/../lib/gcc/arm-none-eabi/4.8.4/../../../../arm-none-eabi/lib/armv7e-m/fpu\libg_s.a(lib_a-dtoa.o)
                                  0xf (size before relaxing)
 .rodata.str1.1
                0x0000f19a        0x8 c:/freescale/kds_v3/toolchain/bin/../lib/gcc/arm-none-eabi/4.8.4/../../../../arm-none-eabi/lib/armv7e-m/fpu\libg_s.a(lib_a-locale.o)
                                  0xb (size before relaxing)
 *fill*         0x0000f1a2        0x6 
 .rodata.__mprec_tens
                0x0000f1a8       0xc8 c:/freescale/kds_v3/toolchain/bin/../lib/gcc/arm-none-eabi/4.8.4/../../../../arm-none-eabi/lib/armv7e-m/fpu\libg_s.a(lib_a-mprec.o)
                0x0000f1a8                __mprec_tens
 .rodata.__mprec_bigtens
                0x0000f270       0x28 c:/freescale/kds_v3/toolchain/bin/../lib/gcc/arm-none-eabi/4.8.4/../../../../arm-none-eabi/lib/armv7e-m/fpu\libg_s.a(lib_a-mprec.o)
                0x0000f270                __mprec_bigtens
 .rodata.p05.5281
                0x0000f298        0xc c:/freescale/kds_v3/toolchain/bin/../lib/gcc/arm-none-eabi/4.8.4/../../../../arm-none-eabi/lib/armv7e-m/fpu\libg_s.a(lib_a-mprec.o)
 .rodata.str1.4
                0x0000f2a4        0x4 c:/freescale/kds_v3/toolchain/bin/../lib/gcc/arm-none-eabi/4.8.4/../../../../arm-none-eabi/lib/armv7e-m/fpu\libm.a(lib_a-w_pow.o)
 .rodata.dp_h   0x0000f2a8       0x10 c:/freescale/kds_v3/toolchain/bin/../lib/gcc/arm-none-eabi/4.8.4/../../../../arm-none-eabi/lib/armv7e-m/fpu\libm.a(lib_a-e_pow.o)
 .rodata.dp_l   0x0000f2b8       0x10 c:/freescale/kds_v3/toolchain/bin/../lib/gcc/arm-none-eabi/4.8.4/../../../../arm-none-eabi/lib/armv7e-m/fpu\libm.a(lib_a-e_pow.o)
 .rodata.bp     0x0000f2c8       0x10 c:/freescale/kds_v3/toolchain/bin/../lib/gcc/arm-none-eabi/4.8.4/../../../../arm-none-eabi/lib/armv7e-m/fpu\libm.a(lib_a-e_pow.o)
 .rodata.str1.4
                0x0000f2d8        0x4 c:/freescale/kds_v3/toolchain/bin/../lib/gcc/arm-none-eabi/4.8.4/../../../../arm-none-eabi/lib/armv7e-m/fpu\libm.a(lib_a-e_pow.o)
 *fill*         0x0000f2dc        0x4 
 .rodata.TWO52  0x0000f2e0       0x10 c:/freescale/kds_v3/toolchain/bin/../lib/gcc/arm-none-eabi/4.8.4/../../../../arm-none-eabi/lib/armv7e-m/fpu\libm.a(lib_a-s_rint.o)
 *(.glue_7)
 .glue_7        0x00000000        0x0 linker stubs
 *(.glue_7t)
 .glue_7t       0x00000000        0x0 linker stubs
 *(.eh_frame)
 .eh_frame      0x0000f2f0        0x0 c:/freescale/kds_v3/toolchain/bin/../lib/gcc/arm-none-eabi/4.8.4/armv7e-m/fpu/crtbegin.o
 *(.init)
 .init          0x0000f2f0        0x4 c:/freescale/kds_v3/toolchain/bin/../lib/gcc/arm-none-eabi/4.8.4/armv7e-m/fpu/crti.o
                0x0000f2f0                _init
 .init          0x0000f2f4        0x8 c:/freescale/kds_v3/toolchain/bin/../lib/gcc/arm-none-eabi/4.8.4/armv7e-m/fpu/crtn.o
 *(.fini)
 .fini          0x0000f2fc        0x4 c:/freescale/kds_v3/toolchain/bin/../lib/gcc/arm-none-eabi/4.8.4/armv7e-m/fpu/crti.o
                0x0000f2fc                _fini
 .fini          0x0000f300        0x8 c:/freescale/kds_v3/toolchain/bin/../lib/gcc/arm-none-eabi/4.8.4/armv7e-m/fpu/crtn.o
                0x0000f308                . = ALIGN (0x4)

.vfp11_veneer   0x0000f308        0x0
 .vfp11_veneer  0x00000000        0x0 linker stubs

.v4_bx          0x0000f308        0x0
 .v4_bx         0x00000000        0x0 linker stubs

.iplt           0x0000f308        0x0
 .iplt          0x00000000        0x0 c:/freescale/kds_v3/toolchain/bin/../lib/gcc/arm-none-eabi/4.8.4/armv7e-m/fpu/crtbegin.o

.ARM.extab
 *(.ARM.extab* .gnu.linkonce.armextab.*)

.ARM            0x0000f308        0x8
                0x0000f308                __exidx_start = .
 *(.ARM.exidx*)
 .ARM.exidx     0x0000f308        0x8 c:/freescale/kds_v3/toolchain/bin/../lib/gcc/arm-none-eabi/4.8.4/../../../../arm-none-eabi/lib/armv7e-m/fpu/crt0.o
 .ARM.exidx     0x0000f310        0x0 c:/freescale/kds_v3/toolchain/bin/../lib/gcc/arm-none-eabi/4.8.4/armv7e-m/fpu\libgcc.a(_divdi3.o)
                                  0x8 (size before relaxing)
 .ARM.exidx     0x0000f310        0x0 c:/freescale/kds_v3/toolchain/bin/../lib/gcc/arm-none-eabi/4.8.4/armv7e-m/fpu\libgcc.a(_udivdi3.o)
                                  0x8 (size before relaxing)
                0x0000f310                __exidx_end = .

.rel.dyn        0x0000f310        0x0
 .rel.iplt      0x00000000        0x0 c:/freescale/kds_v3/toolchain/bin/../lib/gcc/arm-none-eabi/4.8.4/armv7e-m/fpu/crtbegin.o

.ctors          0x0000f310        0x0
                0x0000f310                __CTOR_LIST__ = .
 *crtbegin.o(.ctors)
 *crtbegin?.o(.ctors)
 *(EXCLUDE_FILE(*crtend.o *crtend?.o) .ctors)
 *(SORT(.ctors.*))
 *(.ctors)
                0x0000f310                __CTOR_END__ = .

.dtors          0x0000f310        0x0
                0x0000f310                __DTOR_LIST__ = .
 *crtbegin.o(.dtors)
 *crtbegin?.o(.dtors)
 *(EXCLUDE_FILE(*crtend.o *crtend?.o) .dtors)
 *(SORT(.dtors.*))
 *(.dtors)
                0x0000f310                __DTOR_END__ = .

.preinit_array  0x0000f310        0x0
                0x0000f310                PROVIDE (__preinit_array_start, .)
 *(.preinit_array*)
                0x0000f310                PROVIDE (__preinit_array_end, .)

.init_array     0x0000f310        0x4
                0x0000f310                PROVIDE (__init_array_start, .)
 *(SORT(.init_array.*))
 *(.init_array*)
 .init_array    0x0000f310        0x4 c:/freescale/kds_v3/toolchain/bin/../lib/gcc/arm-none-eabi/4.8.4/armv7e-m/fpu/crtbegin.o
                0x0000f314                PROVIDE (__init_array_end, .)

.fini_array     0x0000f314        0x4
                0x0000f314                PROVIDE (__fini_array_start, .)
 *(SORT(.fini_array.*))
 *(.fini_array*)
 .fini_array    0x0000f314        0x4 c:/freescale/kds_v3/toolchain/bin/../lib/gcc/arm-none-eabi/4.8.4/armv7e-m/fpu/crtbegin.o
                0x0000f318                PROVIDE (__fini_array_end, .)
                0x0000f318                __etext = .
                0x0000f318                __DATA_ROM = .

.interrupts_ram
                0x1fff0000        0x0
                0x1fff0000                . = ALIGN (0x4)
                0x1fff0000                __VECTOR_RAM__ = .
                0x1fff0000                __interrupts_ram_start__ = .
 *(.m_interrupts_ram)
                0x1fff0000                . = (. + M_VECTOR_RAM_SIZE)
                0x1fff0000                . = ALIGN (0x4)
                0x1fff0000                __interrupts_ram_end__ = .
                0x00000000                __VECTOR_RAM = DEFINED (__ram_vector_table__)?__VECTOR_RAM__:ORIGIN (m_interrupts)
                0x00000000                __RAM_VECTOR_TABLE_SIZE_BYTES = DEFINED (__ram_vector_table__)?(__interrupts_ram_end__ - __interrupts_ram_start__):0x0

.data           0x1fff0000       0xf4 load address 0x0000f318
                0x1fff0000                . = ALIGN (0x4)
                0x1fff0000                __DATA_RAM = .
                0x1fff0000                __data_start__ = .
 *(.data)
 *(.data*)
 .data.uart_config
                0x1fff0000       0x18 ./sources/IOT_Commands.o
                0x1fff0000                uart_config
 .data.fanControl
                0x1fff0018        0x1 ./sources/IOT_Commands.o
                0x1fff0018                fanControl
 *fill*         0x1fff0019        0x3 
 .data.Kp       0x1fff001c        0x4 ./sources/PID_Controller.o
                0x1fff001c                Kp
 .data.Ki       0x1fff0020        0x4 ./sources/PID_Controller.o
                0x1fff0020                Ki
 .data.Kd       0x1fff0024        0x4 ./sources/PID_Controller.o
                0x1fff0024                Kd
 .data.target_temp
                0x1fff0028        0x4 ./sources/PID_Controller.o
                0x1fff0028                target_temp
 *fill*         0x1fff002c        0x4 
 .data.sampleTime
                0x1fff0030        0x8 ./sources/PID_Controller.o
                0x1fff0030                sampleTime
 .data.max_limit
                0x1fff0038        0x1 ./sources/PID_Controller.o
                0x1fff0038                max_limit
 *fill*         0x1fff0039        0x1 
 .data.min_limit
                0x1fff003a        0x2 ./sources/PID_Controller.o
                0x1fff003a                min_limit
 .data.Direct   0x1fff003c        0x1 ./sources/PID_Controller.o
                0x1fff003c                Direct
 .data.pwmLevel
                0x1fff003d        0x1 ./sources/freertos_i2c.o
                0x1fff003d                pwmLevel
 *fill*         0x1fff003e        0x2 
 .data.uxCriticalNesting
                0x1fff0040        0x4 ./freertos/Source/portable/GCC/ARM_CM4F/port.o
 .data.s_slowIrcFreq
                0x1fff0044        0x4 ./drivers/fsl_clock.o
 .data.s_fastIrcFreq
                0x1fff0048        0x4 ./drivers/fsl_clock.o
 .data.SystemCoreClock
                0x1fff004c        0x4 ./devices/system_MK22F51212.o
                0x1fff004c                SystemCoreClock
 .data.impure_data
                0x1fff0050       0x60 c:/freescale/kds_v3/toolchain/bin/../lib/gcc/arm-none-eabi/4.8.4/../../../../arm-none-eabi/lib/armv7e-m/fpu\libg_s.a(lib_a-impure.o)
 .data._impure_ptr
                0x1fff00b0        0x4 c:/freescale/kds_v3/toolchain/bin/../lib/gcc/arm-none-eabi/4.8.4/../../../../arm-none-eabi/lib/armv7e-m/fpu\libg_s.a(lib_a-impure.o)
                0x1fff00b0                _impure_ptr
 .data.lconv    0x1fff00b4       0x38 c:/freescale/kds_v3/toolchain/bin/../lib/gcc/arm-none-eabi/4.8.4/../../../../arm-none-eabi/lib/armv7e-m/fpu\libg_s.a(lib_a-locale.o)
 .data.__fdlib_version
                0x1fff00ec        0x1 c:/freescale/kds_v3/toolchain/bin/../lib/gcc/arm-none-eabi/4.8.4/../../../../arm-none-eabi/lib/armv7e-m/fpu\libm.a(lib_a-s_lib_ver.o)
                0x1fff00ec                __fdlib_version
 *(.jcr*)
 *fill*         0x1fff00ed        0x3 
 .jcr           0x1fff00f0        0x0 c:/freescale/kds_v3/toolchain/bin/../lib/gcc/arm-none-eabi/4.8.4/armv7e-m/fpu/crtbegin.o
 .jcr           0x1fff00f0        0x4 c:/freescale/kds_v3/toolchain/bin/../lib/gcc/arm-none-eabi/4.8.4/armv7e-m/fpu/crtend.o
                0x1fff00f4                . = ALIGN (0x4)
                0x1fff00f4                __data_end__ = .
                0x0000f40c                __DATA_END = (__DATA_ROM + (__data_end__ - __data_start__))
                0x00080000                text_end = (ORIGIN (m_text) + 0x7fbf0)
                0x00000001                ASSERT ((__DATA_END <= text_end), region m_text overflowed with text and data)

.igot.plt       0x1fff00f4        0x0 load address 0x0000f40c
 .igot.plt      0x00000000        0x0 c:/freescale/kds_v3/toolchain/bin/../lib/gcc/arm-none-eabi/4.8.4/armv7e-m/fpu/crtbegin.o

.bss            0x1fff00f8     0x2bb4 load address 0x0000f410
                0x1fff00f8                . = ALIGN (0x4)
                0x1fff00f8                __START_BSS = .
                0x1fff00f8                __bss_start__ = .
 *(.bss)
 .bss           0x1fff00f8       0x1c c:/freescale/kds_v3/toolchain/bin/../lib/gcc/arm-none-eabi/4.8.4/armv7e-m/fpu/crtbegin.o
 *(.bss*)
 .bss.s_debugConsole
                0x1fff0114       0x10 ./utilities/fsl_debug_console.o
 .bss.heap_end.4522
                0x1fff0124        0x4 ./utilities/fsl_sbrk.o
 .bss.handle    0x1fff0128       0x28 ./sources/IOT_Commands.o
                0x1fff0128                handle
 .bss.background_buffer
                0x1fff0150       0x20 ./sources/IOT_Commands.o
                0x1fff0150                background_buffer
 .bss.send_buffer
                0x1fff0170       0x20 ./sources/IOT_Commands.o
                0x1fff0170                send_buffer
 .bss.recv_buffer
                0x1fff0190        0x4 ./sources/IOT_Commands.o
                0x1fff0190                recv_buffer
 .bss.databuf   0x1fff0194       0x20 ./sources/IOT_Commands.o
                0x1fff0194                databuf
 .bss.datacnt   0x1fff01b4        0x1 ./sources/IOT_Commands.o
                0x1fff01b4                datacnt
 *fill*         0x1fff01b5        0x3 
 .bss.t_handle  0x1fff01b8       0x30 ./sources/IOT_Commands.o
                0x1fff01b8                t_handle
 .bss.IOT_Comd  0x1fff01e8        0xc ./sources/IOT_Commands.o
                0x1fff01e8                IOT_Comd
 .bss.IOT_Data  0x1fff01f4        0x8 ./sources/IOT_Commands.o
                0x1fff01f4                IOT_Data
 .bss.last_error
                0x1fff01fc        0x4 ./sources/PID_Controller.o
                0x1fff01fc                last_error
 .bss.integral_value
                0x1fff0200        0x4 ./sources/PID_Controller.o
                0x1fff0200                integral_value
 .bss.Output    0x1fff0204        0x4 ./sources/PID_Controller.o
                0x1fff0204                Output
 .bss.lastTime  0x1fff0208        0x8 ./sources/PID_Controller.o
                0x1fff0208                lastTime
 .bss.kp        0x1fff0210        0x4 ./sources/PID_Controller.o
                0x1fff0210                kp
 .bss.ki        0x1fff0214        0x4 ./sources/PID_Controller.o
                0x1fff0214                ki
 .bss.kd        0x1fff0218        0x4 ./sources/PID_Controller.o
                0x1fff0218                kd
 .bss.sensor_rtos_handle
                0x1fff021c       0x38 ./sources/SI7021.o
                0x1fff021c                sensor_rtos_handle
 .bss.g_sen_handle
                0x1fff0254        0x4 ./sources/SI7021.o
                0x1fff0254                g_sen_handle
 .bss.sensorConfig
                0x1fff0258        0xc ./sources/SI7021.o
                0x1fff0258                sensorConfig
 .bss.sensorXfer
                0x1fff0264       0x18 ./sources/SI7021.o
                0x1fff0264                sensorXfer
 .bss.g_sen_buff
                0x1fff027c       0x20 ./sources/SI7021.o
                0x1fff027c                g_sen_buff
 .bss.ftmInfo   0x1fff029c       0x1c ./sources/freertos_i2c.o
                0x1fff029c                ftmInfo
 .bss.ftmParam  0x1fff02b8        0x4 ./sources/freertos_i2c.o
                0x1fff02b8                ftmParam
 .bss.logi      0x1fff02bc        0x2 ./sources/freertos_i2c.o
                0x1fff02bc                logi
 *fill*         0x1fff02be        0x2 
 .bss.temp_val  0x1fff02c0        0x4 ./sources/freertos_i2c.o
                0x1fff02c0                temp_val
 .bss.humidity_val
                0x1fff02c4        0x4 ./sources/freertos_i2c.o
                0x1fff02c4                humidity_val
 .bss.temp_init
                0x1fff02c8        0x1 ./sources/freertos_i2c.o
                0x1fff02c8                temp_init
 .bss.g_Adc16ConversionDoneFlag
                0x1fff02c9        0x1 ./sources/freertos_i2c.o
                0x1fff02c9                g_Adc16ConversionDoneFlag
 *fill*         0x1fff02ca        0x2 
 .bss.g_Adc16ConversionValue
                0x1fff02cc        0x4 ./sources/freertos_i2c.o
                0x1fff02cc                g_Adc16ConversionValue
 .bss.ucHeap    0x1fff02d0     0x2800 ./freertos/Source/portable/MemMang/heap_4.o
 .bss.xStart    0x1fff2ad0        0x8 ./freertos/Source/portable/MemMang/heap_4.o
 .bss.pxEnd     0x1fff2ad8        0x4 ./freertos/Source/portable/MemMang/heap_4.o
 .bss.xFreeBytesRemaining
                0x1fff2adc        0x4 ./freertos/Source/portable/MemMang/heap_4.o
 .bss.xMinimumEverFreeBytesRemaining
                0x1fff2ae0        0x4 ./freertos/Source/portable/MemMang/heap_4.o
 .bss.xBlockAllocatedBit
                0x1fff2ae4        0x4 ./freertos/Source/portable/MemMang/heap_4.o
 .bss.ucMaxSysCallPriority
                0x1fff2ae8        0x1 ./freertos/Source/portable/GCC/ARM_CM4F/port.o
 *fill*         0x1fff2ae9        0x3 
 .bss.ulMaxPRIGROUPValue
                0x1fff2aec        0x4 ./freertos/Source/portable/GCC/ARM_CM4F/port.o
 .bss.xQueueRegistry
                0x1fff2af0       0x40 ./freertos/Source/queue.o
                0x1fff2af0                xQueueRegistry
 .bss.pxCurrentTCB
                0x1fff2b30        0x4 ./freertos/Source/tasks.o
                0x1fff2b30                pxCurrentTCB
 .bss.pxReadyTasksLists
                0x1fff2b34       0x64 ./freertos/Source/tasks.o
 .bss.xDelayedTaskList1
                0x1fff2b98       0x14 ./freertos/Source/tasks.o
 .bss.xDelayedTaskList2
                0x1fff2bac       0x14 ./freertos/Source/tasks.o
 .bss.pxDelayedTaskList
                0x1fff2bc0        0x4 ./freertos/Source/tasks.o
 .bss.pxOverflowDelayedTaskList
                0x1fff2bc4        0x4 ./freertos/Source/tasks.o
 .bss.xPendingReadyList
                0x1fff2bc8       0x14 ./freertos/Source/tasks.o
 .bss.xTasksWaitingTermination
                0x1fff2bdc       0x14 ./freertos/Source/tasks.o
 .bss.uxDeletedTasksWaitingCleanUp
                0x1fff2bf0        0x4 ./freertos/Source/tasks.o
 .bss.xSuspendedTaskList
                0x1fff2bf4       0x14 ./freertos/Source/tasks.o
 .bss.uxCurrentNumberOfTasks
                0x1fff2c08        0x4 ./freertos/Source/tasks.o
 .bss.xTickCount
                0x1fff2c0c        0x4 ./freertos/Source/tasks.o
 .bss.uxTopReadyPriority
                0x1fff2c10        0x4 ./freertos/Source/tasks.o
 .bss.xSchedulerRunning
                0x1fff2c14        0x4 ./freertos/Source/tasks.o
 .bss.uxPendedTicks
                0x1fff2c18        0x4 ./freertos/Source/tasks.o
 .bss.xYieldPending
                0x1fff2c1c        0x4 ./freertos/Source/tasks.o
 .bss.xNumOfOverflows
                0x1fff2c20        0x4 ./freertos/Source/tasks.o
 .bss.uxTaskNumber
                0x1fff2c24        0x4 ./freertos/Source/tasks.o
 .bss.xNextTaskUnblockTime
                0x1fff2c28        0x4 ./freertos/Source/tasks.o
 .bss.xIdleTaskHandle
                0x1fff2c2c        0x4 ./freertos/Source/tasks.o
 .bss.uxSchedulerSuspended
                0x1fff2c30        0x4 ./freertos/Source/tasks.o
 .bss.xActiveTimerList1
                0x1fff2c34       0x14 ./freertos/Source/timers.o
 .bss.xActiveTimerList2
                0x1fff2c48       0x14 ./freertos/Source/timers.o
 .bss.pxCurrentTimerList
                0x1fff2c5c        0x4 ./freertos/Source/timers.o
 .bss.pxOverflowTimerList
                0x1fff2c60        0x4 ./freertos/Source/timers.o
 .bss.xTimerQueue
                0x1fff2c64        0x4 ./freertos/Source/timers.o
 .bss.xTimerTaskHandle
                0x1fff2c68        0x4 ./freertos/Source/timers.o
 .bss.xLastTime.4862
                0x1fff2c6c        0x4 ./freertos/Source/timers.o
 .bss.g_xtal0Freq
                0x1fff2c70        0x4 ./drivers/fsl_clock.o
                0x1fff2c70                g_xtal0Freq
 .bss.g_xtal32Freq
                0x1fff2c74        0x4 ./drivers/fsl_clock.o
                0x1fff2c74                g_xtal32Freq
 .bss.s_i2cHandle
                0x1fff2c78        0x8 ./drivers/fsl_i2c.o
 .bss.s_i2cMasterIsr
                0x1fff2c80        0x4 ./drivers/fsl_i2c.o
 .bss.s_i2cSlaveIsr
                0x1fff2c84        0x4 ./drivers/fsl_i2c.o
 .bss.s_lpuartHandle
                0x1fff2c88        0x4 ./drivers/fsl_lpuart.o
 .bss.s_lpuartIsr
                0x1fff2c8c        0x4 ./drivers/fsl_lpuart.o
 .bss.s_uartHandle
                0x1fff2c90        0xc ./drivers/fsl_uart.o
 .bss.s_uartIsr
                0x1fff2c9c        0x4 ./drivers/fsl_uart.o
 .bss.__malloc_sbrk_start
                0x1fff2ca0        0x4 c:/freescale/kds_v3/toolchain/bin/../lib/gcc/arm-none-eabi/4.8.4/../../../../arm-none-eabi/lib/armv7e-m/fpu\libg_s.a(lib_a-nano-mallocr.o)
                0x1fff2ca0                __malloc_sbrk_start
 .bss.__malloc_free_list
                0x1fff2ca4        0x4 c:/freescale/kds_v3/toolchain/bin/../lib/gcc/arm-none-eabi/4.8.4/../../../../arm-none-eabi/lib/armv7e-m/fpu\libg_s.a(lib_a-nano-mallocr.o)
                0x1fff2ca4                __malloc_free_list
 *(COMMON)
 COMMON         0x1fff2ca8        0x4 c:/freescale/kds_v3/toolchain/bin/../lib/gcc/arm-none-eabi/4.8.4/../../../../arm-none-eabi/lib/armv7e-m/fpu\libg_s.a(lib_a-reent.o)
                0x1fff2ca8                errno
                0x1fff2cac                . = ALIGN (0x4)
                0x1fff2cac                __bss_end__ = .
                0x1fff2cac                __END_BSS = .

.heap           0x20000000      0x400
                0x20000000                . = ALIGN (0x8)
                0x20000000                __end__ = .
                0x20000000                PROVIDE (end, .)
                0x20000000                __HeapBase = .
                0x20000400                . = (. + HEAP_SIZE)
 *fill*         0x20000000      0x400 
                0x20000400                __HeapLimit = .
                0x20000400                __heap_limit = .

.stack          0x20000400      0x400
                0x20000400                . = ALIGN (0x8)
                0x20000800                . = (. + STACK_SIZE)
 *fill*         0x20000400      0x400 
                0x20010000                __StackTop = (ORIGIN (m_data_2) + 0x10000)
                0x2000fc00                __StackLimit = (__StackTop - STACK_SIZE)
                0x20010000                PROVIDE (__stack, __StackTop)

.ARM.attributes
                0x00000000       0x30
 *(.ARM.attributes)
 .ARM.attributes
                0x00000000       0x22 c:/freescale/kds_v3/toolchain/bin/../lib/gcc/arm-none-eabi/4.8.4/armv7e-m/fpu/crti.o
 .ARM.attributes
                0x00000022       0x34 c:/freescale/kds_v3/toolchain/bin/../lib/gcc/arm-none-eabi/4.8.4/armv7e-m/fpu/crtbegin.o
 .ARM.attributes
                0x00000056       0x20 c:/freescale/kds_v3/toolchain/bin/../lib/gcc/arm-none-eabi/4.8.4/../../../../arm-none-eabi/lib/armv7e-m/fpu/crt0.o
 .ARM.attributes
                0x00000076       0x39 ./utilities/fsl_debug_console.o
 .ARM.attributes
                0x000000af       0x39 ./utilities/fsl_sbrk.o
 .ARM.attributes
                0x000000e8       0x39 ./sources/IOT_Commands.o
 .ARM.attributes
                0x00000121       0x39 ./sources/PID_Controller.o
 .ARM.attributes
                0x0000015a       0x39 ./sources/SI7021.o
 .ARM.attributes
                0x00000193       0x39 ./sources/board.o
 .ARM.attributes
                0x000001cc       0x39 ./sources/clock_config.o
 .ARM.attributes
                0x00000205       0x39 ./sources/freertos_i2c.o
 .ARM.attributes
                0x0000023e       0x39 ./sources/pin_mux.o
 .ARM.attributes
                0x00000277       0x39 ./freertos/Source/portable/MemMang/heap_4.o
 .ARM.attributes
                0x000002b0       0x39 ./freertos/Source/portable/GCC/ARM_CM4F/fsl_tickless_systick.o
 .ARM.attributes
                0x000002e9       0x39 ./freertos/Source/portable/GCC/ARM_CM4F/port.o
 .ARM.attributes
                0x00000322       0x39 ./freertos/Source/event_groups.o
 .ARM.attributes
                0x0000035b       0x39 ./freertos/Source/list.o
 .ARM.attributes
                0x00000394       0x39 ./freertos/Source/queue.o
 .ARM.attributes
                0x000003cd       0x39 ./freertos/Source/tasks.o
 .ARM.attributes
                0x00000406       0x39 ./freertos/Source/timers.o
 .ARM.attributes
                0x0000043f       0x39 ./drivers/fsl_adc16.o
 .ARM.attributes
                0x00000478       0x39 ./drivers/fsl_clock.o
 .ARM.attributes