Archive member included because of file (symbol)

c:/freescale/kds_v3/toolchain/bin/../lib/gcc/arm-none-eabi/4.8.4/../../../../arm-none-eabi/lib/armv7e-m/fpu\libg_s.a(lib_a-errno.o)
                              ./utilities/fsl_sbrk.o (__errno)
c:/freescale/kds_v3/toolchain/bin/../lib/gcc/arm-none-eabi/4.8.4/../../../../arm-none-eabi/lib/armv7e-m/fpu\libg_s.a(lib_a-exit.o)
                              c:/freescale/kds_v3/toolchain/bin/../lib/gcc/arm-none-eabi/4.8.4/../../../../arm-none-eabi/lib/armv7e-m/fpu/crt0.o (exit)
c:/freescale/kds_v3/toolchain/bin/../lib/gcc/arm-none-eabi/4.8.4/../../../../arm-none-eabi/lib/armv7e-m/fpu\libg_s.a(lib_a-impure.o)
                              c:/freescale/kds_v3/toolchain/bin/../lib/gcc/arm-none-eabi/4.8.4/../../../../arm-none-eabi/lib/armv7e-m/fpu\libg_s.a(lib_a-exit.o) (_global_impure_ptr)
c:/freescale/kds_v3/toolchain/bin/../lib/gcc/arm-none-eabi/4.8.4/../../../../arm-none-eabi/lib/armv7e-m/fpu\libg_s.a(lib_a-init.o)
                              c:/freescale/kds_v3/toolchain/bin/../lib/gcc/arm-none-eabi/4.8.4/../../../../arm-none-eabi/lib/armv7e-m/fpu/crt0.o (__libc_init_array)
c:/freescale/kds_v3/toolchain/bin/../lib/gcc/arm-none-eabi/4.8.4/../../../../arm-none-eabi/lib/armv7e-m/fpu\libg_s.a(lib_a-memcpy-stub.o)
                              ./freertos/Source/queue.o (memcpy)
c:/freescale/kds_v3/toolchain/bin/../lib/gcc/arm-none-eabi/4.8.4/../../../../arm-none-eabi/lib/armv7e-m/fpu\libg_s.a(lib_a-memset.o)
                              c:/freescale/kds_v3/toolchain/bin/../lib/gcc/arm-none-eabi/4.8.4/../../../../arm-none-eabi/lib/armv7e-m/fpu/crt0.o (memset)
c:/freescale/kds_v3/toolchain/bin/../lib/gcc/arm-none-eabi/4.8.4/../../../../arm-none-eabi/lib/armv7e-m/fpu\libg_s.a(lib_a-s_modf.o)
                              ./utilities/fsl_debug_console.o (modf)
c:/freescale/kds_v3/toolchain/bin/../lib/gcc/arm-none-eabi/4.8.4/../../../../arm-none-eabi/lib/armv7e-m/fpu\libg_s.a(lib_a-sprintf.o)
                              ./sources/freertos_i2c.o (sprintf)
c:/freescale/kds_v3/toolchain/bin/../lib/gcc/arm-none-eabi/4.8.4/../../../../arm-none-eabi/lib/armv7e-m/fpu\libg_s.a(lib_a-strcmp.o)
                              ./sources/freertos_i2c.o (strcmp)
c:/freescale/kds_v3/toolchain/bin/../lib/gcc/arm-none-eabi/4.8.4/../../../../arm-none-eabi/lib/armv7e-m/fpu\libg_s.a(lib_a-strcpy.o)
                              ./sources/IOT_Commands.o (strcpy)
c:/freescale/kds_v3/toolchain/bin/../lib/gcc/arm-none-eabi/4.8.4/../../../../arm-none-eabi/lib/armv7e-m/fpu\libg_s.a(lib_a-strlen.o)
                              ./utilities/fsl_debug_console.o (strlen)
c:/freescale/kds_v3/toolchain/bin/../lib/gcc/arm-none-eabi/4.8.4/../../../../arm-none-eabi/lib/armv7e-m/fpu\libg_s.a(lib_a-strncmp.o)
                              ./sources/IOT_Commands.o (strncmp)
c:/freescale/kds_v3/toolchain/bin/../lib/gcc/arm-none-eabi/4.8.4/../../../../arm-none-eabi/lib/armv7e-m/fpu\libg_s.a(lib_a-svfprintf.o)
                              c:/freescale/kds_v3/toolchain/bin/../lib/gcc/arm-none-eabi/4.8.4/../../../../arm-none-eabi/lib/armv7e-m/fpu\libg_s.a(lib_a-sprintf.o) (_svfprintf_r)
c:/freescale/kds_v3/toolchain/bin/../lib/gcc/arm-none-eabi/4.8.4/../../../../arm-none-eabi/lib/armv7e-m/fpu\libg_s.a(lib_a-vfprintf_float.o)
                              (_printf_float)
c:/freescale/kds_v3/toolchain/bin/../lib/gcc/arm-none-eabi/4.8.4/../../../../arm-none-eabi/lib/armv7e-m/fpu\libg_s.a(lib_a-vfprintf_i.o)
                              c:/freescale/kds_v3/toolchain/bin/../lib/gcc/arm-none-eabi/4.8.4/../../../../arm-none-eabi/lib/armv7e-m/fpu\libg_s.a(lib_a-vfprintf_float.o) (_printf_common)
c:/freescale/kds_v3/toolchain/bin/../lib/gcc/arm-none-eabi/4.8.4/../../../../arm-none-eabi/lib/armv7e-m/fpu\libg_s.a(lib_a-dtoa.o)
                              c:/freescale/kds_v3/toolchain/bin/../lib/gcc/arm-none-eabi/4.8.4/../../../../arm-none-eabi/lib/armv7e-m/fpu\libg_s.a(lib_a-vfprintf_float.o) (_dtoa_r)
c:/freescale/kds_v3/toolchain/bin/../lib/gcc/arm-none-eabi/4.8.4/../../../../arm-none-eabi/lib/armv7e-m/fpu\libg_s.a(lib_a-locale.o)
                              c:/freescale/kds_v3/toolchain/bin/../lib/gcc/arm-none-eabi/4.8.4/../../../../arm-none-eabi/lib/armv7e-m/fpu\libg_s.a(lib_a-vfprintf_float.o) (_localeconv_r)
c:/freescale/kds_v3/toolchain/bin/../lib/gcc/arm-none-eabi/4.8.4/../../../../arm-none-eabi/lib/armv7e-m/fpu\libg_s.a(lib_a-malloc.o)
                              c:/freescale/kds_v3/toolchain/bin/../lib/gcc/arm-none-eabi/4.8.4/../../../../arm-none-eabi/lib/armv7e-m/fpu\libg_s.a(lib_a-dtoa.o) (malloc)
c:/freescale/kds_v3/toolchain/bin/../lib/gcc/arm-none-eabi/4.8.4/../../../../arm-none-eabi/lib/armv7e-m/fpu\libg_s.a(lib_a-memchr-stub.o)
                              c:/freescale/kds_v3/toolchain/bin/../lib/gcc/arm-none-eabi/4.8.4/../../../../arm-none-eabi/lib/armv7e-m/fpu\libg_s.a(lib_a-svfprintf.o) (memchr)
[...]
Memory Configuration

Name             Origin             Length             Attributes
m_interrupts     0x00000000         0x00000400         xr
m_flash_config   0x00000400         0x00000010         xr
m_text           0x00000410         0x0007fbf0         xr
m_data           0x1fff0000         0x00010000         rw
m_data_2         0x20000000         0x00010000         rw
*default*        0x00000000         0xffffffff

Linker script and memory map

LOAD c:/freescale/kds_v3/toolchain/bin/../lib/gcc/arm-none-eabi/4.8.4/armv7e-m/fpu/crti.o
LOAD c:/freescale/kds_v3/toolchain/bin/../lib/gcc/arm-none-eabi/4.8.4/armv7e-m/fpu/crtbegin.o
LOAD c:/freescale/kds_v3/toolchain/bin/../lib/gcc/arm-none-eabi/4.8.4/../../../../arm-none-eabi/lib/armv7e-m/fpu/crt0.o
START GROUP
LOAD ./utilities/fsl_debug_console.o
LOAD ./utilities/fsl_sbrk.o
LOAD ./sources/IOT_Commands.o
LOAD ./sources/PID_Controller.o
LOAD ./sources/SI7021.o
LOAD ./sources/board.o
LOAD ./sources/clock_config.o
LOAD ./sources/freertos_i2c.o
LOAD ./sources/pin_mux.o
LOAD ./freertos/Source/portable/MemMang/heap_4.o
LOAD ./freertos/Source/portable/GCC/ARM_CM4F/fsl_tickless_systick.o
LOAD ./freertos/Source/portable/GCC/ARM_CM4F/port.o
LOAD ./freertos/Source/croutine.o
LOAD ./freertos/Source/event_groups.o
LOAD ./freertos/Source/list.o
LOAD ./freertos/Source/queue.o
LOAD ./freertos/Source/tasks.o
LOAD ./freertos/Source/timers.o
LOAD ./drivers/fsl_clock.o
LOAD ./drivers/fsl_common.o
LOAD ./drivers/fsl_flash.o
LOAD ./drivers/fsl_ftm.o
LOAD ./drivers/fsl_gpio.o
LOAD ./drivers/fsl_i2c.o
LOAD ./drivers/fsl_i2c_freertos.o
LOAD ./drivers/fsl_lpuart.o
LOAD ./drivers/fsl_smc.o
LOAD ./drivers/fsl_uart.o
LOAD ./drivers/fsl_uart_freertos.o
LOAD ./devices/gcc/startup_MK22F51212.o
LOAD ./devices/system_MK22F51212.o
LOAD c:/freescale/kds_v3/toolchain/bin/../lib/gcc/arm-none-eabi/4.8.4/../../../../arm-none-eabi/lib/armv7e-m/fpu\libg_s.a
LOAD c:/freescale/kds_v3/toolchain/bin/../lib/gcc/arm-none-eabi/4.8.4/armv7e-m/fpu\libgcc.a
LOAD c:/freescale/kds_v3/toolchain/bin/../lib/gcc/arm-none-eabi/4.8.4/../../../../arm-none-eabi/lib/armv7e-m/fpu\libnosys.a
END GROUP
LOAD c:/freescale/kds_v3/toolchain/bin/../lib/gcc/arm-none-eabi/4.8.4/../../../../arm-none-eabi/lib/armv7e-m/fpu\libstdc++_s.a
LOAD c:/freescale/kds_v3/toolchain/bin/../lib/gcc/arm-none-eabi/4.8.4/../../../../arm-none-eabi/lib/armv7e-m/fpu\libm.a
START GROUP
LOAD c:/freescale/kds_v3/toolchain/bin/../lib/gcc/arm-none-eabi/4.8.4/armv7e-m/fpu\libgcc.a
LOAD c:/freescale/kds_v3/toolchain/bin/../lib/gcc/arm-none-eabi/4.8.4/../../../../arm-none-eabi/lib/armv7e-m/fpu\libg_s.a
LOAD c:/freescale/kds_v3/toolchain/bin/../lib/gcc/arm-none-eabi/4.8.4/../../../../arm-none-eabi/lib/armv7e-m/fpu\libc_s.a
END GROUP
START GROUP
LOAD c:/freescale/kds_v3/toolchain/bin/../lib/gcc/arm-none-eabi/4.8.4/armv7e-m/fpu\libgcc.a
LOAD c:/freescale/kds_v3/toolchain/bin/../lib/gcc/arm-none-eabi/4.8.4/../../../../arm-none-eabi/lib/armv7e-m/fpu\libc_s.a
END GROUP
LOAD c:/freescale/kds_v3/toolchain/bin/../lib/gcc/arm-none-eabi/4.8.4/armv7e-m/fpu/crtend.o
LOAD c:/freescale/kds_v3/toolchain/bin/../lib/gcc/arm-none-eabi/4.8.4/armv7e-m/fpu/crtn.o
                0x00000400                HEAP_SIZE = DEFINED (__heap_size__)?__heap_size__:0x400
                0x00000400                STACK_SIZE = DEFINED (__stack_size__)?__stack_size__:0x400
                0x00000000                M_VECTOR_RAM_SIZE = DEFINED (__ram_vector_table__)?0x400:0x0

.interrupts     0x00000000      0x400
                0x00000000                __VECTOR_TABLE = .
                0x00000000                . = ALIGN (0x4)
 *(.isr_vector)
 .isr_vector    0x00000000      0x400 ./devices/gcc/startup_MK22F51212.o
                0x00000000                __isr_vector
                0x00000400                . = ALIGN (0x4)

.flash_config   0x00000400       0x10
                0x00000400                . = ALIGN (0x4)
 *(.FlashConfig)
 .FlashConfig   0x00000400       0x10 ./devices/gcc/startup_MK22F51212.o
                0x00000410                . = ALIGN (0x4)

.text           0x00000410     0xe1f8
                0x00000410                . = ALIGN (0x4)
 *(.text)
 .text          0x00000410       0x54 c:/freescale/kds_v3/toolchain/bin/../lib/gcc/arm-none-eabi/4.8.4/armv7e-m/fpu/crtbegin.o
 .text          0x00000464       0x74 c:/freescale/kds_v3/toolchain/bin/../lib/gcc/arm-none-eabi/4.8.4/../../../../arm-none-eabi/lib/armv7e-m/fpu/crt0.o
                0x00000464                _start
                0x00000464                _mainCRTStartup
 .text          0x000004d8      0x17c ./devices/gcc/startup_MK22F51212.o
                0x000004d8                Reset_Handler
                0x00000538                Reserved54_IRQHandler
                0x00000538                DebugMon_Handler
                0x00000538                FTF_IRQHandler
                0x00000538                DMA0_DriverIRQHandler
                0x00000538                DMA12_DriverIRQHandler
                0x00000538                PORTC_IRQHandler
                0x00000538                SPI1_DriverIRQHandler
                0x00000538                Reserved86_IRQHandler
                0x00000538                Reserved85_IRQHandler
                0x00000538                DMA_Error_DriverIRQHandler
                0x00000538                CMP0_IRQHandler
                0x00000538                DMA7_DriverIRQHandler
                0x00000538                Reserved93_IRQHandler
                0x00000538                DMA2_DriverIRQHandler
                0x00000538                Reserved99_IRQHandler
                0x00000538                PIT0_IRQHandler
                0x00000538                LLWU_IRQHandler
                0x00000538                I2S0_Tx_DriverIRQHandler
                0x00000538                Reserved84_IRQHandler
                0x00000538                DMA6_DriverIRQHandler
                0x00000538                Reserved92_IRQHandler
                0x00000538                UART1_ERR_DriverIRQHandler
                0x00000538                SWI_IRQHandler
                0x00000538                ADC0_IRQHandler
                0x00000538                UsageFault_Handler
                0x00000538                BusFault_Handler
                0x00000538                LPTMR0_IRQHandler
                0x00000538                DefaultISR
                0x00000538                FTM2_IRQHandler
                0x00000538                PORTE_IRQHandler
                0x00000538                DMA11_DriverIRQHandler
                0x00000538                Reserved82_IRQHandler
                0x00000538                CMP1_IRQHandler
                0x00000538                Reserved71_IRQHandler
                0x00000538                PORTD_IRQHandler
                0x00000538                PORTB_IRQHandler
                0x00000538                DMA10_DriverIRQHandler
                0x00000538                UART2_ERR_DriverIRQHandler
                0x00000538                Reserved70_IRQHandler
                0x00000538                ADC1_IRQHandler
                0x00000538                DMA5_DriverIRQHandler
                0x00000538                DMA4_DriverIRQHandler
                0x00000538                PIT2_IRQHandler
                0x00000538                FTM3_IRQHandler
                0x00000538                Reserved53_IRQHandler
                0x00000538                MCM_IRQHandler
                0x00000538                RTC_IRQHandler
                0x00000538                PDB0_IRQHandler
                0x00000538                Reserved96_IRQHandler
                0x00000538                FTM1_IRQHandler
                0x00000538                Reserved61_IRQHandler
                0x00000538                Reserved95_IRQHandler
                0x00000538                DMA3_DriverIRQHandler
                0x00000538                PIT3_IRQHandler
                0x00000538                RTC_Seconds_IRQHandler
                0x00000538                MCG_IRQHandler
                0x00000538                DMA9_DriverIRQHandler
                0x00000538                DMA8_DriverIRQHandler
                0x00000538                UART0_ERR_DriverIRQHandler
                0x00000538                DAC1_IRQHandler
                0x00000538                PORTA_IRQHandler
                0x00000538                Read_Collision_IRQHandler
                0x00000538                Reserved98_IRQHandler
                0x00000538                DMA14_DriverIRQHandler
                0x00000538                FTM0_IRQHandler
                0x00000538                I2S0_Rx_DriverIRQHandler
                0x00000538                Reserved101_IRQHandler
                0x00000538                USB0_IRQHandler
                0x00000538                WDOG_EWM_IRQHandler
                0x00000538                MemManage_Handler
                0x00000538                Reserved90_IRQHandler
                0x00000538                Reserved83_IRQHandler
                0x00000538                LVD_LVW_IRQHandler
                0x00000538                DMA1_DriverIRQHandler
                0x00000538                PIT1_IRQHandler
                0x00000538                Reserved100_IRQHandler
                0x00000538                RNG_IRQHandler
                0x00000538                SPI0_DriverIRQHandler
                0x00000538                Reserved97_IRQHandler
                0x00000538                Reserved91_IRQHandler
                0x00000538                DMA15_DriverIRQHandler
                0x00000538                Reserved94_IRQHandler
                0x00000538                DAC0_IRQHandler
                0x00000538                DMA13_DriverIRQHandler
                0x00000538                Reserved81_IRQHandler
                0x0000053c                NMI_Handler
                0x00000540                HardFault_Handler
                0x00000550                DMA0_IRQHandler
                0x00000554                DMA1_IRQHandler
                0x00000558                DMA2_IRQHandler
                0x0000055c                DMA3_IRQHandler
                0x00000560                DMA4_IRQHandler
                0x00000564                DMA5_IRQHandler
                0x00000568                DMA6_IRQHandler
                0x0000056c                DMA7_IRQHandler
                0x00000570                DMA8_IRQHandler
                0x00000574                DMA9_IRQHandler
                0x00000578                DMA10_IRQHandler
                0x0000057c                DMA11_IRQHandler
                0x00000580                DMA12_IRQHandler
                0x00000584                DMA13_IRQHandler
                0x00000588                DMA14_IRQHandler
                0x0000058c                DMA15_IRQHandler
                0x00000590                DMA_Error_IRQHandler
                0x00000594                I2C0_IRQHandler
                0x00000598                I2C1_IRQHandler
                0x0000059c                SPI0_IRQHandler
                0x000005a0                SPI1_IRQHandler
                0x000005a4                I2S0_Tx_IRQHandler
                0x000005a8                I2S0_Rx_IRQHandler
                0x000005ac                LPUART0_IRQHandler
                0x000005b0                UART0_RX_TX_IRQHandler
                0x000005b4                UART0_ERR_IRQHandler
                0x000005b8                UART1_RX_TX_IRQHandler
                0x000005bc                UART1_ERR_IRQHandler
                0x000005c0                UART2_RX_TX_IRQHandler
                0x000005c4                UART2_ERR_IRQHandler
 .text          0x00000654       0x14 c:/freescale/kds_v3/toolchain/bin/../lib/gcc/arm-none-eabi/4.8.4/../../../../arm-none-eabi/lib/armv7e-m/fpu\libg_s.a(lib_a-strcmp.o)
                0x00000654                strcmp
 .text          0x00000668      0x370 c:/freescale/kds_v3/toolchain/bin/../lib/gcc/arm-none-eabi/4.8.4/armv7e-m/fpu\libgcc.a(_arm_addsubdf3.o)
                0x00000668                __aeabi_drsub
                0x00000670                __aeabi_dsub
                0x00000670                __subdf3
                0x00000674                __aeabi_dadd
                0x00000674                __adddf3
                0x000008ec                __floatunsidf
                0x000008ec                __aeabi_ui2d
                0x0000090c                __floatsidf
                0x0000090c                __aeabi_i2d
                0x00000930                __aeabi_f2d
                0x00000930                __extendsfdf2
                0x0000096c                __floatundidf
                0x0000096c                __aeabi_ul2d
                0x0000097c                __floatdidf
                0x0000097c                __aeabi_l2d
 .text          0x000009d8      0x424 c:/freescale/kds_v3/toolchain/bin/../lib/gcc/arm-none-eabi/4.8.4/armv7e-m/fpu\libgcc.a(_arm_muldivdf3.o)
                0x000009d8                __aeabi_dmul
                0x000009d8                __muldf3
                0x00000c2c                __divdf3
                0x00000c2c                __aeabi_ddiv
 .text          0x00000dfc      0x110 c:/freescale/kds_v3/toolchain/bin/../lib/gcc/arm-none-eabi/4.8.4/armv7e-m/fpu\libgcc.a(_arm_cmpdf2.o)
                0x00000dfc                __gtdf2
                0x00000dfc                __gedf2
                0x00000e04                __ltdf2
                0x00000e04                __ledf2
                0x00000e0c                __nedf2
                0x00000e0c                __eqdf2
                0x00000e0c                __cmpdf2
                0x00000e88                __aeabi_cdrcmple
                0x00000e98                __aeabi_cdcmpeq
                0x00000e98                __aeabi_cdcmple
                0x00000ea8                __aeabi_dcmpeq
                0x00000ebc                __aeabi_dcmplt
                0x00000ed0                __aeabi_dcmple
                0x00000ee4                __aeabi_dcmpge
                0x00000ef8                __aeabi_dcmpgt
 .text          0x00000f0c       0x50 c:/freescale/kds_v3/toolchain/bin/../lib/gcc/arm-none-eabi/4.8.4/armv7e-m/fpu\libgcc.a(_arm_fixdfsi.o)
                0x00000f0c                __aeabi_d2iz
                0x00000f0c                __fixdfsi
 .text          0x00000f5c       0xa0 c:/freescale/kds_v3/toolchain/bin/../lib/gcc/arm-none-eabi/4.8.4/armv7e-m/fpu\libgcc.a(_arm_truncdfsf2.o)
                0x00000f5c                __truncdfsf2
                0x00000f5c                __aeabi_d2f
 .text          0x00000ffc      0x21c c:/freescale/kds_v3/toolchain/bin/../lib/gcc/arm-none-eabi/4.8.4/armv7e-m/fpu\libgcc.a(_arm_addsubsf3.o)
                0x00000ffc                __aeabi_frsub
                0x00001004                __subsf3
                0x00001004                __aeabi_fsub
                0x00001008                __aeabi_fadd
                0x00001008                __addsf3
                0x00001168                __aeabi_ui2f
                0x00001168                __floatunsisf
                0x00001170                __aeabi_i2f
                0x00001170                __floatsisf
                0x0000118c                __aeabi_ul2f
                0x0000118c                __floatundisf
                0x0000119c                __aeabi_l2f
                0x0000119c                __floatdisf
 .text          0x00001218       0x38 c:/freescale/kds_v3/toolchain/bin/../lib/gcc/arm-none-eabi/4.8.4/armv7e-m/fpu\libgcc.a(_aeabi_ldivmod.o)
                0x00001218                __aeabi_ldivmod
 .text          0x00001250       0x2c c:/freescale/kds_v3/toolchain/bin/../lib/gcc/arm-none-eabi/4.8.4/armv7e-m/fpu\libgcc.a(_aeabi_uldivmod.o)
                0x00001250                __aeabi_uldivmod
 .text          0x0000127c       0x30 c:/freescale/kds_v3/toolchain/bin/../lib/gcc/arm-none-eabi/4.8.4/armv7e-m/fpu\libgcc.a(_fixdfdi.o)
                0x0000127c                __fixdfdi
                0x0000127c                __aeabi_d2lz
 .text          0x000012ac       0x44 c:/freescale/kds_v3/toolchain/bin/../lib/gcc/arm-none-eabi/4.8.4/armv7e-m/fpu\libgcc.a(_fixunsdfdi.o)
                0x000012ac                __fixunsdfdi
                0x000012ac                __aeabi_d2ulz
 .text          0x000012f0       0x60 c:/freescale/kds_v3/toolchain/bin/../lib/gcc/arm-none-eabi/4.8.4/armv7e-m/fpu\libgcc.a(bpabi.o)
                0x000012f0                __gnu_ldivmod_helper
                0x00001320                __gnu_uldivmod_helper
 .text          0x00001350        0x4 c:/freescale/kds_v3/toolchain/bin/../lib/gcc/arm-none-eabi/4.8.4/armv7e-m/fpu\libgcc.a(_dvmd_tls.o)
                0x00001350                __aeabi_idiv0
                0x00001350                __aeabi_ldiv0
 .text          0x00001354       0x40 c:/freescale/kds_v3/toolchain/bin/../lib/gcc/arm-none-eabi/4.8.4/armv7e-m/fpu\libgcc.a(_arm_fixunsdfsi.o)
                0x00001354                __aeabi_d2uiz
                0x00001354                __fixunsdfsi
 .text          0x00001394      0x298 c:/freescale/kds_v3/toolchain/bin/../lib/gcc/arm-none-eabi/4.8.4/armv7e-m/fpu\libgcc.a(_divdi3.o)
                0x00001394                __divdi3
 .text          0x0000162c      0x284 c:/freescale/kds_v3/toolchain/bin/../lib/gcc/arm-none-eabi/4.8.4/armv7e-m/fpu\libgcc.a(_udivdi3.o)
                0x0000162c                __udivdi3
 *(.text*)
 .text.UART_EnableTx
                0x000018b0       0x40 ./utilities/fsl_debug_console.o
 .text.UART_EnableRx
                0x000018f0       0x40 ./utilities/fsl_debug_console.o
 .text.LPUART_EnableTx
                0x00001930       0x38 ./utilities/fsl_debug_console.o
 .text.LPUART_EnableRx
                0x00001968       0x38 ./utilities/fsl_debug_console.o
 .text.DbgConsole_Init
                0x000019a0       0xec ./utilities/fsl_debug_console.o
                0x000019a0                DbgConsole_Init
 .text.DbgConsole_Printf
                0x00001a8c       0x40 ./utilities/fsl_debug_console.o
                0x00001a8c                DbgConsole_Printf
 .text.DbgConsole_Putchar
                0x00001acc       0x38 ./utilities/fsl_debug_console.o
                0x00001acc                DbgConsole_Putchar
 .text.DbgConsole_PrintfPaddingCharacter
                0x00001b04       0x40 ./utilities/fsl_debug_console.o
 .text.DbgConsole_ConvertRadixNumToString
                0x00001b44      0x1d8 ./utilities/fsl_debug_console.o
 *fill*         0x00001d1c        0x4 
 .text.DbgConsole_ConvertFloatRadixNumToString
                0x00001d20      0x2b8 ./utilities/fsl_debug_console.o
 .text.DbgConsole_PrintfFormattedData
                0x00001fd8      0x944 ./utilities/fsl_debug_console.o
 .text._sbrk    0x0000291c       0x5c ./utilities/fsl_sbrk.o
                0x0000291c                _sbrk
 .text.NVIC_SetPriority
                0x00002978       0x54 ./sources/IOT_Commands.o
 .text.init_IOT
                0x000029cc        0xc ./sources/IOT_Commands.o
                0x000029cc                init_IOT
 .text.IOT_Send
                0x000029d8       0x7c ./sources/IOT_Commands.o
                0x000029d8                IOT_Send
 .text.IOT_Receive
                0x00002a54       0x44 ./sources/IOT_Commands.o
                0x00002a54                IOT_Receive
 .text.IOT_CommandParse
                0x00002a98       0xa0 ./sources/IOT_Commands.o
                0x00002a98                IOT_CommandParse
 .text.uart_init
                0x00002b38       0x48 ./sources/IOT_Commands.o
                0x00002b38                uart_init
 .text.set_tuning
                0x00002b80       0x80 ./sources/PID_Controller.o
                0x00002b80                set_tuning
 .text.PID_Compute
                0x00002c00      0x1e4 ./sources/PID_Controller.o
                0x00002c00                PID_Compute
 .text.getRH    0x00002de4       0x7c ./sources/SI7021.o
                0x00002de4                getRH
 .text.getTemp  0x00002e60       0x88 ./sources/SI7021.o
                0x00002e60                getTemp
 .text.makeMeasurement
                0x00002ee8      0x104 ./sources/SI7021.o
                0x00002ee8                makeMeasurement
 .text.BOARD_InitDebugConsole
                0x00002fec       0x24 ./sources/board.o
                0x00002fec                BOARD_InitDebugConsole
 .text.CLOCK_SetSimSafeDivs
                0x00003010       0x20 ./sources/clock_config.o
 .text.CLOCK_SetXtal0Freq
                0x00003030       0x1c ./sources/clock_config.o
 .text.CLOCK_CONFIG_SetFllExtRefDiv
                0x0000304c       0x38 ./sources/clock_config.o
 .text.BOARD_BootClockRUN
                0x00003084       0x60 ./sources/clock_config.o
                0x00003084                BOARD_BootClockRUN
 .text.NVIC_SetPriority
                0x000030e4       0x54 ./sources/freertos_i2c.o
 .text.FTM_StartTimer
                0x00003138       0x38 ./sources/freertos_i2c.o
 .text.FTM_SetSoftwareTrigger
                0x00003170       0x38 ./sources/freertos_i2c.o
 .text.main     0x000031a8       0xa8 ./sources/freertos_i2c.o
                0x000031a8                main
 .text.init_I2C
                0x00003250       0x68 ./sources/freertos_i2c.o
                0x00003250                init_I2C
 .text.read_hum
                0x000032b8       0x50 ./sources/freertos_i2c.o
                0x000032b8                read_hum
 .text.read_temp
                0x00003308       0x30 ./sources/freertos_i2c.o
                0x00003308                read_temp
 .text.SI_7021  0x00003338       0x80 ./sources/freertos_i2c.o
 .text.init_PWM
                0x000033b8       0x7c ./sources/freertos_i2c.o
                0x000033b8                init_PWM
 .text.Motor_PWM
                0x00003434      0x254 ./sources/freertos_i2c.o
 .text.IOT_Task
                0x00003688       0x74 ./sources/freertos_i2c.o
 .text.CLOCK_EnableClock
                0x000036fc       0x34 ./sources/pin_mux.o
 .text.PORT_SetPinConfig
                0x00003730       0x44 ./sources/pin_mux.o
 .text.PORT_SetPinMux
                0x00003774       0x38 ./sources/pin_mux.o
 .text.BOARD_InitPins
                0x000037ac      0x164 ./sources/pin_mux.o
                0x000037ac                BOARD_InitPins
 .text.pvPortMalloc
                0x00003910      0x184 ./freertos/Source/portable/MemMang/heap_4.o
                0x00003910                pvPortMalloc
 .text.vPortFree
                0x00003a94       0xb0 ./freertos/Source/portable/MemMang/heap_4.o
                0x00003a94                vPortFree
 .text.prvHeapInit
                0x00003b44       0xc4 ./freertos/Source/portable/MemMang/heap_4.o
 .text.prvInsertBlockIntoFreeList
                0x00003c08       0xb0 ./freertos/Source/portable/MemMang/heap_4.o
 .text.vPortSetupTimerInterrupt
                0x00003cb8       0x40 ./freertos/Source/portable/GCC/ARM_CM4F/fsl_tickless_systick.o
                0x00003cb8                vPortSetupTimerInterrupt
 .text.pxPortInitialiseStack
                0x00003cf8       0x68 ./freertos/Source/portable/GCC/ARM_CM4F/port.o
                0x00003cf8                pxPortInitialiseStack
 .text.prvTaskExitError
                0x00003d60       0x3c ./freertos/Source/portable/GCC/ARM_CM4F/port.o
 *fill*         0x00003d9c        0x4 
 .text.SVC_Handler
                0x00003da0       0x30 ./freertos/Source/portable/GCC/ARM_CM4F/port.o
                0x00003da0                SVC_Handler
 .text.prvPortStartFirstTask
                0x00003dd0       0x20 ./freertos/Source/portable/GCC/ARM_CM4F/port.o
 .text.xPortStartScheduler
                0x00003df0      0x118 ./freertos/Source/portable/GCC/ARM_CM4F/port.o
                0x00003df0                xPortStartScheduler
 .text.vPortEnterCritical
                0x00003f08       0x5c ./freertos/Source/portable/GCC/ARM_CM4F/port.o
                0x00003f08                vPortEnterCritical
 .text.vPortExitCritical
                0x00003f64       0x4c ./freertos/Source/portable/GCC/ARM_CM4F/port.o
                0x00003f64                vPortExitCritical
 .text.PendSV_Handler
                0x00003fb0       0x70 ./freertos/Source/portable/GCC/ARM_CM4F/port.o
                0x00003fb0                PendSV_Handler
 .text.SysTick_Handler
                0x00004020       0x40 ./freertos/Source/portable/GCC/ARM_CM4F/port.o
                0x00004020                SysTick_Handler
 .text.vPortEnableVFP
                0x00004060       0x14 ./freertos/Source/portable/GCC/ARM_CM4F/port.o
 .text.vPortValidateInterruptPriority
                0x00004074       0x78 ./freertos/Source/portable/GCC/ARM_CM4F/port.o
                0x00004074                vPortValidateInterruptPriority
 .text.xEventGroupCreate
                0x000040ec       0x30 ./freertos/Source/event_groups.o
                0x000040ec                xEventGroupCreate
 .text.xEventGroupWaitBits
                0x0000411c      0x194 ./freertos/Source/event_groups.o
                0x0000411c                xEventGroupWaitBits
 .text.xEventGroupClearBits
                0x000042b0       0x6c ./freertos/Source/event_groups.o
                0x000042b0                xEventGroupClearBits
 .text.xEventGroupSetBits
                0x0000431c      0x114 ./freertos/Source/event_groups.o
                0x0000431c                xEventGroupSetBits
 .text.vEventGroupDelete
                0x00004430       0x60 ./freertos/Source/event_groups.o
                0x00004430                vEventGroupDelete
 .text.vEventGroupSetBitsCallback
                0x00004490       0x18 ./freertos/Source/event_groups.o
                0x00004490                vEventGroupSetBitsCallback
 .text.prvTestWaitCondition
                0x000044a8       0x44 ./freertos/Source/event_groups.o
 .text.xEventGroupSetBitsFromISR
                0x000044ec       0x28 ./freertos/Source/event_groups.o
                0x000044ec                xEventGroupSetBitsFromISR
 .text.vListInitialise
                0x00004514       0x40 ./freertos/Source/list.o
                0x00004514                vListInitialise
 .text.vListInitialiseItem
                0x00004554       0x18 ./freertos/Source/list.o
                0x00004554                vListInitialiseItem
 .text.vListInsertEnd
                0x0000456c       0x48 ./freertos/Source/list.o
                0x0000456c                vListInsertEnd
 .text.vListInsert
                0x000045b4       0x70 ./freertos/Source/list.o
                0x000045b4                vListInsert
 .text.uxListRemove
                0x00004624       0x54 ./freertos/Source/list.o
                0x00004624                uxListRemove
 .text.xQueueGenericReset
                0x00004678       0xd0 ./freertos/Source/queue.o
                0x00004678                xQueueGenericReset
 .text.xQueueGenericCreate
                0x00004748       0x70 ./freertos/Source/queue.o
                0x00004748                xQueueGenericCreate
 .text.prvInitialiseNewQueue
                0x000047b8       0x44 ./freertos/Source/queue.o
 .text.prvInitialiseMutex
                0x000047fc       0x34 ./freertos/Source/queue.o
 .text.xQueueCreateMutex
                0x00004830       0x30 ./freertos/Source/queue.o
                0x00004830                xQueueCreateMutex
 .text.xQueueGenericSend
                0x00004860      0x1fc ./freertos/Source/queue.o
                0x00004860                xQueueGenericSend
 .text.xQueueGenericSendFromISR
                0x00004a5c      0x128 ./freertos/Source/queue.o
                0x00004a5c                xQueueGenericSendFromISR
 .text.xQueueGiveFromISR
                0x00004b84      0x114 ./freertos/Source/queue.o
                0x00004b84                xQueueGiveFromISR
 .text.xQueueGenericReceive
                0x00004c98      0x22c ./freertos/Source/queue.o
                0x00004c98                xQueueGenericReceive
 .text.vQueueDelete
                0x00004ec4       0x38 ./freertos/Source/queue.o
                0x00004ec4                vQueueDelete
 .text.prvCopyDataToQueue
                0x00004efc       0xd8 ./freertos/Source/queue.o
 .text.prvCopyDataFromQueue
                0x00004fd4       0x4c ./freertos/Source/queue.o
 .text.prvUnlockQueue
                0x00005020       0xa0 ./freertos/Source/queue.o
 .text.prvIsQueueEmpty
                0x000050c0       0x2c ./freertos/Source/queue.o
 .text.prvIsQueueFull
                0x000050ec       0x30 ./freertos/Source/queue.o
 .text.vQueueAddToRegistry
                0x0000511c       0x50 ./freertos/Source/queue.o
                0x0000511c                vQueueAddToRegistry
 .text.vQueueUnregisterQueue
                0x0000516c       0x50 ./freertos/Source/queue.o
                0x0000516c                vQueueUnregisterQueue
 .text.vQueueWaitForMessageRestricted
                0x000051bc       0x6c ./freertos/Source/queue.o
                0x000051bc                vQueueWaitForMessageRestricted
 .text.xTaskCreate
                0x00005228       0x84 ./freertos/Source/tasks.o
                0x00005228                xTaskCreate
 .text.prvInitialiseNewTask
                0x000052ac      0x130 ./freertos/Source/tasks.o
 .text.prvAddNewTaskToReadyList
                0x000053dc       0xdc ./freertos/Source/tasks.o
 .text.vTaskDelay
                0x000054b8       0x64 ./freertos/Source/tasks.o
                0x000054b8                vTaskDelay
 .text.vTaskSuspend
                0x0000551c      0x10c ./freertos/Source/tasks.o
                0x0000551c                vTaskSuspend
 .text.vTaskStartScheduler
                0x00005628       0x94 ./freertos/Source/tasks.o
                0x00005628                vTaskStartScheduler
 .text.vTaskSuspendAll
                0x000056bc       0x1c ./freertos/Source/tasks.o
                0x000056bc                vTaskSuspendAll
 .text.xTaskResumeAll
                0x000056d8      0x138 ./freertos/Source/tasks.o
                0x000056d8                xTaskResumeAll
 .text.xTaskGetTickCount
                0x00005810       0x20 ./freertos/Source/tasks.o
                0x00005810                xTaskGetTickCount
 .text.xTaskIncrementTick
                0x00005830      0x15c ./freertos/Source/tasks.o
                0x00005830                xTaskIncrementTick
 .text.vTaskSwitchContext
                0x0000598c       0xb4 ./freertos/Source/tasks.o
                0x0000598c                vTaskSwitchContext
 .text.vTaskPlaceOnEventList
                0x00005a40       0x44 ./freertos/Source/tasks.o
                0x00005a40                vTaskPlaceOnEventList
 .text.vTaskPlaceOnUnorderedEventList
                0x00005a84       0x74 ./freertos/Source/tasks.o
                0x00005a84                vTaskPlaceOnUnorderedEventList
 .text.vTaskPlaceOnEventListRestricted
                0x00005af8       0x54 ./freertos/Source/tasks.o
                0x00005af8                vTaskPlaceOnEventListRestricted
 .text.xTaskRemoveFromEventList
                0x00005b4c       0xc4 ./freertos/Source/tasks.o
                0x00005b4c                xTaskRemoveFromEventList
 .text.xTaskRemoveFromUnorderedEventList
                0x00005c10       0xcc ./freertos/Source/tasks.o
                0x00005c10                xTaskRemoveFromUnorderedEventList
 .text.vTaskSetTimeOutState
                0x00005cdc       0x44 ./freertos/Source/tasks.o
                0x00005cdc                vTaskSetTimeOutState
 .text.xTaskCheckForTimeOut
                0x00005d20       0xbc ./freertos/Source/tasks.o
                0x00005d20                xTaskCheckForTimeOut
 .text.vTaskMissedYield
                0x00005ddc       0x18 ./freertos/Source/tasks.o
                0x00005ddc                vTaskMissedYield
 .text.prvIdleTask
                0x00005df4       0x30 ./freertos/Source/tasks.o
 .text.prvInitialiseTaskLists
                0x00005e24       0x7c ./freertos/Source/tasks.o
 .text.prvCheckTasksWaitingTermination
                0x00005ea0       0x74 ./freertos/Source/tasks.o
 .text.prvDeleteTCB
                0x00005f14       0x20 ./freertos/Source/tasks.o
 .text.prvResetNextTaskUnblockTime
                0x00005f34       0x48 ./freertos/Source/tasks.o
 .text.xTaskGetSchedulerState
                0x00005f7c       0x3c ./freertos/Source/tasks.o
                0x00005f7c                xTaskGetSchedulerState
 .text.vTaskPriorityInherit
                0x00005fb8       0xec ./freertos/Source/tasks.o
                0x00005fb8                vTaskPriorityInherit
 .text.xTaskPriorityDisinherit
                0x000060a4      0x108 ./freertos/Source/tasks.o
                0x000060a4                xTaskPriorityDisinherit
 .text.uxTaskResetEventItemValue
                0x000061ac       0x30 ./freertos/Source/tasks.o
                0x000061ac                uxTaskResetEventItemValue
 .text.pvTaskIncrementMutexHeldCount
                0x000061dc       0x28 ./freertos/Source/tasks.o
                0x000061dc                pvTaskIncrementMutexHeldCount
 .text.prvAddCurrentTaskToDelayedList
                0x00006204       0xc8 ./freertos/Source/tasks.o
 .text.xTimerCreateTimerTask
                0x000062cc       0x60 ./freertos/Source/timers.o
                0x000062cc                xTimerCreateTimerTask
 .text.xTimerGenericCommand
                0x0000632c       0xa4 ./freertos/Source/timers.o
                0x0000632c                xTimerGenericCommand
 .text.prvProcessExpiredTimer
                0x000063d0       0x80 ./freertos/Source/timers.o
 .text.prvTimerTask
                0x00006450       0x24 ./freertos/Source/timers.o
 .text.prvProcessTimerOrBlockTask
                0x00006474       0x9c ./freertos/Source/timers.o
 .text.prvGetNextExpireTime
                0x00006510       0x48 ./freertos/Source/timers.o
 .text.prvSampleTimeNow
                0x00006558       0x40 ./freertos/Source/timers.o
 .text.prvInsertTimerInActiveList
                0x00006598       0x84 ./freertos/Source/timers.o
 .text.prvProcessReceivedCommands
                0x0000661c      0x164 ./freertos/Source/timers.o
 .text.prvSwitchTimerLists
                0x00006780       0xc0 ./freertos/Source/timers.o
 .text.prvCheckForValidListAndQueue
                0x00006840       0x6c ./freertos/Source/timers.o
 .text.xTimerPendFunctionCallFromISR
                0x000068ac       0x44 ./freertos/Source/timers.o
                0x000068ac                xTimerPendFunctionCallFromISR
 .text.CLOCK_SetEr32kClock
                0x000068f0       0x2c ./drivers/fsl_clock.o
 .text.CLOCK_SetPllFllSelClock
                0x0000691c       0x38 ./drivers/fsl_clock.o
 .text.OSC_SetExtRefClkConfig
                0x00006954       0x40 ./drivers/fsl_clock.o
 .text.OSC_SetCapLoad
                0x00006994       0x34 ./drivers/fsl_clock.o
 .text.CLOCK_GetMcgExtClkFreq
                0x000069c8       0x8c ./drivers/fsl_clock.o
 .text.CLOCK_GetFllExtRefClkFreq
                0x00006a54       0xc8 ./drivers/fsl_clock.o
 .text.CLOCK_GetInternalRefClkSelectFreq
                0x00006b1c       0x44 ./drivers/fsl_clock.o
 .text.CLOCK_GetFllRefClkFreq
                0x00006b60       0x2c ./drivers/fsl_clock.o
 .text.CLOCK_GetPll0RefFreq
                0x00006b8c       0x10 ./drivers/fsl_clock.o
 .text.CLOCK_GetOscRangeFromFreq
                0x00006b9c       0x3c ./drivers/fsl_clock.o
 .text.CLOCK_GetOsc0ErClkUndivFreq
                0x00006bd8       0x48 ./drivers/fsl_clock.o
                0x00006bd8                CLOCK_GetOsc0ErClkUndivFreq
 .text.CLOCK_GetOsc0ErClkDivFreq
                0x00006c20       0x58 ./drivers/fsl_clock.o
                0x00006c20                CLOCK_GetOsc0ErClkDivFreq
 .text.CLOCK_GetEr32kClkFreq
                0x00006c78       0x80 ./drivers/fsl_clock.o
                0x00006c78                CLOCK_GetEr32kClkFreq
 .text.CLOCK_GetPllFllSelClkFreq
                0x00006cf8       0x54 ./drivers/fsl_clock.o
                0x00006cf8                CLOCK_GetPllFllSelClkFreq
 .text.CLOCK_GetCoreSysClkFreq
                0x00006d4c       0x24 ./drivers/fsl_clock.o
                0x00006d4c                CLOCK_GetCoreSysClkFreq
 .text.CLOCK_GetFreq
                0x00006d70      0x14c ./drivers/fsl_clock.o
                0x00006d70                CLOCK_GetFreq
 .text.CLOCK_SetSimConfig
                0x00006ebc       0x34 ./drivers/fsl_clock.o
                0x00006ebc                CLOCK_SetSimConfig
 .text.CLOCK_GetOutClkFreq
                0x00006ef0       0x64 ./drivers/fsl_clock.o
                0x00006ef0                CLOCK_GetOutClkFreq
 .text.CLOCK_GetFllFreq
                0x00006f54       0x74 ./drivers/fsl_clock.o
                0x00006f54                CLOCK_GetFllFreq
 .text.CLOCK_GetInternalRefClkFreq
                0x00006fc8       0x24 ./drivers/fsl_clock.o
                0x00006fc8                CLOCK_GetInternalRefClkFreq
 .text.CLOCK_GetFixedFreqClkFreq
                0x00006fec       0x30 ./drivers/fsl_clock.o
                0x00006fec                CLOCK_GetFixedFreqClkFreq
 .text.CLOCK_GetPll0Freq
                0x0000701c       0x78 ./drivers/fsl_clock.o
                0x0000701c                CLOCK_GetPll0Freq
 .text.CLOCK_SetExternalRefClkConfig
                0x00007094       0x6c ./drivers/fsl_clock.o
                0x00007094                CLOCK_SetExternalRefClkConfig
 .text.CLOCK_SetInternalRefClkConfig
                0x00007100      0x104 ./drivers/fsl_clock.o
                0x00007100                CLOCK_SetInternalRefClkConfig
 .text.CLOCK_EnablePll0
                0x00007204       0x94 ./drivers/fsl_clock.o
                0x00007204                CLOCK_EnablePll0
 .text.CLOCK_InitOsc0
                0x00007298       0x8c ./drivers/fsl_clock.o
                0x00007298                CLOCK_InitOsc0
 .text.CLOCK_SetPbeMode
                0x00007324       0xb8 ./drivers/fsl_clock.o
                0x00007324                CLOCK_SetPbeMode
 .text.CLOCK_BootToPeeMode
                0x000073dc       0x74 ./drivers/fsl_clock.o
                0x000073dc                CLOCK_BootToPeeMode
 .text.__assert_func
                0x00007450       0x28 ./drivers/fsl_common.o
                0x00007450                __assert_func
 .text.CLOCK_EnableClock
                0x00007478       0x34 ./drivers/fsl_ftm.o
 .text.FTM_GetInstance
                0x000074ac       0x60 ./drivers/fsl_ftm.o
 .text.FTM_SetPwmSync
                0x0000750c      0x118 ./drivers/fsl_ftm.o
 .text.FTM_SetReloadPoints
                0x00007624      0x170 ./drivers/fsl_ftm.o
 .text.FTM_Init
                0x00007794      0x100 ./drivers/fsl_ftm.o
                0x00007794                FTM_Init
 .text.FTM_GetDefaultConfig
                0x00007894       0x78 ./drivers/fsl_ftm.o
                0x00007894                FTM_GetDefaultConfig
 .text.FTM_SetupPwm
                0x0000790c      0x30c ./drivers/fsl_ftm.o
                0x0000790c                FTM_SetupPwm
 .text.FTM_UpdatePwmDutycycle
                0x00007c18       0xfc ./drivers/fsl_ftm.o
                0x00007c18                FTM_UpdatePwmDutycycle
 .text.NVIC_EnableIRQ
                0x00007d14       0x30 ./drivers/fsl_i2c.o
 .text.CLOCK_EnableClock
                0x00007d44       0x34 ./drivers/fsl_i2c.o
 .text.EnableIRQ
                0x00007d78       0x28 ./drivers/fsl_i2c.o
 .text.I2C_MasterClearStatusFlags
                0x00007da0       0x58 ./drivers/fsl_i2c.o
 .text.I2C_GetInstance
                0x00007df8       0x58 ./drivers/fsl_i2c.o
                0x00007df8                I2C_GetInstance
 .text.I2C_InitTransferStateMachine
                0x00007e50       0x94 ./drivers/fsl_i2c.o
 .text.I2C_CheckAndClearError
                0x00007ee4       0x44 ./drivers/fsl_i2c.o
 .text.I2C_MasterTransferRunStateMachine
                0x00007f28      0x24c ./drivers/fsl_i2c.o
 .text.I2C_TransferCommonIRQHandler
                0x00008174       0x50 ./drivers/fsl_i2c.o
 .text.I2C_MasterInit
                0x000081c4       0xe8 ./drivers/fsl_i2c.o
                0x000081c4                I2C_MasterInit
 .text.I2C_MasterGetDefaultConfig
                0x000082ac       0x4c ./drivers/fsl_i2c.o
                0x000082ac                I2C_MasterGetDefaultConfig
 .text.I2C_EnableInterrupts
                0x000082f8       0x54 ./drivers/fsl_i2c.o
                0x000082f8                I2C_EnableInterrupts
 .text.I2C_DisableInterrupts
                0x0000834c       0x48 ./drivers/fsl_i2c.o
                0x0000834c                I2C_DisableInterrupts
 .text.I2C_MasterSetBaudRate
                0x00008394       0xd8 ./drivers/fsl_i2c.o
                0x00008394                I2C_MasterSetBaudRate
 .text.I2C_MasterStart
                0x0000846c       0x64 ./drivers/fsl_i2c.o
                0x0000846c                I2C_MasterStart
 .text.I2C_MasterRepeatedStart
                0x000084d0       0x9c ./drivers/fsl_i2c.o
                0x000084d0                I2C_MasterRepeatedStart
 .text.I2C_MasterStop
                0x0000856c       0x58 ./drivers/fsl_i2c.o
                0x0000856c                I2C_MasterStop
 .text.I2C_MasterGetStatusFlags
                0x000085c4       0x4c ./drivers/fsl_i2c.o
                0x000085c4                I2C_MasterGetStatusFlags
 .text.I2C_MasterTransferCreateHandle
                0x00008610       0x84 ./drivers/fsl_i2c.o
                0x00008610                I2C_MasterTransferCreateHandle
 .text.I2C_MasterTransferNonBlocking
                0x00008694       0x7c ./drivers/fsl_i2c.o
                0x00008694                I2C_MasterTransferNonBlocking
 .text.I2C_MasterTransferHandleIRQ
                0x00008710       0xc0 ./drivers/fsl_i2c.o
                0x00008710                I2C_MasterTransferHandleIRQ
 .text.I2C0_DriverIRQHandler
                0x000087d0       0x1c ./drivers/fsl_i2c.o
                0x000087d0                I2C0_DriverIRQHandler
 .text.I2C1_DriverIRQHandler
                0x000087ec       0x1c ./drivers/fsl_i2c.o
                0x000087ec                I2C1_DriverIRQHandler
 .text.I2C_RTOS_Callback
                0x00008808       0x48 ./drivers/fsl_i2c_freertos.o
 .text.I2C_RTOS_Init
                0x00008850       0x9c ./drivers/fsl_i2c_freertos.o
                0x00008850                I2C_RTOS_Init
 .text.I2C_RTOS_Transfer
                0x000088ec       0x84 ./drivers/fsl_i2c_freertos.o
                0x000088ec                I2C_RTOS_Transfer
 .text.CLOCK_EnableClock
                0x00008970       0x34 ./drivers/fsl_lpuart.o
 .text.LPUART_GetInstance
                0x000089a4       0x50 ./drivers/fsl_lpuart.o
                0x000089a4                LPUART_GetInstance
 .text.LPUART_Init
                0x000089f4      0x23c ./drivers/fsl_lpuart.o
                0x000089f4                LPUART_Init
 .text.LPUART_GetDefaultConfig
                0x00008c30       0x5c ./drivers/fsl_lpuart.o
                0x00008c30                LPUART_GetDefaultConfig
 .text.LPUART_GetStatusFlags
                0x00008c8c       0x1c ./drivers/fsl_lpuart.o
                0x00008c8c                LPUART_GetStatusFlags
 .text.LPUART_ClearStatusFlags
                0x00008ca8       0x80 ./drivers/fsl_lpuart.o
                0x00008ca8                LPUART_ClearStatusFlags
 .text.LPUART_WriteBlocking
                0x00008d28       0x5c ./drivers/fsl_lpuart.o
                0x00008d28                LPUART_WriteBlocking
 .text.LPUART_ReadBlocking
                0x00008d84       0xd0 ./drivers/fsl_lpuart.o
                0x00008d84                LPUART_ReadBlocking
 .text.LPUART0_DriverIRQHandler
                0x00008e54       0x20 ./drivers/fsl_lpuart.o
                0x00008e54                LPUART0_DriverIRQHandler
 .text.NVIC_EnableIRQ
                0x00008e74       0x30 ./drivers/fsl_uart.o
 .text.CLOCK_EnableClock
                0x00008ea4       0x34 ./drivers/fsl_uart.o
 .text.EnableIRQ
                0x00008ed8       0x28 ./drivers/fsl_uart.o
 .text.UART_GetInstance
                0x00008f00       0x60 ./drivers/fsl_uart.o
                0x00008f00                UART_GetInstance
 .text.UART_TransferGetRxRingBufferLength
                0x00008f60       0x6c ./drivers/fsl_uart.o
 .text.UART_TransferIsRxRingBufferFull
                0x00008fcc       0x4c ./drivers/fsl_uart.o
 .text.UART_Init
                0x00009018      0x260 ./drivers/fsl_uart.o
                0x00009018                UART_Init
 .text.UART_GetDefaultConfig
                0x00009278       0x54 ./drivers/fsl_uart.o
                0x00009278                UART_GetDefaultConfig
 .text.UART_EnableInterrupts
                0x000092cc       0x70 ./drivers/fsl_uart.o
                0x000092cc                UART_EnableInterrupts
 .text.UART_DisableInterrupts
                0x0000933c       0x80 ./drivers/fsl_uart.o
                0x0000933c                UART_DisableInterrupts
 .text.UART_GetStatusFlags
                0x000093bc       0x48 ./drivers/fsl_uart.o
                0x000093bc                UART_GetStatusFlags
 .text.UART_ClearStatusFlags
                0x00009404       0x8c ./drivers/fsl_uart.o
                0x00009404                UART_ClearStatusFlags
 .text.UART_WriteBlocking
                0x00009490       0x40 ./drivers/fsl_uart.o
                0x00009490                UART_WriteBlocking
 .text.UART_WriteNonBlocking
                0x000094d0       0x54 ./drivers/fsl_uart.o
 .text.UART_ReadBlocking
                0x00009524       0xa4 ./drivers/fsl_uart.o
                0x00009524                UART_ReadBlocking
 .text.UART_ReadNonBlocking
                0x000095c8       0x54 ./drivers/fsl_uart.o
 .text.UART_TransferCreateHandle
                0x0000961c       0x98 ./drivers/fsl_uart.o
                0x0000961c                UART_TransferCreateHandle
 .text.UART_TransferStartRingBuffer
                0x000096b4       0x88 ./drivers/fsl_uart.o
                0x000096b4                UART_TransferStartRingBuffer
 .text.UART_TransferSendNonBlocking
                0x0000973c       0xc4 ./drivers/fsl_uart.o
                0x0000973c                UART_TransferSendNonBlocking
 .text.UART_TransferReceiveNonBlocking
                0x00009800      0x1d8 ./drivers/fsl_uart.o
                0x00009800                UART_TransferReceiveNonBlocking
 .text.UART_TransferAbortReceive
                0x000099d8       0x6c ./drivers/fsl_uart.o
                0x000099d8                UART_TransferAbortReceive
 .text.UART_TransferHandleIRQ
                0x00009a44      0x3e4 ./drivers/fsl_uart.o
                0x00009a44                UART_TransferHandleIRQ
 .text.UART0_DriverIRQHandler
                0x00009e28       0x20 ./drivers/fsl_uart.o
                0x00009e28                UART0_DriverIRQHandler
 .text.UART0_RX_TX_DriverIRQHandler
                0x00009e48        0xc ./drivers/fsl_uart.o
                0x00009e48                UART0_RX_TX_DriverIRQHandler
 .text.UART1_DriverIRQHandler
                0x00009e54       0x20 ./drivers/fsl_uart.o
                0x00009e54                UART1_DriverIRQHandler
 .text.UART1_RX_TX_DriverIRQHandler
                0x00009e74        0xc ./drivers/fsl_uart.o
                0x00009e74                UART1_RX_TX_DriverIRQHandler
 .text.UART2_DriverIRQHandler
                0x00009e80       0x20 ./drivers/fsl_uart.o
                0x00009e80                UART2_DriverIRQHandler
 .text.UART2_RX_TX_DriverIRQHandler
                0x00009ea0        0xc ./drivers/fsl_uart.o
                0x00009ea0                UART2_RX_TX_DriverIRQHandler
 .text.UART_EnableTx
                0x00009eac       0x40 ./drivers/fsl_uart_freertos.o
 .text.UART_EnableRx
                0x00009eec       0x40 ./drivers/fsl_uart_freertos.o
 .text.UART_RTOS_Callback
                0x00009f2c       0xc4 ./drivers/fsl_uart_freertos.o
 .text.UART_RTOS_Init
                0x00009ff0      0x170 ./drivers/fsl_uart_freertos.o
                0x00009ff0                UART_RTOS_Init
 .text.UART_RTOS_Send
                0x0000a160       0xb8 ./drivers/fsl_uart_freertos.o
                0x0000a160                UART_RTOS_Send
 .text.UART_RTOS_Receive
                0x0000a218      0x144 ./drivers/fsl_uart_freertos.o
                0x0000a218                UART_RTOS_Receive
 .text.SystemInit
                0x0000a35c       0x3c ./devices/system_MK22F51212.o
                0x0000a35c                SystemInit
 .text.__errno  0x0000a398        0xc c:/freescale/kds_v3/toolchain/bin/../lib/gcc/arm-none-eabi/4.8.4/../../../../arm-none-eabi/lib/armv7e-m/fpu\libg_s.a(lib_a-errno.o)
                0x0000a398                __errno
 .text.exit     0x0000a3a4       0x28 c:/freescale/kds_v3/toolchain/bin/../lib/gcc/arm-none-eabi/4.8.4/../../../../arm-none-eabi/lib/armv7e-m/fpu\libg_s.a(lib_a-exit.o)
                0x0000a3a4                exit
 .text.__libc_init_array
                0x0000a3cc       0x4c c:/freescale/kds_v3/toolchain/bin/../lib/gcc/arm-none-eabi/4.8.4/../../../../arm-none-eabi/lib/armv7e-m/fpu\libg_s.a(lib_a-init.o)
                0x0000a3cc                __libc_init_array
 .text.memcpy   0x0000a418       0x12 c:/freescale/kds_v3/toolchain/bin/../lib/gcc/arm-none-eabi/4.8.4/../../../../arm-none-eabi/lib/armv7e-m/fpu\libg_s.a(lib_a-memcpy-stub.o)
                0x0000a418                memcpy
 .text.memset   0x0000a42a       0x10 c:/freescale/kds_v3/toolchain/bin/../lib/gcc/arm-none-eabi/4.8.4/../../../../arm-none-eabi/lib/armv7e-m/fpu\libg_s.a(lib_a-memset.o)
                0x0000a42a                memset
 *fill*         0x0000a43a        0x2 
 .text.modf     0x0000a43c       0x88 c:/freescale/kds_v3/toolchain/bin/../lib/gcc/arm-none-eabi/4.8.4/../../../../arm-none-eabi/lib/armv7e-m/fpu\libg_s.a(lib_a-s_modf.o)
                0x0000a43c                modf
 .text.sprintf  0x0000a4c4       0x48 c:/freescale/kds_v3/toolchain/bin/../lib/gcc/arm-none-eabi/4.8.4/../../../../arm-none-eabi/lib/armv7e-m/fpu\libg_s.a(lib_a-sprintf.o)
                0x0000a4c4                siprintf
                0x0000a4c4                sprintf
 .text.strcpy   0x0000a50c       0x10 c:/freescale/kds_v3/toolchain/bin/../lib/gcc/arm-none-eabi/4.8.4/../../../../arm-none-eabi/lib/armv7e-m/fpu\libg_s.a(lib_a-strcpy.o)
                0x0000a50c                strcpy
 .text.strlen   0x0000a51c       0x10 c:/freescale/kds_v3/toolchain/bin/../lib/gcc/arm-none-eabi/4.8.4/../../../../arm-none-eabi/lib/armv7e-m/fpu\libg_s.a(lib_a-strlen.o)
                0x0000a51c                strlen
 .text.strncmp  0x0000a52c       0x2e c:/freescale/kds_v3/toolchain/bin/../lib/gcc/arm-none-eabi/4.8.4/../../../../arm-none-eabi/lib/armv7e-m/fpu\libg_s.a(lib_a-strncmp.o)
                0x0000a52c                strncmp
 .text.__ssputs_r
                0x0000a55a       0xb8 c:/freescale/kds_v3/toolchain/bin/../lib/gcc/arm-none-eabi/4.8.4/../../../../arm-none-eabi/lib/armv7e-m/fpu\libg_s.a(lib_a-svfprintf.o)
                0x0000a55a                __ssputs_r
 *fill*         0x0000a612        0x2 
 .text._svfprintf_r
                0x0000a614      0x1dc c:/freescale/kds_v3/toolchain/bin/../lib/gcc/arm-none-eabi/4.8.4/../../../../arm-none-eabi/lib/armv7e-m/fpu\libg_s.a(lib_a-svfprintf.o)
                0x0000a614                _svfiprintf_r
                0x0000a614                _svfprintf_r
 .text.__cvt    0x0000a7f0       0xc0 c:/freescale/kds_v3/toolchain/bin/../lib/gcc/arm-none-eabi/4.8.4/../../../../arm-none-eabi/lib/armv7e-m/fpu\libg_s.a(lib_a-vfprintf_float.o)
                0x0000a7f0                __cvt
 .text.__exponent
                0x0000a8b0       0x66 c:/freescale/kds_v3/toolchain/bin/../lib/gcc/arm-none-eabi/4.8.4/../../../../arm-none-eabi/lib/armv7e-m/fpu\libg_s.a(lib_a-vfprintf_float.o)
                0x0000a8b0                __exponent
 *fill*         0x0000a916        0x2 
 .text._printf_float
                0x0000a918      0x420 c:/freescale/kds_v3/toolchain/bin/../lib/gcc/arm-none-eabi/4.8.4/../../../../arm-none-eabi/lib/armv7e-m/fpu\libg_s.a(lib_a-vfprintf_float.o)
                0x0000a918                _printf_float
 .text._printf_common
                0x0000ad38       0xe4 c:/freescale/kds_v3/toolchain/bin/../lib/gcc/arm-none-eabi/4.8.4/../../../../arm-none-eabi/lib/armv7e-m/fpu\libg_s.a(lib_a-vfprintf_i.o)
                0x0000ad38                _printf_common
 .text._printf_i
                0x0000ae1c      0x228 c:/freescale/kds_v3/toolchain/bin/../lib/gcc/arm-none-eabi/4.8.4/../../../../arm-none-eabi/lib/armv7e-m/fpu\libg_s.a(lib_a-vfprintf_i.o)
                0x0000ae1c                _printf_i
 .text.quorem   0x0000b044      0x11a c:/freescale/kds_v3/toolchain/bin/../lib/gcc/arm-none-eabi/4.8.4/../../../../arm-none-eabi/lib/armv7e-m/fpu\libg_s.a(lib_a-dtoa.o)
 *fill*         0x0000b15e        0x2 
 .text._dtoa_r  0x0000b160      0xb70 c:/freescale/kds_v3/toolchain/bin/../lib/gcc/arm-none-eabi/4.8.4/../../../../arm-none-eabi/lib/armv7e-m/fpu\libg_s.a(lib_a-dtoa.o)
                0x0000b160                _dtoa_r
 .text._localeconv_r
                0x0000bcd0        0x8 c:/freescale/kds_v3/toolchain/bin/../lib/gcc/arm-none-eabi/4.8.4/../../../../arm-none-eabi/lib/armv7e-m/fpu\libg_s.a(lib_a-locale.o)
                0x0000bcd0                _localeconv_r
 .text.malloc   0x0000bcd8       0x10 c:/freescale/kds_v3/toolchain/bin/../lib/gcc/arm-none-eabi/4.8.4/../../../../arm-none-eabi/lib/armv7e-m/fpu\libg_s.a(lib_a-malloc.o)
                0x0000bcd8                malloc
 .text.memchr   0x0000bce8       0x1e c:/freescale/kds_v3/toolchain/bin/../lib/gcc/arm-none-eabi/4.8.4/../../../../arm-none-eabi/lib/armv7e-m/fpu\libg_s.a(lib_a-memchr-stub.o)
                0x0000bce8                memchr
 .text.memmove  0x0000bd06       0x36 c:/freescale/kds_v3/toolchain/bin/../lib/gcc/arm-none-eabi/4.8.4/../../../../arm-none-eabi/lib/armv7e-m/fpu\libg_s.a(lib_a-memmove.o)
                0x0000bd06                memmove
 .text._Balloc  0x0000bd3c       0x6a c:/freescale/kds_v3/toolchain/bin/../lib/gcc/arm-none-eabi/4.8.4/../../../../arm-none-eabi/lib/armv7e-m/fpu\libg_s.a(lib_a-mprec.o)
                0x0000bd3c                _Balloc
 .text._Bfree   0x0000bda6       0x2e c:/freescale/kds_v3/toolchain/bin/../lib/gcc/arm-none-eabi/4.8.4/../../../../arm-none-eabi/lib/armv7e-m/fpu\libg_s.a(lib_a-mprec.o)
                0x0000bda6                _Bfree
 .text.__multadd
                0x0000bdd4       0x74 c:/freescale/kds_v3/toolchain/bin/../lib/gcc/arm-none-eabi/4.8.4/../../../../arm-none-eabi/lib/armv7e-m/fpu\libg_s.a(lib_a-mprec.o)
                0x0000bdd4                __multadd
 .text.__hi0bits
                0x0000be48       0x40 c:/freescale/kds_v3/toolchain/bin/../lib/gcc/arm-none-eabi/4.8.4/../../../../arm-none-eabi/lib/armv7e-m/fpu\libg_s.a(lib_a-mprec.o)
                0x0000be48                __hi0bits
 .text.__lo0bits
                0x0000be88       0x5a c:/freescale/kds_v3/toolchain/bin/../lib/gcc/arm-none-eabi/4.8.4/../../../../arm-none-eabi/lib/armv7e-m/fpu\libg_s.a(lib_a-mprec.o)
                0x0000be88                __lo0bits
 .text.__i2b    0x0000bee2       0x12 c:/freescale/kds_v3/toolchain/bin/../lib/gcc/arm-none-eabi/4.8.4/../../../../arm-none-eabi/lib/armv7e-m/fpu\libg_s.a(lib_a-mprec.o)
                0x0000bee2                __i2b
 .text.__multiply
                0x0000bef4      0x130 c:/freescale/kds_v3/toolchain/bin/../lib/gcc/arm-none-eabi/4.8.4/../../../../arm-none-eabi/lib/armv7e-m/fpu\libg_s.a(lib_a-mprec.o)
                0x0000bef4                __multiply
 .text.__pow5mult
                0x0000c024       0x9c c:/freescale/kds_v3/toolchain/bin/../lib/gcc/arm-none-eabi/4.8.4/../../../../arm-none-eabi/lib/armv7e-m/fpu\libg_s.a(lib_a-mprec.o)
                0x0000c024                __pow5mult
 .text.__lshift
                0x0000c0c0       0xa6 c:/freescale/kds_v3/toolchain/bin/../lib/gcc/arm-none-eabi/4.8.4/../../../../arm-none-eabi/lib/armv7e-m/fpu\libg_s.a(lib_a-mprec.o)
                0x0000c0c0                __lshift
 .text.__mcmp   0x0000c166       0x3a c:/freescale/kds_v3/toolchain/bin/../lib/gcc/arm-none-eabi/4.8.4/../../../../arm-none-eabi/lib/armv7e-m/fpu\libg_s.a(lib_a-mprec.o)
                0x0000c166                __mcmp
 .text.__mdiff  0x0000c1a0       0xbc c:/freescale/kds_v3/toolchain/bin/../lib/gcc/arm-none-eabi/4.8.4/../../../../arm-none-eabi/lib/armv7e-m/fpu\libg_s.a(lib_a-mprec.o)
                0x0000c1a0                __mdiff
 .text.__d2b    0x0000c25c       0xa0 c:/freescale/kds_v3/toolchain/bin/../lib/gcc/arm-none-eabi/4.8.4/../../../../arm-none-eabi/lib/armv7e-m/fpu\libg_s.a(lib_a-mprec.o)
                0x0000c25c                __d2b
 .text._calloc_r
                0x0000c2fc       0x1c c:/freescale/kds_v3/toolchain/bin/../lib/gcc/arm-none-eabi/4.8.4/../../../../arm-none-eabi/lib/armv7e-m/fpu\libg_s.a(lib_a-nano-callocr.o)
                0x0000c2fc                _calloc_r
 .text._free_r  0x0000c318       0x88 c:/freescale/kds_v3/toolchain/bin/../lib/gcc/arm-none-eabi/4.8.4/../../../../arm-none-eabi/lib/armv7e-m/fpu\libg_s.a(lib_a-nano-freer.o)
                0x0000c318                _free_r
 .text._malloc_r
                0x0000c3a0       0xa8 c:/freescale/kds_v3/toolchain/bin/../lib/gcc/arm-none-eabi/4.8.4/../../../../arm-none-eabi/lib/armv7e-m/fpu\libg_s.a(lib_a-nano-mallocr.o)
                0x0000c3a0                _malloc_r
 .text._realloc_r
                0x0000c448       0x4c c:/freescale/kds_v3/toolchain/bin/../lib/gcc/arm-none-eabi/4.8.4/../../../../arm-none-eabi/lib/armv7e-m/fpu\libg_s.a(lib_a-nano-reallocr.o)
                0x0000c448                _realloc_r
 .text.__fpclassifyd
                0x0000c494       0x48 c:/freescale/kds_v3/toolchain/bin/../lib/gcc/arm-none-eabi/4.8.4/../../../../arm-none-eabi/lib/armv7e-m/fpu\libg_s.a(lib_a-s_fpclassify.o)
                0x0000c494                __fpclassifyd
 .text._sbrk_r  0x0000c4dc       0x20 c:/freescale/kds_v3/toolchain/bin/../lib/gcc/arm-none-eabi/4.8.4/../../../../arm-none-eabi/lib/armv7e-m/fpu\libg_s.a(lib_a-sbrkr.o)
                0x0000c4dc                _sbrk_r
 .text._malloc_usable_size_r
                0x0000c4fc       0x12 c:/freescale/kds_v3/toolchain/bin/../lib/gcc/arm-none-eabi/4.8.4/../../../../arm-none-eabi/lib/armv7e-m/fpu\libg_s.a(lib_a-nano-msizer.o)
                0x0000c4fc                _malloc_usable_size_r
 *fill*         0x0000c50e        0x2 
 .text._exit    0x0000c510        0x4 c:/freescale/kds_v3/toolchain/bin/../lib/gcc/arm-none-eabi/4.8.4/../../../../arm-none-eabi/lib/armv7e-m/fpu\libnosys.a(_exit.o)
                0x0000c510                _exit
 .text.pow      0x0000c514      0x340 c:/freescale/kds_v3/toolchain/bin/../lib/gcc/arm-none-eabi/4.8.4/../../../../arm-none-eabi/lib/armv7e-m/fpu\libm.a(lib_a-w_pow.o)
                0x0000c514                pow
 *fill*         0x0000c854        0x4 
 .text.__ieee754_pow
                0x0000c858      0xae8 c:/freescale/kds_v3/toolchain/bin/../lib/gcc/arm-none-eabi/4.8.4/../../../../arm-none-eabi/lib/armv7e-m/fpu\libm.a(lib_a-e_pow.o)
                0x0000c858                __ieee754_pow
 .text.__ieee754_sqrt
                0x0000d340      0x198 c:/freescale/kds_v3/toolchain/bin/../lib/gcc/arm-none-eabi/4.8.4/../../../../arm-none-eabi/lib/armv7e-m/fpu\libm.a(lib_a-e_sqrt.o)
                0x0000d340                __ieee754_sqrt
 .text.fabs     0x0000d4d8       0x14 c:/freescale/kds_v3/toolchain/bin/../lib/gcc/arm-none-eabi/4.8.4/../../../../arm-none-eabi/lib/armv7e-m/fpu\libm.a(lib_a-s_fabs.o)
                0x0000d4d8                fabs
 .text.finite   0x0000d4ec       0x10 c:/freescale/kds_v3/toolchain/bin/../lib/gcc/arm-none-eabi/4.8.4/../../../../arm-none-eabi/lib/armv7e-m/fpu\libm.a(lib_a-s_finite.o)
                0x0000d4ec                finite
 .text.matherr  0x0000d4fc        0x4 c:/freescale/kds_v3/toolchain/bin/../lib/gcc/arm-none-eabi/4.8.4/../../../../arm-none-eabi/lib/armv7e-m/fpu\libm.a(lib_a-s_matherr.o)
                0x0000d4fc                matherr
 .text.nan      0x0000d500       0x10 c:/freescale/kds_v3/toolchain/bin/../lib/gcc/arm-none-eabi/4.8.4/../../../../arm-none-eabi/lib/armv7e-m/fpu\libm.a(lib_a-s_nan.o)
                0x0000d500                nan
 .text.rint     0x0000d510      0x120 c:/freescale/kds_v3/toolchain/bin/../lib/gcc/arm-none-eabi/4.8.4/../../../../arm-none-eabi/lib/armv7e-m/fpu\libm.a(lib_a-s_rint.o)
                0x0000d510                rint
 .text.scalbn   0x0000d630      0x120 c:/freescale/kds_v3/toolchain/bin/../lib/gcc/arm-none-eabi/4.8.4/../../../../arm-none-eabi/lib/armv7e-m/fpu\libm.a(lib_a-s_scalbn.o)
                0x0000d630                scalbn
 .text.copysign
                0x0000d750       0x24 c:/freescale/kds_v3/toolchain/bin/../lib/gcc/arm-none-eabi/4.8.4/../../../../arm-none-eabi/lib/armv7e-m/fpu\libm.a(lib_a-s_copysign.o)
                0x0000d750                copysign
 *(.rodata)
 .rodata        0x0000d774       0x54 ./sources/IOT_Commands.o
 .rodata        0x0000d7c8       0x80 ./sources/PID_Controller.o
 .rodata        0x0000d848       0xf4 ./sources/SI7021.o
 .rodata        0x0000d93c      0x22c ./sources/freertos_i2c.o
 .rodata        0x0000db68       0x20 ./sources/pin_mux.o
 .rodata        0x0000db88       0x18 ./freertos/Source/tasks.o
                0x0000db90                FreeRTOSDebugConfig
 .rodata        0x0000dba0       0x10 ./freertos/Source/timers.o
 .rodata        0x0000dbb0       0x48 ./drivers/fsl_clock.o
 .rodata        0x0000dbf8       0x40 ./drivers/fsl_common.o
 .rodata        0x0000dc38       0xe4 ./drivers/fsl_ftm.o
 .rodata        0x0000dd1c       0xc8 ./drivers/fsl_i2c.o
 .rodata        0x0000dde4       0xb8 ./drivers/fsl_lpuart.o
 .rodata        0x0000de9c      0x12c ./drivers/fsl_uart.o
 *(.rodata*)
 .rodata.mcgConfig_BOARD_BootClockRUN
                0x0000dfc8        0xc ./sources/clock_config.o
                0x0000dfc8                mcgConfig_BOARD_BootClockRUN
 .rodata.simConfig_BOARD_BootClockRUN
                0x0000dfd4        0x8 ./sources/clock_config.o
                0x0000dfd4                simConfig_BOARD_BootClockRUN
 .rodata.oscConfig_BOARD_BootClockRUN
                0x0000dfdc        0x8 ./sources/clock_config.o
                0x0000dfdc                oscConfig_BOARD_BootClockRUN
 .rodata.__func__.6107
                0x0000dfe4       0x14 ./sources/pin_mux.o
 .rodata.__func__.6069
                0x0000dff8       0x18 ./drivers/fsl_clock.o
 .rodata.__func__.6107
                0x0000e010       0x1c ./drivers/fsl_clock.o
 .rodata.__func__.6111
                0x0000e02c       0x1c ./drivers/fsl_clock.o
 .rodata.__func__.6119
                0x0000e048       0x18 ./drivers/fsl_clock.o
 .rodata.fllFactorTable.6198
                0x0000e060       0x10 ./drivers/fsl_clock.o
 .rodata.__func__.6213
                0x0000e070       0x14 ./drivers/fsl_clock.o
 .rodata.__func__.6258
                0x0000e084       0x14 ./drivers/fsl_clock.o
 .rodata.__func__.6400
                0x0000e098       0x14 ./drivers/fsl_clock.o
 .rodata.__func__.6467
                0x0000e0ac       0x14 ./drivers/fsl_clock.o
 .rodata.s_ftmBases
                0x0000e0c0       0x10 ./drivers/fsl_ftm.o
 .rodata.s_ftmClocks
                0x0000e0d0       0x10 ./drivers/fsl_ftm.o
 .rodata.__func__.6364
                0x0000e0e0       0x10 ./drivers/fsl_ftm.o
 .rodata.__func__.6388
                0x0000e0f0        0xc ./drivers/fsl_ftm.o
 .rodata.__func__.6396
                0x0000e0fc       0x18 ./drivers/fsl_ftm.o
 .rodata.__func__.6405
                0x0000e114       0x10 ./drivers/fsl_ftm.o
 .rodata.s_i2cDividerTable
                0x0000e124       0x80 ./drivers/fsl_i2c.o
 .rodata.s_i2cBases
                0x0000e1a4        0x8 ./drivers/fsl_i2c.o
 .rodata.s_i2cIrqs
                0x0000e1ac        0x4 ./drivers/fsl_i2c.o
 .rodata.s_i2cClocks
                0x0000e1b0        0x8 ./drivers/fsl_i2c.o
 .rodata.__func__.6298
                0x0000e1b8       0x10 ./drivers/fsl_i2c.o
 .rodata.__func__.6354
                0x0000e1c8       0x10 ./drivers/fsl_i2c.o
 .rodata.__func__.6362
                0x0000e1d8       0x1c ./drivers/fsl_i2c.o
 .rodata.__func__.6483
                0x0000e1f4       0x20 ./drivers/fsl_i2c.o
 .rodata.__func__.6490
                0x0000e214       0x20 ./drivers/fsl_i2c.o
 .rodata.__func__.6514
                0x0000e234       0x1c ./drivers/fsl_i2c.o
 .rodata.__func__.6258
                0x0000e250       0x14 ./drivers/fsl_lpuart.o
 .rodata.__func__.6296
                0x0000e264        0xc ./drivers/fsl_lpuart.o
 .rodata.__func__.6320
                0x0000e270       0x18 ./drivers/fsl_lpuart.o
 .rodata.__func__.6366
                0x0000e288       0x18 ./drivers/fsl_lpuart.o
 .rodata.__func__.6378
                0x0000e2a0       0x14 ./drivers/fsl_lpuart.o
 .rodata.s_uartBases
                0x0000e2b4        0xc ./drivers/fsl_uart.o
 .rodata.s_uartIRQ
                0x0000e2c0        0x4 ./drivers/fsl_uart.o
 .rodata.s_uartClock
                0x0000e2c4        0xc ./drivers/fsl_uart.o
 .rodata.__func__.6262
                0x0000e2d0       0x14 ./drivers/fsl_uart.o
 .rodata.__func__.6266
                0x0000e2e4       0x24 ./drivers/fsl_uart.o
 .rodata.__func__.6271
                0x0000e308       0x20 ./drivers/fsl_uart.o
 .rodata.__func__.6278
                0x0000e328        0xc ./drivers/fsl_uart.o
 .rodata.__func__.6296
                0x0000e334       0x18 ./drivers/fsl_uart.o
 .rodata.__func__.6346
                0x0000e34c       0x18 ./drivers/fsl_uart.o
 .rodata.__func__.6356
                0x0000e364       0x14 ./drivers/fsl_uart.o
 .rodata.__func__.6369
                0x0000e378       0x18 ./drivers/fsl_uart.o
 .rodata.__func__.6380
                0x0000e390       0x1c ./drivers/fsl_uart.o
 .rodata.__func__.6388
                0x0000e3ac       0x20 ./drivers/fsl_uart.o
 .rodata.__func__.6399
                0x0000e3cc       0x20 ./drivers/fsl_uart.o
 .rodata.__func__.6418
                0x0000e3ec       0x20 ./drivers/fsl_uart.o
 .rodata.__func__.6431
                0x0000e40c       0x1c ./drivers/fsl_uart.o
 .rodata.__func__.6442
                0x0000e428       0x18 ./drivers/fsl_uart.o
 .rodata.str1.1
                0x0000e440        0x2 c:/freescale/kds_v3/toolchain/bin/../lib/gcc/arm-none-eabi/4.8.4/../../../../arm-none-eabi/lib/armv7e-m/fpu\libg_s.a(lib_a-impure.o)
 *fill*         0x0000e442        0x2 
 .rodata._global_impure_ptr
                0x0000e444        0x4 c:/freescale/kds_v3/toolchain/bin/../lib/gcc/arm-none-eabi/4.8.4/../../../../arm-none-eabi/lib/armv7e-m/fpu\libg_s.a(lib_a-impure.o)
                0x0000e444                _global_impure_ptr
 .rodata.str1.1
                0x0000e448       0x11 c:/freescale/kds_v3/toolchain/bin/../lib/gcc/arm-none-eabi/4.8.4/../../../../arm-none-eabi/lib/armv7e-m/fpu\libg_s.a(lib_a-svfprintf.o)
 .rodata.str1.1
                0x0000e459       0x12 c:/freescale/kds_v3/toolchain/bin/../lib/gcc/arm-none-eabi/4.8.4/../../../../arm-none-eabi/lib/armv7e-m/fpu\libg_s.a(lib_a-vfprintf_float.o)
 .rodata.str1.1
                0x0000e46b       0x22 c:/freescale/kds_v3/toolchain/bin/../lib/gcc/arm-none-eabi/4.8.4/../../../../arm-none-eabi/lib/armv7e-m/fpu\libg_s.a(lib_a-vfprintf_i.o)
 .rodata.str1.1
                0x0000e48d        0xd c:/freescale/kds_v3/toolchain/bin/../lib/gcc/arm-none-eabi/4.8.4/../../../../arm-none-eabi/lib/armv7e-m/fpu\libg_s.a(lib_a-dtoa.o)
                                  0xf (size before relaxing)
 .rodata.str1.1
                0x0000e49a        0x8 c:/freescale/kds_v3/toolchain/bin/../lib/gcc/arm-none-eabi/4.8.4/../../../../arm-none-eabi/lib/armv7e-m/fpu\libg_s.a(lib_a-locale.o)
                                  0xb (size before relaxing)
 *fill*         0x0000e4a2        0x6 
 .rodata.__mprec_tens
                0x0000e4a8       0xc8 c:/freescale/kds_v3/toolchain/bin/../lib/gcc/arm-none-eabi/4.8.4/../../../../arm-none-eabi/lib/armv7e-m/fpu\libg_s.a(lib_a-mprec.o)
                0x0000e4a8                __mprec_tens
 .rodata.__mprec_bigtens
                0x0000e570       0x28 c:/freescale/kds_v3/toolchain/bin/../lib/gcc/arm-none-eabi/4.8.4/../../../../arm-none-eabi/lib/armv7e-m/fpu\libg_s.a(lib_a-mprec.o)
                0x0000e570                __mprec_bigtens
 .rodata.p05.5281
                0x0000e598        0xc c:/freescale/kds_v3/toolchain/bin/../lib/gcc/arm-none-eabi/4.8.4/../../../../arm-none-eabi/lib/armv7e-m/fpu\libg_s.a(lib_a-mprec.o)
 .rodata.str1.4
                0x0000e5a4        0x4 c:/freescale/kds_v3/toolchain/bin/../lib/gcc/arm-none-eabi/4.8.4/../../../../arm-none-eabi/lib/armv7e-m/fpu\libm.a(lib_a-w_pow.o)
 .rodata.dp_h   0x0000e5a8       0x10 c:/freescale/kds_v3/toolchain/bin/../lib/gcc/arm-none-eabi/4.8.4/../../../../arm-none-eabi/lib/armv7e-m/fpu\libm.a(lib_a-e_pow.o)
 .rodata.dp_l   0x0000e5b8       0x10 c:/freescale/kds_v3/toolchain/bin/../lib/gcc/arm-none-eabi/4.8.4/../../../../arm-none-eabi/lib/armv7e-m/fpu\libm.a(lib_a-e_pow.o)
 .rodata.bp     0x0000e5c8       0x10 c:/freescale/kds_v3/toolchain/bin/../lib/gcc/arm-none-eabi/4.8.4/../../../../arm-none-eabi/lib/armv7e-m/fpu\libm.a(lib_a-e_pow.o)
 .rodata.str1.4
                0x0000e5d8        0x4 c:/freescale/kds_v3/toolchain/bin/../lib/gcc/arm-none-eabi/4.8.4/../../../../arm-none-eabi/lib/armv7e-m/fpu\libm.a(lib_a-e_pow.o)
 *fill*         0x0000e5dc        0x4 
 .rodata.TWO52  0x0000e5e0       0x10 c:/freescale/kds_v3/toolchain/bin/../lib/gcc/arm-none-eabi/4.8.4/../../../../arm-none-eabi/lib/armv7e-m/fpu\libm.a(lib_a-s_rint.o)
 *(.glue_7)
 .glue_7        0x00000000        0x0 linker stubs
 *(.glue_7t)
 .glue_7t       0x00000000        0x0 linker stubs
 *(.eh_frame)
 .eh_frame      0x0000e5f0        0x0 c:/freescale/kds_v3/toolchain/bin/../lib/gcc/arm-none-eabi/4.8.4/armv7e-m/fpu/crtbegin.o
 *(.init)
 .init          0x0000e5f0        0x4 c:/freescale/kds_v3/toolchain/bin/../lib/gcc/arm-none-eabi/4.8.4/armv7e-m/fpu/crti.o
                0x0000e5f0                _init
 .init          0x0000e5f4        0x8 c:/freescale/kds_v3/toolchain/bin/../lib/gcc/arm-none-eabi/4.8.4/armv7e-m/fpu/crtn.o
 *(.fini)
 .fini          0x0000e5fc        0x4 c:/freescale/kds_v3/toolchain/bin/../lib/gcc/arm-none-eabi/4.8.4/armv7e-m/fpu/crti.o
                0x0000e5fc                _fini
 .fini          0x0000e600        0x8 c:/freescale/kds_v3/toolchain/bin/../lib/gcc/arm-none-eabi/4.8.4/armv7e-m/fpu/crtn.o
                0x0000e608                . = ALIGN (0x4)

.vfp11_veneer   0x0000e608        0x0
 .vfp11_veneer  0x00000000        0x0 linker stubs

.v4_bx          0x0000e608        0x0
 .v4_bx         0x00000000        0x0 linker stubs

.iplt           0x0000e608        0x0
 .iplt          0x00000000        0x0 c:/freescale/kds_v3/toolchain/bin/../lib/gcc/arm-none-eabi/4.8.4/armv7e-m/fpu/crtbegin.o

.ARM.extab
 *(.ARM.extab* .gnu.linkonce.armextab.*)

.ARM            0x0000e608        0x8
                0x0000e608                __exidx_start = .
 *(.ARM.exidx*)
 .ARM.exidx     0x0000e608        0x8 c:/freescale/kds_v3/toolchain/bin/../lib/gcc/arm-none-eabi/4.8.4/../../../../arm-none-eabi/lib/armv7e-m/fpu/crt0.o
 .ARM.exidx     0x0000e610        0x0 c:/freescale/kds_v3/toolchain/bin/../lib/gcc/arm-none-eabi/4.8.4/armv7e-m/fpu\libgcc.a(_divdi3.o)
                                  0x8 (size before relaxing)
 .ARM.exidx     0x0000e610        0x0 c:/freescale/kds_v3/toolchain/bin/../lib/gcc/arm-none-eabi/4.8.4/armv7e-m/fpu\libgcc.a(_udivdi3.o)
                                  0x8 (size before relaxing)
                0x0000e610                __exidx_end = .

.rel.dyn        0x0000e610        0x0
 .rel.iplt      0x00000000        0x0 c:/freescale/kds_v3/toolchain/bin/../lib/gcc/arm-none-eabi/4.8.4/armv7e-m/fpu/crtbegin.o

.ctors          0x0000e610        0x0
                0x0000e610                __CTOR_LIST__ = .
 *crtbegin.o(.ctors)
 *crtbegin?.o(.ctors)
 *(EXCLUDE_FILE(*crtend.o *crtend?.o) .ctors)
 *(SORT(.ctors.*))
 *(.ctors)
                0x0000e610                __CTOR_END__ = .

.dtors          0x0000e610        0x0
                0x0000e610                __DTOR_LIST__ = .
 *crtbegin.o(.dtors)
 *crtbegin?.o(.dtors)
 *(EXCLUDE_FILE(*crtend.o *crtend?.o) .dtors)
 *(SORT(.dtors.*))
 *(.dtors)
                0x0000e610                __DTOR_END__ = .

.preinit_array  0x0000e610        0x0
                0x0000e610                PROVIDE (__preinit_array_start, .)
 *(.preinit_array*)
                0x0000e610                PROVIDE (__preinit_array_end, .)

.init_array     0x0000e610        0x4
                0x0000e610                PROVIDE (__init_array_start, .)
 *(SORT(.init_array.*))
 *(.init_array*)
 .init_array    0x0000e610        0x4 c:/freescale/kds_v3/toolchain/bin/../lib/gcc/arm-none-eabi/4.8.4/armv7e-m/fpu/crtbegin.o
                0x0000e614                PROVIDE (__init_array_end, .)

.fini_array     0x0000e614        0x4
                0x0000e614                PROVIDE (__fini_array_start, .)
 *(SORT(.fini_array.*))
 *(.fini_array*)
 .fini_array    0x0000e614        0x4 c:/freescale/kds_v3/toolchain/bin/../lib/gcc/arm-none-eabi/4.8.4/armv7e-m/fpu/crtbegin.o
                0x0000e618                PROVIDE (__fini_array_end, .)
                0x0000e618                __etext = .
                0x0000e618                __DATA_ROM = .

.interrupts_ram
                0x1fff0000        0x0
                0x1fff0000                . = ALIGN (0x4)
                0x1fff0000                __VECTOR_RAM__ = .
                0x1fff0000                __interrupts_ram_start__ = .
 *(.m_interrupts_ram)
                0x1fff0000                . = (. + M_VECTOR_RAM_SIZE)
                0x1fff0000                . = ALIGN (0x4)
                0x1fff0000                __interrupts_ram_end__ = .
                0x00000000                __VECTOR_RAM = DEFINED (__ram_vector_table__)?__VECTOR_RAM__:ORIGIN (m_interrupts)
                0x00000000                __RAM_VECTOR_TABLE_SIZE_BYTES = DEFINED (__ram_vector_table__)?(__interrupts_ram_end__ - __interrupts_ram_start__):0x0

.data           0x1fff0000       0xec load address 0x0000e618
                0x1fff0000                . = ALIGN (0x4)
                0x1fff0000                __DATA_RAM = .
                0x1fff0000                __data_start__ = .
 *(.data)
 *(.data*)
 .data.uart_config
                0x1fff0000       0x18 ./sources/IOT_Commands.o
                0x1fff0000                uart_config
 .data.Kp       0x1fff0018        0x4 ./sources/PID_Controller.o
                0x1fff0018                Kp
 .data.Ki       0x1fff001c        0x4 ./sources/PID_Controller.o
                0x1fff001c                Ki
 .data.Kd       0x1fff0020        0x4 ./sources/PID_Controller.o
                0x1fff0020                Kd
 .data.target_temp
                0x1fff0024        0x4 ./sources/PID_Controller.o
                0x1fff0024                target_temp
 .data.sampleTime
                0x1fff0028        0x8 ./sources/PID_Controller.o
                0x1fff0028                sampleTime
 .data.max_limit
                0x1fff0030        0x1 ./sources/PID_Controller.o
                0x1fff0030                max_limit
 *fill*         0x1fff0031        0x1 
 .data.min_limit
                0x1fff0032        0x2 ./sources/PID_Controller.o
                0x1fff0032                min_limit
 .data.Direct   0x1fff0034        0x1 ./sources/PID_Controller.o
                0x1fff0034                Direct
 .data.pwmLevel
                0x1fff0035        0x1 ./sources/freertos_i2c.o
                0x1fff0035                pwmLevel
 *fill*         0x1fff0036        0x2 
 .data.uxCriticalNesting
                0x1fff0038        0x4 ./freertos/Source/portable/GCC/ARM_CM4F/port.o
 .data.s_slowIrcFreq
                0x1fff003c        0x4 ./drivers/fsl_clock.o
 .data.s_fastIrcFreq
                0x1fff0040        0x4 ./drivers/fsl_clock.o
 .data.SystemCoreClock
                0x1fff0044        0x4 ./devices/system_MK22F51212.o
                0x1fff0044                SystemCoreClock
 .data.impure_data
                0x1fff0048       0x60 c:/freescale/kds_v3/toolchain/bin/../lib/gcc/arm-none-eabi/4.8.4/../../../../arm-none-eabi/lib/armv7e-m/fpu\libg_s.a(lib_a-impure.o)
 .data._impure_ptr
                0x1fff00a8        0x4 c:/freescale/kds_v3/toolchain/bin/../lib/gcc/arm-none-eabi/4.8.4/../../../../arm-none-eabi/lib/armv7e-m/fpu\libg_s.a(lib_a-impure.o)
                0x1fff00a8                _impure_ptr
 .data.lconv    0x1fff00ac       0x38 c:/freescale/kds_v3/toolchain/bin/../lib/gcc/arm-none-eabi/4.8.4/../../../../arm-none-eabi/lib/armv7e-m/fpu\libg_s.a(lib_a-locale.o)
 .data.__fdlib_version
                0x1fff00e4        0x1 c:/freescale/kds_v3/toolchain/bin/../lib/gcc/arm-none-eabi/4.8.4/../../../../arm-none-eabi/lib/armv7e-m/fpu\libm.a(lib_a-s_lib_ver.o)
                0x1fff00e4                __fdlib_version
 *(.jcr*)
 *fill*         0x1fff00e5        0x3 
 .jcr           0x1fff00e8        0x0 c:/freescale/kds_v3/toolchain/bin/../lib/gcc/arm-none-eabi/4.8.4/armv7e-m/fpu/crtbegin.o
 .jcr           0x1fff00e8        0x4 c:/freescale/kds_v3/toolchain/bin/../lib/gcc/arm-none-eabi/4.8.4/armv7e-m/fpu/crtend.o
                0x1fff00ec                . = ALIGN (0x4)
                0x1fff00ec                __data_end__ = .
                0x0000e704                __DATA_END = (__DATA_ROM + (__data_end__ - __data_start__))
                0x00080000                text_end = (ORIGIN (m_text) + 0x7fbf0)
                0x00000001                ASSERT ((__DATA_END <= text_end), region m_text overflowed with text and data)

.igot.plt       0x1fff00ec        0x0 load address 0x0000e704
 .igot.plt      0x00000000        0x0 c:/freescale/kds_v3/toolchain/bin/../lib/gcc/arm-none-eabi/4.8.4/armv7e-m/fpu/crtbegin.o

.bss            0x1fff00f0     0x2bb8 load address 0x0000e708
                0x1fff00f0                . = ALIGN (0x4)
                0x1fff00f0                __START_BSS = .
                0x1fff00f0                __bss_start__ = .
 *(.bss)
 .bss           0x1fff00f0       0x1c c:/freescale/kds_v3/toolchain/bin/../lib/gcc/arm-none-eabi/4.8.4/armv7e-m/fpu/crtbegin.o
 *(.bss*)
 .bss.s_debugConsole
                0x1fff010c       0x10 ./utilities/fsl_debug_console.o
 .bss.heap_end.4522
                0x1fff011c        0x4 ./utilities/fsl_sbrk.o
 .bss.handle    0x1fff0120       0x28 ./sources/IOT_Commands.o
                0x1fff0120                handle
 .bss.background_buffer
                0x1fff0148       0x20 ./sources/IOT_Commands.o
                0x1fff0148                background_buffer
 .bss.send_buffer
                0x1fff0168       0x20 ./sources/IOT_Commands.o
                0x1fff0168                send_buffer
 .bss.recv_buffer
                0x1fff0188        0x4 ./sources/IOT_Commands.o
                0x1fff0188                recv_buffer
 .bss.databuf   0x1fff018c       0x20 ./sources/IOT_Commands.o
                0x1fff018c                databuf
 .bss.datacnt   0x1fff01ac        0x1 ./sources/IOT_Commands.o
                0x1fff01ac                datacnt
 *fill*         0x1fff01ad        0x3 
 .bss.t_handle  0x1fff01b0       0x30 ./sources/IOT_Commands.o
                0x1fff01b0                t_handle
 .bss.fanControl
                0x1fff01e0        0x1 ./sources/IOT_Commands.o
                0x1fff01e0                fanControl
 *fill*         0x1fff01e1        0x3 
 .bss.IOT_Comd  0x1fff01e4        0xc ./sources/IOT_Commands.o
                0x1fff01e4                IOT_Comd
 .bss.IOT_Data  0x1fff01f0        0x8 ./sources/IOT_Commands.o
                0x1fff01f0                IOT_Data
 .bss.last_error
                0x1fff01f8        0x4 ./sources/PID_Controller.o
                0x1fff01f8                last_error
 .bss.integral_value
                0x1fff01fc        0x4 ./sources/PID_Controller.o
                0x1fff01fc                integral_value
 .bss.Output    0x1fff0200        0x4 ./sources/PID_Controller.o
                0x1fff0200                Output
 *fill*         0x1fff0204        0x4 
 .bss.lastTime  0x1fff0208        0x8 ./sources/PID_Controller.o
                0x1fff0208                lastTime
 .bss.kp        0x1fff0210        0x4 ./sources/PID_Controller.o
                0x1fff0210                kp
 .bss.ki        0x1fff0214        0x4 ./sources/PID_Controller.o
                0x1fff0214                ki
 .bss.kd        0x1fff0218        0x4 ./sources/PID_Controller.o
                0x1fff0218                kd
 .bss.sensor_rtos_handle
                0x1fff021c       0x38 ./sources/SI7021.o
                0x1fff021c                sensor_rtos_handle
 .bss.g_sen_handle
                0x1fff0254        0x4 ./sources/SI7021.o
                0x1fff0254                g_sen_handle
 .bss.sensorConfig
                0x1fff0258        0xc ./sources/SI7021.o
                0x1fff0258                sensorConfig
 .bss.sensorXfer
                0x1fff0264       0x18 ./sources/SI7021.o
                0x1fff0264                sensorXfer
 .bss.g_sen_buff
                0x1fff027c       0x20 ./sources/SI7021.o
                0x1fff027c                g_sen_buff
 .bss.ftmInfo   0x1fff029c       0x1c ./sources/freertos_i2c.o
                0x1fff029c                ftmInfo
 .bss.ftmParam  0x1fff02b8        0x4 ./sources/freertos_i2c.o
                0x1fff02b8                ftmParam
 .bss.logi      0x1fff02bc        0x2 ./sources/freertos_i2c.o
                0x1fff02bc                logi
 *fill*         0x1fff02be        0x2 
 .bss.temp_val  0x1fff02c0        0x4 ./sources/freertos_i2c.o
                0x1fff02c0                temp_val
 .bss.humidity_val
                0x1fff02c4        0x4 ./sources/freertos_i2c.o
                0x1fff02c4                humidity_val
 .bss.temp_init
                0x1fff02c8        0x1 ./sources/freertos_i2c.o
                0x1fff02c8                temp_init
 *fill*         0x1fff02c9        0x3 
 .bss.ucHeap    0x1fff02cc     0x2800 ./freertos/Source/portable/MemMang/heap_4.o
 .bss.xStart    0x1fff2acc        0x8 ./freertos/Source/portable/MemMang/heap_4.o
 .bss.pxEnd     0x1fff2ad4        0x4 ./freertos/Source/portable/MemMang/heap_4.o
 .bss.xFreeBytesRemaining
                0x1fff2ad8        0x4 ./freertos/Source/portable/MemMang/heap_4.o
 .bss.xMinimumEverFreeBytesRemaining
                0x1fff2adc        0x4 ./freertos/Source/portable/MemMang/heap_4.o
 .bss.xBlockAllocatedBit
                0x1fff2ae0        0x4 ./freertos/Source/portable/MemMang/heap_4.o
 .bss.ucMaxSysCallPriority
                0x1fff2ae4        0x1 ./freertos/Source/portable/GCC/ARM_CM4F/port.o
 *fill*         0x1fff2ae5        0x3 
 .bss.ulMaxPRIGROUPValue
                0x1fff2ae8        0x4 ./freertos/Source/portable/GCC/ARM_CM4F/port.o
 .bss.xQueueRegistry
                0x1fff2aec       0x40 ./freertos/Source/queue.o
                0x1fff2aec                xQueueRegistry
 .bss.pxCurrentTCB
                0x1fff2b2c        0x4 ./freertos/Source/tasks.o
                0x1fff2b2c                pxCurrentTCB
 .bss.pxReadyTasksLists
                0x1fff2b30       0x64 ./freertos/Source/tasks.o
 .bss.xDelayedTaskList1
                0x1fff2b94       0x14 ./freertos/Source/tasks.o
 .bss.xDelayedTaskList2
                0x1fff2ba8       0x14 ./freertos/Source/tasks.o
 .bss.pxDelayedTaskList
                0x1fff2bbc        0x4 ./freertos/Source/tasks.o
 .bss.pxOverflowDelayedTaskList
                0x1fff2bc0        0x4 ./freertos/Source/tasks.o
 .bss.xPendingReadyList
                0x1fff2bc4       0x14 ./freertos/Source/tasks.o
 .bss.xTasksWaitingTermination
                0x1fff2bd8       0x14 ./freertos/Source/tasks.o
 .bss.uxDeletedTasksWaitingCleanUp
                0x1fff2bec        0x4 ./freertos/Source/tasks.o
 .bss.xSuspendedTaskList
                0x1fff2bf0       0x14 ./freertos/Source/tasks.o
 .bss.uxCurrentNumberOfTasks
                0x1fff2c04        0x4 ./freertos/Source/tasks.o
 .bss.xTickCount
                0x1fff2c08        0x4 ./freertos/Source/tasks.o
 .bss.uxTopReadyPriority
                0x1fff2c0c        0x4 ./freertos/Source/tasks.o
 .bss.xSchedulerRunning
                0x1fff2c10        0x4 ./freertos/Source/tasks.o
 .bss.uxPendedTicks
                0x1fff2c14        0x4 ./freertos/Source/tasks.o
 .bss.xYieldPending
                0x1fff2c18        0x4 ./freertos/Source/tasks.o
 .bss.xNumOfOverflows
                0x1fff2c1c        0x4 ./freertos/Source/tasks.o
 .bss.uxTaskNumber
                0x1fff2c20        0x4 ./freertos/Source/tasks.o
 .bss.xNextTaskUnblockTime
                0x1fff2c24        0x4 ./freertos/Source/tasks.o
 .bss.xIdleTaskHandle
                0x1fff2c28        0x4 ./freertos/Source/tasks.o
 .bss.uxSchedulerSuspended
                0x1fff2c2c        0x4 ./freertos/Source/tasks.o
 .bss.xActiveTimerList1
                0x1fff2c30       0x14 ./freertos/Source/timers.o
 .bss.xActiveTimerList2
                0x1fff2c44       0x14 ./freertos/Source/timers.o
 .bss.pxCurrentTimerList
                0x1fff2c58        0x4 ./freertos/Source/timers.o
 .bss.pxOverflowTimerList
                0x1fff2c5c        0x4 ./freertos/Source/timers.o
 .bss.xTimerQueue
                0x1fff2c60        0x4 ./freertos/Source/timers.o
 .bss.xTimerTaskHandle
                0x1fff2c64        0x4 ./freertos/Source/timers.o
 .bss.xLastTime.4862
                0x1fff2c68        0x4 ./freertos/Source/timers.o
 .bss.g_xtal0Freq
                0x1fff2c6c        0x4 ./drivers/fsl_clock.o
                0x1fff2c6c                g_xtal0Freq
 .bss.g_xtal32Freq
                0x1fff2c70        0x4 ./drivers/fsl_clock.o
                0x1fff2c70                g_xtal32Freq
 .bss.s_i2cHandle
                0x1fff2c74        0x8 ./drivers/fsl_i2c.o
 .bss.s_i2cMasterIsr
                0x1fff2c7c        0x4 ./drivers/fsl_i2c.o
 .bss.s_i2cSlaveIsr
                0x1fff2c80        0x4 ./drivers/fsl_i2c.o
 .bss.s_lpuartHandle
                0x1fff2c84        0x4 ./drivers/fsl_lpuart.o
 .bss.s_lpuartIsr
                0x1fff2c88        0x4 ./drivers/fsl_lpuart.o
 .bss.s_uartHandle
                0x1fff2c8c        0xc ./drivers/fsl_uart.o
 .bss.s_uartIsr
                0x1fff2c98        0x4 ./drivers/fsl_uart.o
 .bss.__malloc_sbrk_start
                0x1fff2c9c        0x4 c:/freescale/kds_v3/toolchain/bin/../lib/gcc/arm-none-eabi/4.8.4/../../../../arm-none-eabi/lib/armv7e-m/fpu\libg_s.a(lib_a-nano-mallocr.o)
                0x1fff2c9c                __malloc_sbrk_start
 .bss.__malloc_free_list
                0x1fff2ca0        0x4 c:/freescale/kds_v3/toolchain/bin/../lib/gcc/arm-none-eabi/4.8.4/../../../../arm-none-eabi/lib/armv7e-m/fpu\libg_s.a(lib_a-nano-mallocr.o)
                0x1fff2ca0                __malloc_free_list
 *(COMMON)
 COMMON         0x1fff2ca4        0x4 c:/freescale/kds_v3/toolchain/bin/../lib/gcc/arm-none-eabi/4.8.4/../../../../arm-none-eabi/lib/armv7e-m/fpu\libg_s.a(lib_a-reent.o)
                0x1fff2ca4                errno
                0x1fff2ca8                . = ALIGN (0x4)
                0x1fff2ca8                __bss_end__ = .
                0x1fff2ca8                __END_BSS = .

.heap           0x20000000      0x400
                0x20000000                . = ALIGN (0x8)
                0x20000000                __end__ = .
                0x20000000                PROVIDE (end, .)
                0x20000000                __HeapBase = .
                0x20000400                . = (. + HEAP_SIZE)
 *fill*         0x20000000      0x400 
                0x20000400                __HeapLimit = .
                0x20000400                __heap_limit = .

.stack          0x20000400      0x400
                0x20000400                . = ALIGN (0x8)
                0x20000800                . = (. + STACK_SIZE)
 *fill*         0x20000400      0x400 
                0x20010000                __StackTop = (ORIGIN (m_data_2) + 0x10000)
                0x2000fc00                __StackLimit = (__StackTop - STACK_SIZE)
                0x20010000                PROVIDE (__stack, __StackTop)

.ARM.attributes
                0x00000000       0x30
 *(.ARM.attributes)
 .ARM.attributes
                0x00000000       0x22 c:/freescale/kds_v3/toolchain/bin/../lib/gcc/arm-none-eabi/4.8.4/armv7e-m/fpu/crti.o
 .ARM.attributes
                0x00000022       0x34 c:/freescale/kds_v3/toolchain/bin/../lib/gcc/arm-none-eabi/4.8.4/armv7e-m/fpu/crtbegin.o
 .ARM.attributes
                0x00000056       0x20 c:/freescale/kds_v3/toolchain/bin/../lib/gcc/arm-none-eabi/4.8.4/../../../../arm-none-eabi/lib/armv7e-m/fpu/crt0.o
 .ARM.attributes
                0x00000076       0x39 ./utilities/fsl_debug_console.o
 .ARM.attributes
                0x000000af       0x39 ./utilities/fsl_sbrk.o
 .ARM.attributes
                0x000000e8       0x39 ./sources/IOT_Commands.o
 .ARM.attributes
                0x00000121       0x39 ./sources/PID_Controller.o
 .ARM.attributes
                0x0000015a       0x39 ./sources/SI7021.o
 .ARM.attributes
                0x00000193       0x39 ./sources/board.o
 .ARM.attributes
                0x000001cc       0x39 ./sources/clock_config.o
 .ARM.attributes
                0x00000205       0x39 ./sources/freertos_i2c.o
 .ARM.attributes
                0x0000023e       0x39 ./sources/pin_mux.o
 .ARM.attributes
                0x00000277       0x39 ./freertos/Source/portable/MemMang/heap_4.o
 .ARM.attributes
                0x000002b0       0x39 ./freertos/Source/portable/GCC/ARM_CM4F/fsl_tickless_systick.o
 .ARM.attributes
                0x000002e9       0x39 ./freertos/Source/portable/GCC/ARM_CM4F/port.o
 .ARM.attributes
                0x00000322       0x39 ./freertos/Source/event_groups.o
 .ARM.attributes
                0x0000035b       0x39 ./freertos/Source/list.o
 .ARM.attributes
                0x00000394       0x39 ./freertos/Source/queue.o
 .ARM.attributes
                0x000003cd       0x39 ./freertos/Source/tasks.o
 .ARM.attributes
                0x00000406       0x39 ./freertos/Source/timers.o
 .ARM.attributes
                0x0000043f       0x39 ./drivers/fsl_clock.o
 .ARM.attributes
                0x00000478       0x39 ./drivers/fsl_common.o
 .ARM.attributes
                0x000004b1       0x39 ./drivers/fsl_ftm.o
 .ARM.attributes
                0x000004ea       0x39 ./drivers/fsl_i2c.o
 .ARM.attributes
                0x00000523       0x39 ./drivers/fsl_i2c_freertos.o
 .ARM.attributes
                0x0000055c       0x39 ./drivers/fsl_lpuart.o
 .ARM.attributes
                0x00000595       0x39 ./drivers/fsl_uart.o
 .ARM.attributes
                0x000005ce       0x39 ./drivers/fsl_uart_freertos.o
 .ARM.attributes
                0x00000607       0x1f ./devices/gcc/startup_MK22F51212.o
 .ARM.attributes
                0x00000626       0x39 ./devices/system_MK22F51212.o
 .ARM.attributes
                0x0000065f       0x34 c:/freescale/kds_v3/toolchain/bin/../lib/gcc/arm-none-eabi/4.8.4/../../../../arm-none-eabi/lib/armv7e-m/fpu\libg_s.a(lib_a-errno.o)
 .ARM.attributes
                0x00000693       0x34 c:/freescale/kds_v3/toolchain/bin/../lib/gcc/arm-none-eabi/4.8.4/../../../../arm-none-eabi/lib/armv7e-m/fpu\libg_s.a(lib_a-exit.o)
 .ARM.attributes
                0x000006c7       0x34 c:/freescale/kds_v3/toolchain/bin/../lib/gcc/arm-none-eabi/4.8.4/../../../../arm-none-eabi/lib/armv7e-m/fpu\libg_s.a(lib_a-impure.o)
 .ARM.attributes
                0x000006fb       0x34 c:/freescale/kds_v3/toolchain/bin/../lib/gcc/arm-none-eabi/4.8.4/../../../../arm-none-eabi/lib/armv7e-m/fpu\libg_s.a(lib_a-init.o)
 .ARM.attributes
                0x0000072f       0x34 c:/freescale/kds_v3/toolchain/bin/../lib/gcc/arm-none-eabi/4.8.4/../../../../arm-none-eabi/lib/armv7e-m/fpu\libg_s.a(lib_a-memcpy-stub.o)
 .ARM.attributes
                0x00000763       0x34 c:/freescale/kds_v3/toolchain/bin/../lib/gcc/arm-none-eabi/4.8.4/../../../../arm-none-eabi/lib/armv7e-m/fpu\libg_s.a(lib_a-memset.o)
 .ARM.attributes
                0x00000797       0x34 c:/freescale/kds_v3/toolchain/bin/../lib/gcc/arm-none-eabi/4.8.4/../../../../arm-none-eabi/lib/armv7e-m/fpu\libg_s.a(lib_a-s_modf.o)
 .ARM.attributes
                0x000007cb       0x34 c:/freescale/kds_v3/toolchain/bin/../lib/gcc/arm-none-eabi/4.8.4/../../../../arm-none-eabi/lib/armv7e-m/fpu\libg_s.a(lib_a-sprintf.o)
 .ARM.attributes
                0x000007ff       0x20 c:/freescale/kds_v3/toolchain/bin/../lib/gcc/arm-none-eabi/4.8.4/../../../../arm-none-eabi/lib/armv7e-m/fpu\libg_s.a(lib_a-strcmp.o)
 .ARM.attributes
                0x0000081f       0x34 c:/freescale/kds_v3/toolchain/bin/../lib/gcc/arm-none-eabi/4.8.4/../../../../arm-none-eabi/lib/armv7e-m/fpu\libg_s.a(lib_a-strcpy.o)
 .ARM.attributes
                0x00000853       0x34 c:/freescale/kds_v3/toolchain/bin/../lib/gcc/arm-none-eabi/4.8.4/../../../../arm-none-eabi/lib/armv7e-m/fpu\libg_s.a(lib_a-strlen.o)
 .ARM.attributes
                0x00000887       0x34 c:/freescale/kds_v3/toolchain/bin/../lib/gcc/arm-none-eabi/4.8.4/../../../../arm-none-eabi/lib/armv7e-m/fpu\libg_s.a(lib_a-strncmp.o)
 .ARM.attributes
                0x000008bb       0x34 c:/freescale/kds_v3/toolchain/bin/../lib/gcc/arm-none-eabi/4.8.4/../../../../arm-none-eabi/lib/armv7e-m/fpu\libg_s.a(lib_a-svfprintf.o)
 .ARM.attributes
                0x000008ef       0x34 c:/freescale/kds_v3/toolchain/bin/../lib/gcc/arm-none-eabi/4.8.4/../../../../arm-none-eabi/lib/armv7e-m/fpu\libg_s.a(lib_a-vfprintf_float.o)
 .ARM.attributes
                0x00000923       0x34 c:/freescale/kds_v3/toolchain/bin/../lib/gcc/arm-none-eabi/4.8.4/../../../../arm-none-eabi/lib/armv7e-m/fpu\libg_s.a(lib_a-vfprintf_i.o)
 .ARM.attributes
                0x00000957       0x34 c:/freescale/kds_v3/toolchain/bin/../lib/gcc/arm-none-eabi/4.8.4/../../../../arm-none-eabi/lib/armv7e-m/fpu\libg_s.a(lib_a-dtoa.o)
 .ARM.attributes
                0x0000098b       0x34 c:/freescale/kds_v3/toolchain/bin/../lib/gcc/arm-none-eabi/4.8.4/../../../../arm-none-eabi/lib/armv7e-m/fpu\libg_s.a(lib_a-locale.o)
 .ARM.attributes