Archive member included because of file (symbol)

c:/freescale/kds_v3/toolchain/bin/../lib/gcc/arm-none-eabi/4.8.4/../../../../arm-none-eabi/lib/armv7e-m/fpu\libg_s.a(lib_a-errno.o)
                              ./utilities/fsl_sbrk.o (__errno)
c:/freescale/kds_v3/toolchain/bin/../lib/gcc/arm-none-eabi/4.8.4/../../../../arm-none-eabi/lib/armv7e-m/fpu\libg_s.a(lib_a-exit.o)
                              c:/freescale/kds_v3/toolchain/bin/../lib/gcc/arm-none-eabi/4.8.4/../../../../arm-none-eabi/lib/armv7e-m/fpu/crt0.o (exit)
c:/freescale/kds_v3/toolchain/bin/../lib/gcc/arm-none-eabi/4.8.4/../../../../arm-none-eabi/lib/armv7e-m/fpu\libg_s.a(lib_a-impure.o)
                              c:/freescale/kds_v3/toolchain/bin/../lib/gcc/arm-none-eabi/4.8.4/../../../../arm-none-eabi/lib/armv7e-m/fpu\libg_s.a(lib_a-exit.o) (_global_impure_ptr)
c:/freescale/kds_v3/toolchain/bin/../lib/gcc/arm-none-eabi/4.8.4/../../../../arm-none-eabi/lib/armv7e-m/fpu\libg_s.a(lib_a-init.o)
                              c:/freescale/kds_v3/toolchain/bin/../lib/gcc/arm-none-eabi/4.8.4/../../../../arm-none-eabi/lib/armv7e-m/fpu/crt0.o (__libc_init_array)
c:/freescale/kds_v3/toolchain/bin/../lib/gcc/arm-none-eabi/4.8.4/../../../../arm-none-eabi/lib/armv7e-m/fpu\libg_s.a(lib_a-memcpy-stub.o)
                              ./freertos/Source/queue.o (memcpy)
c:/freescale/kds_v3/toolchain/bin/../lib/gcc/arm-none-eabi/4.8.4/../../../../arm-none-eabi/lib/armv7e-m/fpu\libg_s.a(lib_a-memset.o)
                              c:/freescale/kds_v3/toolchain/bin/../lib/gcc/arm-none-eabi/4.8.4/../../../../arm-none-eabi/lib/armv7e-m/fpu/crt0.o (memset)
c:/freescale/kds_v3/toolchain/bin/../lib/gcc/arm-none-eabi/4.8.4/../../../../arm-none-eabi/lib/armv7e-m/fpu\libg_s.a(lib_a-strlen.o)
                              ./utilities/fsl_debug_console.o (strlen)
c:/freescale/kds_v3/toolchain/bin/../lib/gcc/arm-none-eabi/4.8.4/armv7e-m/fpu\libgcc.a(_arm_addsubdf3.o)
                              ./sources/SI7021.o (__aeabi_dsub)
c:/freescale/kds_v3/toolchain/bin/../lib/gcc/arm-none-eabi/4.8.4/armv7e-m/fpu\libgcc.a(_arm_muldivdf3.o)
                              ./sources/SI7021.o (__aeabi_dmul)
c:/freescale/kds_v3/toolchain/bin/../lib/gcc/arm-none-eabi/4.8.4/armv7e-m/fpu\libgcc.a(_arm_truncdfsf2.o)
                              ./sources/SI7021.o (__aeabi_d2f)
c:/freescale/kds_v3/toolchain/bin/../lib/gcc/arm-none-eabi/4.8.4/../../../../arm-none-eabi/lib/armv7e-m/fpu\libnosys.a(_exit.o)
                              c:/freescale/kds_v3/toolchain/bin/../lib/gcc/arm-none-eabi/4.8.4/../../../../arm-none-eabi/lib/armv7e-m/fpu\libg_s.a(lib_a-exit.o) (_exit)

Discarded input sections

 .text          0x00000000        0x0 c:/freescale/kds_v3/toolchain/bin/../lib/gcc/arm-none-eabi/4.8.4/armv7e-m/fpu/crti.o
 .data          0x00000000        0x0 c:/freescale/kds_v3/toolchain/bin/../lib/gcc/arm-none-eabi/4.8.4/armv7e-m/fpu/crti.o
 .bss           0x00000000        0x0 c:/freescale/kds_v3/toolchain/bin/../lib/gcc/arm-none-eabi/4.8.4/armv7e-m/fpu/crti.o
 .data          0x00000000        0x4 c:/freescale/kds_v3/toolchain/bin/../lib/gcc/arm-none-eabi/4.8.4/armv7e-m/fpu/crtbegin.o
 .data          0x00000000        0x0 c:/freescale/kds_v3/toolchain/bin/../lib/gcc/arm-none-eabi/4.8.4/../../../../arm-none-eabi/lib/armv7e-m/fpu/crt0.o
 .bss           0x00000000        0x0 c:/freescale/kds_v3/toolchain/bin/../lib/gcc/arm-none-eabi/4.8.4/../../../../arm-none-eabi/lib/armv7e-m/fpu/crt0.o
 .ARM.extab     0x00000000        0x0 c:/freescale/kds_v3/toolchain/bin/../lib/gcc/arm-none-eabi/4.8.4/../../../../arm-none-eabi/lib/armv7e-m/fpu/crt0.o
 .text          0x00000000        0x0 ./utilities/fsl_debug_console.o
 .data          0x00000000        0x0 ./utilities/fsl_debug_console.o
 .bss           0x00000000        0x0 ./utilities/fsl_debug_console.o
 .text.DbgConsole_Deinit
                0x00000000       0x5c ./utilities/fsl_debug_console.o
 .text.DbgConsole_Scanf
                0x00000000       0xb8 ./utilities/fsl_debug_console.o
 .text.DbgConsole_Getchar
                0x00000000       0x44 ./utilities/fsl_debug_console.o
 .text.DbgConsole_ScanIgnoreWhiteSpace
                0x00000000       0x60 ./utilities/fsl_debug_console.o
 .text.DbgConsole_ScanfFormattedData
                0x00000000      0x620 ./utilities/fsl_debug_console.o
 .text._write   0x00000000       0x58 ./utilities/fsl_debug_console.o
 .text._read    0x00000000       0x44 ./utilities/fsl_debug_console.o
 .text          0x00000000        0x0 ./utilities/fsl_sbrk.o
 .data          0x00000000        0x0 ./utilities/fsl_sbrk.o
 .bss           0x00000000        0x0 ./utilities/fsl_sbrk.o
 .text._sbrk    0x00000000       0x5c ./utilities/fsl_sbrk.o
 .bss.heap_end.4522
                0x00000000        0x4 ./utilities/fsl_sbrk.o
 .debug_info    0x00000000      0x10e ./utilities/fsl_sbrk.o
 .debug_abbrev  0x00000000       0xa0 ./utilities/fsl_sbrk.o
 .debug_aranges
                0x00000000       0x20 ./utilities/fsl_sbrk.o
[...]
Memory Configuration

Name             Origin             Length             Attributes
m_interrupts     0x00000000         0x00000400         xr
m_flash_config   0x00000400         0x00000010         xr
m_text           0x00000410         0x0007fbf0         xr
m_data           0x1fff0000         0x00010000         rw
m_data_2         0x20000000         0x00010000         rw
*default*        0x00000000         0xffffffff

Linker script and memory map

LOAD c:/freescale/kds_v3/toolchain/bin/../lib/gcc/arm-none-eabi/4.8.4/armv7e-m/fpu/crti.o
LOAD c:/freescale/kds_v3/toolchain/bin/../lib/gcc/arm-none-eabi/4.8.4/armv7e-m/fpu/crtbegin.o
LOAD c:/freescale/kds_v3/toolchain/bin/../lib/gcc/arm-none-eabi/4.8.4/../../../../arm-none-eabi/lib/armv7e-m/fpu/crt0.o
START GROUP
LOAD ./utilities/fsl_debug_console.o
LOAD ./utilities/fsl_sbrk.o
LOAD ./sources/SI7021.o
LOAD ./sources/board.o
LOAD ./sources/clock_config.o
LOAD ./sources/freertos_i2c.o
LOAD ./sources/pin_mux.o
LOAD ./freertos/Source/portable/MemMang/heap_4.o
LOAD ./freertos/Source/portable/GCC/ARM_CM4F/fsl_tickless_systick.o
LOAD ./freertos/Source/portable/GCC/ARM_CM4F/port.o
LOAD ./freertos/Source/croutine.o
LOAD ./freertos/Source/event_groups.o
LOAD ./freertos/Source/list.o
LOAD ./freertos/Source/queue.o
LOAD ./freertos/Source/tasks.o
LOAD ./freertos/Source/timers.o
LOAD ./drivers/fsl_clock.o
LOAD ./drivers/fsl_common.o
LOAD ./drivers/fsl_flash.o
LOAD ./drivers/fsl_gpio.o
LOAD ./drivers/fsl_i2c.o
LOAD ./drivers/fsl_i2c_freertos.o
LOAD ./drivers/fsl_lpuart.o
LOAD ./drivers/fsl_smc.o
LOAD ./drivers/fsl_uart.o
LOAD ./devices/gcc/startup_MK22F51212.o
LOAD ./devices/system_MK22F51212.o
LOAD c:/freescale/kds_v3/toolchain/bin/../lib/gcc/arm-none-eabi/4.8.4/../../../../arm-none-eabi/lib/armv7e-m/fpu\libg_s.a
LOAD c:/freescale/kds_v3/toolchain/bin/../lib/gcc/arm-none-eabi/4.8.4/armv7e-m/fpu\libgcc.a
LOAD c:/freescale/kds_v3/toolchain/bin/../lib/gcc/arm-none-eabi/4.8.4/../../../../arm-none-eabi/lib/armv7e-m/fpu\libnosys.a
END GROUP
LOAD c:/freescale/kds_v3/toolchain/bin/../lib/gcc/arm-none-eabi/4.8.4/../../../../arm-none-eabi/lib/armv7e-m/fpu\libstdc++_s.a
LOAD c:/freescale/kds_v3/toolchain/bin/../lib/gcc/arm-none-eabi/4.8.4/../../../../arm-none-eabi/lib/armv7e-m/fpu\libm.a
START GROUP
LOAD c:/freescale/kds_v3/toolchain/bin/../lib/gcc/arm-none-eabi/4.8.4/armv7e-m/fpu\libgcc.a
LOAD c:/freescale/kds_v3/toolchain/bin/../lib/gcc/arm-none-eabi/4.8.4/../../../../arm-none-eabi/lib/armv7e-m/fpu\libg_s.a
LOAD c:/freescale/kds_v3/toolchain/bin/../lib/gcc/arm-none-eabi/4.8.4/../../../../arm-none-eabi/lib/armv7e-m/fpu\libc_s.a
END GROUP
START GROUP
LOAD c:/freescale/kds_v3/toolchain/bin/../lib/gcc/arm-none-eabi/4.8.4/armv7e-m/fpu\libgcc.a
LOAD c:/freescale/kds_v3/toolchain/bin/../lib/gcc/arm-none-eabi/4.8.4/../../../../arm-none-eabi/lib/armv7e-m/fpu\libc_s.a
END GROUP
LOAD c:/freescale/kds_v3/toolchain/bin/../lib/gcc/arm-none-eabi/4.8.4/armv7e-m/fpu/crtend.o
LOAD c:/freescale/kds_v3/toolchain/bin/../lib/gcc/arm-none-eabi/4.8.4/armv7e-m/fpu/crtn.o
                0x00000400                HEAP_SIZE = DEFINED (__heap_size__)?__heap_size__:0x400
                0x00000400                STACK_SIZE = DEFINED (__stack_size__)?__stack_size__:0x400
                0x00000000                M_VECTOR_RAM_SIZE = DEFINED (__ram_vector_table__)?0x400:0x0

.interrupts     0x00000000      0x400
                0x00000000                __VECTOR_TABLE = .
                0x00000000                . = ALIGN (0x4)
 *(.isr_vector)
 .isr_vector    0x00000000      0x400 ./devices/gcc/startup_MK22F51212.o
                0x00000000                __isr_vector
                0x00000400                . = ALIGN (0x4)

.flash_config   0x00000400       0x10
                0x00000400                . = ALIGN (0x4)
 *(.FlashConfig)
 .FlashConfig   0x00000400       0x10 ./devices/gcc/startup_MK22F51212.o
                0x00000410                . = ALIGN (0x4)

.text           0x00000410     0x6e8c
                0x00000410                . = ALIGN (0x4)
 *(.text)
 .text          0x00000410       0x54 c:/freescale/kds_v3/toolchain/bin/../lib/gcc/arm-none-eabi/4.8.4/armv7e-m/fpu/crtbegin.o
 .text          0x00000464       0x74 c:/freescale/kds_v3/toolchain/bin/../lib/gcc/arm-none-eabi/4.8.4/../../../../arm-none-eabi/lib/armv7e-m/fpu/crt0.o
                0x00000464                _start
                0x00000464                _mainCRTStartup
 .text          0x000004d8      0x17c ./devices/gcc/startup_MK22F51212.o
                0x000004d8                Reset_Handler
                0x00000538                Reserved54_IRQHandler
                0x00000538                DebugMon_Handler
                0x00000538                FTF_IRQHandler
                0x00000538                DMA0_DriverIRQHandler
                0x00000538                DMA12_DriverIRQHandler
                0x00000538                PORTC_IRQHandler
                0x00000538                SPI1_DriverIRQHandler
                0x00000538                Reserved86_IRQHandler
                0x00000538                Reserved85_IRQHandler
                0x00000538                DMA_Error_DriverIRQHandler
                0x00000538                CMP0_IRQHandler
                0x00000538                DMA7_DriverIRQHandler
                0x00000538                Reserved93_IRQHandler
                0x00000538                DMA2_DriverIRQHandler
                0x00000538                Reserved99_IRQHandler
                0x00000538                PIT0_IRQHandler
                0x00000538                LLWU_IRQHandler
                0x00000538                I2S0_Tx_DriverIRQHandler
                0x00000538                Reserved84_IRQHandler
                0x00000538                DMA6_DriverIRQHandler
                0x00000538                Reserved92_IRQHandler
                0x00000538                UART1_ERR_DriverIRQHandler
                0x00000538                SWI_IRQHandler
                0x00000538                ADC0_IRQHandler
                0x00000538                UsageFault_Handler
                0x00000538                BusFault_Handler
                0x00000538                LPTMR0_IRQHandler
                0x00000538                DefaultISR
                0x00000538                FTM2_IRQHandler
                0x00000538                PORTE_IRQHandler
                0x00000538                DMA11_DriverIRQHandler
                0x00000538                Reserved82_IRQHandler
                0x00000538                CMP1_IRQHandler
                0x00000538                Reserved71_IRQHandler
                0x00000538                PORTD_IRQHandler
                0x00000538                PORTB_IRQHandler
                0x00000538                DMA10_DriverIRQHandler
                0x00000538                UART2_ERR_DriverIRQHandler
                0x00000538                Reserved70_IRQHandler
                0x00000538                ADC1_IRQHandler
                0x00000538                DMA5_DriverIRQHandler
                0x00000538                DMA4_DriverIRQHandler
                0x00000538                PIT2_IRQHandler
                0x00000538                FTM3_IRQHandler
                0x00000538                Reserved53_IRQHandler
                0x00000538                MCM_IRQHandler
                0x00000538                RTC_IRQHandler
                0x00000538                PDB0_IRQHandler
                0x00000538                Reserved96_IRQHandler
                0x00000538                FTM1_IRQHandler
                0x00000538                Reserved61_IRQHandler
                0x00000538                Reserved95_IRQHandler
                0x00000538                DMA3_DriverIRQHandler
                0x00000538                PIT3_IRQHandler
                0x00000538                RTC_Seconds_IRQHandler
                0x00000538                MCG_IRQHandler
                0x00000538                DMA9_DriverIRQHandler
                0x00000538                DMA8_DriverIRQHandler
                0x00000538                UART0_ERR_DriverIRQHandler
                0x00000538                DAC1_IRQHandler
                0x00000538                PORTA_IRQHandler
                0x00000538                Read_Collision_IRQHandler
                0x00000538                Reserved98_IRQHandler
                0x00000538                DMA14_DriverIRQHandler
                0x00000538                FTM0_IRQHandler
                0x00000538                I2S0_Rx_DriverIRQHandler
                0x00000538                Reserved101_IRQHandler
                0x00000538                USB0_IRQHandler
                0x00000538                WDOG_EWM_IRQHandler
                0x00000538                MemManage_Handler
                0x00000538                Reserved90_IRQHandler
                0x00000538                Reserved83_IRQHandler
                0x00000538                LVD_LVW_IRQHandler
                0x00000538                DMA1_DriverIRQHandler
                0x00000538                PIT1_IRQHandler
                0x00000538                Reserved100_IRQHandler
                0x00000538                RNG_IRQHandler
                0x00000538                SPI0_DriverIRQHandler
                0x00000538                Reserved97_IRQHandler
                0x00000538                Reserved91_IRQHandler
                0x00000538                DMA15_DriverIRQHandler
                0x00000538                Reserved94_IRQHandler
                0x00000538                DAC0_IRQHandler
                0x00000538                DMA13_DriverIRQHandler
                0x00000538                Reserved81_IRQHandler
                0x0000053c                NMI_Handler
                0x00000540                HardFault_Handler
                0x00000550                DMA0_IRQHandler
                0x00000554                DMA1_IRQHandler
                0x00000558                DMA2_IRQHandler
                0x0000055c                DMA3_IRQHandler
                0x00000560                DMA4_IRQHandler
                0x00000564                DMA5_IRQHandler
                0x00000568                DMA6_IRQHandler
                0x0000056c                DMA7_IRQHandler
                0x00000570                DMA8_IRQHandler
                0x00000574                DMA9_IRQHandler
                0x00000578                DMA10_IRQHandler
                0x0000057c                DMA11_IRQHandler
                0x00000580                DMA12_IRQHandler
                0x00000584                DMA13_IRQHandler
                0x00000588                DMA14_IRQHandler
                0x0000058c                DMA15_IRQHandler
                0x00000590                DMA_Error_IRQHandler
                0x00000594                I2C0_IRQHandler
                0x00000598                I2C1_IRQHandler
                0x0000059c                SPI0_IRQHandler
                0x000005a0                SPI1_IRQHandler
                0x000005a4                I2S0_Tx_IRQHandler
                0x000005a8                I2S0_Rx_IRQHandler
                0x000005ac                LPUART0_IRQHandler
                0x000005b0                UART0_RX_TX_IRQHandler
                0x000005b4                UART0_ERR_IRQHandler
                0x000005b8                UART1_RX_TX_IRQHandler
                0x000005bc                UART1_ERR_IRQHandler
                0x000005c0                UART2_RX_TX_IRQHandler
                0x000005c4                UART2_ERR_IRQHandler
 *(.text*)
 .text.UART_EnableTx
                0x00000654       0x40 ./utilities/fsl_debug_console.o
 .text.UART_EnableRx
                0x00000694       0x40 ./utilities/fsl_debug_console.o
 .text.LPUART_EnableTx
                0x000006d4       0x38 ./utilities/fsl_debug_console.o
 .text.LPUART_EnableRx
                0x0000070c       0x38 ./utilities/fsl_debug_console.o
 .text.DbgConsole_Init
                0x00000744       0xec ./utilities/fsl_debug_console.o
                0x00000744                DbgConsole_Init
 .text.DbgConsole_Printf
                0x00000830       0x40 ./utilities/fsl_debug_console.o
                0x00000830                DbgConsole_Printf
 .text.DbgConsole_Putchar
                0x00000870       0x38 ./utilities/fsl_debug_console.o
                0x00000870                DbgConsole_Putchar
 .text.DbgConsole_PrintfPaddingCharacter
                0x000008a8       0x40 ./utilities/fsl_debug_console.o
 .text.DbgConsole_ConvertRadixNumToString
                0x000008e8      0x118 ./utilities/fsl_debug_console.o
 .text.DbgConsole_PrintfFormattedData
                0x00000a00      0x36c ./utilities/fsl_debug_console.o
 .text.BOARD_InitDebugConsole
                0x00000d6c       0x24 ./sources/board.o
                0x00000d6c                BOARD_InitDebugConsole
 .text.CLOCK_SetSimSafeDivs
                0x00000d90       0x20 ./sources/clock_config.o
 .text.CLOCK_SetXtal0Freq
                0x00000db0       0x1c ./sources/clock_config.o
 .text.CLOCK_CONFIG_SetFllExtRefDiv
                0x00000dcc       0x38 ./sources/clock_config.o
 .text.BOARD_BootClockRUN
                0x00000e04       0x60 ./sources/clock_config.o
                0x00000e04                BOARD_BootClockRUN
 .text.NVIC_SetPriority
                0x00000e64       0x54 ./sources/freertos_i2c.o
 .text.main     0x00000eb8       0x58 ./sources/freertos_i2c.o
                0x00000eb8                main
 .text.i2c_slave_callback
                0x00000f10       0x80 ./sources/freertos_i2c.o
 .text.slave_task
                0x00000f90      0x228 ./sources/freertos_i2c.o
 .text.master_task
                0x000011b8      0x20c ./sources/freertos_i2c.o
 .text.CLOCK_EnableClock
                0x000013c4       0x34 ./sources/pin_mux.o
 .text.PORT_SetPinConfig
                0x000013f8       0x44 ./sources/pin_mux.o
 .text.PORT_SetPinMux
                0x0000143c       0x38 ./sources/pin_mux.o
 .text.BOARD_InitPins
                0x00001474      0x114 ./sources/pin_mux.o
                0x00001474                BOARD_InitPins
 .text.pvPortMalloc
                0x00001588      0x184 ./freertos/Source/portable/MemMang/heap_4.o
                0x00001588                pvPortMalloc
 .text.vPortFree
                0x0000170c       0xb0 ./freertos/Source/portable/MemMang/heap_4.o
                0x0000170c                vPortFree
 .text.prvHeapInit
                0x000017bc       0xc4 ./freertos/Source/portable/MemMang/heap_4.o
 .text.prvInsertBlockIntoFreeList
                0x00001880       0xb0 ./freertos/Source/portable/MemMang/heap_4.o
 .text.vPortSetupTimerInterrupt
                0x00001930       0x40 ./freertos/Source/portable/GCC/ARM_CM4F/fsl_tickless_systick.o
                0x00001930                vPortSetupTimerInterrupt
 .text.pxPortInitialiseStack
                0x00001970       0x68 ./freertos/Source/portable/GCC/ARM_CM4F/port.o
                0x00001970                pxPortInitialiseStack
 .text.prvTaskExitError
                0x000019d8       0x3c ./freertos/Source/portable/GCC/ARM_CM4F/port.o
 *fill*         0x00001a14        0xc 
 .text.SVC_Handler
                0x00001a20       0x30 ./freertos/Source/portable/GCC/ARM_CM4F/port.o
                0x00001a20                SVC_Handler
 .text.prvPortStartFirstTask
                0x00001a50       0x20 ./freertos/Source/portable/GCC/ARM_CM4F/port.o
 .text.xPortStartScheduler
                0x00001a70      0x118 ./freertos/Source/portable/GCC/ARM_CM4F/port.o
                0x00001a70                xPortStartScheduler
 .text.vPortEnterCritical
                0x00001b88       0x5c ./freertos/Source/portable/GCC/ARM_CM4F/port.o
                0x00001b88                vPortEnterCritical
 .text.vPortExitCritical
                0x00001be4       0x4c ./freertos/Source/portable/GCC/ARM_CM4F/port.o
                0x00001be4                vPortExitCritical
 .text.PendSV_Handler
                0x00001c30       0x70 ./freertos/Source/portable/GCC/ARM_CM4F/port.o
                0x00001c30                PendSV_Handler
 .text.SysTick_Handler
                0x00001ca0       0x40 ./freertos/Source/portable/GCC/ARM_CM4F/port.o
                0x00001ca0                SysTick_Handler
 .text.vPortEnableVFP
                0x00001ce0       0x14 ./freertos/Source/portable/GCC/ARM_CM4F/port.o
 .text.vPortValidateInterruptPriority
                0x00001cf4       0x78 ./freertos/Source/portable/GCC/ARM_CM4F/port.o
                0x00001cf4                vPortValidateInterruptPriority
 .text.vListInitialise
                0x00001d6c       0x40 ./freertos/Source/list.o
                0x00001d6c                vListInitialise
 .text.vListInitialiseItem
                0x00001dac       0x18 ./freertos/Source/list.o
                0x00001dac                vListInitialiseItem
 .text.vListInsertEnd
                0x00001dc4       0x48 ./freertos/Source/list.o
                0x00001dc4                vListInsertEnd
 .text.vListInsert
                0x00001e0c       0x70 ./freertos/Source/list.o
                0x00001e0c                vListInsert
 .text.uxListRemove
                0x00001e7c       0x54 ./freertos/Source/list.o
                0x00001e7c                uxListRemove
 .text.xQueueGenericReset
                0x00001ed0       0xd0 ./freertos/Source/queue.o
                0x00001ed0                xQueueGenericReset
 .text.xQueueGenericCreate
                0x00001fa0       0x70 ./freertos/Source/queue.o
                0x00001fa0                xQueueGenericCreate
 .text.prvInitialiseNewQueue
                0x00002010       0x44 ./freertos/Source/queue.o
 .text.prvInitialiseMutex
                0x00002054       0x34 ./freertos/Source/queue.o
 .text.xQueueCreateMutex
                0x00002088       0x30 ./freertos/Source/queue.o
                0x00002088                xQueueCreateMutex
 .text.xQueueGenericSend
                0x000020b8      0x1fc ./freertos/Source/queue.o
                0x000020b8                xQueueGenericSend
 .text.xQueueGenericSendFromISR
                0x000022b4      0x128 ./freertos/Source/queue.o
                0x000022b4                xQueueGenericSendFromISR
 .text.xQueueGiveFromISR
                0x000023dc      0x114 ./freertos/Source/queue.o
                0x000023dc                xQueueGiveFromISR
 .text.xQueueGenericReceive
                0x000024f0      0x22c ./freertos/Source/queue.o
                0x000024f0                xQueueGenericReceive
 .text.vQueueDelete
                0x0000271c       0x38 ./freertos/Source/queue.o
                0x0000271c                vQueueDelete
 .text.prvCopyDataToQueue
                0x00002754       0xd8 ./freertos/Source/queue.o
 .text.prvCopyDataFromQueue
                0x0000282c       0x4c ./freertos/Source/queue.o
 .text.prvUnlockQueue
                0x00002878       0xa0 ./freertos/Source/queue.o
 .text.prvIsQueueEmpty
                0x00002918       0x2c ./freertos/Source/queue.o
 .text.prvIsQueueFull
                0x00002944       0x30 ./freertos/Source/queue.o
 .text.vQueueAddToRegistry
                0x00002974       0x50 ./freertos/Source/queue.o
                0x00002974                vQueueAddToRegistry
 .text.vQueueUnregisterQueue
                0x000029c4       0x50 ./freertos/Source/queue.o
                0x000029c4                vQueueUnregisterQueue
 .text.vQueueWaitForMessageRestricted
                0x00002a14       0x6c ./freertos/Source/queue.o
                0x00002a14                vQueueWaitForMessageRestricted
 .text.xTaskCreate
                0x00002a80       0x84 ./freertos/Source/tasks.o
                0x00002a80                xTaskCreate
 .text.prvInitialiseNewTask
                0x00002b04      0x130 ./freertos/Source/tasks.o
 .text.prvAddNewTaskToReadyList
                0x00002c34       0xdc ./freertos/Source/tasks.o
 .text.vTaskSuspend
                0x00002d10      0x10c ./freertos/Source/tasks.o
                0x00002d10                vTaskSuspend
 .text.vTaskStartScheduler
                0x00002e1c       0x94 ./freertos/Source/tasks.o
                0x00002e1c                vTaskStartScheduler
 .text.vTaskSuspendAll
                0x00002eb0       0x1c ./freertos/Source/tasks.o
                0x00002eb0                vTaskSuspendAll
 .text.xTaskResumeAll
                0x00002ecc      0x138 ./freertos/Source/tasks.o
                0x00002ecc                xTaskResumeAll
 .text.xTaskGetTickCount
                0x00003004       0x20 ./freertos/Source/tasks.o
                0x00003004                xTaskGetTickCount
 .text.xTaskIncrementTick
                0x00003024      0x15c ./freertos/Source/tasks.o
                0x00003024                xTaskIncrementTick
 .text.vTaskSwitchContext
                0x00003180       0xb4 ./freertos/Source/tasks.o
                0x00003180                vTaskSwitchContext
 .text.vTaskPlaceOnEventList
                0x00003234       0x44 ./freertos/Source/tasks.o
                0x00003234                vTaskPlaceOnEventList
 .text.vTaskPlaceOnEventListRestricted
                0x00003278       0x54 ./freertos/Source/tasks.o
                0x00003278                vTaskPlaceOnEventListRestricted
 .text.xTaskRemoveFromEventList
                0x000032cc       0xc4 ./freertos/Source/tasks.o
                0x000032cc                xTaskRemoveFromEventList
 .text.vTaskSetTimeOutState
                0x00003390       0x44 ./freertos/Source/tasks.o
                0x00003390                vTaskSetTimeOutState
 .text.xTaskCheckForTimeOut
                0x000033d4       0xbc ./freertos/Source/tasks.o
                0x000033d4                xTaskCheckForTimeOut
 .text.vTaskMissedYield
                0x00003490       0x18 ./freertos/Source/tasks.o
                0x00003490                vTaskMissedYield
 .text.prvIdleTask
                0x000034a8       0x30 ./freertos/Source/tasks.o
 .text.prvInitialiseTaskLists
                0x000034d8       0x7c ./freertos/Source/tasks.o
 .text.prvCheckTasksWaitingTermination
                0x00003554       0x74 ./freertos/Source/tasks.o
 .text.prvDeleteTCB
                0x000035c8       0x20 ./freertos/Source/tasks.o
 .text.prvResetNextTaskUnblockTime
                0x000035e8       0x48 ./freertos/Source/tasks.o
 .text.xTaskGetSchedulerState
                0x00003630       0x3c ./freertos/Source/tasks.o
                0x00003630                xTaskGetSchedulerState
 .text.vTaskPriorityInherit
                0x0000366c       0xec ./freertos/Source/tasks.o
                0x0000366c                vTaskPriorityInherit
 .text.xTaskPriorityDisinherit
                0x00003758      0x108 ./freertos/Source/tasks.o
                0x00003758                xTaskPriorityDisinherit
 .text.pvTaskIncrementMutexHeldCount
                0x00003860       0x28 ./freertos/Source/tasks.o
                0x00003860                pvTaskIncrementMutexHeldCount
 .text.prvAddCurrentTaskToDelayedList
                0x00003888       0xc8 ./freertos/Source/tasks.o
 .text.xTimerCreateTimerTask
                0x00003950       0x60 ./freertos/Source/timers.o
                0x00003950                xTimerCreateTimerTask
 .text.xTimerGenericCommand
                0x000039b0       0xa4 ./freertos/Source/timers.o
                0x000039b0                xTimerGenericCommand
 .text.prvProcessExpiredTimer
                0x00003a54       0x80 ./freertos/Source/timers.o
 .text.prvTimerTask
                0x00003ad4       0x24 ./freertos/Source/timers.o
 .text.prvProcessTimerOrBlockTask
                0x00003af8       0x9c ./freertos/Source/timers.o
 .text.prvGetNextExpireTime
                0x00003b94       0x48 ./freertos/Source/timers.o
 .text.prvSampleTimeNow
                0x00003bdc       0x40 ./freertos/Source/timers.o
 .text.prvInsertTimerInActiveList
                0x00003c1c       0x84 ./freertos/Source/timers.o
 .text.prvProcessReceivedCommands
                0x00003ca0      0x164 ./freertos/Source/timers.o
 .text.prvSwitchTimerLists
                0x00003e04       0xc0 ./freertos/Source/timers.o
 .text.prvCheckForValidListAndQueue
                0x00003ec4       0x6c ./freertos/Source/timers.o
 .text.CLOCK_SetEr32kClock
                0x00003f30       0x2c ./drivers/fsl_clock.o
 .text.CLOCK_SetPllFllSelClock
                0x00003f5c       0x38 ./drivers/fsl_clock.o
 .text.OSC_SetExtRefClkConfig
                0x00003f94       0x40 ./drivers/fsl_clock.o
 .text.OSC_SetCapLoad
                0x00003fd4       0x34 ./drivers/fsl_clock.o
 .text.CLOCK_GetMcgExtClkFreq
                0x00004008       0x8c ./drivers/fsl_clock.o
 .text.CLOCK_GetFllExtRefClkFreq
                0x00004094       0xc8 ./drivers/fsl_clock.o
 .text.CLOCK_GetInternalRefClkSelectFreq
                0x0000415c       0x44 ./drivers/fsl_clock.o
 .text.CLOCK_GetFllRefClkFreq
                0x000041a0       0x2c ./drivers/fsl_clock.o
 .text.CLOCK_GetPll0RefFreq
                0x000041cc       0x10 ./drivers/fsl_clock.o
 .text.CLOCK_GetOscRangeFromFreq
                0x000041dc       0x3c ./drivers/fsl_clock.o
 .text.CLOCK_GetOsc0ErClkUndivFreq
                0x00004218       0x48 ./drivers/fsl_clock.o
                0x00004218                CLOCK_GetOsc0ErClkUndivFreq
 .text.CLOCK_GetOsc0ErClkDivFreq
                0x00004260       0x58 ./drivers/fsl_clock.o
                0x00004260                CLOCK_GetOsc0ErClkDivFreq
 .text.CLOCK_GetEr32kClkFreq
                0x000042b8       0x80 ./drivers/fsl_clock.o
                0x000042b8                CLOCK_GetEr32kClkFreq
 .text.CLOCK_GetPllFllSelClkFreq
                0x00004338       0x54 ./drivers/fsl_clock.o
                0x00004338                CLOCK_GetPllFllSelClkFreq
 .text.CLOCK_GetCoreSysClkFreq
                0x0000438c       0x24 ./drivers/fsl_clock.o
                0x0000438c                CLOCK_GetCoreSysClkFreq
 .text.CLOCK_GetFreq
                0x000043b0      0x14c ./drivers/fsl_clock.o
                0x000043b0                CLOCK_GetFreq
 .text.CLOCK_SetSimConfig
                0x000044fc       0x34 ./drivers/fsl_clock.o
                0x000044fc                CLOCK_SetSimConfig
 .text.CLOCK_GetOutClkFreq
                0x00004530       0x64 ./drivers/fsl_clock.o
                0x00004530                CLOCK_GetOutClkFreq
 .text.CLOCK_GetFllFreq
                0x00004594       0x74 ./drivers/fsl_clock.o
                0x00004594                CLOCK_GetFllFreq
 .text.CLOCK_GetInternalRefClkFreq
                0x00004608       0x24 ./drivers/fsl_clock.o
                0x00004608                CLOCK_GetInternalRefClkFreq
 .text.CLOCK_GetFixedFreqClkFreq
                0x0000462c       0x30 ./drivers/fsl_clock.o
                0x0000462c                CLOCK_GetFixedFreqClkFreq
 .text.CLOCK_GetPll0Freq
                0x0000465c       0x78 ./drivers/fsl_clock.o
                0x0000465c                CLOCK_GetPll0Freq
 .text.CLOCK_SetExternalRefClkConfig
                0x000046d4       0x6c ./drivers/fsl_clock.o
                0x000046d4                CLOCK_SetExternalRefClkConfig
 .text.CLOCK_SetInternalRefClkConfig
                0x00004740      0x104 ./drivers/fsl_clock.o
                0x00004740                CLOCK_SetInternalRefClkConfig
 .text.CLOCK_EnablePll0
                0x00004844       0x94 ./drivers/fsl_clock.o
                0x00004844                CLOCK_EnablePll0
 .text.CLOCK_InitOsc0
                0x000048d8       0x8c ./drivers/fsl_clock.o
                0x000048d8                CLOCK_InitOsc0
 .text.CLOCK_SetPbeMode
                0x00004964       0xb8 ./drivers/fsl_clock.o
                0x00004964                CLOCK_SetPbeMode
 .text.CLOCK_BootToPeeMode
                0x00004a1c       0x74 ./drivers/fsl_clock.o
                0x00004a1c                CLOCK_BootToPeeMode
 .text.__assert_func
                0x00004a90       0x28 ./drivers/fsl_common.o
                0x00004a90                __assert_func
 .text.NVIC_EnableIRQ
                0x00004ab8       0x30 ./drivers/fsl_i2c.o
 .text.CLOCK_EnableClock
                0x00004ae8       0x34 ./drivers/fsl_i2c.o
 .text.EnableIRQ
                0x00004b1c       0x28 ./drivers/fsl_i2c.o
 .text.I2C_SlaveGetStatusFlags
                0x00004b44       0x18 ./drivers/fsl_i2c.o
 .text.I2C_MasterClearStatusFlags
                0x00004b5c       0x58 ./drivers/fsl_i2c.o
 .text.I2C_SlaveClearStatusFlags
                0x00004bb4       0x18 ./drivers/fsl_i2c.o
 .text.I2C_GetInstance
                0x00004bcc       0x58 ./drivers/fsl_i2c.o
                0x00004bcc                I2C_GetInstance
 .text.I2C_SetHoldTime
                0x00004c24       0xe4 ./drivers/fsl_i2c.o
 .text.I2C_InitTransferStateMachine
                0x00004d08       0x94 ./drivers/fsl_i2c.o
 .text.I2C_CheckAndClearError
                0x00004d9c       0x44 ./drivers/fsl_i2c.o
 .text.I2C_MasterTransferRunStateMachine
                0x00004de0      0x24c ./drivers/fsl_i2c.o
 .text.I2C_TransferCommonIRQHandler
                0x0000502c       0x50 ./drivers/fsl_i2c.o
 .text.I2C_MasterInit
                0x0000507c       0xe8 ./drivers/fsl_i2c.o
                0x0000507c                I2C_MasterInit
 .text.I2C_MasterGetDefaultConfig
                0x00005164       0x4c ./drivers/fsl_i2c.o
                0x00005164                I2C_MasterGetDefaultConfig
 .text.I2C_EnableInterrupts
                0x000051b0       0x54 ./drivers/fsl_i2c.o
                0x000051b0                I2C_EnableInterrupts
 .text.I2C_DisableInterrupts
                0x00005204       0x48 ./drivers/fsl_i2c.o
                0x00005204                I2C_DisableInterrupts
 .text.I2C_MasterSetBaudRate
                0x0000524c       0xd8 ./drivers/fsl_i2c.o
                0x0000524c                I2C_MasterSetBaudRate
 .text.I2C_MasterStart
                0x00005324       0x64 ./drivers/fsl_i2c.o
                0x00005324                I2C_MasterStart
 .text.I2C_MasterRepeatedStart
                0x00005388       0x9c ./drivers/fsl_i2c.o
                0x00005388                I2C_MasterRepeatedStart
 .text.I2C_MasterStop
                0x00005424       0x58 ./drivers/fsl_i2c.o
                0x00005424                I2C_MasterStop
 .text.I2C_MasterGetStatusFlags
                0x0000547c       0x4c ./drivers/fsl_i2c.o
                0x0000547c                I2C_MasterGetStatusFlags
 .text.I2C_MasterTransferCreateHandle
                0x000054c8       0x84 ./drivers/fsl_i2c.o
                0x000054c8                I2C_MasterTransferCreateHandle
 .text.I2C_MasterTransferNonBlocking
                0x0000554c       0x7c ./drivers/fsl_i2c.o
                0x0000554c                I2C_MasterTransferNonBlocking
 .text.I2C_MasterTransferHandleIRQ
                0x000055c8       0xc0 ./drivers/fsl_i2c.o
                0x000055c8                I2C_MasterTransferHandleIRQ
 .text.I2C_SlaveInit
                0x00005688      0x154 ./drivers/fsl_i2c.o
                0x00005688                I2C_SlaveInit
 .text.I2C_SlaveGetDefaultConfig
                0x000057dc       0x54 ./drivers/fsl_i2c.o
                0x000057dc                I2C_SlaveGetDefaultConfig
 .text.I2C_SlaveTransferCreateHandle
                0x00005830       0x84 ./drivers/fsl_i2c.o
                0x00005830                I2C_SlaveTransferCreateHandle
 .text.I2C_SlaveTransferNonBlocking
                0x000058b4       0x80 ./drivers/fsl_i2c.o
                0x000058b4                I2C_SlaveTransferNonBlocking
 .text.I2C_SlaveTransferHandleIRQ
                0x00005934      0x308 ./drivers/fsl_i2c.o
                0x00005934                I2C_SlaveTransferHandleIRQ
 .text.I2C0_DriverIRQHandler
                0x00005c3c       0x1c ./drivers/fsl_i2c.o
                0x00005c3c                I2C0_DriverIRQHandler
 .text.I2C1_DriverIRQHandler
                0x00005c58       0x1c ./drivers/fsl_i2c.o
                0x00005c58                I2C1_DriverIRQHandler
 .text.I2C_RTOS_Callback
                0x00005c74       0x48 ./drivers/fsl_i2c_freertos.o
 .text.I2C_RTOS_Init
                0x00005cbc       0x9c ./drivers/fsl_i2c_freertos.o
                0x00005cbc                I2C_RTOS_Init
 .text.I2C_RTOS_Transfer
                0x00005d58       0x84 ./drivers/fsl_i2c_freertos.o
                0x00005d58                I2C_RTOS_Transfer
 .text.CLOCK_EnableClock
                0x00005ddc       0x34 ./drivers/fsl_lpuart.o
 .text.LPUART_GetInstance
                0x00005e10       0x50 ./drivers/fsl_lpuart.o
                0x00005e10                LPUART_GetInstance
 .text.LPUART_Init
                0x00005e60      0x23c ./drivers/fsl_lpuart.o
                0x00005e60                LPUART_Init
 .text.LPUART_GetDefaultConfig
                0x0000609c       0x5c ./drivers/fsl_lpuart.o
                0x0000609c                LPUART_GetDefaultConfig
 .text.LPUART_GetStatusFlags
                0x000060f8       0x1c ./drivers/fsl_lpuart.o
                0x000060f8                LPUART_GetStatusFlags
 .text.LPUART_ClearStatusFlags
                0x00006114       0x80 ./drivers/fsl_lpuart.o
                0x00006114                LPUART_ClearStatusFlags
 .text.LPUART_WriteBlocking
                0x00006194       0x5c ./drivers/fsl_lpuart.o
                0x00006194                LPUART_WriteBlocking
 .text.LPUART_ReadBlocking
                0x000061f0       0xd0 ./drivers/fsl_lpuart.o
                0x000061f0                LPUART_ReadBlocking
 .text.LPUART0_DriverIRQHandler
                0x000062c0       0x20 ./drivers/fsl_lpuart.o
                0x000062c0                LPUART0_DriverIRQHandler
 .text.CLOCK_EnableClock
                0x000062e0       0x34 ./drivers/fsl_uart.o
 .text.UART_GetInstance
                0x00006314       0x60 ./drivers/fsl_uart.o
                0x00006314                UART_GetInstance
 .text.UART_Init
                0x00006374      0x260 ./drivers/fsl_uart.o
                0x00006374                UART_Init
 .text.UART_GetDefaultConfig
                0x000065d4       0x54 ./drivers/fsl_uart.o
                0x000065d4                UART_GetDefaultConfig
 .text.UART_GetStatusFlags
                0x00006628       0x48 ./drivers/fsl_uart.o
                0x00006628                UART_GetStatusFlags
 .text.UART_WriteBlocking
                0x00006670       0x40 ./drivers/fsl_uart.o
                0x00006670                UART_WriteBlocking
 .text.UART_ReadBlocking
                0x000066b0       0xa4 ./drivers/fsl_uart.o
                0x000066b0                UART_ReadBlocking
 .text.UART0_DriverIRQHandler
                0x00006754       0x20 ./drivers/fsl_uart.o
                0x00006754                UART0_DriverIRQHandler
 .text.UART0_RX_TX_DriverIRQHandler
                0x00006774        0xc ./drivers/fsl_uart.o
                0x00006774                UART0_RX_TX_DriverIRQHandler
 .text.UART1_DriverIRQHandler
                0x00006780       0x20 ./drivers/fsl_uart.o
                0x00006780                UART1_DriverIRQHandler
 .text.UART1_RX_TX_DriverIRQHandler
                0x000067a0        0xc ./drivers/fsl_uart.o
                0x000067a0                UART1_RX_TX_DriverIRQHandler
 .text.UART2_DriverIRQHandler
                0x000067ac       0x20 ./drivers/fsl_uart.o
                0x000067ac                UART2_DriverIRQHandler
 .text.UART2_RX_TX_DriverIRQHandler
                0x000067cc        0xc ./drivers/fsl_uart.o
                0x000067cc                UART2_RX_TX_DriverIRQHandler
 .text.SystemInit
                0x000067d8       0x3c ./devices/system_MK22F51212.o
                0x000067d8                SystemInit
 .text.exit     0x00006814       0x28 c:/freescale/kds_v3/toolchain/bin/../lib/gcc/arm-none-eabi/4.8.4/../../../../arm-none-eabi/lib/armv7e-m/fpu\libg_s.a(lib_a-exit.o)
                0x00006814                exit
 .text.__libc_init_array
                0x0000683c       0x4c c:/freescale/kds_v3/toolchain/bin/../lib/gcc/arm-none-eabi/4.8.4/../../../../arm-none-eabi/lib/armv7e-m/fpu\libg_s.a(lib_a-init.o)
                0x0000683c                __libc_init_array
 .text.memcpy   0x00006888       0x12 c:/freescale/kds_v3/toolchain/bin/../lib/gcc/arm-none-eabi/4.8.4/../../../../arm-none-eabi/lib/armv7e-m/fpu\libg_s.a(lib_a-memcpy-stub.o)
                0x00006888                memcpy
 .text.memset   0x0000689a       0x10 c:/freescale/kds_v3/toolchain/bin/../lib/gcc/arm-none-eabi/4.8.4/../../../../arm-none-eabi/lib/armv7e-m/fpu\libg_s.a(lib_a-memset.o)
                0x0000689a                memset
 .text.strlen   0x000068aa       0x10 c:/freescale/kds_v3/toolchain/bin/../lib/gcc/arm-none-eabi/4.8.4/../../../../arm-none-eabi/lib/armv7e-m/fpu\libg_s.a(lib_a-strlen.o)
                0x000068aa                strlen
 *fill*         0x000068ba        0x2 
 .text._exit    0x000068bc        0x4 c:/freescale/kds_v3/toolchain/bin/../lib/gcc/arm-none-eabi/4.8.4/../../../../arm-none-eabi/lib/armv7e-m/fpu\libnosys.a(_exit.o)
                0x000068bc                _exit
 *(.rodata)
 .rodata        0x000068c0      0x2cc ./sources/freertos_i2c.o
 .rodata        0x00006b8c       0x20 ./sources/pin_mux.o
 .rodata        0x00006bac       0x18 ./freertos/Source/tasks.o
                0x00006bb4                FreeRTOSDebugConfig
 .rodata        0x00006bc4       0x10 ./freertos/Source/timers.o
 .rodata        0x00006bd4       0x48 ./drivers/fsl_clock.o
 .rodata        0x00006c1c       0x40 ./drivers/fsl_common.o
 .rodata        0x00006c5c       0xc8 ./drivers/fsl_i2c.o
 .rodata        0x00006d24       0xb8 ./drivers/fsl_lpuart.o
 .rodata        0x00006ddc      0x12c ./drivers/fsl_uart.o
 *(.rodata*)
 .rodata.mcgConfig_BOARD_BootClockRUN
                0x00006f08        0xc ./sources/clock_config.o
                0x00006f08                mcgConfig_BOARD_BootClockRUN
 .rodata.simConfig_BOARD_BootClockRUN
                0x00006f14        0x8 ./sources/clock_config.o
                0x00006f14                simConfig_BOARD_BootClockRUN
 .rodata.oscConfig_BOARD_BootClockRUN
                0x00006f1c        0x8 ./sources/clock_config.o
                0x00006f1c                oscConfig_BOARD_BootClockRUN
 .rodata.__func__.6107
                0x00006f24       0x14 ./sources/pin_mux.o
 .rodata.__func__.6069
                0x00006f38       0x18 ./drivers/fsl_clock.o
 .rodata.__func__.6107
                0x00006f50       0x1c ./drivers/fsl_clock.o
 .rodata.__func__.6111
                0x00006f6c       0x1c ./drivers/fsl_clock.o
 .rodata.__func__.6119
                0x00006f88       0x18 ./drivers/fsl_clock.o
 .rodata.fllFactorTable.6198
                0x00006fa0       0x10 ./drivers/fsl_clock.o
 .rodata.__func__.6213
                0x00006fb0       0x14 ./drivers/fsl_clock.o
 .rodata.__func__.6258
                0x00006fc4       0x14 ./drivers/fsl_clock.o
 .rodata.__func__.6400
                0x00006fd8       0x14 ./drivers/fsl_clock.o
 .rodata.__func__.6467
                0x00006fec       0x14 ./drivers/fsl_clock.o
 .rodata.s_i2cDividerTable
                0x00007000       0x80 ./drivers/fsl_i2c.o
 .rodata.s_i2cBases
                0x00007080        0x8 ./drivers/fsl_i2c.o
 .rodata.s_i2cIrqs
                0x00007088        0x4 ./drivers/fsl_i2c.o
 .rodata.s_i2cClocks
                0x0000708c        0x8 ./drivers/fsl_i2c.o
 .rodata.__func__.6298
                0x00007094       0x10 ./drivers/fsl_i2c.o
 .rodata.__func__.6354
                0x000070a4       0x10 ./drivers/fsl_i2c.o
 .rodata.__func__.6362
                0x000070b4       0x1c ./drivers/fsl_i2c.o
 .rodata.__func__.6483
                0x000070d0       0x20 ./drivers/fsl_i2c.o
 .rodata.__func__.6490
                0x000070f0       0x20 ./drivers/fsl_i2c.o
 .rodata.__func__.6514
                0x00007110       0x1c ./drivers/fsl_i2c.o
 .rodata.__func__.6523
                0x0000712c       0x10 ./drivers/fsl_i2c.o
 .rodata.__func__.6535
                0x0000713c       0x1c ./drivers/fsl_i2c.o
 .rodata.__func__.6576
                0x00007158       0x20 ./drivers/fsl_i2c.o
 .rodata.__func__.6583
                0x00007178       0x20 ./drivers/fsl_i2c.o
 .rodata.__func__.6599
                0x00007198       0x1c ./drivers/fsl_i2c.o
 .rodata.__func__.6258
                0x000071b4       0x14 ./drivers/fsl_lpuart.o
 .rodata.__func__.6296
                0x000071c8        0xc ./drivers/fsl_lpuart.o
 .rodata.__func__.6320
                0x000071d4       0x18 ./drivers/fsl_lpuart.o
 .rodata.__func__.6366
                0x000071ec       0x18 ./drivers/fsl_lpuart.o
 .rodata.__func__.6378
                0x00007204       0x14 ./drivers/fsl_lpuart.o
 .rodata.s_uartBases
                0x00007218        0xc ./drivers/fsl_uart.o
 .rodata.s_uartClock
                0x00007224        0xc ./drivers/fsl_uart.o
 .rodata.__func__.6262
                0x00007230       0x14 ./drivers/fsl_uart.o
 .rodata.__func__.6278
                0x00007244        0xc ./drivers/fsl_uart.o
 .rodata.__func__.6296
                0x00007250       0x18 ./drivers/fsl_uart.o
 .rodata.__func__.6356
                0x00007268       0x14 ./drivers/fsl_uart.o
 .rodata.str1.1
                0x0000727c        0x2 c:/freescale/kds_v3/toolchain/bin/../lib/gcc/arm-none-eabi/4.8.4/../../../../arm-none-eabi/lib/armv7e-m/fpu\libg_s.a(lib_a-impure.o)
 *fill*         0x0000727e        0x2 
 .rodata._global_impure_ptr
                0x00007280        0x4 c:/freescale/kds_v3/toolchain/bin/../lib/gcc/arm-none-eabi/4.8.4/../../../../arm-none-eabi/lib/armv7e-m/fpu\libg_s.a(lib_a-impure.o)
                0x00007280                _global_impure_ptr
 *(.glue_7)
 .glue_7        0x00000000        0x0 linker stubs
 *(.glue_7t)
 .glue_7t       0x00000000        0x0 linker stubs
 *(.eh_frame)
 .eh_frame      0x00007284        0x0 c:/freescale/kds_v3/toolchain/bin/../lib/gcc/arm-none-eabi/4.8.4/armv7e-m/fpu/crtbegin.o
 *(.init)
 .init          0x00007284        0x4 c:/freescale/kds_v3/toolchain/bin/../lib/gcc/arm-none-eabi/4.8.4/armv7e-m/fpu/crti.o
                0x00007284                _init
 .init          0x00007288        0x8 c:/freescale/kds_v3/toolchain/bin/../lib/gcc/arm-none-eabi/4.8.4/armv7e-m/fpu/crtn.o
 *(.fini)
 .fini          0x00007290        0x4 c:/freescale/kds_v3/toolchain/bin/../lib/gcc/arm-none-eabi/4.8.4/armv7e-m/fpu/crti.o
                0x00007290                _fini
 .fini          0x00007294        0x8 c:/freescale/kds_v3/toolchain/bin/../lib/gcc/arm-none-eabi/4.8.4/armv7e-m/fpu/crtn.o
                0x0000729c                . = ALIGN (0x4)

.vfp11_veneer   0x0000729c        0x0
 .vfp11_veneer  0x00000000        0x0 linker stubs

.v4_bx          0x0000729c        0x0
 .v4_bx         0x00000000        0x0 linker stubs

.iplt           0x0000729c        0x0
 .iplt          0x00000000        0x0 c:/freescale/kds_v3/toolchain/bin/../lib/gcc/arm-none-eabi/4.8.4/armv7e-m/fpu/crtbegin.o

.ARM.extab
 *(.ARM.extab* .gnu.linkonce.armextab.*)

.ARM            0x0000729c        0x8
                0x0000729c                __exidx_start = .
 *(.ARM.exidx*)
 .ARM.exidx     0x0000729c        0x8 c:/freescale/kds_v3/toolchain/bin/../lib/gcc/arm-none-eabi/4.8.4/../../../../arm-none-eabi/lib/armv7e-m/fpu/crt0.o
                0x000072a4                __exidx_end = .

.rel.dyn        0x000072a4        0x0
 .rel.iplt      0x00000000        0x0 c:/freescale/kds_v3/toolchain/bin/../lib/gcc/arm-none-eabi/4.8.4/armv7e-m/fpu/crtbegin.o

.ctors          0x000072a4        0x0
                0x000072a4                __CTOR_LIST__ = .
 *crtbegin.o(.ctors)
 *crtbegin?.o(.ctors)
 *(EXCLUDE_FILE(*crtend.o *crtend?.o) .ctors)
 *(SORT(.ctors.*))
 *(.ctors)
                0x000072a4                __CTOR_END__ = .

.dtors          0x000072a4        0x0
                0x000072a4                __DTOR_LIST__ = .
 *crtbegin.o(.dtors)
 *crtbegin?.o(.dtors)
 *(EXCLUDE_FILE(*crtend.o *crtend?.o) .dtors)
 *(SORT(.dtors.*))
 *(.dtors)
                0x000072a4                __DTOR_END__ = .

.preinit_array  0x000072a4        0x0
                0x000072a4                PROVIDE (__preinit_array_start, .)
 *(.preinit_array*)
                0x000072a4                PROVIDE (__preinit_array_end, .)

.init_array     0x000072a4        0x4
                0x000072a4                PROVIDE (__init_array_start, .)
 *(SORT(.init_array.*))
 *(.init_array*)
 .init_array    0x000072a4        0x4 c:/freescale/kds_v3/toolchain/bin/../lib/gcc/arm-none-eabi/4.8.4/armv7e-m/fpu/crtbegin.o
                0x000072a8                PROVIDE (__init_array_end, .)

.fini_array     0x000072a8        0x4
                0x000072a8                PROVIDE (__fini_array_start, .)
 *(SORT(.fini_array.*))
 *(.fini_array*)
 .fini_array    0x000072a8        0x4 c:/freescale/kds_v3/toolchain/bin/../lib/gcc/arm-none-eabi/4.8.4/armv7e-m/fpu/crtbegin.o
                0x000072ac                PROVIDE (__fini_array_end, .)
                0x000072ac                __etext = .
                0x000072ac                __DATA_ROM = .

.interrupts_ram
                0x1fff0000        0x0
                0x1fff0000                . = ALIGN (0x4)
                0x1fff0000                __VECTOR_RAM__ = .
                0x1fff0000                __interrupts_ram_start__ = .
 *(.m_interrupts_ram)
                0x1fff0000                . = (. + M_VECTOR_RAM_SIZE)
                0x1fff0000                . = ALIGN (0x4)
                0x1fff0000                __interrupts_ram_end__ = .
                0x00000000                __VECTOR_RAM = DEFINED (__ram_vector_table__)?__VECTOR_RAM__:ORIGIN (m_interrupts)
                0x00000000                __RAM_VECTOR_TABLE_SIZE_BYTES = DEFINED (__ram_vector_table__)?(__interrupts_ram_end__ - __interrupts_ram_start__):0x0

.data           0x1fff0000       0x74 load address 0x000072ac
                0x1fff0000                . = ALIGN (0x4)
                0x1fff0000                __DATA_RAM = .
                0x1fff0000                __data_start__ = .
 *(.data)
 *(.data*)
 .data.uxCriticalNesting
                0x1fff0000        0x4 ./freertos/Source/portable/GCC/ARM_CM4F/port.o
 .data.s_slowIrcFreq
                0x1fff0004        0x4 ./drivers/fsl_clock.o
 .data.s_fastIrcFreq
                0x1fff0008        0x4 ./drivers/fsl_clock.o
 .data.SystemCoreClock
                0x1fff000c        0x4 ./devices/system_MK22F51212.o
                0x1fff000c                SystemCoreClock
 .data.impure_data
                0x1fff0010       0x60 c:/freescale/kds_v3/toolchain/bin/../lib/gcc/arm-none-eabi/4.8.4/../../../../arm-none-eabi/lib/armv7e-m/fpu\libg_s.a(lib_a-impure.o)
 *(.jcr*)
 .jcr           0x1fff0070        0x0 c:/freescale/kds_v3/toolchain/bin/../lib/gcc/arm-none-eabi/4.8.4/armv7e-m/fpu/crtbegin.o
 .jcr           0x1fff0070        0x4 c:/freescale/kds_v3/toolchain/bin/../lib/gcc/arm-none-eabi/4.8.4/armv7e-m/fpu/crtend.o
                0x1fff0074                . = ALIGN (0x4)
                0x1fff0074                __data_end__ = .
                0x00007320                __DATA_END = (__DATA_ROM + (__data_end__ - __data_start__))
                0x00080000                text_end = (ORIGIN (m_text) + 0x7fbf0)
                0x00000001                ASSERT ((__DATA_END <= text_end), region m_text overflowed with text and data)

.igot.plt       0x1fff0074        0x0 load address 0x00007320
 .igot.plt      0x00000000        0x0 c:/freescale/kds_v3/toolchain/bin/../lib/gcc/arm-none-eabi/4.8.4/armv7e-m/fpu/crtbegin.o

.bss            0x1fff0074     0x2a68 load address 0x00007320
                0x1fff0074                . = ALIGN (0x4)
                0x1fff0074                __START_BSS = .
                0x1fff0074                __bss_start__ = .
 *(.bss)
 .bss           0x1fff0074       0x1c c:/freescale/kds_v3/toolchain/bin/../lib/gcc/arm-none-eabi/4.8.4/armv7e-m/fpu/crtbegin.o
 *(.bss*)
 .bss.s_debugConsole
                0x1fff0090       0x10 ./utilities/fsl_debug_console.o
 .bss.g_slave_buff
                0x1fff00a0       0x20 ./sources/freertos_i2c.o
                0x1fff00a0                g_slave_buff
 .bss.g_master_buff
                0x1fff00c0       0x20 ./sources/freertos_i2c.o
                0x1fff00c0                g_master_buff
 .bss.g_m_handle
                0x1fff00e0        0x4 ./sources/freertos_i2c.o
                0x1fff00e0                g_m_handle
 .bss.g_s_handle
                0x1fff00e4       0x24 ./sources/freertos_i2c.o
                0x1fff00e4                g_s_handle
 .bss.i2c_sem   0x1fff0108        0x4 ./sources/freertos_i2c.o
                0x1fff0108                i2c_sem
 .bss.ucHeap    0x1fff010c     0x2800 ./freertos/Source/portable/MemMang/heap_4.o
 .bss.xStart    0x1fff290c        0x8 ./freertos/Source/portable/MemMang/heap_4.o
 .bss.pxEnd     0x1fff2914        0x4 ./freertos/Source/portable/MemMang/heap_4.o
 .bss.xFreeBytesRemaining
                0x1fff2918        0x4 ./freertos/Source/portable/MemMang/heap_4.o
 .bss.xMinimumEverFreeBytesRemaining
                0x1fff291c        0x4 ./freertos/Source/portable/MemMang/heap_4.o
 .bss.xBlockAllocatedBit
                0x1fff2920        0x4 ./freertos/Source/portable/MemMang/heap_4.o
 .bss.ucMaxSysCallPriority
                0x1fff2924        0x1 ./freertos/Source/portable/GCC/ARM_CM4F/port.o
 *fill*         0x1fff2925        0x3 
 .bss.ulMaxPRIGROUPValue
                0x1fff2928        0x4 ./freertos/Source/portable/GCC/ARM_CM4F/port.o
 .bss.xQueueRegistry
                0x1fff292c       0x40 ./freertos/Source/queue.o
                0x1fff292c                xQueueRegistry
 .bss.pxCurrentTCB
                0x1fff296c        0x4 ./freertos/Source/tasks.o
                0x1fff296c                pxCurrentTCB
 .bss.pxReadyTasksLists
                0x1fff2970       0x64 ./freertos/Source/tasks.o
 .bss.xDelayedTaskList1
                0x1fff29d4       0x14 ./freertos/Source/tasks.o
 .bss.xDelayedTaskList2
                0x1fff29e8       0x14 ./freertos/Source/tasks.o
 .bss.pxDelayedTaskList
                0x1fff29fc        0x4 ./freertos/Source/tasks.o
 .bss.pxOverflowDelayedTaskList
                0x1fff2a00        0x4 ./freertos/Source/tasks.o
 .bss.xPendingReadyList
                0x1fff2a04       0x14 ./freertos/Source/tasks.o
 .bss.xTasksWaitingTermination
                0x1fff2a18       0x14 ./freertos/Source/tasks.o
 .bss.uxDeletedTasksWaitingCleanUp
                0x1fff2a2c        0x4 ./freertos/Source/tasks.o
 .bss.xSuspendedTaskList
                0x1fff2a30       0x14 ./freertos/Source/tasks.o
 .bss.uxCurrentNumberOfTasks
                0x1fff2a44        0x4 ./freertos/Source/tasks.o
 .bss.xTickCount
                0x1fff2a48        0x4 ./freertos/Source/tasks.o
 .bss.uxTopReadyPriority
                0x1fff2a4c        0x4 ./freertos/Source/tasks.o
 .bss.xSchedulerRunning
                0x1fff2a50        0x4 ./freertos/Source/tasks.o
 .bss.uxPendedTicks
                0x1fff2a54        0x4 ./freertos/Source/tasks.o
 .bss.xYieldPending
                0x1fff2a58        0x4 ./freertos/Source/tasks.o
 .bss.xNumOfOverflows
                0x1fff2a5c        0x4 ./freertos/Source/tasks.o
 .bss.uxTaskNumber
                0x1fff2a60        0x4 ./freertos/Source/tasks.o
 .bss.xNextTaskUnblockTime
                0x1fff2a64        0x4 ./freertos/Source/tasks.o
 .bss.xIdleTaskHandle
                0x1fff2a68        0x4 ./freertos/Source/tasks.o
 .bss.uxSchedulerSuspended
                0x1fff2a6c        0x4 ./freertos/Source/tasks.o
 .bss.xActiveTimerList1
                0x1fff2a70       0x14 ./freertos/Source/timers.o
 .bss.xActiveTimerList2
                0x1fff2a84       0x14 ./freertos/Source/timers.o
 .bss.pxCurrentTimerList
                0x1fff2a98        0x4 ./freertos/Source/timers.o
 .bss.pxOverflowTimerList
                0x1fff2a9c        0x4 ./freertos/Source/timers.o
 .bss.xTimerQueue
                0x1fff2aa0        0x4 ./freertos/Source/timers.o
 .bss.xTimerTaskHandle
                0x1fff2aa4        0x4 ./freertos/Source/timers.o
 .bss.xLastTime.4862
                0x1fff2aa8        0x4 ./freertos/Source/timers.o
 .bss.g_xtal0Freq
                0x1fff2aac        0x4 ./drivers/fsl_clock.o
                0x1fff2aac                g_xtal0Freq
 .bss.g_xtal32Freq
                0x1fff2ab0        0x4 ./drivers/fsl_clock.o
                0x1fff2ab0                g_xtal32Freq
 .bss.s_i2cHandle
                0x1fff2ab4        0x8 ./drivers/fsl_i2c.o
 .bss.s_i2cMasterIsr
                0x1fff2abc        0x4 ./drivers/fsl_i2c.o
 .bss.s_i2cSlaveIsr
                0x1fff2ac0        0x4 ./drivers/fsl_i2c.o
 .bss.s_lpuartHandle
                0x1fff2ac4        0x4 ./drivers/fsl_lpuart.o
 .bss.s_lpuartIsr
                0x1fff2ac8        0x4 ./drivers/fsl_lpuart.o
 .bss.s_uartHandle
                0x1fff2acc        0xc ./drivers/fsl_uart.o
 .bss.s_uartIsr
                0x1fff2ad8        0x4 ./drivers/fsl_uart.o
 *(COMMON)
                0x1fff2adc                . = ALIGN (0x4)
                0x1fff2adc                __bss_end__ = .
                0x1fff2adc                __END_BSS = .

.heap           0x20000000      0x400
                0x20000000                . = ALIGN (0x8)
                0x20000000                __end__ = .
                0x20000000                PROVIDE (end, .)
                0x20000000                __HeapBase = .
                0x20000400                . = (. + HEAP_SIZE)
 *fill*         0x20000000      0x400 
                0x20000400                __HeapLimit = .
                0x20000400                __heap_limit = .

.stack          0x20000400      0x400
                0x20000400                . = ALIGN (0x8)
                0x20000800                . = (. + STACK_SIZE)
 *fill*         0x20000400      0x400 
                0x20010000                __StackTop = (ORIGIN (m_data_2) + 0x10000)
                0x2000fc00                __StackLimit = (__StackTop - STACK_SIZE)
                0x20010000                PROVIDE (__stack, __StackTop)

.ARM.attributes
                0x00000000       0x30
 *(.ARM.attributes)
 .ARM.attributes
                0x00000000       0x22 c:/freescale/kds_v3/toolchain/bin/../lib/gcc/arm-none-eabi/4.8.4/armv7e-m/fpu/crti.o
 .ARM.attributes
                0x00000022       0x34 c:/freescale/kds_v3/toolchain/bin/../lib/gcc/arm-none-eabi/4.8.4/armv7e-m/fpu/crtbegin.o
 .ARM.attributes
                0x00000056       0x20 c:/freescale/kds_v3/toolchain/bin/../lib/gcc/arm-none-eabi/4.8.4/../../../../arm-none-eabi/lib/armv7e-m/fpu/crt0.o
 .ARM.attributes
                0x00000076       0x39 ./utilities/fsl_debug_console.o
 .ARM.attributes
                0x000000af       0x39 ./sources/board.o
 .ARM.attributes
                0x000000e8       0x39 ./sources/clock_config.o
 .ARM.attributes
                0x00000121       0x39 ./sources/freertos_i2c.o
 .ARM.attributes
                0x0000015a       0x39 ./sources/pin_mux.o
 .ARM.attributes
                0x00000193       0x39 ./freertos/Source/portable/MemMang/heap_4.o
 .ARM.attributes
                0x000001cc       0x39 ./freertos/Source/portable/GCC/ARM_CM4F/fsl_tickless_systick.o
 .ARM.attributes
                0x00000205       0x39 ./freertos/Source/portable/GCC/ARM_CM4F/port.o
 .ARM.attributes
                0x0000023e       0x39 ./freertos/Source/list.o
 .ARM.attributes
                0x00000277       0x39 ./freertos/Source/queue.o
 .ARM.attributes
                0x000002b0       0x39 ./freertos/Source/tasks.o
 .ARM.attributes
                0x000002e9       0x39 ./freertos/Source/timers.o
 .ARM.attributes
                0x00000322       0x39 ./drivers/fsl_clock.o
 .ARM.attributes
                0x0000035b       0x39 ./drivers/fsl_common.o
 .ARM.attributes
                0x00000394       0x39 ./drivers/fsl_i2c.o
 .ARM.attributes
                0x000003cd       0x39 ./drivers/fsl_i2c_freertos.o
 .ARM.attributes
                0x00000406       0x39 ./drivers/fsl_lpuart.o
 .ARM.attributes
                0x0000043f       0x39 ./drivers/fsl_uart.o
 .ARM.attributes
                0x00000478       0x1f ./devices/gcc/startup_MK22F51212.o
 .ARM.attributes
                0x00000497       0x39 ./devices/system_MK22F51212.o
 .ARM.attributes
                0x000004d0       0x34 c:/freescale/kds_v3/toolchain/bin/../lib/gcc/arm-none-eabi/4.8.4/../../../../arm-none-eabi/lib/armv7e-m/fpu\libg_s.a(lib_a-exit.o)
 .ARM.attributes
                0x00000504       0x34 c:/freescale/kds_v3/toolchain/bin/../lib/gcc/arm-none-eabi/4.8.4/../../../../arm-none-eabi/lib/armv7e-m/fpu\libg_s.a(lib_a-impure.o)
 .ARM.attributes
                0x00000538       0x34 c:/freescale/kds_v3/toolchain/bin/../lib/gcc/arm-none-eabi/4.8.4/../../../../arm-none-eabi/lib/armv7e-m/fpu\libg_s.a(lib_a-init.o)
 .ARM.attributes
                0x0000056c       0x34 c:/freescale/kds_v3/toolchain/bin/../lib/gcc/arm-none-eabi/4.8.4/../../../../arm-none-eabi/lib/armv7e-m/fpu\libg_s.a(lib_a-memcpy-stub.o)
 .ARM.attributes
                0x000005a0       0x34 c:/freescale/kds_v3/toolchain/bin/../lib/gcc/arm-none-eabi/4.8.4/../../../../arm-none-eabi/lib/armv7e-m/fpu\libg_s.a(lib_a-memset.o)
 .ARM.attributes
                0x000005d4       0x34 c:/freescale/kds_v3/toolchain/bin/../lib/gcc/arm-none-eabi/4.8.4/../../../../arm-none-eabi/lib/armv7e-m/fpu\libg_s.a(lib_a-strlen.o)
 .ARM.attributes
                0x00000608       0x34 c:/freescale/kds_v3/toolchain/bin/../lib/gcc/arm-none-eabi/4.8.4/../../../../arm-none-eabi/lib/armv7e-m/fpu\libnosys.a(_exit.o)
 .ARM.attributes
                0x0000063c       0x34 c:/freescale/kds_v3/toolchain/bin/../lib/gcc/arm-none-eabi/4.8.4/armv7e-m/fpu/crtend.o
 .ARM.attributes
                0x00000670       0x22 c:/freescale/kds_v3/toolchain/bin/../lib/gcc/arm-none-eabi/4.8.4/armv7e-m/fpu/crtn.o
                0x00000001                ASSERT ((__StackLimit >= __HeapLimit), region m_data_2 overflowed with stack and heap)
OUTPUT(SI_7021.elf elf32-littlearm)

.debug_info     0x00000000    0x1015f
 .debug_info    0x00000000     0x1000 ./utilities/fsl_debug_console.o
 .debug_info    0x00001000      0x36c ./sources/board.o
 .debug_info    0x0000136c      0xa2c ./sources/clock_config.o
 .debug_info    0x00001d98     0x105e ./sources/freertos_i2c.o
 .debug_info    0x00002df6      0x7b0 ./sources/pin_mux.o
 .debug_info    0x000035a6      0x3b5 ./freertos/Source/portable/MemMang/heap_4.o
 .debug_info    0x0000395b       0xad ./freertos/Source/portable/GCC/ARM_CM4F/fsl_tickless_systick.o
 .debug_info    0x00003a08      0x4bf ./freertos/Source/portable/GCC/ARM_CM4F/port.o
 .debug_info    0x00003ec7      0x292 ./freertos/Source/list.o
 .debug_info    0x00004159     0x13de ./freertos/Source/queue.o
 .debug_info    0x00005537     0x1e83 ./freertos/Source/tasks.o
 .debug_info    0x000073ba      0xd0e ./freertos/Source/timers.o
 .debug_info    0x000080c8     0x1eee ./drivers/fsl_clock.o
 .debug_info    0x00009fb6      0x6b4 ./drivers/fsl_common.o
 .debug_info    0x0000a66a     0x1d3c ./drivers/fsl_i2c.o
 .debug_info    0x0000c3a6      0x538 ./drivers/fsl_i2c_freertos.o
 .debug_info    0x0000c8de     0x1850 ./drivers/fsl_lpuart.o
 .debug_info    0x0000e12e     0x19f1 ./drivers/fsl_uart.o
 .debug_info    0x0000fb1f       0x88 ./devices/gcc/startup_MK22F51212.o
 .debug_info    0x0000fba7      0x5b8 ./devices/system_MK22F51212.o

.debug_abbrev   0x00000000     0x2563
 .debug_abbrev  0x00000000      0x294 ./utilities/fsl_debug_console.o
 .debug_abbrev  0x00000294       0xfd ./sources/board.o
 .debug_abbrev  0x00000391      0x1e5 ./sources/clock_config.o
 .debug_abbrev  0x00000576      0x245 ./sources/freertos_i2c.o
 .debug_abbrev  0x000007bb      0x1d2 ./sources/pin_mux.o
 .debug_abbrev  0x0000098d      0x1b9 ./freertos/Source/portable/MemMang/heap_4.o
 .debug_abbrev  0x00000b46       0x60 ./freertos/Source/portable/GCC/ARM_CM4F/fsl_tickless_systick.o
 .debug_abbrev  0x00000ba6      0x209 ./freertos/Source/portable/GCC/ARM_CM4F/port.o
 .debug_abbrev  0x00000daf       0xbe ./freertos/Source/list.o
 .debug_abbrev  0x00000e6d      0x224 ./freertos/Source/queue.o
 .debug_abbrev  0x00001091      0x2c9 ./freertos/Source/tasks.o
 .debug_abbrev  0x0000135a      0x1e1 ./freertos/Source/timers.o
 .debug_abbrev  0x0000153b      0x2fe ./drivers/fsl_clock.o
 .debug_abbrev  0x00001839      0x230 ./drivers/fsl_common.o
 .debug_abbrev  0x00001a69      0x326 ./drivers/fsl_i2c.o
 .debug_abbrev  0x00001d8f      0x147 ./drivers/fsl_i2c_freertos.o
 .debug_abbrev  0x00001ed6      0x28c ./drivers/fsl_lpuart.o
 .debug_abbrev  0x00002162      0x2d6 ./drivers/fsl_uart.o
 .debug_abbrev  0x00002438       0x14 ./devices/gcc/startup_MK22F51212.o
 .debug_abbrev  0x0000244c      0x117 ./devices/system_MK22F51212.o

.debug_aranges  0x00000000      0xd08
 .debug_aranges
                0x00000000       0xa0 ./utilities/fsl_debug_console.o
 .debug_aranges
                0x000000a0       0x20 ./sources/board.o
 .debug_aranges
                0x000000c0       0x58 ./sources/clock_config.o
 .debug_aranges
                0x00000118       0x48 ./sources/freertos_i2c.o
 .debug_aranges
                0x00000160       0x38 ./sources/pin_mux.o
 .debug_aranges
                0x00000198       0x50 ./freertos/Source/portable/MemMang/heap_4.o
 .debug_aranges
                0x000001e8       0x20 ./freertos/Source/portable/GCC/ARM_CM4F/fsl_tickless_systick.o
 .debug_aranges
                0x00000208       0x78 ./freertos/Source/portable/GCC/ARM_CM4F/port.o
 .debug_aranges
                0x00000280       0x40 ./freertos/Source/list.o
 .debug_aranges
                0x000002c0      0x118 ./freertos/Source/queue.o
 .debug_aranges
                0x000003d8      0x1e8 ./freertos/Source/tasks.o
 .debug_aranges
                0x000005c0       0xc8 ./freertos/Source/timers.o
 .debug_aranges
                0x00000688      0x1f8 ./drivers/fsl_clock.o
 .debug_aranges
                0x00000880       0x38 ./drivers/fsl_common.o
 .debug_aranges
                0x000008b8      0x178 ./drivers/fsl_i2c.o
 .debug_aranges
                0x00000a30       0x38 ./drivers/fsl_i2c_freertos.o
 .debug_aranges
                0x00000a68      0x118 ./drivers/fsl_lpuart.o
 .debug_aranges
                0x00000b80      0x140 ./drivers/fsl_uart.o
 .debug_aranges
                0x00000cc0       0x20 ./devices/gcc/startup_MK22F51212.o
 .debug_aranges
                0x00000ce0       0x28 ./devices/system_MK22F51212.o

.debug_ranges   0x00000000      0xbb8
 .debug_ranges  0x00000000       0x90 ./utilities/fsl_debug_console.o
 .debug_ranges  0x00000090       0x10 ./sources/board.o
 .debug_ranges  0x000000a0       0x48 ./sources/clock_config.o
 .debug_ranges  0x000000e8       0x38 ./sources/freertos_i2c.o
 .debug_ranges  0x00000120       0x28 ./sources/pin_mux.o
 .debug_ranges  0x00000148       0x40 ./freertos/Source/portable/MemMang/heap_4.o
 .debug_ranges  0x00000188       0x10 ./freertos/Source/portable/GCC/ARM_CM4F/fsl_tickless_systick.o
 .debug_ranges  0x00000198       0x68 ./freertos/Source/portable/GCC/ARM_CM4F/port.o
 .debug_ranges  0x00000200       0x30 ./freertos/Source/list.o
 .debug_ranges  0x00000230      0x108 ./freertos/Source/queue.o
 .debug_ranges  0x00000338      0x1d8 ./freertos/Source/tasks.o
 .debug_ranges  0x00000510       0xb8 ./freertos/Source/timers.o
 .debug_ranges  0x000005c8      0x1e8 ./drivers/fsl_clock.o
 .debug_ranges  0x000007b0       0x28 ./drivers/fsl_common.o
 .debug_ranges  0x000007d8      0x168 ./drivers/fsl_i2c.o
 .debug_ranges  0x00000940       0x28 ./drivers/fsl_i2c_freertos.o
 .debug_ranges  0x00000968      0x108 ./drivers/fsl_lpuart.o
 .debug_ranges  0x00000a70      0x130 ./drivers/fsl_uart.o
 .debug_ranges  0x00000ba0       0x18 ./devices/system_MK22F51212.o

.debug_line     0x00000000     0x54f6
 .debug_line    0x00000000      0x589 ./utilities/fsl_debug_console.o
 .debug_line    0x00000589       0xeb ./sources/board.o
 .debug_line    0x00000674      0x1be ./sources/clock_config.o
 .debug_line    0x00000832      0x31d ./sources/freertos_i2c.o
 .debug_line    0x00000b4f      0x158 ./sources/pin_mux.o
 .debug_line    0x00000ca7      0x23c ./freertos/Source/portable/MemMang/heap_4.o
 .debug_line    0x00000ee3       0xd7 ./freertos/Source/portable/GCC/ARM_CM4F/fsl_tickless_systick.o
 .debug_line    0x00000fba      0x2ba ./freertos/Source/portable/GCC/ARM_CM4F/port.o
 .debug_line    0x00001274      0x16f ./freertos/Source/list.o
 .debug_line    0x000013e3      0x902 ./freertos/Source/queue.o
 .debug_line    0x00001ce5      0xdb5 ./freertos/Source/tasks.o
 .debug_line    0x00002a9a      0x4c1 ./freertos/Source/timers.o
 .debug_line    0x00002f5b      0x924 ./drivers/fsl_clock.o
 .debug_line    0x0000387f      0x1c2 ./drivers/fsl_common.o
 .debug_line    0x00003a41      0x8ce ./drivers/fsl_i2c.o
 .debug_line    0x0000430f      0x1ec ./drivers/fsl_i2c_freertos.o
 .debug_line    0x000044fb      0x640 ./drivers/fsl_lpuart.o
 .debug_line    0x00004b3b      0x74e ./drivers/fsl_uart.o
 .debug_line    0x00005289      0x136 ./devices/gcc/startup_MK22F51212.o
 .debug_line    0x000053bf      0x137 ./devices/system_MK22F51212.o

.debug_str      0x00000000     0x6baa
 .debug_str     0x00000000      0xdb5 ./utilities/fsl_debug_console.o
                                0xecb (size before relaxing)
 .debug_str     0x00000db5       0x39 ./sources/board.o
                                0x34a (size before relaxing)
 .debug_str     0x00000dee      0x786 ./sources/clock_config.o
                                0xe96 (size before relaxing)
 .debug_str     0x00001574      0xd62 ./sources/freertos_i2c.o
                               0x150c (size before relaxing)
 .debug_str     0x000022d6      0x5e4 ./sources/pin_mux.o
                                0x8de (size before relaxing)
 .debug_str     0x000028ba      0x20a ./freertos/Source/portable/MemMang/heap_4.o
                                0x3fa (size before relaxing)
 .debug_str     0x00002ac4       0x59 ./freertos/Source/portable/GCC/ARM_CM4F/fsl_tickless_systick.o
                                0x255 (size before relaxing)
 .debug_str     0x00002b1d      0x21e ./freertos/Source/portable/GCC/ARM_CM4F/port.o
                                0x44a (size before relaxing)
 .debug_str     0x00002d3b      0x12c ./freertos/Source/list.o
                                0x33a (size before relaxing)
 .debug_str     0x00002e67      0x583 ./freertos/Source/queue.o
                                0x8ba (size before relaxing)
 .debug_str     0x000033ea      0xc1d ./freertos/Source/tasks.o
                               0x1062 (size before relaxing)
 .debug_str     0x00004007      0x4e4 ./freertos/Source/timers.o
                                0x836 (size before relaxing)
 .debug_str     0x000044eb      0xc65 ./drivers/fsl_clock.o
                               0x1bc9 (size before relaxing)
 .debug_str     0x00005150      0x11d ./drivers/fsl_common.o
                                0x882 (size before relaxing)
 .debug_str     0x0000526d      0x7a2 ./drivers/fsl_i2c.o
                               0x1b79 (size before relaxing)
 .debug_str     0x00005a0f       0x60 ./drivers/fsl_i2c_freertos.o
                                0x601 (size before relaxing)
 .debug_str     0x00005a6f      0x9d2 ./drivers/fsl_lpuart.o
                               0x1aaf (size before relaxing)
 .debug_str     0x00006441      0x6b7 ./drivers/fsl_uart.o
                               0x1bb3 (size before relaxing)
 .debug_str     0x00006af8       0xb2 ./devices/system_MK22F51212.o
                                0x3f3 (size before relaxing)

.comment        0x00000000       0x70
 .comment       0x00000000       0x70 ./utilities/fsl_debug_console.o
                                 0x71 (size before relaxing)
 .comment       0x00000000       0x71 ./sources/board.o
 .comment       0x00000000       0x71 ./sources/clock_config.o
 .comment       0x00000000       0x71 ./sources/freertos_i2c.o
 .comment       0x00000000       0x71 ./sources/pin_mux.o
 .comment       0x00000000       0x71 ./freertos/Source/portable/MemMang/heap_4.o
 .comment       0x00000000       0x71 ./freertos/Source/portable/GCC/ARM_CM4F/fsl_tickless_systick.o
 .comment       0x00000000       0x71 ./freertos/Source/portable/GCC/ARM_CM4F/port.o
 .comment       0x00000000       0x71 ./freertos/Source/list.o
 .comment       0x00000000       0x71 ./freertos/Source/queue.o
 .comment       0x00000000       0x71 ./freertos/Source/tasks.o
 .comment       0x00000000       0x71 ./freertos/Source/timers.o
 .comment       0x00000000       0x71 ./drivers/fsl_clock.o
 .comment       0x00000000       0x71 ./drivers/fsl_common.o
 .comment       0x00000000       0x71 ./drivers/fsl_i2c.o
 .comment       0x00000000       0x71 ./drivers/fsl_i2c_freertos.o
 .comment       0x00000000       0x71 ./drivers/fsl_lpuart.o
 .comment       0x00000000       0x71 ./drivers/fsl_uart.o
 .comment       0x00000000       0x71 ./devices/system_MK22F51212.o

.debug_frame    0x00000000     0x2bd0
 .debug_frame   0x00000000      0x224 ./utilities/fsl_debug_console.o
 .debug_frame   0x00000224       0x30 ./sources/board.o
 .debug_frame   0x00000254       0xec ./sources/clock_config.o
 .debug_frame   0x00000340       0xcc ./sources/freertos_i2c.o
 .debug_frame   0x0000040c       0x88 ./sources/pin_mux.o
 .debug_frame   0x00000494       0xd0 ./freertos/Source/portable/MemMang/heap_4.o
 .debug_frame   0x00000564       0x28 ./freertos/Source/portable/GCC/ARM_CM4F/fsl_tickless_systick.o
 .debug_frame   0x0000058c      0x138 ./freertos/Source/portable/GCC/ARM_CM4F/port.o
 .debug_frame   0x000006c4       0x9c ./freertos/Source/list.o
 .debug_frame   0x00000760      0x3ec ./freertos/Source/queue.o
 .debug_frame   0x00000b4c      0x6f8 ./freertos/Source/tasks.o
 .debug_frame   0x00001244      0x2b8 ./freertos/Source/timers.o
 .debug_frame   0x000014fc      0x6e4 ./drivers/fsl_clock.o
 .debug_frame   0x00001be0       0x88 ./drivers/fsl_common.o
 .debug_frame   0x00001c68      0x558 ./drivers/fsl_i2c.o
 .debug_frame   0x000021c0       0x90 ./drivers/fsl_i2c_freertos.o
 .debug_frame   0x00002250      0x3ec ./drivers/fsl_lpuart.o
 .debug_frame   0x0000263c      0x474 ./drivers/fsl_uart.o
 .debug_frame   0x00002ab0       0x44 ./devices/system_MK22F51212.o
 .debug_frame   0x00002af4       0x28 c:/freescale/kds_v3/toolchain/bin/../lib/gcc/arm-none-eabi/4.8.4/../../../../arm-none-eabi/lib/armv7e-m/fpu\libg_s.a(lib_a-exit.o)
 .debug_frame   0x00002b1c       0x2c c:/freescale/kds_v3/toolchain/bin/../lib/gcc/arm-none-eabi/4.8.4/../../../../arm-none-eabi/lib/armv7e-m/fpu\libg_s.a(lib_a-init.o)
 .debug_frame   0x00002b48       0x28 c:/freescale/kds_v3/toolchain/bin/../lib/gcc/arm-none-eabi/4.8.4/../../../../arm-none-eabi/lib/armv7e-m/fpu\libg_s.a(lib_a-memcpy-stub.o)
 .debug_frame   0x00002b70       0x20 c:/freescale/kds_v3/toolchain/bin/../lib/gcc/arm-none-eabi/4.8.4/../../../../arm-none-eabi/lib/armv7e-m/fpu\libg_s.a(lib_a-memset.o)
 .debug_frame   0x00002b90       0x20 c:/freescale/kds_v3/toolchain/bin/../lib/gcc/arm-none-eabi/4.8.4/../../../../arm-none-eabi/lib/armv7e-m/fpu\libg_s.a(lib_a-strlen.o)
 .debug_frame   0x00002bb0       0x20 c:/freescale/kds_v3/toolchain/bin/../lib/gcc/arm-none-eabi/4.8.4/../../../../arm-none-eabi/lib/armv7e-m/fpu\libnosys.a(_exit.o)
