Archive member included because of file (symbol)

c:/freescale/kds_v3/toolchain/bin/../lib/gcc/arm-none-eabi/4.8.4/../../../../arm-none-eabi/lib/armv7e-m/fpu\libg_s.a(lib_a-errno.o)
                              ./utilities/fsl_sbrk.o (__errno)
c:/freescale/kds_v3/toolchain/bin/../lib/gcc/arm-none-eabi/4.8.4/../../../../arm-none-eabi/lib/armv7e-m/fpu\libg_s.a(lib_a-exit.o)
                              c:/freescale/kds_v3/toolchain/bin/../lib/gcc/arm-none-eabi/4.8.4/../../../../arm-none-eabi/lib/armv7e-m/fpu/crt0.o (exit)
c:/freescale/kds_v3/toolchain/bin/../lib/gcc/arm-none-eabi/4.8.4/../../../../arm-none-eabi/lib/armv7e-m/fpu\libg_s.a(lib_a-impure.o)
                              c:/freescale/kds_v3/toolchain/bin/../lib/gcc/arm-none-eabi/4.8.4/../../../../arm-none-eabi/lib/armv7e-m/fpu\libg_s.a(lib_a-exit.o) (_global_impure_ptr)
c:/freescale/kds_v3/toolchain/bin/../lib/gcc/arm-none-eabi/4.8.4/../../../../arm-none-eabi/lib/armv7e-m/fpu\libg_s.a(lib_a-init.o)
                              c:/freescale/kds_v3/toolchain/bin/../lib/gcc/arm-none-eabi/4.8.4/../../../../arm-none-eabi/lib/armv7e-m/fpu/crt0.o (__libc_init_array)
c:/freescale/kds_v3/toolchain/bin/../lib/gcc/arm-none-eabi/4.8.4/../../../../arm-none-eabi/lib/armv7e-m/fpu\libg_s.a(lib_a-memcpy-stub.o)
                              ./freertos/Source/queue.o (memcpy)
c:/freescale/kds_v3/toolchain/bin/../lib/gcc/arm-none-eabi/4.8.4/../../../../arm-none-eabi/lib/armv7e-m/fpu\libg_s.a(lib_a-memset.o)
                              c:/freescale/kds_v3/toolchain/bin/../lib/gcc/arm-none-eabi/4.8.4/../../../../arm-none-eabi/lib/armv7e-m/fpu/crt0.o (memset)
c:/freescale/kds_v3/toolchain/bin/../lib/gcc/arm-none-eabi/4.8.4/../../../../arm-none-eabi/lib/armv7e-m/fpu\libg_s.a(lib_a-s_modf.o)
                              ./utilities/fsl_debug_console.o (modf)
c:/freescale/kds_v3/toolchain/bin/../lib/gcc/arm-none-eabi/4.8.4/../../../../arm-none-eabi/lib/armv7e-m/fpu\libg_s.a(lib_a-strlen.o)
                              ./utilities/fsl_debug_console.o (strlen)
c:/freescale/kds_v3/toolchain/bin/../lib/gcc/arm-none-eabi/4.8.4/armv7e-m/fpu\libgcc.a(_arm_addsubdf3.o)
                              ./utilities/fsl_debug_console.o (__aeabi_dsub)
c:/freescale/kds_v3/toolchain/bin/../lib/gcc/arm-none-eabi/4.8.4/armv7e-m/fpu\libgcc.a(_arm_muldivdf3.o)
                              ./utilities/fsl_debug_console.o (__aeabi_dmul)
c:/freescale/kds_v3/toolchain/bin/../lib/gcc/arm-none-eabi/4.8.4/armv7e-m/fpu\libgcc.a(_arm_cmpdf2.o)
                              ./utilities/fsl_debug_console.o (__aeabi_dcmpeq)
c:/freescale/kds_v3/toolchain/bin/../lib/gcc/arm-none-eabi/4.8.4/armv7e-m/fpu\libgcc.a(_arm_fixdfsi.o)
                              ./utilities/fsl_debug_console.o (__aeabi_d2iz)
c:/freescale/kds_v3/toolchain/bin/../lib/gcc/arm-none-eabi/4.8.4/armv7e-m/fpu\libgcc.a(_arm_truncdfsf2.o)
                              ./sources/SI7021.o (__aeabi_d2f)
c:/freescale/kds_v3/toolchain/bin/../lib/gcc/arm-none-eabi/4.8.4/armv7e-m/fpu\libgcc.a(_arm_addsubsf3.o)
                              ./sources/PID_Controller.o (__aeabi_ul2f)
c:/freescale/kds_v3/toolchain/bin/../lib/gcc/arm-none-eabi/4.8.4/armv7e-m/fpu\libgcc.a(_aeabi_uldivmod.o)
                              ./sources/PID_Controller.o (__aeabi_uldivmod)
c:/freescale/kds_v3/toolchain/bin/../lib/gcc/arm-none-eabi/4.8.4/armv7e-m/fpu\libgcc.a(_fixdfdi.o)
                              ./utilities/fsl_debug_console.o (__aeabi_d2lz)
c:/freescale/kds_v3/toolchain/bin/../lib/gcc/arm-none-eabi/4.8.4/armv7e-m/fpu\libgcc.a(_fixunsdfdi.o)
                              c:/freescale/kds_v3/toolchain/bin/../lib/gcc/arm-none-eabi/4.8.4/armv7e-m/fpu\libgcc.a(_fixdfdi.o) (__aeabi_d2ulz)
c:/freescale/kds_v3/toolchain/bin/../lib/gcc/arm-none-eabi/4.8.4/armv7e-m/fpu\libgcc.a(bpabi.o)
                              c:/freescale/kds_v3/toolchain/bin/../lib/gcc/arm-none-eabi/4.8.4/armv7e-m/fpu\libgcc.a(_aeabi_uldivmod.o) (__gnu_uldivmod_helper)
c:/freescale/kds_v3/toolchain/bin/../lib/gcc/arm-none-eabi/4.8.4/armv7e-m/fpu\libgcc.a(_dvmd_tls.o)
                              c:/freescale/kds_v3/toolchain/bin/../lib/gcc/arm-none-eabi/4.8.4/armv7e-m/fpu\libgcc.a(_aeabi_uldivmod.o) (__aeabi_ldiv0)
c:/freescale/kds_v3/toolchain/bin/../lib/gcc/arm-none-eabi/4.8.4/armv7e-m/fpu\libgcc.a(_arm_fixunsdfsi.o)
                              c:/freescale/kds_v3/toolchain/bin/../lib/gcc/arm-none-eabi/4.8.4/armv7e-m/fpu\libgcc.a(_fixunsdfdi.o) (__aeabi_d2uiz)
c:/freescale/kds_v3/toolchain/bin/../lib/gcc/arm-none-eabi/4.8.4/armv7e-m/fpu\libgcc.a(_divdi3.o)
                              c:/freescale/kds_v3/toolchain/bin/../lib/gcc/arm-none-eabi/4.8.4/armv7e-m/fpu\libgcc.a(bpabi.o) (__divdi3)
c:/freescale/kds_v3/toolchain/bin/../lib/gcc/arm-none-eabi/4.8.4/armv7e-m/fpu\libgcc.a(_udivdi3.o)
                              c:/freescale/kds_v3/toolchain/bin/../lib/gcc/arm-none-eabi/4.8.4/armv7e-m/fpu\libgcc.a(bpabi.o) (__udivdi3)
[...]
Memory Configuration

Name             Origin             Length             Attributes
m_interrupts     0x00000000         0x00000400         xr
m_flash_config   0x00000400         0x00000010         xr
m_text           0x00000410         0x0007fbf0         xr
m_data           0x1fff0000         0x00010000         rw
m_data_2         0x20000000         0x00010000         rw
*default*        0x00000000         0xffffffff

Linker script and memory map

LOAD c:/freescale/kds_v3/toolchain/bin/../lib/gcc/arm-none-eabi/4.8.4/armv7e-m/fpu/crti.o
LOAD c:/freescale/kds_v3/toolchain/bin/../lib/gcc/arm-none-eabi/4.8.4/armv7e-m/fpu/crtbegin.o
LOAD c:/freescale/kds_v3/toolchain/bin/../lib/gcc/arm-none-eabi/4.8.4/../../../../arm-none-eabi/lib/armv7e-m/fpu/crt0.o
START GROUP
LOAD ./utilities/fsl_debug_console.o
LOAD ./utilities/fsl_sbrk.o
LOAD ./sources/PID_Controller.o
LOAD ./sources/SI7021.o
LOAD ./sources/board.o
LOAD ./sources/clock_config.o
LOAD ./sources/freertos_i2c.o
LOAD ./sources/pin_mux.o
LOAD ./freertos/Source/portable/MemMang/heap_4.o
LOAD ./freertos/Source/portable/GCC/ARM_CM4F/fsl_tickless_systick.o
LOAD ./freertos/Source/portable/GCC/ARM_CM4F/port.o
LOAD ./freertos/Source/croutine.o
LOAD ./freertos/Source/event_groups.o
LOAD ./freertos/Source/list.o
LOAD ./freertos/Source/queue.o
LOAD ./freertos/Source/tasks.o
LOAD ./freertos/Source/timers.o
LOAD ./drivers/fsl_clock.o
LOAD ./drivers/fsl_common.o
LOAD ./drivers/fsl_flash.o
LOAD ./drivers/fsl_ftm.o
LOAD ./drivers/fsl_gpio.o
LOAD ./drivers/fsl_i2c.o
LOAD ./drivers/fsl_i2c_freertos.o
LOAD ./drivers/fsl_lpuart.o
LOAD ./drivers/fsl_smc.o
LOAD ./drivers/fsl_uart.o
LOAD ./devices/gcc/startup_MK22F51212.o
LOAD ./devices/system_MK22F51212.o
LOAD c:/freescale/kds_v3/toolchain/bin/../lib/gcc/arm-none-eabi/4.8.4/../../../../arm-none-eabi/lib/armv7e-m/fpu\libg_s.a
LOAD c:/freescale/kds_v3/toolchain/bin/../lib/gcc/arm-none-eabi/4.8.4/armv7e-m/fpu\libgcc.a
LOAD c:/freescale/kds_v3/toolchain/bin/../lib/gcc/arm-none-eabi/4.8.4/../../../../arm-none-eabi/lib/armv7e-m/fpu\libnosys.a
END GROUP
LOAD c:/freescale/kds_v3/toolchain/bin/../lib/gcc/arm-none-eabi/4.8.4/../../../../arm-none-eabi/lib/armv7e-m/fpu\libstdc++_s.a
LOAD c:/freescale/kds_v3/toolchain/bin/../lib/gcc/arm-none-eabi/4.8.4/../../../../arm-none-eabi/lib/armv7e-m/fpu\libm.a
START GROUP
LOAD c:/freescale/kds_v3/toolchain/bin/../lib/gcc/arm-none-eabi/4.8.4/armv7e-m/fpu\libgcc.a
LOAD c:/freescale/kds_v3/toolchain/bin/../lib/gcc/arm-none-eabi/4.8.4/../../../../arm-none-eabi/lib/armv7e-m/fpu\libg_s.a
LOAD c:/freescale/kds_v3/toolchain/bin/../lib/gcc/arm-none-eabi/4.8.4/../../../../arm-none-eabi/lib/armv7e-m/fpu\libc_s.a
END GROUP
START GROUP
LOAD c:/freescale/kds_v3/toolchain/bin/../lib/gcc/arm-none-eabi/4.8.4/armv7e-m/fpu\libgcc.a
LOAD c:/freescale/kds_v3/toolchain/bin/../lib/gcc/arm-none-eabi/4.8.4/../../../../arm-none-eabi/lib/armv7e-m/fpu\libc_s.a
END GROUP
LOAD c:/freescale/kds_v3/toolchain/bin/../lib/gcc/arm-none-eabi/4.8.4/armv7e-m/fpu/crtend.o
LOAD c:/freescale/kds_v3/toolchain/bin/../lib/gcc/arm-none-eabi/4.8.4/armv7e-m/fpu/crtn.o
                0x00000400                HEAP_SIZE = DEFINED (__heap_size__)?__heap_size__:0x400
                0x00000400                STACK_SIZE = DEFINED (__stack_size__)?__stack_size__:0x400
                0x00000000                M_VECTOR_RAM_SIZE = DEFINED (__ram_vector_table__)?0x400:0x0

.interrupts     0x00000000      0x400
                0x00000000                __VECTOR_TABLE = .
                0x00000000                . = ALIGN (0x4)
 *(.isr_vector)
 .isr_vector    0x00000000      0x400 ./devices/gcc/startup_MK22F51212.o
                0x00000000                __isr_vector
                0x00000400                . = ALIGN (0x4)

.flash_config   0x00000400       0x10
                0x00000400                . = ALIGN (0x4)
 *(.FlashConfig)
 .FlashConfig   0x00000400       0x10 ./devices/gcc/startup_MK22F51212.o
                0x00000410                . = ALIGN (0x4)

.text           0x00000410     0x9c00
                0x00000410                . = ALIGN (0x4)
 *(.text)
 .text          0x00000410       0x54 c:/freescale/kds_v3/toolchain/bin/../lib/gcc/arm-none-eabi/4.8.4/armv7e-m/fpu/crtbegin.o
 .text          0x00000464       0x74 c:/freescale/kds_v3/toolchain/bin/../lib/gcc/arm-none-eabi/4.8.4/../../../../arm-none-eabi/lib/armv7e-m/fpu/crt0.o
                0x00000464                _start
                0x00000464                _mainCRTStartup
 .text          0x000004d8      0x17c ./devices/gcc/startup_MK22F51212.o
                0x000004d8                Reset_Handler
                0x00000538                Reserved54_IRQHandler
                0x00000538                DebugMon_Handler
                0x00000538                FTF_IRQHandler
                0x00000538                DMA0_DriverIRQHandler
                0x00000538                DMA12_DriverIRQHandler
                0x00000538                PORTC_IRQHandler
                0x00000538                SPI1_DriverIRQHandler
                0x00000538                Reserved86_IRQHandler
                0x00000538                Reserved85_IRQHandler
                0x00000538                DMA_Error_DriverIRQHandler
                0x00000538                CMP0_IRQHandler
                0x00000538                DMA7_DriverIRQHandler
                0x00000538                Reserved93_IRQHandler
                0x00000538                DMA2_DriverIRQHandler
                0x00000538                Reserved99_IRQHandler
                0x00000538                PIT0_IRQHandler
                0x00000538                LLWU_IRQHandler
                0x00000538                I2S0_Tx_DriverIRQHandler
                0x00000538                Reserved84_IRQHandler
                0x00000538                DMA6_DriverIRQHandler
                0x00000538                Reserved92_IRQHandler
                0x00000538                UART1_ERR_DriverIRQHandler
                0x00000538                SWI_IRQHandler
                0x00000538                ADC0_IRQHandler
                0x00000538                UsageFault_Handler
                0x00000538                BusFault_Handler
                0x00000538                LPTMR0_IRQHandler
                0x00000538                DefaultISR
                0x00000538                FTM2_IRQHandler
                0x00000538                PORTE_IRQHandler
                0x00000538                DMA11_DriverIRQHandler
                0x00000538                Reserved82_IRQHandler
                0x00000538                CMP1_IRQHandler
                0x00000538                Reserved71_IRQHandler
                0x00000538                PORTD_IRQHandler
                0x00000538                PORTB_IRQHandler
                0x00000538                DMA10_DriverIRQHandler
                0x00000538                UART2_ERR_DriverIRQHandler
                0x00000538                Reserved70_IRQHandler
                0x00000538                ADC1_IRQHandler
                0x00000538                DMA5_DriverIRQHandler
                0x00000538                DMA4_DriverIRQHandler
                0x00000538                PIT2_IRQHandler
                0x00000538                FTM3_IRQHandler
                0x00000538                Reserved53_IRQHandler
                0x00000538                MCM_IRQHandler
                0x00000538                RTC_IRQHandler
                0x00000538                PDB0_IRQHandler
                0x00000538                Reserved96_IRQHandler
                0x00000538                FTM1_IRQHandler
                0x00000538                Reserved61_IRQHandler
                0x00000538                Reserved95_IRQHandler
                0x00000538                DMA3_DriverIRQHandler
                0x00000538                PIT3_IRQHandler
                0x00000538                RTC_Seconds_IRQHandler
                0x00000538                MCG_IRQHandler
                0x00000538                DMA9_DriverIRQHandler
                0x00000538                DMA8_DriverIRQHandler
                0x00000538                UART0_ERR_DriverIRQHandler
                0x00000538                DAC1_IRQHandler
                0x00000538                PORTA_IRQHandler
                0x00000538                Read_Collision_IRQHandler
                0x00000538                Reserved98_IRQHandler
                0x00000538                DMA14_DriverIRQHandler
                0x00000538                FTM0_IRQHandler
                0x00000538                I2S0_Rx_DriverIRQHandler
                0x00000538                Reserved101_IRQHandler
                0x00000538                USB0_IRQHandler
                0x00000538                WDOG_EWM_IRQHandler
                0x00000538                MemManage_Handler
                0x00000538                Reserved90_IRQHandler
                0x00000538                Reserved83_IRQHandler
                0x00000538                LVD_LVW_IRQHandler
                0x00000538                DMA1_DriverIRQHandler
                0x00000538                PIT1_IRQHandler
                0x00000538                Reserved100_IRQHandler
                0x00000538                RNG_IRQHandler
                0x00000538                SPI0_DriverIRQHandler
                0x00000538                Reserved97_IRQHandler
                0x00000538                Reserved91_IRQHandler
                0x00000538                DMA15_DriverIRQHandler
                0x00000538                Reserved94_IRQHandler
                0x00000538                DAC0_IRQHandler
                0x00000538                DMA13_DriverIRQHandler
                0x00000538                Reserved81_IRQHandler
                0x0000053c                NMI_Handler
                0x00000540                HardFault_Handler
                0x00000550                DMA0_IRQHandler
                0x00000554                DMA1_IRQHandler
                0x00000558                DMA2_IRQHandler
                0x0000055c                DMA3_IRQHandler
                0x00000560                DMA4_IRQHandler
                0x00000564                DMA5_IRQHandler
                0x00000568                DMA6_IRQHandler
                0x0000056c                DMA7_IRQHandler
                0x00000570                DMA8_IRQHandler
                0x00000574                DMA9_IRQHandler
                0x00000578                DMA10_IRQHandler
                0x0000057c                DMA11_IRQHandler
                0x00000580                DMA12_IRQHandler
                0x00000584                DMA13_IRQHandler
                0x00000588                DMA14_IRQHandler
                0x0000058c                DMA15_IRQHandler
                0x00000590                DMA_Error_IRQHandler
                0x00000594                I2C0_IRQHandler
                0x00000598                I2C1_IRQHandler
                0x0000059c                SPI0_IRQHandler
                0x000005a0                SPI1_IRQHandler
                0x000005a4                I2S0_Tx_IRQHandler
                0x000005a8                I2S0_Rx_IRQHandler
                0x000005ac                LPUART0_IRQHandler
                0x000005b0                UART0_RX_TX_IRQHandler
                0x000005b4                UART0_ERR_IRQHandler
                0x000005b8                UART1_RX_TX_IRQHandler
                0x000005bc                UART1_ERR_IRQHandler
                0x000005c0                UART2_RX_TX_IRQHandler
                0x000005c4                UART2_ERR_IRQHandler
 .text          0x00000654      0x370 c:/freescale/kds_v3/toolchain/bin/../lib/gcc/arm-none-eabi/4.8.4/armv7e-m/fpu\libgcc.a(_arm_addsubdf3.o)
                0x00000654                __aeabi_drsub
                0x0000065c                __aeabi_dsub
                0x0000065c                __subdf3
                0x00000660                __aeabi_dadd
                0x00000660                __adddf3
                0x000008d8                __floatunsidf
                0x000008d8                __aeabi_ui2d
                0x000008f8                __floatsidf
                0x000008f8                __aeabi_i2d
                0x0000091c                __aeabi_f2d
                0x0000091c                __extendsfdf2
                0x00000958                __floatundidf
                0x00000958                __aeabi_ul2d
                0x00000968                __floatdidf
                0x00000968                __aeabi_l2d
 .text          0x000009c4      0x424 c:/freescale/kds_v3/toolchain/bin/../lib/gcc/arm-none-eabi/4.8.4/armv7e-m/fpu\libgcc.a(_arm_muldivdf3.o)
                0x000009c4                __aeabi_dmul
                0x000009c4                __muldf3
                0x00000c18                __divdf3
                0x00000c18                __aeabi_ddiv
 .text          0x00000de8      0x110 c:/freescale/kds_v3/toolchain/bin/../lib/gcc/arm-none-eabi/4.8.4/armv7e-m/fpu\libgcc.a(_arm_cmpdf2.o)
                0x00000de8                __gtdf2
                0x00000de8                __gedf2
                0x00000df0                __ltdf2
                0x00000df0                __ledf2
                0x00000df8                __nedf2
                0x00000df8                __eqdf2
                0x00000df8                __cmpdf2
                0x00000e74                __aeabi_cdrcmple
                0x00000e84                __aeabi_cdcmpeq
                0x00000e84                __aeabi_cdcmple
                0x00000e94                __aeabi_dcmpeq
                0x00000ea8                __aeabi_dcmplt
                0x00000ebc                __aeabi_dcmple
                0x00000ed0                __aeabi_dcmpge
                0x00000ee4                __aeabi_dcmpgt
 .text          0x00000ef8       0x50 c:/freescale/kds_v3/toolchain/bin/../lib/gcc/arm-none-eabi/4.8.4/armv7e-m/fpu\libgcc.a(_arm_fixdfsi.o)
                0x00000ef8                __aeabi_d2iz
                0x00000ef8                __fixdfsi
 .text          0x00000f48       0xa0 c:/freescale/kds_v3/toolchain/bin/../lib/gcc/arm-none-eabi/4.8.4/armv7e-m/fpu\libgcc.a(_arm_truncdfsf2.o)
                0x00000f48                __truncdfsf2
                0x00000f48                __aeabi_d2f
 .text          0x00000fe8      0x21c c:/freescale/kds_v3/toolchain/bin/../lib/gcc/arm-none-eabi/4.8.4/armv7e-m/fpu\libgcc.a(_arm_addsubsf3.o)
                0x00000fe8                __aeabi_frsub
                0x00000ff0                __subsf3
                0x00000ff0                __aeabi_fsub
                0x00000ff4                __aeabi_fadd
                0x00000ff4                __addsf3
                0x00001154                __aeabi_ui2f
                0x00001154                __floatunsisf
                0x0000115c                __aeabi_i2f
                0x0000115c                __floatsisf
                0x00001178                __aeabi_ul2f
                0x00001178                __floatundisf
                0x00001188                __aeabi_l2f
                0x00001188                __floatdisf
 .text          0x00001204       0x2c c:/freescale/kds_v3/toolchain/bin/../lib/gcc/arm-none-eabi/4.8.4/armv7e-m/fpu\libgcc.a(_aeabi_uldivmod.o)
                0x00001204                __aeabi_uldivmod
 .text          0x00001230       0x30 c:/freescale/kds_v3/toolchain/bin/../lib/gcc/arm-none-eabi/4.8.4/armv7e-m/fpu\libgcc.a(_fixdfdi.o)
                0x00001230                __fixdfdi
                0x00001230                __aeabi_d2lz
 .text          0x00001260       0x44 c:/freescale/kds_v3/toolchain/bin/../lib/gcc/arm-none-eabi/4.8.4/armv7e-m/fpu\libgcc.a(_fixunsdfdi.o)
                0x00001260                __fixunsdfdi
                0x00001260                __aeabi_d2ulz
 .text          0x000012a4       0x60 c:/freescale/kds_v3/toolchain/bin/../lib/gcc/arm-none-eabi/4.8.4/armv7e-m/fpu\libgcc.a(bpabi.o)
                0x000012a4                __gnu_ldivmod_helper
                0x000012d4                __gnu_uldivmod_helper
 .text          0x00001304        0x4 c:/freescale/kds_v3/toolchain/bin/../lib/gcc/arm-none-eabi/4.8.4/armv7e-m/fpu\libgcc.a(_dvmd_tls.o)
                0x00001304                __aeabi_idiv0
                0x00001304                __aeabi_ldiv0
 .text          0x00001308       0x40 c:/freescale/kds_v3/toolchain/bin/../lib/gcc/arm-none-eabi/4.8.4/armv7e-m/fpu\libgcc.a(_arm_fixunsdfsi.o)
                0x00001308                __aeabi_d2uiz
                0x00001308                __fixunsdfsi
 .text          0x00001348      0x298 c:/freescale/kds_v3/toolchain/bin/../lib/gcc/arm-none-eabi/4.8.4/armv7e-m/fpu\libgcc.a(_divdi3.o)
                0x00001348                __divdi3
 .text          0x000015e0      0x284 c:/freescale/kds_v3/toolchain/bin/../lib/gcc/arm-none-eabi/4.8.4/armv7e-m/fpu\libgcc.a(_udivdi3.o)
                0x000015e0                __udivdi3
 *(.text*)
 .text.UART_EnableTx
                0x00001864       0x40 ./utilities/fsl_debug_console.o
 .text.UART_EnableRx
                0x000018a4       0x40 ./utilities/fsl_debug_console.o
 .text.LPUART_EnableTx
                0x000018e4       0x38 ./utilities/fsl_debug_console.o
 .text.LPUART_EnableRx
                0x0000191c       0x38 ./utilities/fsl_debug_console.o
 .text.DbgConsole_Init
                0x00001954       0xec ./utilities/fsl_debug_console.o
                0x00001954                DbgConsole_Init
 .text.DbgConsole_Printf
                0x00001a40       0x40 ./utilities/fsl_debug_console.o
                0x00001a40                DbgConsole_Printf
 .text.DbgConsole_Putchar
                0x00001a80       0x38 ./utilities/fsl_debug_console.o
                0x00001a80                DbgConsole_Putchar
 .text.DbgConsole_PrintfPaddingCharacter
                0x00001ab8       0x40 ./utilities/fsl_debug_console.o
 .text.DbgConsole_ConvertRadixNumToString
                0x00001af8      0x118 ./utilities/fsl_debug_console.o
 .text.DbgConsole_ConvertFloatRadixNumToString
                0x00001c10      0x2b8 ./utilities/fsl_debug_console.o
 .text.DbgConsole_PrintfFormattedData
                0x00001ec8      0x3ac ./utilities/fsl_debug_console.o
 .text.set_tuning
                0x00002274       0x80 ./sources/PID_Controller.o
                0x00002274                set_tuning
 .text.PID_Compute
                0x000022f4      0x1e4 ./sources/PID_Controller.o
                0x000022f4                PID_Compute
 .text.getRH    0x000024d8       0x7c ./sources/SI7021.o
                0x000024d8                getRH
 *fill*         0x00002554        0x4 
 .text.getTemp  0x00002558       0x88 ./sources/SI7021.o
                0x00002558                getTemp
 .text.makeMeasurement
                0x000025e0      0x104 ./sources/SI7021.o
                0x000025e0                makeMeasurement
 .text.BOARD_InitDebugConsole
                0x000026e4       0x24 ./sources/board.o
                0x000026e4                BOARD_InitDebugConsole
 .text.CLOCK_SetSimSafeDivs
                0x00002708       0x20 ./sources/clock_config.o
 .text.CLOCK_SetXtal0Freq
                0x00002728       0x1c ./sources/clock_config.o
 .text.CLOCK_CONFIG_SetFllExtRefDiv
                0x00002744       0x38 ./sources/clock_config.o
 .text.BOARD_BootClockRUN
                0x0000277c       0x60 ./sources/clock_config.o
                0x0000277c                BOARD_BootClockRUN
 .text.NVIC_SetPriority
                0x000027dc       0x54 ./sources/freertos_i2c.o
 .text.FTM_StartTimer
                0x00002830       0x38 ./sources/freertos_i2c.o
 .text.FTM_SetSoftwareTrigger
                0x00002868       0x38 ./sources/freertos_i2c.o
 .text.main     0x000028a0       0x7c ./sources/freertos_i2c.o
                0x000028a0                main
 .text.init_I2C
                0x0000291c       0x68 ./sources/freertos_i2c.o
                0x0000291c                init_I2C
 .text.read_hum
                0x00002984       0x50 ./sources/freertos_i2c.o
                0x00002984                read_hum
 .text.read_temp
                0x000029d4       0x30 ./sources/freertos_i2c.o
                0x000029d4                read_temp
 .text.SI_7021  0x00002a04       0x28 ./sources/freertos_i2c.o
 .text.init_PWM
                0x00002a2c       0x7c ./sources/freertos_i2c.o
                0x00002a2c                init_PWM
 .text.Motor_PWM
                0x00002aa8       0xd4 ./sources/freertos_i2c.o
 .text.CLOCK_EnableClock
                0x00002b7c       0x34 ./sources/pin_mux.o
 .text.PORT_SetPinConfig
                0x00002bb0       0x44 ./sources/pin_mux.o
 .text.PORT_SetPinMux
                0x00002bf4       0x38 ./sources/pin_mux.o
 .text.BOARD_InitPins
                0x00002c2c      0x12c ./sources/pin_mux.o
                0x00002c2c                BOARD_InitPins
 .text.pvPortMalloc
                0x00002d58      0x184 ./freertos/Source/portable/MemMang/heap_4.o
                0x00002d58                pvPortMalloc
 .text.vPortFree
                0x00002edc       0xb0 ./freertos/Source/portable/MemMang/heap_4.o
                0x00002edc                vPortFree
 .text.prvHeapInit
                0x00002f8c       0xc4 ./freertos/Source/portable/MemMang/heap_4.o
 .text.prvInsertBlockIntoFreeList
                0x00003050       0xb0 ./freertos/Source/portable/MemMang/heap_4.o
 .text.vPortSetupTimerInterrupt
                0x00003100       0x40 ./freertos/Source/portable/GCC/ARM_CM4F/fsl_tickless_systick.o
                0x00003100                vPortSetupTimerInterrupt
 .text.pxPortInitialiseStack
                0x00003140       0x68 ./freertos/Source/portable/GCC/ARM_CM4F/port.o
                0x00003140                pxPortInitialiseStack
 .text.prvTaskExitError
                0x000031a8       0x3c ./freertos/Source/portable/GCC/ARM_CM4F/port.o
 *fill*         0x000031e4        0xc 
 .text.SVC_Handler
                0x000031f0       0x30 ./freertos/Source/portable/GCC/ARM_CM4F/port.o
                0x000031f0                SVC_Handler
 .text.prvPortStartFirstTask
                0x00003220       0x20 ./freertos/Source/portable/GCC/ARM_CM4F/port.o
 .text.xPortStartScheduler
                0x00003240      0x118 ./freertos/Source/portable/GCC/ARM_CM4F/port.o
                0x00003240                xPortStartScheduler
 .text.vPortEnterCritical
                0x00003358       0x5c ./freertos/Source/portable/GCC/ARM_CM4F/port.o
                0x00003358                vPortEnterCritical
 .text.vPortExitCritical
                0x000033b4       0x4c ./freertos/Source/portable/GCC/ARM_CM4F/port.o
                0x000033b4                vPortExitCritical
 .text.PendSV_Handler
                0x00003400       0x70 ./freertos/Source/portable/GCC/ARM_CM4F/port.o
                0x00003400                PendSV_Handler
 .text.SysTick_Handler
                0x00003470       0x40 ./freertos/Source/portable/GCC/ARM_CM4F/port.o
                0x00003470                SysTick_Handler
 .text.vPortEnableVFP
                0x000034b0       0x14 ./freertos/Source/portable/GCC/ARM_CM4F/port.o
 .text.vPortValidateInterruptPriority
                0x000034c4       0x78 ./freertos/Source/portable/GCC/ARM_CM4F/port.o
                0x000034c4                vPortValidateInterruptPriority
 .text.vListInitialise
                0x0000353c       0x40 ./freertos/Source/list.o
                0x0000353c                vListInitialise
 .text.vListInitialiseItem
                0x0000357c       0x18 ./freertos/Source/list.o
                0x0000357c                vListInitialiseItem
 .text.vListInsertEnd
                0x00003594       0x48 ./freertos/Source/list.o
                0x00003594                vListInsertEnd
 .text.vListInsert
                0x000035dc       0x70 ./freertos/Source/list.o
                0x000035dc                vListInsert
 .text.uxListRemove
                0x0000364c       0x54 ./freertos/Source/list.o
                0x0000364c                uxListRemove
 .text.xQueueGenericReset
                0x000036a0       0xd0 ./freertos/Source/queue.o
                0x000036a0                xQueueGenericReset
 .text.xQueueGenericCreate
                0x00003770       0x70 ./freertos/Source/queue.o
                0x00003770                xQueueGenericCreate
 .text.prvInitialiseNewQueue
                0x000037e0       0x44 ./freertos/Source/queue.o
 .text.prvInitialiseMutex
                0x00003824       0x34 ./freertos/Source/queue.o
 .text.xQueueCreateMutex
                0x00003858       0x30 ./freertos/Source/queue.o
                0x00003858                xQueueCreateMutex
 .text.xQueueGenericSend
                0x00003888      0x1fc ./freertos/Source/queue.o
                0x00003888                xQueueGenericSend
 .text.xQueueGenericSendFromISR
                0x00003a84      0x128 ./freertos/Source/queue.o
                0x00003a84                xQueueGenericSendFromISR
 .text.xQueueGiveFromISR
                0x00003bac      0x114 ./freertos/Source/queue.o
                0x00003bac                xQueueGiveFromISR
 .text.xQueueGenericReceive
                0x00003cc0      0x22c ./freertos/Source/queue.o
                0x00003cc0                xQueueGenericReceive
 .text.vQueueDelete
                0x00003eec       0x38 ./freertos/Source/queue.o
                0x00003eec                vQueueDelete
 .text.prvCopyDataToQueue
                0x00003f24       0xd8 ./freertos/Source/queue.o
 .text.prvCopyDataFromQueue
                0x00003ffc       0x4c ./freertos/Source/queue.o
 .text.prvUnlockQueue
                0x00004048       0xa0 ./freertos/Source/queue.o
 .text.prvIsQueueEmpty
                0x000040e8       0x2c ./freertos/Source/queue.o
 .text.prvIsQueueFull
                0x00004114       0x30 ./freertos/Source/queue.o
 .text.vQueueAddToRegistry
                0x00004144       0x50 ./freertos/Source/queue.o
                0x00004144                vQueueAddToRegistry
 .text.vQueueUnregisterQueue
                0x00004194       0x50 ./freertos/Source/queue.o
                0x00004194                vQueueUnregisterQueue
 .text.vQueueWaitForMessageRestricted
                0x000041e4       0x6c ./freertos/Source/queue.o
                0x000041e4                vQueueWaitForMessageRestricted
 .text.xTaskCreate
                0x00004250       0x84 ./freertos/Source/tasks.o
                0x00004250                xTaskCreate
 .text.prvInitialiseNewTask
                0x000042d4      0x130 ./freertos/Source/tasks.o
 .text.prvAddNewTaskToReadyList
                0x00004404       0xdc ./freertos/Source/tasks.o
 .text.vTaskDelay
                0x000044e0       0x64 ./freertos/Source/tasks.o
                0x000044e0                vTaskDelay
 .text.vTaskStartScheduler
                0x00004544       0x94 ./freertos/Source/tasks.o
                0x00004544                vTaskStartScheduler
 .text.vTaskSuspendAll
                0x000045d8       0x1c ./freertos/Source/tasks.o
                0x000045d8                vTaskSuspendAll
 .text.xTaskResumeAll
                0x000045f4      0x138 ./freertos/Source/tasks.o
                0x000045f4                xTaskResumeAll
 .text.xTaskGetTickCount
                0x0000472c       0x20 ./freertos/Source/tasks.o
                0x0000472c                xTaskGetTickCount
 .text.xTaskIncrementTick
                0x0000474c      0x15c ./freertos/Source/tasks.o
                0x0000474c                xTaskIncrementTick
 .text.vTaskSwitchContext
                0x000048a8       0xb4 ./freertos/Source/tasks.o
                0x000048a8                vTaskSwitchContext
 .text.vTaskPlaceOnEventList
                0x0000495c       0x44 ./freertos/Source/tasks.o
                0x0000495c                vTaskPlaceOnEventList
 .text.vTaskPlaceOnEventListRestricted
                0x000049a0       0x54 ./freertos/Source/tasks.o
                0x000049a0                vTaskPlaceOnEventListRestricted
 .text.xTaskRemoveFromEventList
                0x000049f4       0xc4 ./freertos/Source/tasks.o
                0x000049f4                xTaskRemoveFromEventList
 .text.vTaskSetTimeOutState
                0x00004ab8       0x44 ./freertos/Source/tasks.o
                0x00004ab8                vTaskSetTimeOutState
 .text.xTaskCheckForTimeOut
                0x00004afc       0xbc ./freertos/Source/tasks.o
                0x00004afc                xTaskCheckForTimeOut
 .text.vTaskMissedYield
                0x00004bb8       0x18 ./freertos/Source/tasks.o
                0x00004bb8                vTaskMissedYield
 .text.prvIdleTask
                0x00004bd0       0x30 ./freertos/Source/tasks.o
 .text.prvInitialiseTaskLists
                0x00004c00       0x7c ./freertos/Source/tasks.o
 .text.prvCheckTasksWaitingTermination
                0x00004c7c       0x74 ./freertos/Source/tasks.o
 .text.prvDeleteTCB
                0x00004cf0       0x20 ./freertos/Source/tasks.o
 .text.prvResetNextTaskUnblockTime
                0x00004d10       0x48 ./freertos/Source/tasks.o
 .text.xTaskGetSchedulerState
                0x00004d58       0x3c ./freertos/Source/tasks.o
                0x00004d58                xTaskGetSchedulerState
 .text.vTaskPriorityInherit
                0x00004d94       0xec ./freertos/Source/tasks.o
                0x00004d94                vTaskPriorityInherit
 .text.xTaskPriorityDisinherit
                0x00004e80      0x108 ./freertos/Source/tasks.o
                0x00004e80                xTaskPriorityDisinherit
 .text.pvTaskIncrementMutexHeldCount
                0x00004f88       0x28 ./freertos/Source/tasks.o
                0x00004f88                pvTaskIncrementMutexHeldCount
 .text.prvAddCurrentTaskToDelayedList
                0x00004fb0       0xc8 ./freertos/Source/tasks.o
 .text.xTimerCreateTimerTask
                0x00005078       0x60 ./freertos/Source/timers.o
                0x00005078                xTimerCreateTimerTask
 .text.xTimerGenericCommand
                0x000050d8       0xa4 ./freertos/Source/timers.o
                0x000050d8                xTimerGenericCommand
 .text.prvProcessExpiredTimer
                0x0000517c       0x80 ./freertos/Source/timers.o
 .text.prvTimerTask
                0x000051fc       0x24 ./freertos/Source/timers.o
 .text.prvProcessTimerOrBlockTask
                0x00005220       0x9c ./freertos/Source/timers.o
 .text.prvGetNextExpireTime
                0x000052bc       0x48 ./freertos/Source/timers.o
 .text.prvSampleTimeNow
                0x00005304       0x40 ./freertos/Source/timers.o
 .text.prvInsertTimerInActiveList
                0x00005344       0x84 ./freertos/Source/timers.o
 .text.prvProcessReceivedCommands
                0x000053c8      0x164 ./freertos/Source/timers.o
 .text.prvSwitchTimerLists
                0x0000552c       0xc0 ./freertos/Source/timers.o
 .text.prvCheckForValidListAndQueue
                0x000055ec       0x6c ./freertos/Source/timers.o
 .text.CLOCK_SetEr32kClock
                0x00005658       0x2c ./drivers/fsl_clock.o
 .text.CLOCK_SetPllFllSelClock
                0x00005684       0x38 ./drivers/fsl_clock.o
 .text.OSC_SetExtRefClkConfig
                0x000056bc       0x40 ./drivers/fsl_clock.o
 .text.OSC_SetCapLoad
                0x000056fc       0x34 ./drivers/fsl_clock.o
 .text.CLOCK_GetMcgExtClkFreq
                0x00005730       0x8c ./drivers/fsl_clock.o
 .text.CLOCK_GetFllExtRefClkFreq
                0x000057bc       0xc8 ./drivers/fsl_clock.o
 .text.CLOCK_GetInternalRefClkSelectFreq
                0x00005884       0x44 ./drivers/fsl_clock.o
 .text.CLOCK_GetFllRefClkFreq
                0x000058c8       0x2c ./drivers/fsl_clock.o
 .text.CLOCK_GetPll0RefFreq
                0x000058f4       0x10 ./drivers/fsl_clock.o
 .text.CLOCK_GetOscRangeFromFreq
                0x00005904       0x3c ./drivers/fsl_clock.o
 .text.CLOCK_GetOsc0ErClkUndivFreq
                0x00005940       0x48 ./drivers/fsl_clock.o
                0x00005940                CLOCK_GetOsc0ErClkUndivFreq
 .text.CLOCK_GetOsc0ErClkDivFreq
                0x00005988       0x58 ./drivers/fsl_clock.o
                0x00005988                CLOCK_GetOsc0ErClkDivFreq
 .text.CLOCK_GetEr32kClkFreq
                0x000059e0       0x80 ./drivers/fsl_clock.o
                0x000059e0                CLOCK_GetEr32kClkFreq
 .text.CLOCK_GetPllFllSelClkFreq
                0x00005a60       0x54 ./drivers/fsl_clock.o
                0x00005a60                CLOCK_GetPllFllSelClkFreq
 .text.CLOCK_GetCoreSysClkFreq
                0x00005ab4       0x24 ./drivers/fsl_clock.o
                0x00005ab4                CLOCK_GetCoreSysClkFreq
 .text.CLOCK_GetFreq
                0x00005ad8      0x14c ./drivers/fsl_clock.o
                0x00005ad8                CLOCK_GetFreq
 .text.CLOCK_SetSimConfig
                0x00005c24       0x34 ./drivers/fsl_clock.o
                0x00005c24                CLOCK_SetSimConfig
 .text.CLOCK_GetOutClkFreq
                0x00005c58       0x64 ./drivers/fsl_clock.o
                0x00005c58                CLOCK_GetOutClkFreq
 .text.CLOCK_GetFllFreq
                0x00005cbc       0x74 ./drivers/fsl_clock.o
                0x00005cbc                CLOCK_GetFllFreq
 .text.CLOCK_GetInternalRefClkFreq
                0x00005d30       0x24 ./drivers/fsl_clock.o
                0x00005d30                CLOCK_GetInternalRefClkFreq
 .text.CLOCK_GetFixedFreqClkFreq
                0x00005d54       0x30 ./drivers/fsl_clock.o
                0x00005d54                CLOCK_GetFixedFreqClkFreq
 .text.CLOCK_GetPll0Freq
                0x00005d84       0x78 ./drivers/fsl_clock.o
                0x00005d84                CLOCK_GetPll0Freq
 .text.CLOCK_SetExternalRefClkConfig
                0x00005dfc       0x6c ./drivers/fsl_clock.o
                0x00005dfc                CLOCK_SetExternalRefClkConfig
 .text.CLOCK_SetInternalRefClkConfig
                0x00005e68      0x104 ./drivers/fsl_clock.o
                0x00005e68                CLOCK_SetInternalRefClkConfig
 .text.CLOCK_EnablePll0
                0x00005f6c       0x94 ./drivers/fsl_clock.o
                0x00005f6c                CLOCK_EnablePll0
 .text.CLOCK_InitOsc0
                0x00006000       0x8c ./drivers/fsl_clock.o
                0x00006000                CLOCK_InitOsc0
 .text.CLOCK_SetPbeMode
                0x0000608c       0xb8 ./drivers/fsl_clock.o
                0x0000608c                CLOCK_SetPbeMode
 .text.CLOCK_BootToPeeMode
                0x00006144       0x74 ./drivers/fsl_clock.o
                0x00006144                CLOCK_BootToPeeMode
 .text.__assert_func
                0x000061b8       0x28 ./drivers/fsl_common.o
                0x000061b8                __assert_func
 .text.CLOCK_EnableClock
                0x000061e0       0x34 ./drivers/fsl_ftm.o
 .text.FTM_GetInstance
                0x00006214       0x60 ./drivers/fsl_ftm.o
 .text.FTM_SetPwmSync
                0x00006274      0x118 ./drivers/fsl_ftm.o
 .text.FTM_SetReloadPoints
                0x0000638c      0x170 ./drivers/fsl_ftm.o
 .text.FTM_Init
                0x000064fc      0x100 ./drivers/fsl_ftm.o
                0x000064fc                FTM_Init
 .text.FTM_GetDefaultConfig
                0x000065fc       0x78 ./drivers/fsl_ftm.o
                0x000065fc                FTM_GetDefaultConfig
 .text.FTM_SetupPwm
                0x00006674      0x30c ./drivers/fsl_ftm.o
                0x00006674                FTM_SetupPwm
 .text.FTM_UpdatePwmDutycycle
                0x00006980       0xfc ./drivers/fsl_ftm.o
                0x00006980                FTM_UpdatePwmDutycycle
 .text.NVIC_EnableIRQ
                0x00006a7c       0x30 ./drivers/fsl_i2c.o
 .text.CLOCK_EnableClock
                0x00006aac       0x34 ./drivers/fsl_i2c.o
 .text.EnableIRQ
                0x00006ae0       0x28 ./drivers/fsl_i2c.o
 .text.I2C_MasterClearStatusFlags
                0x00006b08       0x58 ./drivers/fsl_i2c.o
 .text.I2C_GetInstance
                0x00006b60       0x58 ./drivers/fsl_i2c.o
                0x00006b60                I2C_GetInstance
 .text.I2C_InitTransferStateMachine
                0x00006bb8       0x94 ./drivers/fsl_i2c.o
 .text.I2C_CheckAndClearError
                0x00006c4c       0x44 ./drivers/fsl_i2c.o
 .text.I2C_MasterTransferRunStateMachine
                0x00006c90      0x24c ./drivers/fsl_i2c.o
 .text.I2C_TransferCommonIRQHandler
                0x00006edc       0x50 ./drivers/fsl_i2c.o
 .text.I2C_MasterInit
                0x00006f2c       0xe8 ./drivers/fsl_i2c.o
                0x00006f2c                I2C_MasterInit
 .text.I2C_MasterGetDefaultConfig
                0x00007014       0x4c ./drivers/fsl_i2c.o
                0x00007014                I2C_MasterGetDefaultConfig
 .text.I2C_EnableInterrupts
                0x00007060       0x54 ./drivers/fsl_i2c.o
                0x00007060                I2C_EnableInterrupts
 .text.I2C_DisableInterrupts
                0x000070b4       0x48 ./drivers/fsl_i2c.o
                0x000070b4                I2C_DisableInterrupts
 .text.I2C_MasterSetBaudRate
                0x000070fc       0xd8 ./drivers/fsl_i2c.o
                0x000070fc                I2C_MasterSetBaudRate
 .text.I2C_MasterStart
                0x000071d4       0x64 ./drivers/fsl_i2c.o
                0x000071d4                I2C_MasterStart
 .text.I2C_MasterRepeatedStart
                0x00007238       0x9c ./drivers/fsl_i2c.o
                0x00007238                I2C_MasterRepeatedStart
 .text.I2C_MasterStop
                0x000072d4       0x58 ./drivers/fsl_i2c.o
                0x000072d4                I2C_MasterStop
 .text.I2C_MasterGetStatusFlags
                0x0000732c       0x4c ./drivers/fsl_i2c.o
                0x0000732c                I2C_MasterGetStatusFlags
 .text.I2C_MasterTransferCreateHandle
                0x00007378       0x84 ./drivers/fsl_i2c.o
                0x00007378                I2C_MasterTransferCreateHandle
 .text.I2C_MasterTransferNonBlocking
                0x000073fc       0x7c ./drivers/fsl_i2c.o
                0x000073fc                I2C_MasterTransferNonBlocking
 .text.I2C_MasterTransferHandleIRQ
                0x00007478       0xc0 ./drivers/fsl_i2c.o
                0x00007478                I2C_MasterTransferHandleIRQ
 .text.I2C0_DriverIRQHandler
                0x00007538       0x1c ./drivers/fsl_i2c.o
                0x00007538                I2C0_DriverIRQHandler
 .text.I2C1_DriverIRQHandler
                0x00007554       0x1c ./drivers/fsl_i2c.o
                0x00007554                I2C1_DriverIRQHandler
 .text.I2C_RTOS_Callback
                0x00007570       0x48 ./drivers/fsl_i2c_freertos.o
 .text.I2C_RTOS_Init
                0x000075b8       0x9c ./drivers/fsl_i2c_freertos.o
                0x000075b8                I2C_RTOS_Init
 .text.I2C_RTOS_Transfer
                0x00007654       0x84 ./drivers/fsl_i2c_freertos.o
                0x00007654                I2C_RTOS_Transfer
 .text.CLOCK_EnableClock
                0x000076d8       0x34 ./drivers/fsl_lpuart.o
 .text.LPUART_GetInstance
                0x0000770c       0x50 ./drivers/fsl_lpuart.o
                0x0000770c                LPUART_GetInstance
 .text.LPUART_Init
                0x0000775c      0x23c ./drivers/fsl_lpuart.o
                0x0000775c                LPUART_Init
 .text.LPUART_GetDefaultConfig
                0x00007998       0x5c ./drivers/fsl_lpuart.o
                0x00007998                LPUART_GetDefaultConfig
 .text.LPUART_GetStatusFlags
                0x000079f4       0x1c ./drivers/fsl_lpuart.o
                0x000079f4                LPUART_GetStatusFlags
 .text.LPUART_ClearStatusFlags
                0x00007a10       0x80 ./drivers/fsl_lpuart.o
                0x00007a10                LPUART_ClearStatusFlags
 .text.LPUART_WriteBlocking
                0x00007a90       0x5c ./drivers/fsl_lpuart.o
                0x00007a90                LPUART_WriteBlocking
 .text.LPUART_ReadBlocking
                0x00007aec       0xd0 ./drivers/fsl_lpuart.o
                0x00007aec                LPUART_ReadBlocking
 .text.LPUART0_DriverIRQHandler
                0x00007bbc       0x20 ./drivers/fsl_lpuart.o
                0x00007bbc                LPUART0_DriverIRQHandler
 .text.CLOCK_EnableClock
                0x00007bdc       0x34 ./drivers/fsl_uart.o
 .text.UART_GetInstance
                0x00007c10       0x60 ./drivers/fsl_uart.o
                0x00007c10                UART_GetInstance
 .text.UART_Init
                0x00007c70      0x260 ./drivers/fsl_uart.o
                0x00007c70                UART_Init
 .text.UART_GetDefaultConfig
                0x00007ed0       0x54 ./drivers/fsl_uart.o
                0x00007ed0                UART_GetDefaultConfig
 .text.UART_GetStatusFlags
                0x00007f24       0x48 ./drivers/fsl_uart.o
                0x00007f24                UART_GetStatusFlags
 .text.UART_WriteBlocking
                0x00007f6c       0x40 ./drivers/fsl_uart.o
                0x00007f6c                UART_WriteBlocking
 .text.UART_ReadBlocking
                0x00007fac       0xa4 ./drivers/fsl_uart.o
                0x00007fac                UART_ReadBlocking
 .text.UART0_DriverIRQHandler
                0x00008050       0x20 ./drivers/fsl_uart.o
                0x00008050                UART0_DriverIRQHandler
 .text.UART0_RX_TX_DriverIRQHandler
                0x00008070        0xc ./drivers/fsl_uart.o
                0x00008070                UART0_RX_TX_DriverIRQHandler
 .text.UART1_DriverIRQHandler
                0x0000807c       0x20 ./drivers/fsl_uart.o
                0x0000807c                UART1_DriverIRQHandler
 .text.UART1_RX_TX_DriverIRQHandler
                0x0000809c        0xc ./drivers/fsl_uart.o
                0x0000809c                UART1_RX_TX_DriverIRQHandler
 .text.UART2_DriverIRQHandler
                0x000080a8       0x20 ./drivers/fsl_uart.o
                0x000080a8                UART2_DriverIRQHandler
 .text.UART2_RX_TX_DriverIRQHandler
                0x000080c8        0xc ./drivers/fsl_uart.o
                0x000080c8                UART2_RX_TX_DriverIRQHandler
 .text.SystemInit
                0x000080d4       0x3c ./devices/system_MK22F51212.o
                0x000080d4                SystemInit
 .text.__errno  0x00008110        0xc c:/freescale/kds_v3/toolchain/bin/../lib/gcc/arm-none-eabi/4.8.4/../../../../arm-none-eabi/lib/armv7e-m/fpu\libg_s.a(lib_a-errno.o)
                0x00008110                __errno
 .text.exit     0x0000811c       0x28 c:/freescale/kds_v3/toolchain/bin/../lib/gcc/arm-none-eabi/4.8.4/../../../../arm-none-eabi/lib/armv7e-m/fpu\libg_s.a(lib_a-exit.o)
                0x0000811c                exit
 .text.__libc_init_array
                0x00008144       0x4c c:/freescale/kds_v3/toolchain/bin/../lib/gcc/arm-none-eabi/4.8.4/../../../../arm-none-eabi/lib/armv7e-m/fpu\libg_s.a(lib_a-init.o)
                0x00008144                __libc_init_array
 .text.memcpy   0x00008190       0x12 c:/freescale/kds_v3/toolchain/bin/../lib/gcc/arm-none-eabi/4.8.4/../../../../arm-none-eabi/lib/armv7e-m/fpu\libg_s.a(lib_a-memcpy-stub.o)
                0x00008190                memcpy
 .text.memset   0x000081a2       0x10 c:/freescale/kds_v3/toolchain/bin/../lib/gcc/arm-none-eabi/4.8.4/../../../../arm-none-eabi/lib/armv7e-m/fpu\libg_s.a(lib_a-memset.o)
                0x000081a2                memset
 *fill*         0x000081b2        0x2 
 .text.modf     0x000081b4       0x88 c:/freescale/kds_v3/toolchain/bin/../lib/gcc/arm-none-eabi/4.8.4/../../../../arm-none-eabi/lib/armv7e-m/fpu\libg_s.a(lib_a-s_modf.o)
                0x000081b4                modf
 .text.strlen   0x0000823c       0x10 c:/freescale/kds_v3/toolchain/bin/../lib/gcc/arm-none-eabi/4.8.4/../../../../arm-none-eabi/lib/armv7e-m/fpu\libg_s.a(lib_a-strlen.o)
                0x0000823c                strlen
 .text._exit    0x0000824c        0x4 c:/freescale/kds_v3/toolchain/bin/../lib/gcc/arm-none-eabi/4.8.4/../../../../arm-none-eabi/lib/armv7e-m/fpu\libnosys.a(_exit.o)
                0x0000824c                _exit
 .text.pow      0x00008250      0x340 c:/freescale/kds_v3/toolchain/bin/../lib/gcc/arm-none-eabi/4.8.4/../../../../arm-none-eabi/lib/armv7e-m/fpu\libm.a(lib_a-w_pow.o)
                0x00008250                pow
 .text.__ieee754_pow
                0x00008590      0xae8 c:/freescale/kds_v3/toolchain/bin/../lib/gcc/arm-none-eabi/4.8.4/../../../../arm-none-eabi/lib/armv7e-m/fpu\libm.a(lib_a-e_pow.o)
                0x00008590                __ieee754_pow
 .text.__ieee754_sqrt
                0x00009078      0x198 c:/freescale/kds_v3/toolchain/bin/../lib/gcc/arm-none-eabi/4.8.4/../../../../arm-none-eabi/lib/armv7e-m/fpu\libm.a(lib_a-e_sqrt.o)
                0x00009078                __ieee754_sqrt
 .text.fabs     0x00009210       0x14 c:/freescale/kds_v3/toolchain/bin/../lib/gcc/arm-none-eabi/4.8.4/../../../../arm-none-eabi/lib/armv7e-m/fpu\libm.a(lib_a-s_fabs.o)
                0x00009210                fabs
 .text.finite   0x00009224       0x10 c:/freescale/kds_v3/toolchain/bin/../lib/gcc/arm-none-eabi/4.8.4/../../../../arm-none-eabi/lib/armv7e-m/fpu\libm.a(lib_a-s_finite.o)
                0x00009224                finite
 .text.__fpclassifyd
                0x00009234       0x54 c:/freescale/kds_v3/toolchain/bin/../lib/gcc/arm-none-eabi/4.8.4/../../../../arm-none-eabi/lib/armv7e-m/fpu\libm.a(lib_a-s_fpclassify.o)
                0x00009234                __fpclassifyd
 .text.matherr  0x00009288        0x4 c:/freescale/kds_v3/toolchain/bin/../lib/gcc/arm-none-eabi/4.8.4/../../../../arm-none-eabi/lib/armv7e-m/fpu\libm.a(lib_a-s_matherr.o)
                0x00009288                matherr
 *fill*         0x0000928c        0x4 
 .text.nan      0x00009290       0x10 c:/freescale/kds_v3/toolchain/bin/../lib/gcc/arm-none-eabi/4.8.4/../../../../arm-none-eabi/lib/armv7e-m/fpu\libm.a(lib_a-s_nan.o)
                0x00009290                nan
 .text.rint     0x000092a0      0x120 c:/freescale/kds_v3/toolchain/bin/../lib/gcc/arm-none-eabi/4.8.4/../../../../arm-none-eabi/lib/armv7e-m/fpu\libm.a(lib_a-s_rint.o)
                0x000092a0                rint
 .text.scalbn   0x000093c0      0x120 c:/freescale/kds_v3/toolchain/bin/../lib/gcc/arm-none-eabi/4.8.4/../../../../arm-none-eabi/lib/armv7e-m/fpu\libm.a(lib_a-s_scalbn.o)
                0x000093c0                scalbn
 .text.copysign
                0x000094e0       0x24 c:/freescale/kds_v3/toolchain/bin/../lib/gcc/arm-none-eabi/4.8.4/../../../../arm-none-eabi/lib/armv7e-m/fpu\libm.a(lib_a-s_copysign.o)
                0x000094e0                copysign
 *(.rodata)
 .rodata        0x00009504       0x84 ./sources/PID_Controller.o
 .rodata        0x00009588       0xf4 ./sources/SI7021.o
 .rodata        0x0000967c      0x174 ./sources/freertos_i2c.o
 .rodata        0x000097f0       0x20 ./sources/pin_mux.o
 .rodata        0x00009810       0x18 ./freertos/Source/tasks.o
                0x00009818                FreeRTOSDebugConfig
 .rodata        0x00009828       0x10 ./freertos/Source/timers.o
 .rodata        0x00009838       0x48 ./drivers/fsl_clock.o
 .rodata        0x00009880       0x40 ./drivers/fsl_common.o
 .rodata        0x000098c0       0xe4 ./drivers/fsl_ftm.o
 .rodata        0x000099a4       0xc8 ./drivers/fsl_i2c.o
 .rodata        0x00009a6c       0xb8 ./drivers/fsl_lpuart.o
 .rodata        0x00009b24      0x12c ./drivers/fsl_uart.o
 *(.rodata*)
 .rodata.mcgConfig_BOARD_BootClockRUN
                0x00009c50        0xc ./sources/clock_config.o
                0x00009c50                mcgConfig_BOARD_BootClockRUN
 .rodata.simConfig_BOARD_BootClockRUN
                0x00009c5c        0x8 ./sources/clock_config.o
                0x00009c5c                simConfig_BOARD_BootClockRUN
 .rodata.oscConfig_BOARD_BootClockRUN
                0x00009c64        0x8 ./sources/clock_config.o
                0x00009c64                oscConfig_BOARD_BootClockRUN
 .rodata.__func__.6107
                0x00009c6c       0x14 ./sources/pin_mux.o
 .rodata.__func__.6069
                0x00009c80       0x18 ./drivers/fsl_clock.o
 .rodata.__func__.6107
                0x00009c98       0x1c ./drivers/fsl_clock.o
 .rodata.__func__.6111
                0x00009cb4       0x1c ./drivers/fsl_clock.o
 .rodata.__func__.6119
                0x00009cd0       0x18 ./drivers/fsl_clock.o
 .rodata.fllFactorTable.6198
                0x00009ce8       0x10 ./drivers/fsl_clock.o
 .rodata.__func__.6213
                0x00009cf8       0x14 ./drivers/fsl_clock.o
 .rodata.__func__.6258
                0x00009d0c       0x14 ./drivers/fsl_clock.o
 .rodata.__func__.6400
                0x00009d20       0x14 ./drivers/fsl_clock.o
 .rodata.__func__.6467
                0x00009d34       0x14 ./drivers/fsl_clock.o
 .rodata.s_ftmBases
                0x00009d48       0x10 ./drivers/fsl_ftm.o
 .rodata.s_ftmClocks
                0x00009d58       0x10 ./drivers/fsl_ftm.o
 .rodata.__func__.6364
                0x00009d68       0x10 ./drivers/fsl_ftm.o
 .rodata.__func__.6388
                0x00009d78        0xc ./drivers/fsl_ftm.o
 .rodata.__func__.6396
                0x00009d84       0x18 ./drivers/fsl_ftm.o
 .rodata.__func__.6405
                0x00009d9c       0x10 ./drivers/fsl_ftm.o
 .rodata.s_i2cDividerTable
                0x00009dac       0x80 ./drivers/fsl_i2c.o
 .rodata.s_i2cBases
                0x00009e2c        0x8 ./drivers/fsl_i2c.o
 .rodata.s_i2cIrqs
                0x00009e34        0x4 ./drivers/fsl_i2c.o
 .rodata.s_i2cClocks
                0x00009e38        0x8 ./drivers/fsl_i2c.o
 .rodata.__func__.6298
                0x00009e40       0x10 ./drivers/fsl_i2c.o
 .rodata.__func__.6354
                0x00009e50       0x10 ./drivers/fsl_i2c.o
 .rodata.__func__.6362
                0x00009e60       0x1c ./drivers/fsl_i2c.o
 .rodata.__func__.6483
                0x00009e7c       0x20 ./drivers/fsl_i2c.o
 .rodata.__func__.6490
                0x00009e9c       0x20 ./drivers/fsl_i2c.o
 .rodata.__func__.6514
                0x00009ebc       0x1c ./drivers/fsl_i2c.o
 .rodata.__func__.6258
                0x00009ed8       0x14 ./drivers/fsl_lpuart.o
 .rodata.__func__.6296
                0x00009eec        0xc ./drivers/fsl_lpuart.o
 .rodata.__func__.6320
                0x00009ef8       0x18 ./drivers/fsl_lpuart.o
 .rodata.__func__.6366
                0x00009f10       0x18 ./drivers/fsl_lpuart.o
 .rodata.__func__.6378
                0x00009f28       0x14 ./drivers/fsl_lpuart.o
 .rodata.s_uartBases
                0x00009f3c        0xc ./drivers/fsl_uart.o
 .rodata.s_uartClock
                0x00009f48        0xc ./drivers/fsl_uart.o
 .rodata.__func__.6262
                0x00009f54       0x14 ./drivers/fsl_uart.o
 .rodata.__func__.6278
                0x00009f68        0xc ./drivers/fsl_uart.o
 .rodata.__func__.6296
                0x00009f74       0x18 ./drivers/fsl_uart.o
 .rodata.__func__.6356
                0x00009f8c       0x14 ./drivers/fsl_uart.o
 .rodata.str1.1
                0x00009fa0        0x2 c:/freescale/kds_v3/toolchain/bin/../lib/gcc/arm-none-eabi/4.8.4/../../../../arm-none-eabi/lib/armv7e-m/fpu\libg_s.a(lib_a-impure.o)
 *fill*         0x00009fa2        0x2 
 .rodata._global_impure_ptr
                0x00009fa4        0x4 c:/freescale/kds_v3/toolchain/bin/../lib/gcc/arm-none-eabi/4.8.4/../../../../arm-none-eabi/lib/armv7e-m/fpu\libg_s.a(lib_a-impure.o)
                0x00009fa4                _global_impure_ptr
 .rodata.str1.4
                0x00009fa8        0x4 c:/freescale/kds_v3/toolchain/bin/../lib/gcc/arm-none-eabi/4.8.4/../../../../arm-none-eabi/lib/armv7e-m/fpu\libm.a(lib_a-w_pow.o)
 *fill*         0x00009fac        0x4 
 .rodata.dp_h   0x00009fb0       0x10 c:/freescale/kds_v3/toolchain/bin/../lib/gcc/arm-none-eabi/4.8.4/../../../../arm-none-eabi/lib/armv7e-m/fpu\libm.a(lib_a-e_pow.o)
 .rodata.dp_l   0x00009fc0       0x10 c:/freescale/kds_v3/toolchain/bin/../lib/gcc/arm-none-eabi/4.8.4/../../../../arm-none-eabi/lib/armv7e-m/fpu\libm.a(lib_a-e_pow.o)
 .rodata.bp     0x00009fd0       0x10 c:/freescale/kds_v3/toolchain/bin/../lib/gcc/arm-none-eabi/4.8.4/../../../../arm-none-eabi/lib/armv7e-m/fpu\libm.a(lib_a-e_pow.o)
 .rodata.str1.4
                0x00009fe0        0x4 c:/freescale/kds_v3/toolchain/bin/../lib/gcc/arm-none-eabi/4.8.4/../../../../arm-none-eabi/lib/armv7e-m/fpu\libm.a(lib_a-e_pow.o)
 *fill*         0x00009fe4        0x4 
 .rodata.TWO52  0x00009fe8       0x10 c:/freescale/kds_v3/toolchain/bin/../lib/gcc/arm-none-eabi/4.8.4/../../../../arm-none-eabi/lib/armv7e-m/fpu\libm.a(lib_a-s_rint.o)
 *(.glue_7)
 .glue_7        0x00000000        0x0 linker stubs
 *(.glue_7t)
 .glue_7t       0x00000000        0x0 linker stubs
 *(.eh_frame)
 .eh_frame      0x00009ff8        0x0 c:/freescale/kds_v3/toolchain/bin/../lib/gcc/arm-none-eabi/4.8.4/armv7e-m/fpu/crtbegin.o
 *(.init)
 .init          0x00009ff8        0x4 c:/freescale/kds_v3/toolchain/bin/../lib/gcc/arm-none-eabi/4.8.4/armv7e-m/fpu/crti.o
                0x00009ff8                _init
 .init          0x00009ffc        0x8 c:/freescale/kds_v3/toolchain/bin/../lib/gcc/arm-none-eabi/4.8.4/armv7e-m/fpu/crtn.o
 *(.fini)
 .fini          0x0000a004        0x4 c:/freescale/kds_v3/toolchain/bin/../lib/gcc/arm-none-eabi/4.8.4/armv7e-m/fpu/crti.o
                0x0000a004                _fini
 .fini          0x0000a008        0x8 c:/freescale/kds_v3/toolchain/bin/../lib/gcc/arm-none-eabi/4.8.4/armv7e-m/fpu/crtn.o
                0x0000a010                . = ALIGN (0x4)

.vfp11_veneer   0x0000a010        0x0
 .vfp11_veneer  0x00000000        0x0 linker stubs

.v4_bx          0x0000a010        0x0
 .v4_bx         0x00000000        0x0 linker stubs

.iplt           0x0000a010        0x0
 .iplt          0x00000000        0x0 c:/freescale/kds_v3/toolchain/bin/../lib/gcc/arm-none-eabi/4.8.4/armv7e-m/fpu/crtbegin.o

.ARM.extab
 *(.ARM.extab* .gnu.linkonce.armextab.*)

.ARM            0x0000a010        0x8
                0x0000a010                __exidx_start = .
 *(.ARM.exidx*)
 .ARM.exidx     0x0000a010        0x8 c:/freescale/kds_v3/toolchain/bin/../lib/gcc/arm-none-eabi/4.8.4/../../../../arm-none-eabi/lib/armv7e-m/fpu/crt0.o
 .ARM.exidx     0x0000a018        0x0 c:/freescale/kds_v3/toolchain/bin/../lib/gcc/arm-none-eabi/4.8.4/armv7e-m/fpu\libgcc.a(_divdi3.o)
                                  0x8 (size before relaxing)
 .ARM.exidx     0x0000a018        0x0 c:/freescale/kds_v3/toolchain/bin/../lib/gcc/arm-none-eabi/4.8.4/armv7e-m/fpu\libgcc.a(_udivdi3.o)
                                  0x8 (size before relaxing)
                0x0000a018                __exidx_end = .

.rel.dyn        0x0000a018        0x0
 .rel.iplt      0x00000000        0x0 c:/freescale/kds_v3/toolchain/bin/../lib/gcc/arm-none-eabi/4.8.4/armv7e-m/fpu/crtbegin.o

.ctors          0x0000a018        0x0
                0x0000a018                __CTOR_LIST__ = .
 *crtbegin.o(.ctors)
 *crtbegin?.o(.ctors)
 *(EXCLUDE_FILE(*crtend.o *crtend?.o) .ctors)
 *(SORT(.ctors.*))
 *(.ctors)
                0x0000a018                __CTOR_END__ = .

.dtors          0x0000a018        0x0
                0x0000a018                __DTOR_LIST__ = .
 *crtbegin.o(.dtors)
 *crtbegin?.o(.dtors)
 *(EXCLUDE_FILE(*crtend.o *crtend?.o) .dtors)
 *(SORT(.dtors.*))
 *(.dtors)
                0x0000a018                __DTOR_END__ = .

.preinit_array  0x0000a018        0x0
                0x0000a018                PROVIDE (__preinit_array_start, .)
 *(.preinit_array*)
                0x0000a018                PROVIDE (__preinit_array_end, .)

.init_array     0x0000a018        0x4
                0x0000a018                PROVIDE (__init_array_start, .)
 *(SORT(.init_array.*))
 *(.init_array*)
 .init_array    0x0000a018        0x4 c:/freescale/kds_v3/toolchain/bin/../lib/gcc/arm-none-eabi/4.8.4/armv7e-m/fpu/crtbegin.o
                0x0000a01c                PROVIDE (__init_array_end, .)

.fini_array     0x0000a01c        0x4
                0x0000a01c                PROVIDE (__fini_array_start, .)
 *(SORT(.fini_array.*))
 *(.fini_array*)
 .fini_array    0x0000a01c        0x4 c:/freescale/kds_v3/toolchain/bin/../lib/gcc/arm-none-eabi/4.8.4/armv7e-m/fpu/crtbegin.o
                0x0000a020                PROVIDE (__fini_array_end, .)
                0x0000a020                __etext = .
                0x0000a020                __DATA_ROM = .

.interrupts_ram
                0x1fff0000        0x0
                0x1fff0000                . = ALIGN (0x4)
                0x1fff0000                __VECTOR_RAM__ = .
                0x1fff0000                __interrupts_ram_start__ = .
 *(.m_interrupts_ram)
                0x1fff0000                . = (. + M_VECTOR_RAM_SIZE)
                0x1fff0000                . = ALIGN (0x4)
                0x1fff0000                __interrupts_ram_end__ = .
                0x00000000                __VECTOR_RAM = DEFINED (__ram_vector_table__)?__VECTOR_RAM__:ORIGIN (m_interrupts)
                0x00000000                __RAM_VECTOR_TABLE_SIZE_BYTES = DEFINED (__ram_vector_table__)?(__interrupts_ram_end__ - __interrupts_ram_start__):0x0

.data           0x1fff0000       0x98 load address 0x0000a020
                0x1fff0000                . = ALIGN (0x4)
                0x1fff0000                __DATA_RAM = .
                0x1fff0000                __data_start__ = .
 *(.data)
 *(.data*)
 .data.Kp       0x1fff0000        0x4 ./sources/PID_Controller.o
                0x1fff0000                Kp
 .data.Ki       0x1fff0004        0x4 ./sources/PID_Controller.o
                0x1fff0004                Ki
 .data.Kd       0x1fff0008        0x4 ./sources/PID_Controller.o
                0x1fff0008                Kd
 .data.target_temp
                0x1fff000c        0x4 ./sources/PID_Controller.o
                0x1fff000c                target_temp
 .data.sampleTime
                0x1fff0010        0x8 ./sources/PID_Controller.o
                0x1fff0010                sampleTime
 .data.max_limit
                0x1fff0018        0x1 ./sources/PID_Controller.o
                0x1fff0018                max_limit
 .data.Direct   0x1fff0019        0x1 ./sources/PID_Controller.o
                0x1fff0019                Direct
 .data.pwmLevel
                0x1fff001a        0x1 ./sources/freertos_i2c.o
                0x1fff001a                pwmLevel
 *fill*         0x1fff001b        0x1 
 .data.uxCriticalNesting
                0x1fff001c        0x4 ./freertos/Source/portable/GCC/ARM_CM4F/port.o
 .data.s_slowIrcFreq
                0x1fff0020        0x4 ./drivers/fsl_clock.o
 .data.s_fastIrcFreq
                0x1fff0024        0x4 ./drivers/fsl_clock.o
 .data.SystemCoreClock
                0x1fff0028        0x4 ./devices/system_MK22F51212.o
                0x1fff0028                SystemCoreClock
 .data.impure_data
                0x1fff002c       0x60 c:/freescale/kds_v3/toolchain/bin/../lib/gcc/arm-none-eabi/4.8.4/../../../../arm-none-eabi/lib/armv7e-m/fpu\libg_s.a(lib_a-impure.o)
 .data._impure_ptr
                0x1fff008c        0x4 c:/freescale/kds_v3/toolchain/bin/../lib/gcc/arm-none-eabi/4.8.4/../../../../arm-none-eabi/lib/armv7e-m/fpu\libg_s.a(lib_a-impure.o)
                0x1fff008c                _impure_ptr
 .data.__fdlib_version
                0x1fff0090        0x1 c:/freescale/kds_v3/toolchain/bin/../lib/gcc/arm-none-eabi/4.8.4/../../../../arm-none-eabi/lib/armv7e-m/fpu\libm.a(lib_a-s_lib_ver.o)
                0x1fff0090                __fdlib_version
 *(.jcr*)
 *fill*         0x1fff0091        0x3 
 .jcr           0x1fff0094        0x0 c:/freescale/kds_v3/toolchain/bin/../lib/gcc/arm-none-eabi/4.8.4/armv7e-m/fpu/crtbegin.o
 .jcr           0x1fff0094        0x4 c:/freescale/kds_v3/toolchain/bin/../lib/gcc/arm-none-eabi/4.8.4/armv7e-m/fpu/crtend.o
                0x1fff0098                . = ALIGN (0x4)
                0x1fff0098                __data_end__ = .
                0x0000a0b8                __DATA_END = (__DATA_ROM + (__data_end__ - __data_start__))
                0x00080000                text_end = (ORIGIN (m_text) + 0x7fbf0)
                0x00000001                ASSERT ((__DATA_END <= text_end), region m_text overflowed with text and data)

.igot.plt       0x1fff0098        0x0 load address 0x0000a0b8
 .igot.plt      0x00000000        0x0 c:/freescale/kds_v3/toolchain/bin/../lib/gcc/arm-none-eabi/4.8.4/armv7e-m/fpu/crtbegin.o

.bss            0x1fff0098     0x2ad0 load address 0x0000a0b8
                0x1fff0098                . = ALIGN (0x4)
                0x1fff0098                __START_BSS = .
                0x1fff0098                __bss_start__ = .
 *(.bss)
 .bss           0x1fff0098       0x1c c:/freescale/kds_v3/toolchain/bin/../lib/gcc/arm-none-eabi/4.8.4/armv7e-m/fpu/crtbegin.o
 *(.bss*)
 .bss.s_debugConsole
                0x1fff00b4       0x10 ./utilities/fsl_debug_console.o
 .bss.last_error
                0x1fff00c4        0x4 ./sources/PID_Controller.o
                0x1fff00c4                last_error
 .bss.integral_value
                0x1fff00c8        0x4 ./sources/PID_Controller.o
                0x1fff00c8                integral_value
 .bss.Output    0x1fff00cc        0x4 ./sources/PID_Controller.o
                0x1fff00cc                Output
 .bss.lastTime  0x1fff00d0        0x8 ./sources/PID_Controller.o
                0x1fff00d0                lastTime
 .bss.kp        0x1fff00d8        0x4 ./sources/PID_Controller.o
                0x1fff00d8                kp
 .bss.ki        0x1fff00dc        0x4 ./sources/PID_Controller.o
                0x1fff00dc                ki
 .bss.kd        0x1fff00e0        0x4 ./sources/PID_Controller.o
                0x1fff00e0                kd
 .bss.min_limit
                0x1fff00e4        0x2 ./sources/PID_Controller.o
                0x1fff00e4                min_limit
 *fill*         0x1fff00e6        0x2 
 .bss.sensor_rtos_handle
                0x1fff00e8       0x38 ./sources/SI7021.o
                0x1fff00e8                sensor_rtos_handle
 .bss.g_sen_handle
                0x1fff0120        0x4 ./sources/SI7021.o
                0x1fff0120                g_sen_handle
 .bss.sensorConfig
                0x1fff0124        0xc ./sources/SI7021.o
                0x1fff0124                sensorConfig
 .bss.sensorXfer
                0x1fff0130       0x18 ./sources/SI7021.o
                0x1fff0130                sensorXfer
 .bss.g_sen_buff
                0x1fff0148       0x20 ./sources/SI7021.o
                0x1fff0148                g_sen_buff
 .bss.ftmInfo   0x1fff0168       0x1c ./sources/freertos_i2c.o
                0x1fff0168                ftmInfo
 .bss.ftmParam  0x1fff0184        0x4 ./sources/freertos_i2c.o
                0x1fff0184                ftmParam
 .bss.logi      0x1fff0188        0x2 ./sources/freertos_i2c.o
                0x1fff0188                logi
 *fill*         0x1fff018a        0x2 
 .bss.temp_val  0x1fff018c        0x4 ./sources/freertos_i2c.o
                0x1fff018c                temp_val
 .bss.humidity_val
                0x1fff0190        0x4 ./sources/freertos_i2c.o
                0x1fff0190                humidity_val
 .bss.temp_init
                0x1fff0194        0x1 ./sources/freertos_i2c.o
                0x1fff0194                temp_init
 *fill*         0x1fff0195        0x3 
 .bss.ucHeap    0x1fff0198     0x2800 ./freertos/Source/portable/MemMang/heap_4.o
 .bss.xStart    0x1fff2998        0x8 ./freertos/Source/portable/MemMang/heap_4.o
 .bss.pxEnd     0x1fff29a0        0x4 ./freertos/Source/portable/MemMang/heap_4.o
 .bss.xFreeBytesRemaining
                0x1fff29a4        0x4 ./freertos/Source/portable/MemMang/heap_4.o
 .bss.xMinimumEverFreeBytesRemaining
                0x1fff29a8        0x4 ./freertos/Source/portable/MemMang/heap_4.o
 .bss.xBlockAllocatedBit
                0x1fff29ac        0x4 ./freertos/Source/portable/MemMang/heap_4.o
 .bss.ucMaxSysCallPriority
                0x1fff29b0        0x1 ./freertos/Source/portable/GCC/ARM_CM4F/port.o
 *fill*         0x1fff29b1        0x3 
 .bss.ulMaxPRIGROUPValue
                0x1fff29b4        0x4 ./freertos/Source/portable/GCC/ARM_CM4F/port.o
 .bss.xQueueRegistry
                0x1fff29b8       0x40 ./freertos/Source/queue.o
                0x1fff29b8                xQueueRegistry
 .bss.pxCurrentTCB
                0x1fff29f8        0x4 ./freertos/Source/tasks.o
                0x1fff29f8                pxCurrentTCB
 .bss.pxReadyTasksLists
                0x1fff29fc       0x64 ./freertos/Source/tasks.o
 .bss.xDelayedTaskList1
                0x1fff2a60       0x14 ./freertos/Source/tasks.o
 .bss.xDelayedTaskList2
                0x1fff2a74       0x14 ./freertos/Source/tasks.o
 .bss.pxDelayedTaskList
                0x1fff2a88        0x4 ./freertos/Source/tasks.o
 .bss.pxOverflowDelayedTaskList
                0x1fff2a8c        0x4 ./freertos/Source/tasks.o
 .bss.xPendingReadyList
                0x1fff2a90       0x14 ./freertos/Source/tasks.o
 .bss.xTasksWaitingTermination
                0x1fff2aa4       0x14 ./freertos/Source/tasks.o
 .bss.uxDeletedTasksWaitingCleanUp
                0x1fff2ab8        0x4 ./freertos/Source/tasks.o
 .bss.xSuspendedTaskList
                0x1fff2abc       0x14 ./freertos/Source/tasks.o
 .bss.uxCurrentNumberOfTasks
                0x1fff2ad0        0x4 ./freertos/Source/tasks.o
 .bss.xTickCount
                0x1fff2ad4        0x4 ./freertos/Source/tasks.o
 .bss.uxTopReadyPriority
                0x1fff2ad8        0x4 ./freertos/Source/tasks.o
 .bss.xSchedulerRunning
                0x1fff2adc        0x4 ./freertos/Source/tasks.o
 .bss.uxPendedTicks
                0x1fff2ae0        0x4 ./freertos/Source/tasks.o
 .bss.xYieldPending
                0x1fff2ae4        0x4 ./freertos/Source/tasks.o
 .bss.xNumOfOverflows
                0x1fff2ae8        0x4 ./freertos/Source/tasks.o
 .bss.uxTaskNumber
                0x1fff2aec        0x4 ./freertos/Source/tasks.o
 .bss.xNextTaskUnblockTime
                0x1fff2af0        0x4 ./freertos/Source/tasks.o
 .bss.xIdleTaskHandle
                0x1fff2af4        0x4 ./freertos/Source/tasks.o
 .bss.uxSchedulerSuspended
                0x1fff2af8        0x4 ./freertos/Source/tasks.o
 .bss.xActiveTimerList1
                0x1fff2afc       0x14 ./freertos/Source/timers.o
 .bss.xActiveTimerList2
                0x1fff2b10       0x14 ./freertos/Source/timers.o
 .bss.pxCurrentTimerList
                0x1fff2b24        0x4 ./freertos/Source/timers.o
 .bss.pxOverflowTimerList
                0x1fff2b28        0x4 ./freertos/Source/timers.o
 .bss.xTimerQueue
                0x1fff2b2c        0x4 ./freertos/Source/timers.o
 .bss.xTimerTaskHandle
                0x1fff2b30        0x4 ./freertos/Source/timers.o
 .bss.xLastTime.4862
                0x1fff2b34        0x4 ./freertos/Source/timers.o
 .bss.g_xtal0Freq
                0x1fff2b38        0x4 ./drivers/fsl_clock.o
                0x1fff2b38                g_xtal0Freq
 .bss.g_xtal32Freq
                0x1fff2b3c        0x4 ./drivers/fsl_clock.o
                0x1fff2b3c                g_xtal32Freq
 .bss.s_i2cHandle
                0x1fff2b40        0x8 ./drivers/fsl_i2c.o
 .bss.s_i2cMasterIsr
                0x1fff2b48        0x4 ./drivers/fsl_i2c.o
 .bss.s_i2cSlaveIsr
                0x1fff2b4c        0x4 ./drivers/fsl_i2c.o
 .bss.s_lpuartHandle
                0x1fff2b50        0x4 ./drivers/fsl_lpuart.o
 .bss.s_lpuartIsr
                0x1fff2b54        0x4 ./drivers/fsl_lpuart.o
 .bss.s_uartHandle
                0x1fff2b58        0xc ./drivers/fsl_uart.o
 .bss.s_uartIsr
                0x1fff2b64        0x4 ./drivers/fsl_uart.o
 *(COMMON)
                0x1fff2b68                . = ALIGN (0x4)
                0x1fff2b68                __bss_end__ = .
                0x1fff2b68                __END_BSS = .

.heap           0x20000000      0x400
                0x20000000                . = ALIGN (0x8)
                0x20000000                __end__ = .
                0x20000000                PROVIDE (end, .)
                0x20000000                __HeapBase = .
                0x20000400                . = (. + HEAP_SIZE)
 *fill*         0x20000000      0x400 
                0x20000400                __HeapLimit = .
                0x20000400                __heap_limit = .

.stack          0x20000400      0x400
                0x20000400                . = ALIGN (0x8)
                0x20000800                . = (. + STACK_SIZE)
 *fill*         0x20000400      0x400 
                0x20010000                __StackTop = (ORIGIN (m_data_2) + 0x10000)
                0x2000fc00                __StackLimit = (__StackTop - STACK_SIZE)
                0x20010000                PROVIDE (__stack, __StackTop)

.ARM.attributes
                0x00000000       0x30
 *(.ARM.attributes)
 .ARM.attributes
                0x00000000       0x22 c:/freescale/kds_v3/toolchain/bin/../lib/gcc/arm-none-eabi/4.8.4/armv7e-m/fpu/crti.o
 .ARM.attributes
                0x00000022       0x34 c:/freescale/kds_v3/toolchain/bin/../lib/gcc/arm-none-eabi/4.8.4/armv7e-m/fpu/crtbegin.o
 .ARM.attributes
                0x00000056       0x20 c:/freescale/kds_v3/toolchain/bin/../lib/gcc/arm-none-eabi/4.8.4/../../../../arm-none-eabi/lib/armv7e-m/fpu/crt0.o
 .ARM.attributes
                0x00000076       0x39 ./utilities/fsl_debug_console.o
 .ARM.attributes
                0x000000af       0x39 ./sources/PID_Controller.o
 .ARM.attributes
                0x000000e8       0x39 ./sources/SI7021.o
 .ARM.attributes
                0x00000121       0x39 ./sources/board.o
 .ARM.attributes
                0x0000015a       0x39 ./sources/clock_config.o
 .ARM.attributes
                0x00000193       0x39 ./sources/freertos_i2c.o
 .ARM.attributes
                0x000001cc       0x39 ./sources/pin_mux.o
 .ARM.attributes
                0x00000205       0x39 ./freertos/Source/portable/MemMang/heap_4.o
 .ARM.attributes
                0x0000023e       0x39 ./freertos/Source/portable/GCC/ARM_CM4F/fsl_tickless_systick.o
 .ARM.attributes
                0x00000277       0x39 ./freertos/Source/portable/GCC/ARM_CM4F/port.o
 .ARM.attributes
                0x000002b0       0x39 ./freertos/Source/list.o
 .ARM.attributes
                0x000002e9       0x39 ./freertos/Source/queue.o
 .ARM.attributes
                0x00000322       0x39 ./freertos/Source/tasks.o
 .ARM.attributes
                0x0000035b       0x39 ./freertos/Source/timers.o
 .ARM.attributes
                0x00000394       0x39 ./drivers/fsl_clock.o
 .ARM.attributes
                0x000003cd       0x39 ./drivers/fsl_common.o
 .ARM.attributes
                0x00000406       0x39 ./drivers/fsl_ftm.o
 .ARM.attributes
                0x0000043f       0x39 ./drivers/fsl_i2c.o
 .ARM.attributes
                0x00000478       0x39 ./drivers/fsl_i2c_freertos.o
 .ARM.attributes
                0x000004b1       0x39 ./drivers/fsl_lpuart.o
 .ARM.attributes
                0x000004ea       0x39 ./drivers/fsl_uart.o
 .ARM.attributes
                0x00000523       0x1f ./devices/gcc/startup_MK22F51212.o
 .ARM.attributes
                0x00000542       0x39 ./devices/system_MK22F51212.o
 .ARM.attributes
                0x0000057b       0x34 c:/freescale/kds_v3/toolchain/bin/../lib/gcc/arm-none-eabi/4.8.4/../../../../arm-none-eabi/lib/armv7e-m/fpu\libg_s.a(lib_a-errno.o)
 .ARM.attributes
                0x000005af       0x34 c:/freescale/kds_v3/toolchain/bin/../lib/gcc/arm-none-eabi/4.8.4/../../../../arm-none-eabi/lib/armv7e-m/fpu\libg_s.a(lib_a-exit.o)
 .ARM.attributes
                0x000005e3       0x34 c:/freescale/kds_v3/toolchain/bin/../lib/gcc/arm-none-eabi/4.8.4/../../../../arm-none-eabi/lib/armv7e-m/fpu\libg_s.a(lib_a-impure.o)
 .ARM.attributes
                0x00000617       0x34 c:/freescale/kds_v3/toolchain/bin/../lib/gcc/arm-none-eabi/4.8.4/../../../../arm-none-eabi/lib/armv7e-m/fpu\libg_s.a(lib_a-init.o)
 .ARM.attributes
                0x0000064b       0x34 c:/freescale/kds_v3/toolchain/bin/../lib/gcc/arm-none-eabi/4.8.4/../../../../arm-none-eabi/lib/armv7e-m/fpu\libg_s.a(lib_a-memcpy-stub.o)
 .ARM.attributes
                0x0000067f       0x34 c:/freescale/kds_v3/toolchain/bin/../lib/gcc/arm-none-eabi/4.8.4/../../../../arm-none-eabi/lib/armv7e-m/fpu\libg_s.a(lib_a-memset.o)
 .ARM.attributes
                0x000006b3       0x34 c:/freescale/kds_v3/toolchain/bin/../lib/gcc/arm-none-eabi/4.8.4/../../../../arm-none-eabi/lib/armv7e-m/fpu\libg_s.a(lib_a-s_modf.o)
 .ARM.attributes
                0x000006e7       0x34 c:/freescale/kds_v3/toolchain/bin/../lib/gcc/arm-none-eabi/4.8.4/../../../../arm-none-eabi/lib/armv7e-m/fpu\libg_s.a(lib_a-strlen.o)
 .ARM.attributes
                0x0000071b       0x22 c:/freescale/kds_v3/toolchain/bin/../lib/gcc/arm-none-eabi/4.8.4/armv7e-m/fpu\libgcc.a(_arm_addsubdf3.o)
 .ARM.attributes
                0x0000073d       0x22 c:/freescale/kds_v3/toolchain/bin/../lib/gcc/arm-none-eabi/4.8.4/armv7e-m/fpu\libgcc.a(_arm_muldivdf3.o)
 .ARM.attributes
                0x0000075f       0x22 c:/freescale/kds_v3/toolchain/bin/../lib/gcc/arm-none-eabi/4.8.4/armv7e-m/fpu\libgcc.a(_arm_cmpdf2.o)
 .ARM.attributes
                0x00000781       0x22 c:/freescale/kds_v3/toolchain/bin/../lib/gcc/arm-none-eabi/4.8.4/armv7e-m/fpu\libgcc.a(_arm_fixdfsi.o)
 .ARM.attributes
                0x000007a3       0x22 c:/freescale/kds_v3/toolchain/bin/../lib/gcc/arm-none-eabi/4.8.4/armv7e-m/fpu\libgcc.a(_arm_truncdfsf2.o)
 .ARM.attributes
                0x000007c5       0x22 c:/freescale/kds_v3/toolchain/bin/../lib/gcc/arm-none-eabi/4.8.4/armv7e-m/fpu\libgcc.a(_arm_addsubsf3.o)
 .ARM.attributes
                0x000007e7       0x22 c:/freescale/kds_v3/toolchain/bin/../lib/gcc/arm-none-eabi/4.8.4/armv7e-m/fpu\libgcc.a(_aeabi_uldivmod.o)
 .ARM.attributes
                0x00000809       0x34 c:/freescale/kds_v3/toolchain/bin/../lib/gcc/arm-none-eabi/4.8.4/armv7e-m/fpu\libgcc.a(_fixdfdi.o)
 .ARM.attributes
                0x0000083d       0x34 c:/freescale/kds_v3/toolchain/bin/../lib/gcc/arm-none-eabi/4.8.4/armv7e-m/fpu\libgcc.a(_fixunsdfdi.o)
 .ARM.attributes
                0x00000871       0x34 c:/freescale/kds_v3/toolchain/bin/../lib/gcc/arm-none-eabi/4.8.4/armv7e-m/fpu\libgcc.a(bpabi.o)
 .ARM.attributes
                0x000008a5       0x22 c:/freescale/kds_v3/toolchain/bin/../lib/gcc/arm-none-eabi/4.8.4/armv7e-m/fpu\libgcc.a(_dvmd_tls.o)
 .ARM.attributes
                0x000008c7       0x22 c:/freescale/kds_v3/toolchain/bin/../lib/gcc/arm-none-eabi/4.8.4/armv7e-m/fpu\libgcc.a(_arm_fixunsdfsi.o)
 .ARM.attributes
                0x000008e9       0x34 c:/freescale/kds_v3/toolchain/bin/../lib/gcc/arm-none-eabi/4.8.4/armv7e-m/fpu\libgcc.a(_divdi3.o)
 .ARM.attributes
                0x0000091d       0x34 c:/freescale/kds_v3/toolchain/bin/../lib/gcc/arm-none-eabi/4.8.4/armv7e-m/fpu\libgcc.a(_udivdi3.o)
 .ARM.attributes
                0x00000951       0x34 c:/freescale/kds_v3/toolchain/bin/../lib/gcc/arm-none-eabi/4.8.4/../../../../arm-none-eabi/lib/armv7e-m/fpu\libnosys.a(_exit.o)
 .ARM.attributes
                0x00000985       0x34 c:/freescale/kds_v3/toolchain/bin/../lib/gcc/arm-none-eabi/4.8.4/../../../../arm-none-eabi/lib/armv7e-m/fpu\libm.a(lib_a-w_pow.o)
 .ARM.attributes
                0x000009b9       0x34 c:/freescale/kds_v3/toolchain/bin/../lib/gcc/arm-none-eabi/4.8.4/../../../../arm-none-eabi/lib/armv7e-m/fpu\libm.a(lib_a-e_pow.o)
 .ARM.attributes
                0x000009ed       0x34 c:/freescale/kds_v3/toolchain/bin/../lib/gcc/arm-none-eabi/4.8.4/../../../../arm-none-eabi/lib/armv7e-m/fpu\libm.a(lib_a-e_sqrt.o)
 .ARM.attributes
                0x00000a21       0x34 c:/freescale/kds_v3/toolchain/bin/../lib/gcc/arm-none-eabi/4.8.4/../../../../arm-none-eabi/lib/armv7e-m/fpu\libm.a(lib_a-s_fabs.o)
 .ARM.attributes
                0x00000a55       0x34 c:/freescale/kds_v3/toolchain/bin/../lib/gcc/arm-none-eabi/4.8.4/../../../../arm-none-eabi/lib/armv7e-m/fpu\libm.a(lib_a-s_finite.o)
 .ARM.attributes
                0x00000a89       0x34 c:/freescale/kds_v3/toolchain/bin/../lib/gcc/arm-none-eabi/4.8.4/../../../../arm-none-eabi/lib/armv7e-m/fpu\libm.a(lib_a-s_fpclassify.o)
 .ARM.attributes
                0x00000abd       0x34 c:/freescale/kds_v3/toolchain/bin/../lib/gcc/arm-none-eabi/4.8.4/../../../../arm-none-eabi/lib/armv7e-m/fpu\libm.a(lib_a-s_lib_ver.o)
 .ARM.attributes
                0x00000af1       0x34 c:/freescale/kds_v3/toolchain/bin/../lib/gcc/arm-none-eabi/4.8.4/../../../../arm-none-eabi/lib/armv7e-m/fpu\libm.a(lib_a-s_matherr.o)
 .ARM.attributes
                0x00000b25       0x34 c:/freescale/kds_v3/toolchain/bin/../lib/gcc/arm-none-eabi/4.8.4/../../../../arm-none-eabi/lib/armv7e-m/fpu\libm.a(lib_a-s_nan.o)
 .ARM.attributes
                0x00000b59       0x34 c:/freescale/kds_v3/toolchain/bin/../lib/gcc/arm-none-eabi/4.8.4/../../../../arm-none-eabi/lib/armv7e-m/fpu\libm.a(lib_a-s_rint.o)
 .ARM.attributes
                0x00000b8d       0x34 c:/freescale/kds_v3/toolchain/bin/../lib/gcc/arm-none-eabi/4.8.4/../../../../arm-none-eabi/lib/armv7e-m/fpu\libm.a(lib_a-s_scalbn.o)
 .ARM.attributes
                0x00000bc1       0x34 c:/freescale/kds_v3/toolchain/bin/../lib/gcc/arm-none-eabi/4.8.4/../../../../arm-none-eabi/lib/armv7e-m/fpu\libm.a(lib_a-s_copysign.o)
 .ARM.attributes
                0x00000bf5       0x34 c:/freescale/kds_v3/toolchain/bin/../lib/gcc/arm-none-eabi/4.8.4/armv7e-m/fpu/crtend.o
 .ARM.attributes
                0x00000c29       0x22 c:/freescale/kds_v3/toolchain/bin/../lib/gcc/arm-none-eabi/4.8.4/armv7e-m/fpu/crtn.o
                0x00000001                ASSERT ((__StackLimit >= __HeapLimit), region m_data_2 overflowed with stack and heap)
OUTPUT(SI_7021.elf elf32-littlearm)

.debug_info     0x00000000    0x1249c
 .debug_info    0x00000000     0x1137 ./utilities/fsl_debug_console.o
 .debug_info    0x00001137      0x40d ./sources/PID_Controller.o
 .debug_info    0x00001544      0x8aa ./sources/SI7021.o
 .debug_info    0x00001dee      0x36c ./sources/board.o
 .debug_info    0x0000215a      0xa2c ./sources/clock_config.o
 .debug_info    0x00002b86     0x126f ./sources/freertos_i2c.o
 .debug_info    0x00003df5      0x7b0 ./sources/pin_mux.o
 .debug_info    0x000045a5      0x3b5 ./freertos/Source/portable/MemMang/heap_4.o
 .debug_info    0x0000495a       0xad ./freertos/Source/portable/GCC/ARM_CM4F/fsl_tickless_systick.o
 .debug_info    0x00004a07      0x4bf ./freertos/Source/portable/GCC/ARM_CM4F/port.o
 .debug_info    0x00004ec6      0x292 ./freertos/Source/list.o
 .debug_info    0x00005158     0x13de ./freertos/Source/queue.o
 .debug_info    0x00006536     0x1e83 ./freertos/Source/tasks.o
 .debug_info    0x000083b9      0xd0e ./freertos/Source/timers.o
 .debug_info    0x000090c7     0x1eee ./drivers/fsl_clock.o
 .debug_info    0x0000afb5      0x6b4 ./drivers/fsl_common.o
 .debug_info    0x0000b669     0x133e ./drivers/fsl_ftm.o
 .debug_info    0x0000c9a7     0x1d3c ./drivers/fsl_i2c.o
 .debug_info    0x0000e6e3      0x538 ./drivers/fsl_i2c_freertos.o
 .debug_info    0x0000ec1b     0x1850 ./drivers/fsl_lpuart.o
 .debug_info    0x0001046b     0x19f1 ./drivers/fsl_uart.o
 .debug_info    0x00011e5c       0x88 ./devices/gcc/startup_MK22F51212.o
 .debug_info    0x00011ee4      0x5b8 ./devices/system_MK22F51212.o

.debug_abbrev   0x00000000     0x2ac2
 .debug_abbrev  0x00000000      0x294 ./utilities/fsl_debug_console.o
 .debug_abbrev  0x00000294       0xfd ./sources/PID_Controller.o
 .debug_abbrev  0x00000391      0x217 ./sources/SI7021.o
 .debug_abbrev  0x000005a8       0xfd ./sources/board.o
 .debug_abbrev  0x000006a5      0x1e5 ./sources/clock_config.o
 .debug_abbrev  0x0000088a      0x249 ./sources/freertos_i2c.o
 .debug_abbrev  0x00000ad3      0x1d2 ./sources/pin_mux.o
 .debug_abbrev  0x00000ca5      0x1b9 ./freertos/Source/portable/MemMang/heap_4.o
 .debug_abbrev  0x00000e5e       0x60 ./freertos/Source/portable/GCC/ARM_CM4F/fsl_tickless_systick.o
 .debug_abbrev  0x00000ebe      0x209 ./freertos/Source/portable/GCC/ARM_CM4F/port.o
 .debug_abbrev  0x000010c7       0xbe ./freertos/Source/list.o
 .debug_abbrev  0x00001185      0x224 ./freertos/Source/queue.o
 .debug_abbrev  0x000013a9      0x2c9 ./freertos/Source/tasks.o
 .debug_abbrev  0x00001672      0x1e1 ./freertos/Source/timers.o
 .debug_abbrev  0x00001853      0x2fe ./drivers/fsl_clock.o
 .debug_abbrev  0x00001b51      0x230 ./drivers/fsl_common.o
 .debug_abbrev  0x00001d81      0x247 ./drivers/fsl_ftm.o
 .debug_abbrev  0x00001fc8      0x326 ./drivers/fsl_i2c.o
 .debug_abbrev  0x000022ee      0x147 ./drivers/fsl_i2c_freertos.o
 .debug_abbrev  0x00002435      0x28c ./drivers/fsl_lpuart.o
 .debug_abbrev  0x000026c1      0x2d6 ./drivers/fsl_uart.o
 .debug_abbrev  0x00002997       0x14 ./devices/gcc/startup_MK22F51212.o
 .debug_abbrev  0x000029ab      0x117 ./devices/system_MK22F51212.o

.debug_aranges  0x00000000      0xe90
 .debug_aranges
                0x00000000       0xa8 ./utilities/fsl_debug_console.o
 .debug_aranges
                0x000000a8       0x28 ./sources/PID_Controller.o
 .debug_aranges
                0x000000d0       0x78 ./sources/SI7021.o
 .debug_aranges
                0x00000148       0x20 ./sources/board.o
 .debug_aranges
                0x00000168       0x58 ./sources/clock_config.o
 .debug_aranges
                0x000001c0       0x68 ./sources/freertos_i2c.o
 .debug_aranges
                0x00000228       0x38 ./sources/pin_mux.o
 .debug_aranges
                0x00000260       0x50 ./freertos/Source/portable/MemMang/heap_4.o
 .debug_aranges
                0x000002b0       0x20 ./freertos/Source/portable/GCC/ARM_CM4F/fsl_tickless_systick.o
 .debug_aranges
                0x000002d0       0x78 ./freertos/Source/portable/GCC/ARM_CM4F/port.o
 .debug_aranges
                0x00000348       0x40 ./freertos/Source/list.o
 .debug_aranges
                0x00000388      0x118 ./freertos/Source/queue.o
 .debug_aranges
                0x000004a0      0x1e8 ./freertos/Source/tasks.o
 .debug_aranges
                0x00000688       0xc8 ./freertos/Source/timers.o
 .debug_aranges
                0x00000750      0x1f8 ./drivers/fsl_clock.o
 .debug_aranges
                0x00000948       0x38 ./drivers/fsl_common.o
 .debug_aranges
                0x00000980       0xc0 ./drivers/fsl_ftm.o
 .debug_aranges
                0x00000a40      0x178 ./drivers/fsl_i2c.o
 .debug_aranges
                0x00000bb8       0x38 ./drivers/fsl_i2c_freertos.o
 .debug_aranges
                0x00000bf0      0x118 ./drivers/fsl_lpuart.o
 .debug_aranges
                0x00000d08      0x140 ./drivers/fsl_uart.o
 .debug_aranges
                0x00000e48       0x20 ./devices/gcc/startup_MK22F51212.o
 .debug_aranges
                0x00000e68       0x28 ./devices/system_MK22F51212.o

.debug_ranges   0x00000000      0xd10
 .debug_ranges  0x00000000       0x98 ./utilities/fsl_debug_console.o
 .debug_ranges  0x00000098       0x18 ./sources/PID_Controller.o
 .debug_ranges  0x000000b0       0x68 ./sources/SI7021.o
 .debug_ranges  0x00000118       0x10 ./sources/board.o
 .debug_ranges  0x00000128       0x48 ./sources/clock_config.o
 .debug_ranges  0x00000170       0x58 ./sources/freertos_i2c.o
 .debug_ranges  0x000001c8       0x28 ./sources/pin_mux.o
 .debug_ranges  0x000001f0       0x40 ./freertos/Source/portable/MemMang/heap_4.o
 .debug_ranges  0x00000230       0x10 ./freertos/Source/portable/GCC/ARM_CM4F/fsl_tickless_systick.o
 .debug_ranges  0x00000240       0x68 ./freertos/Source/portable/GCC/ARM_CM4F/port.o
 .debug_ranges  0x000002a8       0x30 ./freertos/Source/list.o
 .debug_ranges  0x000002d8      0x108 ./freertos/Source/queue.o
 .debug_ranges  0x000003e0      0x1d8 ./freertos/Source/tasks.o
 .debug_ranges  0x000005b8       0xb8 ./freertos/Source/timers.o
 .debug_ranges  0x00000670      0x1e8 ./drivers/fsl_clock.o
 .debug_ranges  0x00000858       0x28 ./drivers/fsl_common.o
 .debug_ranges  0x00000880       0xb0 ./drivers/fsl_ftm.o
 .debug_ranges  0x00000930      0x168 ./drivers/fsl_i2c.o
 .debug_ranges  0x00000a98       0x28 ./drivers/fsl_i2c_freertos.o
 .debug_ranges  0x00000ac0      0x108 ./drivers/fsl_lpuart.o
 .debug_ranges  0x00000bc8      0x130 ./drivers/fsl_uart.o
 .debug_ranges  0x00000cf8       0x18 ./devices/system_MK22F51212.o

.debug_line     0x00000000     0x5fce
 .debug_line    0x00000000      0x601 ./utilities/fsl_debug_console.o
 .debug_line    0x00000601      0x166 ./sources/PID_Controller.o
 .debug_line    0x00000767      0x35d ./sources/SI7021.o
 .debug_line    0x00000ac4       0xeb ./sources/board.o
 .debug_line    0x00000baf      0x1be ./sources/clock_config.o
 .debug_line    0x00000d6d      0x2ca ./sources/freertos_i2c.o
 .debug_line    0x00001037      0x15a ./sources/pin_mux.o
 .debug_line    0x00001191      0x23c ./freertos/Source/portable/MemMang/heap_4.o
 .debug_line    0x000013cd       0xd7 ./freertos/Source/portable/GCC/ARM_CM4F/fsl_tickless_systick.o
 .debug_line    0x000014a4      0x2ba ./freertos/Source/portable/GCC/ARM_CM4F/port.o
 .debug_line    0x0000175e      0x16f ./freertos/Source/list.o
 .debug_line    0x000018cd      0x902 ./freertos/Source/queue.o
 .debug_line    0x000021cf      0xdb5 ./freertos/Source/tasks.o
 .debug_line    0x00002f84      0x4c1 ./freertos/Source/timers.o
 .debug_line    0x00003445      0x924 ./drivers/fsl_clock.o
 .debug_line    0x00003d69      0x1c2 ./drivers/fsl_common.o
 .debug_line    0x00003f2b      0x5ee ./drivers/fsl_ftm.o
 .debug_line    0x00004519      0x8ce ./drivers/fsl_i2c.o
 .debug_line    0x00004de7      0x1ec ./drivers/fsl_i2c_freertos.o
 .debug_line    0x00004fd3      0x640 ./drivers/fsl_lpuart.o
 .debug_line    0x00005613      0x74e ./drivers/fsl_uart.o
 .debug_line    0x00005d61      0x136 ./devices/gcc/startup_MK22F51212.o
 .debug_line    0x00005e97      0x137 ./devices/system_MK22F51212.o

.debug_str      0x00000000     0x7cec
 .debug_str     0x00000000      0xe0b ./utilities/fsl_debug_console.o
                                0xf2e (size before relaxing)
 .debug_str     0x00000e0b      0x125 ./sources/PID_Controller.o
                                0x7da (size before relaxing)
 .debug_str     0x00000f30      0x3ac ./sources/SI7021.o
                                0xb35 (size before relaxing)
 .debug_str     0x000012dc       0x39 ./sources/board.o
                                0x34a (size before relaxing)
 .debug_str     0x00001315      0x786 ./sources/clock_config.o
                                0xe96 (size before relaxing)
 .debug_str     0x00001a9b      0xd5f ./sources/freertos_i2c.o
                               0x1798 (size before relaxing)
 .debug_str     0x000027fa      0x5e4 ./sources/pin_mux.o
                                0x8de (size before relaxing)
 .debug_str     0x00002dde      0x20a ./freertos/Source/portable/MemMang/heap_4.o
                                0x3fa (size before relaxing)
 .debug_str     0x00002fe8       0x64 ./freertos/Source/portable/GCC/ARM_CM4F/fsl_tickless_systick.o
                                0x255 (size before relaxing)
 .debug_str     0x0000304c      0x22a ./freertos/Source/portable/GCC/ARM_CM4F/port.o
                                0x44a (size before relaxing)
 .debug_str     0x00003276      0x12c ./freertos/Source/list.o
                                0x33a (size before relaxing)
 .debug_str     0x000033a2      0x583 ./freertos/Source/queue.o
                                0x8ba (size before relaxing)
 .debug_str     0x00003925      0xc12 ./freertos/Source/tasks.o
                               0x1062 (size before relaxing)
 .debug_str     0x00004537      0x4e4 ./freertos/Source/timers.o
                                0x836 (size before relaxing)
 .debug_str     0x00004a1b      0xc65 ./drivers/fsl_clock.o
                               0x1bc9 (size before relaxing)
 .debug_str     0x00005680      0x11d ./drivers/fsl_common.o
                                0x882 (size before relaxing)
 .debug_str     0x0000579d      0x986 ./drivers/fsl_ftm.o
                               0x1822 (size before relaxing)
 .debug_str     0x00006123      0xa23 ./drivers/fsl_i2c.o
                               0x1b79 (size before relaxing)
 .debug_str     0x00006b46       0x6b ./drivers/fsl_i2c_freertos.o
                                0x601 (size before relaxing)
 .debug_str     0x00006bb1      0x9d2 ./drivers/fsl_lpuart.o
                               0x1aaf (size before relaxing)
 .debug_str     0x00007583      0x6b7 ./drivers/fsl_uart.o
                               0x1bb3 (size before relaxing)
 .debug_str     0x00007c3a       0xb2 ./devices/system_MK22F51212.o
                                0x3f3 (size before relaxing)

.comment        0x00000000       0x70
 .comment       0x00000000       0x70 ./utilities/fsl_debug_console.o
                                 0x71 (size before relaxing)
 .comment       0x00000000       0x71 ./sources/PID_Controller.o
 .comment       0x00000000       0x71 ./sources/SI7021.o
 .comment       0x00000000       0x71 ./sources/board.o
 .comment       0x00000000       0x71 ./sources/clock_config.o
 .comment       0x00000000       0x71 ./sources/freertos_i2c.o
 .comment       0x00000000       0x71 ./sources/pin_mux.o
 .comment       0x00000000       0x71 ./freertos/Source/portable/MemMang/heap_4.o
 .comment       0x00000000       0x71 ./freertos/Source/portable/GCC/ARM_CM4F/fsl_tickless_systick.o
 .comment       0x00000000       0x71 ./freertos/Source/portable/GCC/ARM_CM4F/port.o
 .comment       0x00000000       0x71 ./freertos/Source/list.o
 .comment       0x00000000       0x71 ./freertos/Source/queue.o
 .comment       0x00000000       0x71 ./freertos/Source/tasks.o
 .comment       0x00000000       0x71 ./freertos/Source/timers.o
 .comment       0x00000000       0x71 ./drivers/fsl_clock.o
 .comment       0x00000000       0x71 ./drivers/fsl_common.o
 .comment       0x00000000       0x71 ./drivers/fsl_ftm.o
 .comment       0x00000000       0x71 ./drivers/fsl_i2c.o
 .comment       0x00000000       0x71 ./drivers/fsl_i2c_freertos.o
 .comment       0x00000000       0x71 ./drivers/fsl_lpuart.o
 .comment       0x00000000       0x71 ./drivers/fsl_uart.o
 .comment       0x00000000       0x71 ./devices/system_MK22F51212.o

.debug_frame    0x00000000     0x340c
 .debug_frame   0x00000000      0x248 ./utilities/fsl_debug_console.o
 .debug_frame   0x00000248       0x50 ./sources/PID_Controller.o
 .debug_frame   0x00000298      0x18c ./sources/SI7021.o
 .debug_frame   0x00000424       0x30 ./sources/board.o
 .debug_frame   0x00000454       0xec ./sources/clock_config.o
 .debug_frame   0x00000540      0x13c ./sources/freertos_i2c.o
 .debug_frame   0x0000067c       0x88 ./sources/pin_mux.o
 .debug_frame   0x00000704       0xd0 ./freertos/Source/portable/MemMang/heap_4.o
 .debug_frame   0x000007d4       0x28 ./freertos/Source/portable/GCC/ARM_CM4F/fsl_tickless_systick.o
 .debug_frame   0x000007fc      0x138 ./freertos/Source/portable/GCC/ARM_CM4F/port.o
 .debug_frame   0x00000934       0x9c ./freertos/Source/list.o
 .debug_frame   0x000009d0      0x3ec ./freertos/Source/queue.o
 .debug_frame   0x00000dbc      0x6f8 ./freertos/Source/tasks.o
 .debug_frame   0x000014b4      0x2b8 ./freertos/Source/timers.o
 .debug_frame   0x0000176c      0x6e4 ./drivers/fsl_clock.o
 .debug_frame   0x00001e50       0x88 ./drivers/fsl_common.o
 .debug_frame   0x00001ed8      0x280 ./drivers/fsl_ftm.o
 .debug_frame   0x00002158      0x558 ./drivers/fsl_i2c.o
 .debug_frame   0x000026b0       0x90 ./drivers/fsl_i2c_freertos.o
 .debug_frame   0x00002740      0x3ec ./drivers/fsl_lpuart.o
 .debug_frame   0x00002b2c      0x474 ./drivers/fsl_uart.o
 .debug_frame   0x00002fa0       0x44 ./devices/system_MK22F51212.o
 .debug_frame   0x00002fe4       0x20 c:/freescale/kds_v3/toolchain/bin/../lib/gcc/arm-none-eabi/4.8.4/../../../../arm-none-eabi/lib/armv7e-m/fpu\libg_s.a(lib_a-errno.o)
 .debug_frame   0x00003004       0x28 c:/freescale/kds_v3/toolchain/bin/../lib/gcc/arm-none-eabi/4.8.4/../../../../arm-none-eabi/lib/armv7e-m/fpu\libg_s.a(lib_a-exit.o)
 .debug_frame   0x0000302c       0x2c c:/freescale/kds_v3/toolchain/bin/../lib/gcc/arm-none-eabi/4.8.4/../../../../arm-none-eabi/lib/armv7e-m/fpu\libg_s.a(lib_a-init.o)
 .debug_frame   0x00003058       0x28 c:/freescale/kds_v3/toolchain/bin/../lib/gcc/arm-none-eabi/4.8.4/../../../../arm-none-eabi/lib/armv7e-m/fpu\libg_s.a(lib_a-memcpy-stub.o)
 .debug_frame   0x00003080       0x20 c:/freescale/kds_v3/toolchain/bin/../lib/gcc/arm-none-eabi/4.8.4/../../../../arm-none-eabi/lib/armv7e-m/fpu\libg_s.a(lib_a-memset.o)
 .debug_frame   0x000030a0       0x30 c:/freescale/kds_v3/toolchain/bin/../lib/gcc/arm-none-eabi/4.8.4/../../../../arm-none-eabi/lib/armv7e-m/fpu\libg_s.a(lib_a-s_modf.o)
 .debug_frame   0x000030d0       0x20 c:/freescale/kds_v3/toolchain/bin/../lib/gcc/arm-none-eabi/4.8.4/../../../../arm-none-eabi/lib/armv7e-m/fpu\libg_s.a(lib_a-strlen.o)
 .debug_frame   0x000030f0       0x2c c:/freescale/kds_v3/toolchain/bin/../lib/gcc/arm-none-eabi/4.8.4/armv7e-m/fpu\libgcc.a(_fixdfdi.o)
 .debug_frame   0x0000311c       0x2c c:/freescale/kds_v3/toolchain/bin/../lib/gcc/arm-none-eabi/4.8.4/armv7e-m/fpu\libgcc.a(_fixunsdfdi.o)
 .debug_frame   0x00003148       0x50 c:/freescale/kds_v3/toolchain/bin/../lib/gcc/arm-none-eabi/4.8.4/armv7e-m/fpu\libgcc.a(bpabi.o)
 .debug_frame   0x00003198       0x34 c:/freescale/kds_v3/toolchain/bin/../lib/gcc/arm-none-eabi/4.8.4/armv7e-m/fpu\libgcc.a(_divdi3.o)
 .debug_frame   0x000031cc       0x34 c:/freescale/kds_v3/toolchain/bin/../lib/gcc/arm-none-eabi/4.8.4/armv7e-m/fpu\libgcc.a(_udivdi3.o)
 .debug_frame   0x00003200       0x20 c:/freescale/kds_v3/toolchain/bin/../lib/gcc/arm-none-eabi/4.8.4/../../../../arm-none-eabi/lib/armv7e-m/fpu\libnosys.a(_exit.o)
 .debug_frame   0x00003220       0x40 c:/freescale/kds_v3/toolchain/bin/../lib/gcc/arm-none-eabi/4.8.4/../../../../arm-none-eabi/lib/armv7e-m/fpu\libm.a(lib_a-w_pow.o)
 .debug_frame   0x00003260       0x44 c:/freescale/kds_v3/toolchain/bin/../lib/gcc/arm-none-eabi/4.8.4/../../../../arm-none-eabi/lib/armv7e-m/fpu\libm.a(lib_a-e_pow.o)
 .debug_frame   0x000032a4       0x3c c:/freescale/kds_v3/toolchain/bin/../lib/gcc/arm-none-eabi/4.8.4/../../../../arm-none-eabi/lib/armv7e-m/fpu\libm.a(lib_a-e_sqrt.o)